GHDL is: /root/tools/ghdl_final/bin/ghdl
**** GNA ****
*************
GNA dir bug01:
analyze foo.vhdl
elaborate and simulate foo
analyze tb.vhdl
Remove work library
Test successful
GNA dir bug010:
analyze FIFO.vhdl TestFIFO.vhdl
elaborate and simulate testfifo --stop-time=4us
Remove work library
Test successful
GNA dir bug011:
analyze phonybench.vhdl
elaborate phonybench
elaborate and simulate phonybench --stop-time=1sec --fst=pb.fst
Fst.Avhpi_Error!
Fst.Avhpi_Error!
Fst.Avhpi_Error!
elaborate and simulate phonybench --stop-time=1sec --vcd=pb.vcd
Vcd.Avhpi_Error!
Vcd.Avhpi_Error!
Vcd.Avhpi_Error!
Remove work library
Test successful
GNA dir bug012:
analyze demo.vhd
elaborate and simulate bar structural
Remove work library
Test successful
GNA dir bug014:
try to analyze bug.vhdl
try to analyze bug2.vhdl
try to analyze bug3.vhdl
Remove work library
Test successful
GNA dir bug015:
analyze phys.vhdl
elaborate and simulate tb
analyze phys2.vhdl
elaborate and simulate tb2
Remove work library
Test successful
GNA dir bug016:
try to analyze repro.vhdl
analyze pkg.vhdl
analyze repro1.vhdl
analyze pkg.vhdl
try to analyze repro2.vhdl
Remove work library
Test successful
GNA dir bug017:
analyze call1.vhdl
elaborate and simulate call1 --assert-level=error
call1.vhdl:8:7:@0ms:(report note): hello
call1.vhdl:8:7:@1ns:(report note): hello
call1.vhdl:8:7:@2ns:(report note): hello
call1.vhdl:8:7:@3ns:(report note): hello
call1.vhdl:8:7:@4ns:(report note): hello
call1.vhdl:8:7:@5ns:(report note): hello
call1.vhdl:8:7:@6ns:(report note): hello
call1.vhdl:8:7:@7ns:(report note): hello
call1.vhdl:8:7:@8ns:(report note): hello
call1.vhdl:8:7:@9ns:(report note): hello
call1.vhdl:16:5:@10ns:(report note): SUCCESS
analyze call2.vhdl
elaborate and simulate call2 --assert-level=error
call2.vhdl:8:7:@0ms:(report note): hello
call2.vhdl:8:7:@1ns:(report note): hello
call2.vhdl:8:7:@2ns:(report note): hello
call2.vhdl:8:7:@3ns:(report note): hello
call2.vhdl:8:7:@4ns:(report note): hello
call2.vhdl:16:5:@5ns:(report note): SUCCESS
analyze call3.vhdl
elaborate and simulate call3 --assert-level=error
call3.vhdl:8:7:@0ms:(report note): hello 2
call3.vhdl:17:7:@1ns:(report note): hello 1
call3.vhdl:8:7:@2ns:(report note): hello 2
call3.vhdl:8:7:@3ns:(report note): hello 2
call3.vhdl:17:7:@4ns:(report note): hello 1
call3.vhdl:8:7:@5ns:(report note): hello 2
call3.vhdl:8:7:@6ns:(report note): hello 2
call3.vhdl:8:7:@7ns:(report note): hello 2
call3.vhdl:17:7:@8ns:(report note): hello 1
call3.vhdl:8:7:@9ns:(report note): hello 2
call3.vhdl:8:7:@10ns:(report note): hello 2
call3.vhdl:8:7:@11ns:(report note): hello 2
call3.vhdl:8:7:@12ns:(report note): hello 2
call3.vhdl:17:7:@13ns:(report note): hello 1
call3.vhdl:8:7:@14ns:(report note): hello 2
call3.vhdl:8:7:@15ns:(report note): hello 2
call3.vhdl:8:7:@16ns:(report note): hello 2
call3.vhdl:8:7:@17ns:(report note): hello 2
call3.vhdl:8:7:@18ns:(report note): hello 2
call3.vhdl:17:7:@19ns:(report note): hello 1
call3.vhdl:25:5:@20ns:(report note): SUCCESS
analyze call4.vhdl
elaborate and simulate call4 --assert-level=error
call4.vhdl:9:9:@0ms:(report note): hello 2
call4.vhdl:16:7:@1ns:(report note): hello 1
call4.vhdl:9:9:@2ns:(report note): hello 2
call4.vhdl:9:9:@3ns:(report note): hello 2
call4.vhdl:16:7:@4ns:(report note): hello 1
call4.vhdl:9:9:@5ns:(report note): hello 2
call4.vhdl:9:9:@6ns:(report note): hello 2
call4.vhdl:9:9:@7ns:(report note): hello 2
call4.vhdl:16:7:@8ns:(report note): hello 1
call4.vhdl:9:9:@9ns:(report note): hello 2
call4.vhdl:9:9:@10ns:(report note): hello 2
call4.vhdl:9:9:@11ns:(report note): hello 2
call4.vhdl:9:9:@12ns:(report note): hello 2
call4.vhdl:16:7:@13ns:(report note): hello 1
call4.vhdl:9:9:@14ns:(report note): hello 2
call4.vhdl:9:9:@15ns:(report note): hello 2
call4.vhdl:9:9:@16ns:(report note): hello 2
call4.vhdl:9:9:@17ns:(report note): hello 2
call4.vhdl:9:9:@18ns:(report note): hello 2
call4.vhdl:16:7:@19ns:(report note): hello 1
call4.vhdl:24:5:@20ns:(report note): SUCCESS
analyze call5.vhdl
elaborate and simulate call5 --assert-level=error
call5.vhdl:17:5:@4ns:(assertion error): SUCCESS
./call5:error: assertion failed
./call5:error: simulation failed
analyze call6.vhdl
elaborate and simulate call6 --assert-level=error
call6.vhdl:17:5:@4ns:(report note): SUCCESS
analyze call7.vhdl
elaborate and simulate call7 --assert-level=error
call7.vhdl:21:5:@4ns:(report note): SUCCESS
analyze call8.vhdl
elaborate and simulate call8 --assert-level=error
call8.vhdl:21:5:@2ns:(report note): SUCCESS
analyze call9.vhdl
elaborate and simulate call9 --assert-level=error
call9.vhdl:24:5:@0ms:(report note): SUCCESS
analyze call10.vhdl
elaborate and simulate call10 --assert-level=error
call10.vhdl:9:6:@0ms:(report note): SUCCESS
analyze for1.vhdl
elaborate and simulate for1 --assert-level=error
for1.vhdl:9:7:@0ms:(report note): hello
for1.vhdl:9:7:@1ns:(report note): hello
for1.vhdl:9:7:@2ns:(report note): hello
for1.vhdl:9:7:@3ns:(report note): hello
for1.vhdl:9:7:@4ns:(report note): hello
for1.vhdl:9:7:@5ns:(report note): hello
for1.vhdl:9:7:@6ns:(report note): hello
for1.vhdl:9:7:@7ns:(report note): hello
for1.vhdl:9:7:@8ns:(report note): hello
for1.vhdl:9:7:@9ns:(report note): hello
for1.vhdl:12:5:@10ns:(report note): SUCCESS
analyze if1.vhdl
elaborate and simulate if1 --assert-level=error
if1.vhdl:9:5:@0ms:(report note): hello
if1.vhdl:14:9:@0ms:(report note): hello2
if1.vhdl:14:9:@0ms:(report note): hello2
if1.vhdl:14:9:@0ms:(report note): hello2
if1.vhdl:14:9:@0ms:(report note): hello2
if1.vhdl:14:9:@0ms:(report note): hello2
if1.vhdl:14:9:@0ms:(report note): hello2
if1.vhdl:14:9:@0ms:(report note): hello2
if1.vhdl:14:9:@0ms:(report note): hello2
if1.vhdl:14:9:@0ms:(report note): hello2
if1.vhdl:14:9:@0ms:(report note): hello2
if1.vhdl:18:5:@0ms:(report note): SUCCESS
analyze if2.vhdl
elaborate and simulate if2 --assert-level=error
if2.vhdl:9:5:@0ms:(report note): hello
if2.vhdl:14:9:@0ms:(report note): hello2
if2.vhdl:14:9:@1ns:(report note): hello2
if2.vhdl:14:9:@2ns:(report note): hello2
if2.vhdl:14:9:@3ns:(report note): hello2
if2.vhdl:14:9:@4ns:(report note): hello2
if2.vhdl:14:9:@5ns:(report note): hello2
if2.vhdl:14:9:@6ns:(report note): hello2
if2.vhdl:14:9:@7ns:(report note): hello2
if2.vhdl:14:9:@8ns:(report note): hello2
if2.vhdl:14:9:@9ns:(report note): hello2
if2.vhdl:19:5:@10ns:(report note): SUCCESS
analyze if3.vhdl
elaborate and simulate if3 --assert-level=error
if3.vhdl:9:5:@0ms:(report note): hello
if3.vhdl:14:9:@0ms:(report note): hello2
if3.vhdl:14:9:@1ns:(report note): hello2
if3.vhdl:14:9:@2ns:(report note): hello2
if3.vhdl:14:9:@3ns:(report note): hello2
if3.vhdl:14:9:@4ns:(report note): hello2
if3.vhdl:14:9:@5ns:(report note): hello2
if3.vhdl:14:9:@6ns:(report note): hello2
if3.vhdl:14:9:@7ns:(report note): hello2
if3.vhdl:14:9:@8ns:(report note): hello2
if3.vhdl:14:9:@9ns:(report note): hello2
if3.vhdl:19:5:@10ns:(report note): SUCCESS
analyze if4.vhdl
elaborate and simulate if4 --assert-level=error
if4.vhdl:9:5:@0ms:(report note): hello
if4.vhdl:13:9:@0ms:(report note): hello2
if4.vhdl:15:5:@0ms:(report note): SUCCESS
analyze loop1.vhdl
elaborate and simulate loop1 --assert-level=error
loop1.vhdl:9:5:@0ms:(report note): hello
loop1.vhdl:12:7:@1ns:(report note): hello2
loop1.vhdl:12:7:@2ns:(report note): hello2
loop1.vhdl:12:7:@3ns:(report note): hello2
loop1.vhdl:12:7:@4ns:(report note): hello2
loop1.vhdl:12:7:@5ns:(report note): hello2
loop1.vhdl:12:7:@6ns:(report note): hello2
loop1.vhdl:12:7:@7ns:(report note): hello2
loop1.vhdl:12:7:@8ns:(report note): hello2
loop1.vhdl:12:7:@9ns:(report note): hello2
loop1.vhdl:12:7:@10ns:(report note): hello2
loop1.vhdl:15:5:@10ns:(report note): SUCCESS
analyze loop2.vhdl
elaborate and simulate loop2 --assert-level=error
loop2.vhdl:9:5:@0ms:(report note): hello
loop2.vhdl:13:7:@1ns:(report note): hello2
loop2.vhdl:13:7:@2ns:(report note): hello2
loop2.vhdl:13:7:@3ns:(report note): hello2
loop2.vhdl:13:7:@4ns:(report note): hello2
loop2.vhdl:13:7:@5ns:(report note): hello2
loop2.vhdl:13:7:@6ns:(report note): hello2
loop2.vhdl:13:7:@7ns:(report note): hello2
loop2.vhdl:13:7:@8ns:(report note): hello2
loop2.vhdl:13:7:@9ns:(report note): hello2
loop2.vhdl:13:7:@10ns:(report note): hello2
loop2.vhdl:16:5:@10ns:(report note): SUCCESS
analyze case1.vhdl
elaborate and simulate case1 --assert-level=error
case1.vhdl:11:11:@0ms:(report note): one
case1.vhdl:14:11:@1ns:(report note): two
case1.vhdl:17:11:@3ns:(report note): three
case1.vhdl:20:11:@6ns:(report note): a big digit
case1.vhdl:20:11:@11ns:(report note): a big digit
case1.vhdl:20:11:@16ns:(report note): a big digit
case1.vhdl:20:11:@21ns:(report note): a big digit
case1.vhdl:20:11:@26ns:(report note): a big digit
case1.vhdl:20:11:@31ns:(report note): a big digit
case1.vhdl:23:11:@36ns:(report note): a number
case1.vhdl:27:5:@46ns:(report note): SUCCESS
analyze case3.vhdl
elaborate and simulate case3 --assert-level=error
case3.vhdl:21:11:@0ms:(report note): unknown value
case3.vhdl:15:11:@1ns:(report note): value is 4
case3.vhdl:21:11:@5ns:(report note): unknown value
case3.vhdl:18:11:@6ns:(report note): value is 3
case3.vhdl:21:11:@9ns:(report note): unknown value
case3.vhdl:25:5:@10ns:(report note): SUCCESS
analyze case4.vhdl
elaborate and simulate case4 --assert-level=error
case4.vhdl:11:5:@0ms:(report note): unknown value
case4.vhdl:11:5:@0ms:(report note): value is 3
case4.vhdl:11:5:@3ns:(report note): unknown value
case4.vhdl:11:5:@3ns:(report note): value is 4
case4.vhdl:11:5:@7ns:(report note): yes, really 4
case4.vhdl:11:5:@11ns:(report note): unknown value
case4.vhdl:30:5:@11ns:(report note): SUCCESS
analyze ret1.vhdl
elaborate and simulate ret1 --assert-level=error
ret1.vhdl:9:7:@0ms:(report note): hello 1
ret1.vhdl:9:7:@1ns:(report note): hello 1
ret1.vhdl:9:7:@2ns:(report note): hello 1
ret1.vhdl:9:7:@3ns:(report note): hello 1
ret1.vhdl:9:7:@4ns:(report note): hello 1
ret1.vhdl:9:7:@5ns:(report note): hello 1
ret1.vhdl:21:5:@6ns:(report note): SUCCESS: hello3
analyze wait1.vhdl
elaborate and simulate wait1 --assert-level=error
wait1.vhdl:8:5:@0ms:(report note): hello
wait1.vhdl:10:5:@1ns:(report note): SUCCESS
analyze wait2.vhdl
elaborate and simulate wait2 --assert-level=error
wait2.vhdl:9:5:@0ms:(report note): hello
wait2.vhdl:11:5:@4ns:(report note): SUCCESS
analyze wait3.vhdl
elaborate and simulate wait3 --assert-level=error
wait3.vhdl:9:5:@0ms:(report note): hello
wait3.vhdl:11:5:@2ns:(report note): hello2
wait3.vhdl:13:5:@2ns:(report note): SUCCESS
Remove work library
Test successful
GNA dir bug018:
analyze repro.vhdl
elaborate and simulate repro_ent
Remove work library
Test successful
GNA dir bug019:
analyze --work=poc PoC/tb/common/my_config_ML505.vhdl
analyze --work=poc PoC/tb/common/my_project.vhdl
analyze --work=poc PoC/src/common/utils.vhdl
analyze --work=poc PoC/src/common/config.vhdl
analyze --work=poc PoC/src/common/strings.vhdl
analyze --work=poc PoC/src/common/vectors.vhdl
analyze --work=poc PoC/src/common/physical.vhdl
analyze --work=poc PoC/src/common/components.vhdl
analyze --work=poc PoC/tb/common/simulation.v93.vhdl
analyze --work=poc PoC/src/io/uart/uart.pkg.vhdl
analyze --work=poc PoC/src/io/uart/uart_bclk.vhdl
analyze --work=poc PoC/src/io/uart/uart_rx.vhdl
analyze --work=test PoC/tb/io/uart/uart_rx_tb.vhdl
elaborate and simulate --syn-binding --work=test uart_rx_tb --stop-time=15us
SIMULATION RESULT = PASSED
Remove poc library
Remove test library
Test successful
GNA dir bug02:
analyze repro.vhdl
elaborate and simulate repro
analyze repro2.vhdl
elaborate and simulate repro2
Remove work library
analyze repro3.vhdl
elaborate and simulate repro3
Remove work library
Test successful
GNA dir bug021:
analyze sim_pkg.vhd
try to analyze tb_cosim.vhd
Remove work library
Test successful
GNA dir bug022:
analyze test.vhdl
elaborate and simulate test
Remove work library
Test successful
GNA dir bug023:
analyze ppkg.vhdl ppkg_tb.vhdl
elaborate and simulate ppkg_tb
analyze ppkg1.vhdl ppkg1_tb.vhdl
elaborate and simulate ppkg1_tb
Remove work library
Test successful
GNA dir bug024:
analyze ppkg.vhdl
try to analyze ppkg1.vhdl
Remove work library
Test successful
GNA dir bug026:
analyze x.vhd
analyze xb.vhd
Remove work library
Test successful
GNA dir bug027:
analyze comp.vhdl
analyze repro.vhdl
Remove work library
Test successful
GNA dir bug028:
/root/tools/ghdl_final/bin/ghdl:warning: --ieee=mentor is ignored for --std=08
Remove work library
Test successful
GNA dir bug029:
analyze fft.vhdl
analyze fft1.vhdl
analyze fft2.vhdl
analyze repro1.vhdl
analyze repro2.vhdl
Remove work library
Test successful
GNA dir bug03:
analyze wor_std.vhdl
elaborate and simulate foe
Remove work library
Test successful
GNA dir bug030:
analyze --warn-reserved reserved1.vhdl
analyze --warn-reserved reserved2.vhdl
analyze --warn-reserved reserved3.vhdl
analyze --warn-reserved --std=87 reserved4.vhdl
Remove work library
Remove work library
Test successful
GNA dir bug031:
Remove work library
Test successful
GNA dir bug032:
analyze allnl.vhdl
Remove work library
Test successful
GNA dir bug033:
analyze simple.vhdl
elaborate and simulate simple
entity simple is
end;


architecture behav of simple is
begin
  process 
  begin
    assert false
      report "Test is running"
      severity note;
    wait;
  end process;
end behav;


Remove work library
Test successful
GNA dir bug034:
analyze repro.vhdl
elaborate and simulate ent
Remove work library
Test successful
GNA dir bug035:
analyze --work=poc my_config_ML505.vhdl
analyze --work=poc my_project.vhdl
analyze --work=poc utils.vhdl
analyze --work=poc config.vhdl
analyze --work=poc strings.vhdl
analyze --work=poc vectors.vhdl
analyze --work=poc physical.vhdl
analyze --work=poc simulation.v93.vhdl
analyze --work=poc arith_prng.vhdl
analyze arith_prng_tb.vhdl
elaborate and simulate arith_prng_tb
SIMULATION RESULT = PASSED
Remove work library
Remove poc library
Test successful
GNA dir bug036:
try to analyze phys.vhdl
analyze phys2.vhdl
Remove work library
Test successful
GNA dir bug037:
analyze repro.vhdl
Remove work library
analyze --work=poc my_config_ML505.vhdl
analyze --work=poc my_project.vhdl
analyze --work=poc utils.vhdl
analyze --work=poc config.vhdl
analyze --work=poc strings.vhdl
analyze --work=poc vectors.vhdl
analyze --work=poc physical.vhdl
analyze --work=poc sim_types.vhdl
analyze --work=poc sim_protected.v08.vhdl
analyze --work=poc sim_global.v08.vhdl
analyze --work=poc sim_simulation.v08.vhdl
analyze --work=poc arith.pkg.vhdl
analyze --work=poc arith_addw.vhdl
analyze arith_addw_tb.vhdl
elaborate and simulate arith_addw_tb --stop-time=100ns
Implementing 9-bit wide adder: ARCH=aam, BLOCKING=asc[5,4], SKIPPING=plain
Implementing 9-bit wide adder: ARCH=aam, BLOCKING=asc[5,4], SKIPPING=plain
Implementing 9-bit wide adder: ARCH=aam, BLOCKING=asc[5,4], SKIPPING=ccc
Implementing 9-bit wide adder: ARCH=aam, BLOCKING=asc[5,4], SKIPPING=ccc
Implementing 9-bit wide adder: ARCH=aam, BLOCKING=asc[5,4], SKIPPING=ppn_ks
Implementing 9-bit wide adder: ARCH=aam, BLOCKING=asc[5,4], SKIPPING=ppn_ks
Implementing 9-bit wide adder: ARCH=aam, BLOCKING=asc[5,4], SKIPPING=ppn_bk
Implementing 9-bit wide adder: ARCH=aam, BLOCKING=asc[5,4], SKIPPING=ppn_bk
Implementing 9-bit wide adder: ARCH=cai, BLOCKING=desc[4,5], SKIPPING=plain
Implementing 9-bit wide adder: ARCH=cai, BLOCKING=desc[4,5], SKIPPING=plain
Implementing 9-bit wide adder: ARCH=cai, BLOCKING=desc[4,5], SKIPPING=ccc
Implementing 9-bit wide adder: ARCH=cai, BLOCKING=desc[4,5], SKIPPING=ccc
Implementing 9-bit wide adder: ARCH=cai, BLOCKING=desc[4,5], SKIPPING=ppn_ks
Implementing 9-bit wide adder: ARCH=cai, BLOCKING=desc[4,5], SKIPPING=ppn_ks
Implementing 9-bit wide adder: ARCH=cai, BLOCKING=desc[4,5], SKIPPING=ppn_bk
Implementing 9-bit wide adder: ARCH=cai, BLOCKING=desc[4,5], SKIPPING=ppn_bk
Implementing 9-bit wide adder: ARCH=cca, BLOCKING=desc[4,5], SKIPPING=plain
Implementing 9-bit wide adder: ARCH=cca, BLOCKING=desc[4,5], SKIPPING=plain
Implementing 9-bit wide adder: ARCH=cca, BLOCKING=desc[4,5], SKIPPING=ccc
Implementing 9-bit wide adder: ARCH=cca, BLOCKING=desc[4,5], SKIPPING=ccc
Implementing 9-bit wide adder: ARCH=cca, BLOCKING=desc[4,5], SKIPPING=ppn_ks
Implementing 9-bit wide adder: ARCH=cca, BLOCKING=desc[4,5], SKIPPING=ppn_ks
Implementing 9-bit wide adder: ARCH=cca, BLOCKING=desc[4,5], SKIPPING=ppn_bk
Implementing 9-bit wide adder: ARCH=cca, BLOCKING=desc[4,5], SKIPPING=ppn_bk
Implementing 9-bit wide adder: ARCH=pai, BLOCKING=desc[4,5], SKIPPING=plain
Implementing 9-bit wide adder: ARCH=pai, BLOCKING=desc[4,5], SKIPPING=plain
Implementing 9-bit wide adder: ARCH=pai, BLOCKING=desc[4,5], SKIPPING=ccc
Implementing 9-bit wide adder: ARCH=pai, BLOCKING=desc[4,5], SKIPPING=ccc
Implementing 9-bit wide adder: ARCH=pai, BLOCKING=desc[4,5], SKIPPING=ppn_ks
Implementing 9-bit wide adder: ARCH=pai, BLOCKING=desc[4,5], SKIPPING=ppn_ks
Implementing 9-bit wide adder: ARCH=pai, BLOCKING=desc[4,5], SKIPPING=ppn_bk
Implementing 9-bit wide adder: ARCH=pai, BLOCKING=desc[4,5], SKIPPING=ppn_bk
Remove work library
Remove poc library
Test successful
GNA dir bug039:
analyze repro.vhdl
elaborate and simulate repro
Remove work library
Test successful
GNA dir bug04:
analyze std_logic_warning.vhdl
analyze test.vhdl
elaborate and simulate warning_test
Remove work library
Test successful
GNA dir bug040:
analyze add_200.vhd add_201.vhd add_202.vhd add_203.vhd add_204.vhd bit_set_mask.vhd cmp_775.vhd cmp_779.vhd cmp_780.vhd cmp_787.vhd cmp_788.vhd cmp_790.vhd cmp_791.vhd cmp_792.vhd cmp_793.vhd cmp_794.vhd cmp_799.vhd cmp_800.vhd cmp_804.vhd cmp_846.vhd cmp_847.vhd cmp_848.vhd cmp_849.vhd cmp_850.vhd cmp_851.vhd cmp_852.vhd cmp_855.vhd cmp_861.vhd cmp_863.vhd cmp_865.vhd cmp_868.vhd cmp_869.vhd cmp_871.vhd cmp_873.vhd cmp_877.vhd cmp_878.vhd cmp_879.vhd cmp_880.vhd cmp_882.vhd cmp_885.vhd cmp_887.vhd cmp_962.vhd cmp_964.vhd cmp_971.vhd cmp_972.vhd cmp_973.vhd cmp_974.vhd cmp_975.vhd cmp_977.vhd cmp_978.vhd cmp_979.vhd cmp_985.vhd extend_mask.vhd fsm_224.vhd huff_make_dhuff_tb_ac_huffcode.vhd huff_make_dhuff_tb_ac_huffsize.vhd huff_make_dhuff_tb_dc_huffcode.vhd huff_make_dhuff_tb_dc_huffsize.vhd huffbuff.vhd idctbuff.vhd izigzag_index.vhd jpegfilebuf.vhd lmask.vhd mul_209.vhd mul_210.vhd mul_213.vhd mul_214.vhd mul_215.vhd mul_216.vhd mul_222.vhd muxb_784.vhd outdata_comp_buf.vhd outdata_comp_hpos.vhd outdata_comp_vpos.vhd p_jinfo_ac_dhuff_tbl_maxcode.vhd p_jinfo_ac_dhuff_tbl_mincode.vhd p_jinfo_ac_dhuff_tbl_ml.vhd p_jinfo_ac_dhuff_tbl_valptr.vhd p_jinfo_ac_xhuff_tbl_bits.vhd p_jinfo_ac_xhuff_tbl_huffval.vhd p_jinfo_comps_info_dc_tbl_no.vhd p_jinfo_comps_info_h_samp_factor.vhd p_jinfo_comps_info_id.vhd p_jinfo_comps_info_quant_tbl_no.vhd p_jinfo_dc_dhuff_tbl_maxcode.vhd p_jinfo_dc_dhuff_tbl_mincode.vhd p_jinfo_dc_dhuff_tbl_ml.vhd p_jinfo_dc_dhuff_tbl_valptr.vhd p_jinfo_dc_xhuff_tbl_bits.vhd p_jinfo_dc_xhuff_tbl_huffval.vhd p_jinfo_quant_tbl_quantval.vhd quantbuff.vhd rgb_buf.vhd shl_211.vhd shr_212.vhd sub_205.vhd sub_206.vhd sub_207.vhd sub_208.vhd sub_217.vhd sub_218.vhd sub_219.vhd sub_220.vhd sub_221.vhd tb.vhd top.vhd zigzag_index.vhd
elaborate and simulate tb --stop-time=4us
INFO Input vector 0 at cycle 6
INFO First input vector sent at clock cycle 6
INFO Input vector 1 at cycle 8
INFO Input vector 2 at cycle 10
INFO Input vector 3 at cycle 12
INFO Input vector 4 at cycle 14
INFO Input vector 5 at cycle 16
INFO Input vector 6 at cycle 18
INFO Input vector 7 at cycle 20
INFO Input vector 8 at cycle 22
INFO Input vector 9 at cycle 24
INFO Input vector 10 at cycle 26
INFO Input vector 11 at cycle 28
INFO Input vector 12 at cycle 30
INFO Input vector 13 at cycle 32
INFO Input vector 14 at cycle 34
INFO Input vector 15 at cycle 36
INFO Input vector 16 at cycle 38
INFO Input vector 17 at cycle 40
INFO Input vector 18 at cycle 42
INFO Input vector 19 at cycle 44
INFO Input vector 20 at cycle 46
INFO Input vector 21 at cycle 48
INFO Input vector 22 at cycle 50
INFO Input vector 23 at cycle 52
INFO Input vector 24 at cycle 54
INFO Input vector 25 at cycle 56
INFO Input vector 26 at cycle 58
INFO Input vector 27 at cycle 60
INFO Input vector 28 at cycle 62
INFO Input vector 29 at cycle 64
INFO Input vector 30 at cycle 66
INFO Input vector 31 at cycle 68
INFO Input vector 32 at cycle 70
INFO Input vector 33 at cycle 72
INFO Input vector 34 at cycle 74
INFO Input vector 35 at cycle 76
INFO Input vector 36 at cycle 78
INFO Input vector 37 at cycle 80
INFO Input vector 38 at cycle 82
INFO Input vector 39 at cycle 84
INFO Input vector 40 at cycle 86
INFO Input vector 41 at cycle 88
INFO Input vector 42 at cycle 90
INFO Input vector 43 at cycle 92
INFO Input vector 44 at cycle 94
INFO Input vector 45 at cycle 96
INFO Input vector 46 at cycle 98
INFO Input vector 47 at cycle 100
INFO Input vector 48 at cycle 102
INFO Input vector 49 at cycle 104
INFO Input vector 50 at cycle 106
INFO Input vector 51 at cycle 108
INFO Input vector 52 at cycle 110
INFO Input vector 53 at cycle 112
INFO Input vector 54 at cycle 114
INFO Input vector 55 at cycle 116
INFO Input vector 56 at cycle 118
INFO Input vector 57 at cycle 120
INFO Input vector 58 at cycle 122
INFO Input vector 59 at cycle 124
INFO Input vector 60 at cycle 126
INFO Input vector 61 at cycle 128
INFO Input vector 62 at cycle 130
INFO Input vector 63 at cycle 132
INFO Input vector 64 at cycle 134
INFO Input vector 65 at cycle 136
INFO Input vector 66 at cycle 138
INFO Input vector 67 at cycle 140
INFO Input vector 68 at cycle 142
INFO Input vector 69 at cycle 144
INFO Input vector 70 at cycle 146
INFO Input vector 71 at cycle 148
INFO Input vector 72 at cycle 150
INFO Input vector 73 at cycle 152
INFO Input vector 74 at cycle 154
INFO Input vector 75 at cycle 156
INFO Input vector 76 at cycle 158
INFO Input vector 77 at cycle 160
INFO Input vector 78 at cycle 162
INFO Input vector 79 at cycle 164
INFO Input vector 80 at cycle 166
INFO Input vector 81 at cycle 168
INFO Input vector 82 at cycle 170
INFO Input vector 83 at cycle 172
INFO Input vector 84 at cycle 174
INFO Input vector 85 at cycle 176
INFO Input vector 86 at cycle 178
INFO Input vector 87 at cycle 180
INFO Input vector 88 at cycle 182
INFO Input vector 89 at cycle 184
INFO Input vector 90 at cycle 186
INFO Input vector 91 at cycle 188
INFO Input vector 92 at cycle 190
INFO Input vector 93 at cycle 192
INFO Input vector 94 at cycle 194
INFO Input vector 95 at cycle 196
INFO Input vector 96 at cycle 198
INFO Input vector 97 at cycle 200
INFO Input vector 98 at cycle 202
INFO Input vector 99 at cycle 204
INFO Input vector 100 at cycle 206
INFO Input vector 101 at cycle 208
INFO Input vector 102 at cycle 210
INFO Input vector 103 at cycle 212
INFO Input vector 104 at cycle 214
INFO Input vector 105 at cycle 216
INFO Input vector 106 at cycle 218
INFO Input vector 107 at cycle 220
INFO Input vector 108 at cycle 222
INFO Input vector 109 at cycle 224
INFO Input vector 110 at cycle 226
INFO Input vector 111 at cycle 228
INFO Input vector 112 at cycle 230
INFO Input vector 113 at cycle 232
INFO Input vector 114 at cycle 234
INFO Input vector 115 at cycle 236
INFO Input vector 116 at cycle 238
INFO Input vector 117 at cycle 240
INFO Input vector 118 at cycle 242
INFO Input vector 119 at cycle 244
INFO Input vector 120 at cycle 246
INFO Input vector 121 at cycle 248
INFO Input vector 122 at cycle 250
INFO Input vector 123 at cycle 252
INFO Input vector 124 at cycle 254
INFO Input vector 125 at cycle 256
INFO Input vector 126 at cycle 258
INFO Input vector 127 at cycle 260
INFO Input vector 128 at cycle 262
INFO Input vector 129 at cycle 264
INFO Input vector 130 at cycle 266
INFO Input vector 131 at cycle 268
INFO Input vector 132 at cycle 270
INFO Input vector 133 at cycle 272
INFO Input vector 134 at cycle 274
INFO Input vector 135 at cycle 276
INFO Input vector 136 at cycle 278
INFO Input vector 137 at cycle 280
INFO Input vector 138 at cycle 282
INFO Input vector 139 at cycle 284
INFO Input vector 140 at cycle 286
INFO Input vector 141 at cycle 288
INFO Input vector 142 at cycle 290
INFO Input vector 143 at cycle 292
INFO Input vector 144 at cycle 294
INFO Input vector 145 at cycle 296
INFO Input vector 146 at cycle 298
INFO Input vector 147 at cycle 300
INFO Input vector 148 at cycle 302
INFO Input vector 149 at cycle 304
INFO Input vector 150 at cycle 306
INFO Input vector 151 at cycle 308
INFO Input vector 152 at cycle 310
INFO Input vector 153 at cycle 312
INFO Input vector 154 at cycle 314
INFO Input vector 155 at cycle 316
INFO Input vector 156 at cycle 318
INFO Input vector 157 at cycle 320
INFO Input vector 158 at cycle 322
INFO Input vector 159 at cycle 324
INFO Input vector 160 at cycle 326
INFO Input vector 161 at cycle 328
INFO Input vector 162 at cycle 330
INFO Input vector 163 at cycle 332
INFO Input vector 164 at cycle 334
INFO Input vector 165 at cycle 336
INFO Input vector 166 at cycle 338
INFO Input vector 167 at cycle 340
INFO Input vector 168 at cycle 342
INFO Input vector 169 at cycle 344
INFO Input vector 170 at cycle 346
INFO Input vector 171 at cycle 348
INFO Input vector 172 at cycle 350
INFO Input vector 173 at cycle 352
INFO Input vector 174 at cycle 354
INFO Input vector 175 at cycle 356
INFO Input vector 176 at cycle 358
INFO Input vector 177 at cycle 360
INFO Input vector 178 at cycle 362
INFO Input vector 179 at cycle 364
INFO Input vector 180 at cycle 366
INFO Input vector 181 at cycle 368
INFO Input vector 182 at cycle 370
INFO Input vector 183 at cycle 372
INFO Input vector 184 at cycle 374
INFO Input vector 185 at cycle 376
INFO Input vector 186 at cycle 378
INFO Input vector 187 at cycle 380
INFO Input vector 188 at cycle 382
INFO Input vector 189 at cycle 384
INFO Input vector 190 at cycle 386
INFO Input vector 191 at cycle 388
INFO Input vector 192 at cycle 390
INFO Input vector 193 at cycle 392
INFO Input vector 194 at cycle 394
INFO Input vector 195 at cycle 396
INFO Input vector 196 at cycle 398
Remove work library
Test successful
GNA dir bug041:
try to analyze foo.vhdl
Remove work library
Test successful
GNA dir bug042:
try to analyze centerconfig.vhdl
analyze centerconfig_works.vhdl
elaborate and simulate instance
try to analyze centerconfig_generics_works.vhdl
Remove work library
Test successful
GNA dir bug043:
analyze --ieee=synopsys -fexplicit sha256.vhd
Remove work library
Test successful
GNA dir bug045:
analyze repro.vhdl
elaborate tb
Fst.Avhpi_Error!
Vcd.Avhpi_Error!
Remove work library
Test successful
GNA dir bug046:
analyze bug_pkg.vhdl
Remove work library
Test successful
GNA dir bug047:
repro_arith.vhdl:2:10:  (use --ieee=synopsys for non-standard synopsys packages)
Remove work library
Test successful
GNA dir bug048:
analyze leftof1.vhdl
elaborate and simulate leftofrightof
analyze leftof2.vhdl
elaborate and simulate leftofrightof
analyze leftof3.vhdl
elaborate and simulate leftofrightof
Remove work library
Test successful
GNA dir bug049:
analyze rng1.vhdl
elaborate and simulate sliding_index
Remove work library
Test successful
GNA dir bug05:
analyze repro.vhdl
elaborate tb
Fst.Avhpi_Error!
Vcd.Avhpi_Error!
Remove work library
Test successful
GNA dir bug050:
try to analyze tarith.vhdl
analyze --ieee=synopsys tarith.vhdl
try to analyze tunsigned.vhdl
analyze --ieee=synopsys tunsigned.vhdl
try to analyze tsigned.vhdl
analyze --ieee=synopsys tsigned.vhdl
try to analyze tsltextio.vhdl
analyze --ieee=synopsys tsltextio.vhdl
analyze --std=08 tsltextio.vhdl
Remove work library
Remove work library
Test successful
GNA dir bug051:
try to analyze tb1.vhdl
try to analyze -fpsl tb2.vhdl
analyze tb.vhdl
elaborate and simulate tb
Remove work library
Test successful
GNA dir bug06:
analyze repro.vhdl
elaborate and simulate foo
Remove work library
Test successful
GNA dir bug07:
analyze repro.vhdl
elaborate and simulate repro
Remove work library
Test successful
GNA dir bug08:
analyze paren1.vhdl
elaborate and simulate paren1
analyze paren2.vhdl
elaborate and simulate paren2
analyze paren3.vhdl
elaborate and simulate paren3
analyze paren4.vhdl
elaborate and simulate paren4
analyze paren5.vhdl
elaborate and simulate paren5
analyze paren6.vhdl
elaborate and simulate paren6
analyze paren7.vhdl
elaborate and simulate paren7
analyze paren8.vhdl
elaborate and simulate paren8
analyze paren9.vhdl
elaborate and simulate paren9
analyze paren10.vhdl
elaborate and simulate paren10
analyze paren11.vhdl
elaborate and simulate paren11
analyze paren12.vhdl
elaborate and simulate paren12
analyze paren13.vhdl
elaborate and simulate paren13
Remove work library
Test successful
GNA dir bug09:
analyze univ1.vhdl
elaborate and simulate (failure expected) univ1
overflow not detected!
analyze univ2.vhdl
elaborate and simulate univ2
Remove work library
Test successful
GNA dir bug14953:
try to analyze bug.vhdl
analyze bug2.vhdl
elaborate and simulate (failure expected) bug
Remove work library
Test successful
GNA dir bug15638:
analyze 15368.vhd
elaborate and simulate bug
Remove work library
Test successful
GNA dir bug15702:
try to analyze example.vhd
Remove work library
Test successful
GNA dir bug15933:
try to analyze crash.vhd
Remove work library
Test successful
GNA dir bug15966:
analyze fail.vhd
elaborate and simulate mat_key_tb
Remove work library
Test successful
GNA dir bug15993:
analyze cells.vhdl
analyze testbench_15993.vhdl
elaborate and simulate add_tb
analyze testbench.vhdl
elaborate and simulate add_tb
Remove work library
Test successful
GNA dir bug16095:
try to analyze module.vhd
Remove work library
Test successful
GNA dir bug16096:
try to analyze module.vhd
Remove work library
Test successful
GNA dir bug16144:
adder.vhdl:
1: 
2: 
Test successful
GNA dir bug16287:
analyze 16287.vhd
elaborate and simulate test
Remove work library
Test successful
GNA dir bug16695:
analyze --ieee=synopsys lfsr_updown.vhd lfsr_updown_tb.vhd
elaborate and simulate --ieee=synopsys lfsr_updown_tb --stop-time=200ns
Time: 
0 ns
 rst: 
1
 enable: 
0
 up_down: 
0
 count: 
UUUUUUUU
 overflow: 
U
Time: 
0 ns
 rst: 
1
 enable: 
0
 up_down: 
0
 count: 
UUUUUUUU
 overflow: 
0
Time: 
10 ns
 rst: 
1
 enable: 
0
 up_down: 
0
 count: 
00000000
 overflow: 
0
Time: 
200 ns
 rst: 
0
 enable: 
0
 up_down: 
0
 count: 
00000000
 overflow: 
0
Remove work library
Test successful
GNA dir bug16782:
analyze bug.vhd
elaborate and simulate (failure expected) bug
Remove work library
Test successful
GNA dir bug17127:
analyze bug2.vhdl
elaborate and simulate bug2
Remove work library
Test successful
GNA dir bug17202:
analyze test.vhdl
elaborate and simulate test_val
Remove work library
Test successful
GNA dir bug17203:
analyze bug.vhdl
elaborate and simulate test_time
Remove work library
Test successful
GNA dir bug17309:
analyze polyamplib.vhdl master_testbench3.vhdl
elaborate and simulate master_testbench3 --stop-time=1ms
Remove work library
Test successful
GNA dir bug17545:
analyze bug.vhdl
elaborate and simulate bug
'1'
Remove work library
Test successful
GNA dir bug17759:
analyze test.vhdl
elaborate and simulate a
Remove work library
Test successful
GNA dir bug18280:
analyze alias_bug.vhd
elaborate and simulate alias_bug
Remove work library
Test successful
GNA dir bug18351:
analyze 18351.vhd
elaborate and simulate problem
Remove work library
Test successful
GNA dir bug18353:
analyze TESTCASE.vhdl
elaborate and simulate (failure expected) testcase
Remove work library
Test successful
GNA dir bug18359:
analyze testcase.vhdl
elaborate and simulate testcase
Remove work library
Test successful
GNA dir bug18360:
try to analyze testcase.vhdl
Remove work library
Test successful
GNA dir bug18361:
analyze cnt.vhdl
elaborate and simulate (failure expected) cnt_v_tb
Remove work library
Test successful
GNA dir bug18659:
analyze crash.vhd
elaborate and simulate crash
Remove work library
Test successful
GNA dir bug18810:
analyze DMEM.vhd OISC_SUBLEQ.vhd BENCH_OISC_SUBLEQ.vhd
elaborate and simulate BENCH_OISC_SUBLEQ --stop-time=2us
Remove work library
Test successful
GNA dir bug19195:
analyze pkg.vhd
analyze top.vhdl
elaborate and simulate top
Remove work library
Test successful
GNA dir bug20255:
analyze test.vhd
elaborate and simulate e
analyze test_20255.vhd
elaborate and simulate e
Remove work library
Test successful
GNA dir bug20312:
analyze repro.vhdl
elaborate and simulate tb
analyze arr.vhdl
elaborate and simulate arr
Remove work library
Test successful
GNA dir bug20549:
analyze tb.vhdl
elaborate and simulate tb
Remove work library
Test successful
GNA dir bug20597:
try to analyze 20597.vhd
Remove work library
Test successful
GNA dir bug20703:
analyze t.vhdl
elaborate and simulate t
Remove work library
Test successful
GNA dir bug20767:
try to analyze xilname.vhdl
analyze -frelaxed-rules xilname.vhdl
analyze aggr.vhdl
elaborate and simulate tb
Remove work library
Test successful
GNA dir bug20771:
analyze 20771.vhd
elaborate and simulate (failure expected) jon
Remove work library
Test successful
GNA dir bug21052:
analyze test.vhd
Remove work library
Test successful
GNA dir bug21078:
try to analyze foo.vhdl
Remove work library
Test successful
GNA dir bug21274:
analyze 21274.vhd
Remove work library
Test successful
GNA dir bug21332:
analyze twoscomplement.vhdl
elaborate and simulate (failure expected) test
Remove work library
Test successful
GNA dir bug21487:
analyze repro.vhdl
elaborate and simulate top
Remove work library
Test successful
GNA dir bug21497:
analyze repro.vhdl
elaborate and simulate tb
Remove work library
Test successful
GNA dir bug21500:
analyze resolv1.vhdl
elaborate and simulate top
analyze resolv2.vhdl
elaborate and simulate top
Remove work library
Test successful
GNA dir bug21513:
analyze pb.vhdl
Remove work library
Test successful
GNA dir bug22868:
try to analyze fails1.vhdl
try to analyze fails2.vhdl
analyze works.vhdl
Remove work library
Test successful
GNA dir bug23013:
try to analyze attrs.vhdl
Remove work library
Test successful
GNA dir bug23165:
analyze mwe_failing/counter.vhd
analyze mwe_failing/mwe.vhd
elaborate and simulate mwe --stop-time=100us
analyze mwe_working/counter.vhd
analyze mwe_working/mwe.vhd
elaborate and simulate mwe --stop-time=100us --wave=output.ghw
analyze mwe2/mwe.vhd
elaborate and simulate mwe --stop-time=100us
Remove work library
Test successful
GNA dir bug23482:
try to analyze test1.vhdl
analyze test2.vhdl
elaborate and simulate test2
Remove work library
Test successful
GNA dir bug24064:
analyze er_pack.vhd
analyze pp_fir_filter.vhd
elaborate and simulate pp_fir_filter
Remove work library
Test successful
GNA dir bug24065:
analyze cic_up.vhd
Remove work library
Test successful
GNA dir bug24324:
try to analyze tb_thingy1.vhdl
Remove work library
Test successful
GNA dir bug24326:
try to analyze tb_thingy7.vhdl
try to analyze tb_thingy9.vhdl
try to analyze repro1.vhdl
Remove work library
Test successful
GNA dir bug7186:
try to analyze bug.vhdl
Remove work library
Test successful
GNA dir bug7751:
analyze 7751_tests.vhd
elaborate and simulate top
analyze 7751_extra_tests.vhd
elaborate and simulate tb
Remove work library
Test successful
GNA dir sr2553:
try to analyze 2553.vhd
Remove work library
Test successful
GNA dir sr2655:
analyze bug.vhdl
elaborate and simulate bug
Remove work library
Test successful
GNA dir sr2676:
analyze reset_types.vhdl reset.vhdl reset-rtl.vhdl reset-test.vhdl
elaborate and simulate reset_testbench --stop-time=1us
Remove work library
Test successful
GNA dir sr2737:
analyze testit.vhdl
elaborate and simulate testit
analyze repro.vhdl
elaborate and simulate repro
analyze bit_vector_rol_ror.vhdl
elaborate and simulate bit_vector_rol_ror
Remove work library
Test successful
GNA dir sr2903:
analyze boundcheck.vhdl
elaborate and simulate (failure expected) tb
Remove work library
Test successful
GNA dir sr2940:
analyze Prim.vhd
try to analyze GCD.vhd
Remove work library
Test successful
GNA dir sr3028:
try to analyze vc.vhdl
Remove work library
Test successful
GNA dir sr3060:
try to analyze integer_class.vhdl
Remove work library
Test successful
GNA dir sr3217:
Remove work library
Test successful
GNA dir deb573721:
try to analyze 573721_deb.vhd
Remove work library
Test successful
GNA dir deb585748:
analyze 585748_deb.vhd
elaborate and simulate (failure expected) tb_test
Remove work library
Test successful
GNA dir deb585750:
analyze 585750_deb.vhd
elaborate and simulate (failure expected) tb_test
Remove work library
Test successful
GNA dir ticket101:
analyze junk2.vhdl
try to analyze --std=93 junk2.vhdl
analyze --std=02 -frelaxed-rules junk2.vhdl
Remove work library
Test successful
GNA dir ticket104:
analyze bug_tb.vhd
elaborate and simulate (failure expected) bug_tb --stop-time=100ns
Remove work library
Test successful
GNA dir ticket11:
analyze signalevents.vhdl
elaborate and simulate tb
analyze tb2.vhdl
elaborate and simulate tb2
analyze tb3.vhdl
elaborate and simulate tb3
Remove work library
Test successful
GNA dir ticket14:
analyze test_case.vhd
analyze scrambler_tb.vhd
elaborate and simulate scrambler_tb
Remove work library
Test successful
GNA dir ticket15:
try to analyze assignment_to_aggregate.vhdl
Remove work library
Test successful
GNA dir ticket18:
analyze psl_test_error.vhd
elaborate and simulate psl_test_error --stop-time=200ns
analyze psl_test_working.vhd
elaborate and simulate psl_test_working --stop-time=200ns
Remove work library
GNA dir ticket19:
analyze psl_test_cover.vhd
elaborate and simulate psl_test_cover --stop-time=200ns
analyze psl_test_cover2.vhd
elaborate and simulate psl_test_cover2 --stop-time=200ns
analyze psl_test_cover3.vhd
elaborate and simulate psl_test_cover3 --stop-time=200ns
Remove work library
GNA dir ticket20:
analyze morten1.vhdl
elaborate and simulate morten
try to analyze morten2.vhdl
Remove work library
GNA dir ticket24:
analyze -fpsl psl.vhdl
elaborate and simulate -fpsl psl --psl-report=psl.out
Remove work library
analyze psl.vhdl
elaborate and simulate psl --psl-report=psl.out
Remove work library
Test successful
GNA dir ticket26:
analyze psl_test_named_statement.vhd
elaborate and simulate psl_test_named_statement --stop-time=200ns
psl_test_named_statement.vhd:29:5:@0ms:(report note): RUNNING psl_test_named_statement test case
psl_test_named_statement.vhd:30:5:@0ms:(report note): ==========================================
psl_test_named_statement.vhd:49:10:@10ns:(psl assertion error): Assertion violation
psl_test_named_statement.vhd:49:10:@30ns:(psl assertion error): Assertion violation
psl_test_named_statement.vhd:49:10:@50ns:(psl assertion error): Assertion violation
psl_test_named_statement.vhd:49:10:@70ns:(psl assertion error): Assertion violation
psl_test_named_statement.vhd:49:10:@90ns:(psl assertion error): Assertion violation
./psl_test_named_statement:info: simulation stopped by --stop-time
Remove work library
Test successful
GNA dir ticket29:
analyze debugtools.vhdl
analyze iomapper.vhdl
Remove work library
Test successful
GNA dir ticket30:
analyze lib_numeric_tb.vhd
elaborate numeric_tb
tperiod_CLK_posedge = -0.045 ns
Remove work library
Test successful
GNA dir ticket31:
analyze top_phystest_simple.vhdl
elaborate and simulate (failure expected) top_physicaltest_simple
analyze tb2.vhdl
elaborate and simulate (failure expected) tb2
Remove work library
Test successful
GNA dir ticket32:
analyze repro.vhdl
elaborate and simulate repro
Remove work library
analyze --work=unisim muxcy.vhdl
analyze --work=poc simulation.vhdl
analyze --work=poc arith_prefix_and.vhdl
analyze --work=test arith_prefix_and_tb.vhdl
elaborate and simulate --work=test arith_prefix_and_tb
SIMULATION RESULT = PASSED
Remove unisim library
Remove poc library
Remove test library
Test successful
GNA dir ticket35:
analyze ascii7.vhdl
analyze latin1.vhdl
try to analyze utf8.vhdl
try to analyze utf16be.vhdl
try to analyze utf16le.vhdl
Remove work library
Test successful
GNA dir ticket37:
analyze dispgen.vhdl
elaborate and simulate dispgen
elaborate and simulate dispgen -gstr=Hello
analyze genint.vhdl
elaborate and simulate (failure expected) genint
analyze genchar.vhdl
elaborate and simulate (failure expected) genchar
analyze genbool.vhdl
elaborate and simulate (failure expected) genbool
analyze genlogic.vhdl
elaborate and simulate (failure expected) genlogic
Remove work library
Test successful
GNA dir ticket38:
analyze associate.vhdl
elaborate and simulate associate
Remove work library
Test successful
GNA dir ticket39:
analyze test.vhd
elaborate and simulate test
Remove work library
Test successful
GNA dir ticket40:
try to analyze generic_when.vhdl
Remove work library
Test successful
GNA dir ticket41:
analyze bug.vhdl
try to analyze bug1.vhdl
Remove work library
Test successful
GNA dir ticket43:
analyze --std=02 file1.vhd
analyze --std=02 file2.vhd
analyze --std=02 bug.vhdl
elaborate and simulate --std=02 bug
Remove work library
Test successful
GNA dir ticket44:
analyze --std=02 file1.vhd
analyze --std=02 file2.vhd
Remove work library
Test successful
GNA dir ticket46:
analyze --std=02 bug.vhdl
analyze --std=08 bug.vhdl
Remove work library
Remove work library
Test successful
GNA dir ticket47:
analyze ent.vhdl
elaborate and simulate ent -gstr=Hello
elaborate and simulate (failure expected) ent
Remove work library
Test successful
GNA dir ticket48:
analyze bug.vhdl
elaborate and simulate ent
elaborate and simulate ent
elaborate and simulate ent
elaborate and simulate ent
analyze bug.vhdl
elaborate and simulate ent
Remove work library
Test successful
GNA dir ticket49:
analyze bug.vhdl
Remove work library
Test successful
GNA dir ticket50:
analyze --std=08 ent.vhdl
try to analyze --std=08 ent2.vhdl
Remove work library
Test successful
GNA dir ticket51:
analyze ent.vhdl
elaborate and simulate ent
Remove work library
Test successful
GNA dir ticket52:
try to analyze file.vhdl
Remove work library
analyze file.vhdl
Remove work library
Test successful
GNA dir ticket53:
analyze decl1.vhdl
analyze ent1.vhdl
elaborate and simulate ent1
Remove work library
Test successful
GNA dir ticket54:
analyze test.vhdl
elaborate and simulate (failure expected) test --assert-level=error
Remove work library
Test successful
GNA dir ticket55:
analyze bug.vhdl
try to analyze bug1.vhdl
try to analyze bug2.vhdl
try to analyze bug3.vhdl
Remove work library
Test successful
GNA dir ticket56:
try to analyze bug.vhdl
Remove work library
Test successful
GNA dir ticket57:
analyze test.vhdl
try to analyze --std=93 test.vhdl
analyze --std=93 -frelaxed-rules test.vhdl
Remove work library
Test successful
GNA dir ticket58:
analyze bug.vhdl
Remove work library
Test successful
GNA dir ticket59:
analyze bug.vhdl
elaborate and simulate ent
Remove work library
Test successful
GNA dir ticket61:
analyze bug.vhdl
elaborate and simulate ent
Remove work library
Test successful
GNA dir ticket62:
analyze repro.vhdl
elaborate and simulate ent
Remove work library
try to analyze repro.vhdl
analyze -frelaxed-rules repro.vhdl
elaborate and simulate -frelaxed-rules ent
Remove work library
Test successful
GNA dir ticket63:
try to analyze bug.vhdl
Remove work library
Test successful
GNA dir ticket64:
analyze file.vhdl
elaborate and simulate ent
analyze bug2.vhdl
Remove work library
Test successful
GNA dir ticket65:
analyze bug.vhdl
elaborate and simulate (failure expected) ent
analyze bug1.vhdl
elaborate and simulate (failure expected) ent1
analyze bug2.vhdl
elaborate and simulate ent2
Remove work library
Test successful
GNA dir ticket66:
analyze bug.vhdl
elaborate and simulate ent
Remove work library
analyze bug.vhdl
elaborate and simulate ent
Remove work library
Test successful
GNA dir ticket67:
analyze bug.vhdl
elaborate and simulate ent
Remove work library
Test successful
GNA dir ticket68:
analyze bug.vhdl
elaborate and simulate ent
Remove work library
Test successful
GNA dir ticket69:
analyze bug.vhdl
analyze repro.vhdl
elaborate and simulate ent
try to analyze bug2.vhdl
Remove work library
Test successful
GNA dir ticket70:
analyze bug.vhdl
elaborate and simulate ent
Remove work library
Test successful
GNA dir ticket71:
try to analyze bug.vhdl
Remove work library
analyze bug.vhdl
elaborate and simulate ent
Remove work library
Test successful
GNA dir ticket73:
analyze bug.vhdl
elaborate and simulate ent
Remove work library
Test successful
GNA dir ticket74:
analyze bug.vhdl
elaborate and simulate ent
Remove work library
Test successful
GNA dir ticket75:
analyze bug.vhdl
elaborate and simulate (failure expected) ent
Remove work library
Test successful
GNA dir ticket76:
analyze bug.vhdl
elaborate and simulate ent
Remove work library
Test successful
GNA dir ticket77:
analyze bug1.vhdl
elaborate and simulate ent1
analyze bug2.vhdl
elaborate and simulate ent2
analyze bug3.vhdl
elaborate and simulate ent3
analyze bug4.vhdl
elaborate and simulate ent4
Remove work library
Test successful
GNA dir ticket78:
analyze bug.vhdl
elaborate and simulate ent
Remove work library
Test successful
GNA dir ticket79:
try to analyze file.vhdl
Remove work library
Test successful
GNA dir ticket81:
analyze repro.vhdl
analyze repro2.vhdl
Remove work library
analyze bug.vhdl
elaborate and simulate ent
Remove work library
Test successful
GNA dir ticket83:
try to analyze bug.vhdl
Remove work library
Test successful
GNA dir ticket84:
analyze bug.vhdl
elaborate and simulate ent
abRemove work library
Test successful
GNA dir ticket86:
analyze bug.vhdl
elaborate and simulate ent
Remove work library
Test successful
GNA dir ticket87:
analyze ../hello.vhdl
elaborate and simulate -v hello
/root/tools/ghdl_final/libexec/gcc/x86_64-unknown-linux-gnu/4.9.4/ghdl1 -P/root/tools/ghdl_final/lib/ghdl/v93/std/ -P/root/tools/ghdl_final/lib/ghdl/v93/ieee/ --elab hello -l e~hello.lst -quiet -o e~hello.s e~hello
/usr/bin/as -o e~hello.o e~hello.s
/root/tools/ghdl_final/bin/gcc -o hello e~hello.o /root/tools/ghdl_final/lib/ghdl/v93/std/std_standard.o hello.o /root/tools/ghdl_final/lib/ghdl/libgrt.a -ldl -lm -Wl,--version-script=/root/tools/ghdl_final/lib/ghdl/grt.ver -Wl,--export-dynamic /root/tools/ghdl_final/lib/ghdl/libbacktrace.a -L./ -lz -ldl
./hello
elaborate -v -o ../dir3/hello1 hello
/root/tools/ghdl_final/libexec/gcc/x86_64-unknown-linux-gnu/4.9.4/ghdl1 -P/root/tools/ghdl_final/lib/ghdl/v93/std/ -P/root/tools/ghdl_final/lib/ghdl/v93/ieee/ --elab hello -l ../dir3/e~hello1.lst -quiet -o ../dir3/e~hello1.s ../dir3/e~hello1
/usr/bin/as -o ../dir3/e~hello1.o ../dir3/e~hello1.s
/root/tools/ghdl_final/bin/gcc -o ../dir3/hello1 ../dir3/e~hello1.o /root/tools/ghdl_final/lib/ghdl/v93/std/std_standard.o hello.o /root/tools/ghdl_final/lib/ghdl/libgrt.a -ldl -lm -Wl,--version-script=/root/tools/ghdl_final/lib/ghdl/grt.ver -Wl,--export-dynamic /root/tools/ghdl_final/lib/ghdl/libbacktrace.a -L./ -lz -ldl
elaborate and simulate -v --workdir=../dir1 hello
/root/tools/ghdl_final/libexec/gcc/x86_64-unknown-linux-gnu/4.9.4/ghdl1 --workdir=../dir1 -P/root/tools/ghdl_final/lib/ghdl/v93/std/ -P/root/tools/ghdl_final/lib/ghdl/v93/ieee/ --elab hello -l e~hello.lst -quiet -o e~hello.s e~hello
/usr/bin/as -o e~hello.o e~hello.s
/root/tools/ghdl_final/bin/gcc -o hello e~hello.o /root/tools/ghdl_final/lib/ghdl/v93/std/std_standard.o ../dir1/hello.o /root/tools/ghdl_final/lib/ghdl/libgrt.a -ldl -lm -Wl,--version-script=/root/tools/ghdl_final/lib/ghdl/grt.ver -Wl,--export-dynamic /root/tools/ghdl_final/lib/ghdl/libbacktrace.a -L./ -lz -ldl
./hello
Test successful
GNA dir ticket88:
try to analyze bug.vhdl
Remove work library
Test successful
GNA dir ticket89:
analyze repro.vhdl
elaborate and simulate repro
analyze repro2.vhdl
elaborate and simulate repro2
Remove work library
analyze x_ieee_proposed/src/std_logic_1164_additions.vhdl
analyze x_ieee_proposed/src/standard_additions_c.vhdl
analyze x_ieee_proposed/src/standard_textio_additions_c.vhdl
analyze project/src93/types_pkg.vhd
analyze project/src93/adaptations_pkg.vhd
analyze project/src93/string_methods_pkg.vhd
analyze project/src93/vhdl_version_layer_pkg.vhd
analyze project/src93/license_open_pkg.vhd
analyze project/src93/methods_pkg.vhd
analyze project/src93/bfm_common_pkg.vhd
analyze project/tb/partial_test_tb.vhd
elaborate and simulate (failure expected) partial_test_tb
Bitvis: ID_POS_ACK                    51.0 ns  TB seq           await_stable(std_logic, 50 ns, 100 ns) => OK. Condition occurred after 50 ns. sl:
Bitvis:                                                         Stable FROM_NOW, FROM_NOW, OK after 50 ns

Bitvis: ID_POS_ACK                   131.0 ns  TB seq           await_stable(std_logic, 50 ns, 100 ns) => OK. Condition occurred after 80 ns. sl:
Bitvis:                                                         Stable FROM_NOW, FROM_NOW, OK after 80 ns

Bitvis: 
Bitvis: ==============================================================================================================================================
Bitvis: ***  ERROR #1  ***
Bitvis:           161 ns   TB seq
Bitvis:                    await_stable(std_logic, 50 ns, 60 ns) => Failed. After 30 ns, stable for stable_req = 50 ns is not possible before timeout
Bitvis:                    = 60 ns(time since last event = 0 ns. sl: Not stable FROM_NOW, FROM_NOW, Fail after 30 ns
Bitvis: ==============================================================================================================================================
Bitvis: 
Bitvis: 

Bitvis: ID_UTIL_SETUP                161.0 ns  TB seq.          incremented expected ERRORs by 1. 

Bitvis: 
Bitvis: ==============================================================================================================================================
Bitvis: ***  ERROR #2  ***
Bitvis:           161 ns   TB seq
Bitvis:                    await_stable(std_logic, 50 ns, 1 ns) => Failed immediately: Stable for stable_req = 50 ns is not possible before timeout =
Bitvis:                    1 ns. sl: Timeout before stable_req, FROM_NOW, FROM_NOW, Fail immediately
Bitvis: ==============================================================================================================================================
Bitvis: 
Bitvis: 

Bitvis: ID_UTIL_SETUP                161.0 ns  TB seq.          incremented expected ERRORs by 1. 

Bitvis: ID_POS_ACK                   161.0 ns  TB seq           await_stable(std_logic, 0 ns, 0 ns) => OK. Condition occurred immediately.sl: stable
Bitvis:                                                         for 0 ns, FROM_NOW, FROM_NOW, OK after 0 ns

Bitvis: ID_SEQUENCER                 161.0 ns  TB seq           NOTE: ERROR HAPPENS AFTER HERE

Bitvis: ID_SEQUENCER                 171.0 ns  TB seq           NOTE: ERROR HAPPENS BEFORE HERE

Bitvis: ID_GEN_PULSE                 171.0 ns  TB seq.          Pulse  for 10 clk cycles. Test pulse 10 clk periods

Bitvis: ID_POS_ACK                   275.0 ns  TB seq.          check_value() => OK, for time 100000000 fs. Check start of pulse

Bitvis: ID_POS_ACK                   275.0 ns  TB seq           check_value() => OK, for std_logic '0'. pulse for 10 clk periods, pulse done

Bitvis: ID_POS_ACK                   275.0 ns  TB seq           check_value() => OK, for time 0 fs. pulse for 10 clk periods. Check that it actually
Bitvis:                                                         pulsed for a delta cycle

Bitvis: ID_POS_ACK                   275.0 ns  TB seq           check_value() => OK, for std_logic '1'. pulse for 10 clk periods, check that it
Bitvis:                                                         actually pulsed for a delta cycle

Bitvis:      
Bitvis:      =========================================================================================================================================
Bitvis:      *** INTERMEDIATE SUMMARY OF ALL ALERTS ***
Bitvis:      =========================================================================================================================================
Bitvis:                                REGARDED   EXPECTED  IGNORED      Comment?
Bitvis:                NOTE         :      0         0         0         ok      
Bitvis:                TB_NOTE      :      0         0         0         ok      
Bitvis:                WARNING      :      0         0         0         ok      
Bitvis:                TB_WARNING   :      0         0         0         ok      
Bitvis:                MANUAL_CHECK :      0         0         0         ok      
Bitvis:                ERROR        :      2         2         0         ok      
Bitvis:                TB_ERROR     :      0         0         0         ok      
Bitvis:                FAILURE      :      0         0         0         ok      
Bitvis:                TB_FAILURE   :      0         0         0         ok      
Bitvis:      =========================================================================================================================================
Bitvis:      
Bitvis:      
Bitvis:      =========================================================================================================================================
Bitvis:      *** FINAL SUMMARY OF ALL ALERTS  ***      
Bitvis:      =========================================================================================================================================
Bitvis:                                REGARDED   EXPECTED  IGNORED      Comment?
Bitvis:                NOTE         :      0         0         0         ok      
Bitvis:                TB_NOTE      :      0         0         0         ok      
Bitvis:                WARNING      :      0         0         0         ok      
Bitvis:                TB_WARNING   :      0         0         0         ok      
Bitvis:                MANUAL_CHECK :      0         0         0         ok      
Bitvis:                ERROR        :      2         2         0         ok      
Bitvis:                TB_ERROR     :      0         0         0         ok      
Bitvis:                FAILURE      :      0         0         0         ok      
Bitvis:                TB_FAILURE   :      0         0         0         ok      
Bitvis:      =========================================================================================================================================
Bitvis:      >> Simulation SUCCESS: No mismatch between counted and expected serious alerts
Bitvis:      =========================================================================================================================================
Bitvis:      
Bitvis:      
Bitvis: 
Bitvis: 
Bitvis: ID_LOG_HDR                  1375.0 ns  TB seq           SIMULATION COMPLETED
Bitvis: ----------------------------------------------------------------------------------------------------------------------------------------------

Remove work library
Remove ieee_proposed library
Remove bitvis_util library
Test successful
GNA dir ticket9:
analyze index_range_test_A.vhd
elaborate and simulate (failure expected) index_range_test_A
analyze index_range_test_B.vhd
elaborate and simulate (failure expected) index_range_test_B
Remove work library
Test successful
GNA dir ticket90:
analyze test.vhdl
elaborate and simulate test
Remove work library
analyze test.vhdl
analyze test2.vhdl
Remove work library
Test successful
GNA dir ticket92:
analyze cover_report2.vhd
elaborate and simulate cover_report2
try to analyze cover_report.vhd
try to analyze cover_report3.vhd
analyze cover_report1.vhd
elaborate and simulate cover_report1
Remove work library
Test successful
GNA dir ticket93:
analyze test.vhd
elaborate and simulate test
Remove work library
Test successful
GNA dir ticket94:
analyze --work=alib asrc.vhd
analyze tb.vhd
elaborate and simulate tb
analyze tb1.vhd
elaborate and simulate tb1
analyze --work=alib apkg.vhd
analyze tb2.vhd
elaborate and simulate tb2
analyze tb3.vhd
elaborate and simulate tb3
analyze tb4.vhd
elaborate and simulate (failure expected) tb4
elaborate and simulate --syn-binding tb4
Remove work library
Remove alib library
analyze --work=alib asrc.vhd
analyze --work=alib apkg.vhd
analyze tb3.vhd
elaborate and simulate (failure expected) tb3
elaborate and simulate --syn-binding tb3
Remove work library
Remove alib library
Test successful
GNA dir ticket95:
analyze pkg.vhd
Remove work library
Test successful
GNA dir ticket96:
analyze ent.vhd
elaborate and simulate ent --stop-time=10ns
Remove work library
Test successful
GNA dir ticket97:
try to analyze bug.vhdl
Remove work library
Test successful
GNA dir ticket98:
try to analyze junk1.vhd
analyze --std=08 junk1.vhd
analyze junk1ok.vhd
Remove work library
Remove work library
Test successful
GNA dir issue10:
analyze --std=93 test_id.vhdl
elaborate and simulate --std=93 test_id
analyze test_id.vhdl
elaborate and simulate test_id
analyze test_attr.vhdl
elaborate and simulate test_attr
Remove work library
Test successful
GNA dir issue103:
analyze -P. hello.vhdl
analyze -P=. hello.vhdl
analyze -P= hello.vhdl
analyze -P hello.vhdl
Remove work library
Test successful
GNA dir issue106:
try to analyze ent.vhdl
analyze ent1.vhdl
elaborate and simulate ent
analyze ent2.vhdl
elaborate and simulate ent
analyze case1.vhdl
elaborate and simulate ent
Remove work library
Test successful
GNA dir issue123:
analyze adder.vhdl
elaborate and simulate csac
Remove work library
Test successful
GNA dir issue125:
analyze bug.vhdl
elaborate and simulate ent
Remove work library
Test successful
GNA dir issue126:
analyze seg_fault.vhdl
elaborate e
Remove work library
Test successful
GNA dir issue132:
try to analyze repro.vhdl
analyze -C repro.vhdl
analyze --mb-comments repro.vhdl
Remove work library
Test successful
GNA dir issue136:
Remove work library
Test successful
GNA dir issue14:
analyze repro.vhdl
elaborate and simulate repro
std_logic_1164.vhdl:58:3:@0ms:(assertion error): STD_LOGIC_1164: '-' operand for matching ordering operator
std_logic_1164.vhdl:58:3:@0ms:(assertion error): STD_LOGIC_1164: '-' operand for matching ordering operator
Expected number of warnings
analyze repro1.vhdl
elaborate and simulate repro1
Remove work library
Test successful
GNA dir issue140:
try to analyze --std=08 OSVVM_TB.vhd
Remove work library
Test successful
GNA dir issue141:
analyze e.vhdl
Remove work library
Test successful
GNA dir issue143:
try to analyze universal_conversion_tb.vhd
try to analyze repro.vhdl
Remove work library
Test successful
GNA dir issue144:
try to analyze tb.vhdl
Remove work library
Test successful
GNA dir issue15:
analyze to_slv_issue.vhdl
elaborate and simulate to_slv_issue
09
0A
0B
0C
0D
0E
0F
10
11
Remove work library
Test successful
GNA dir issue17:
analyze cond_assign_var.vhdl
elaborate and simulate cond_assign_var
analyze cond_assign_sig.vhdl
elaborate and simulate cond_assign_sig
analyze cond_assign_proc.vhdl
elaborate and simulate cond_assign_proc
Remove work library
Test successful
GNA dir issue18:
analyze fum.vhdl
analyze integer_ambig.vhdl
elaborate and simulate overload_index_issue
Remove work library
Test successful
GNA dir issue2:
analyze repro.vhdl
analyze repro2.vhdl
elaborate and simulate repro2
analyze sortnet_OddEvenSort.vhdl
analyze sortnet_OddEvenSort_tb.vhdl
elaborate and simulate --syn-binding sortnet_OddEvenSort_tb
analyze sortnet_BitonicSort.vhdl
analyze sortnet_BitonicSort_tb.vhdl
elaborate and simulate sortnet_BitonicSort_tb
Remove test library
Test successful
GNA dir issue25:
try to analyze 1_SecondaryUnit.vhdl
analyze 2_SecondaryUnit.vhdl
Remove work library
Test successful
GNA dir issue30:
analyze definitions.vhdl
analyze alu.vhdl
analyze basicblocks.vhdl
analyze tb-alu.vhdl
elaborate and simulate tb_alu --stop-time=50ns
Remove work library
Test successful
GNA dir issue40:
try to analyze test.vhdl
try to analyze test2.vhdl
Remove work library
Test successful
GNA dir issue42:
try to analyze bugreport_attribute.vhdl
Remove work library
Test successful
GNA dir issue43:
analyze repro2.vhdl
elaborate and simulate test_tb
Remove test library
Test successful
GNA dir issue44:
analyze loopfilter.vhdl
analyze dffregister.vhdl
elaborate and simulate loopfilter
analyze costasloop.vhdl
analyze q_one_dot_fp_multiplier.vhdl
Remove work library
Test successful
GNA dir issue45:
analyze test1.vhdl
elaborate and simulate psl_test_endpoint --psl-report=psl.out
analyze test2.vhdl
elaborate and simulate psl_test2_endpoint --assert-level=error --expect-failure
try to analyze endpoint_eval_err.vhdl
analyze endpoint_eval.vhdl
elaborate and simulate psl_endpoint_eval_in_vhdl
Remove work library
Test successful
GNA dir issue50:
analyze vector.d/pkg_tb.vhd
analyze vector.d/add_118.vhd
analyze vector.d/add_134.vhd
analyze vector.d/add_170.vhd
analyze vector.d/add_171.vhd
analyze vector.d/add_188.vhd
analyze vector.d/add_214.vhd
analyze vector.d/add_220.vhd
analyze vector.d/assert_uut.vhd
analyze vector.d/cmp_111.vhd
analyze vector.d/cmp_112.vhd
analyze vector.d/cmp_113.vhd
analyze vector.d/cmp_114.vhd
analyze vector.d/cmp_115.vhd
analyze vector.d/cmp_119.vhd
analyze vector.d/cmp_126.vhd
analyze vector.d/cmp_127.vhd
analyze vector.d/cmp_128.vhd
analyze vector.d/cmp_129.vhd
analyze vector.d/cmp_130.vhd
analyze vector.d/cmp_131.vhd
analyze vector.d/cmp_132.vhd
analyze vector.d/cmp_133.vhd
analyze vector.d/cmp_135.vhd
analyze vector.d/cmp_136.vhd
analyze vector.d/cmp_137.vhd
analyze vector.d/cmp_138.vhd
analyze vector.d/cmp_139.vhd
analyze vector.d/cmp_140.vhd
analyze vector.d/cmp_141.vhd
analyze vector.d/cmp_142.vhd
analyze vector.d/cmp_146.vhd
analyze vector.d/cmp_148.vhd
analyze vector.d/cmp_150.vhd
analyze vector.d/cmp_152.vhd
analyze vector.d/cmp_154.vhd
analyze vector.d/cmp_156.vhd
analyze vector.d/cmp_158.vhd
analyze vector.d/cmp_160.vhd
analyze vector.d/cmp_174.vhd
analyze vector.d/cmp_176.vhd
analyze vector.d/cmp_178.vhd
analyze vector.d/cmp_180.vhd
analyze vector.d/cmp_183.vhd
analyze vector.d/cmp_185.vhd
analyze vector.d/cmp_187.vhd
analyze vector.d/cmp_191.vhd
analyze vector.d/cmp_193.vhd
analyze vector.d/cmp_195.vhd
analyze vector.d/cmp_198.vhd
analyze vector.d/cmp_200.vhd
analyze vector.d/cmp_202.vhd
analyze vector.d/cmp_204.vhd
analyze vector.d/cmp_215.vhd
analyze vector.d/cmp_216.vhd
analyze vector.d/cmp_217.vhd
analyze vector.d/cmp_218.vhd
analyze vector.d/cmp_221.vhd
analyze vector.d/fsm.vhd
analyze vector.d/fsm_15.vhd
analyze vector.d/muxb_117.vhd
analyze vector.d/muxb_120.vhd
analyze vector.d/muxb_121.vhd
analyze vector.d/muxb_123.vhd
analyze vector.d/muxb_124.vhd
analyze vector.d/muxb_219.vhd
analyze vector.d/prog.vhd
analyze vector.d/sub_125.vhd
analyze vector.d/sub_145.vhd
analyze vector.d/sub_189.vhd
analyze vector.d/sync_ram.vhd
analyze vector.d/v_split0.vhd
analyze vector.d/v_split1.vhd
analyze vector.d/v_split2.vhd
analyze vector.d/v_split3.vhd
analyze vector.d/v_split4.vhd
analyze vector.d/v_split5.vhd
analyze vector.d/v_split6.vhd
analyze vector.d/v_split7.vhd
analyze vector.d/w_split0.vhd
analyze vector.d/w_split1.vhd
analyze vector.d/w_split2.vhd
analyze vector.d/w_split3.vhd
analyze vector.d/w_split4.vhd
analyze vector.d/w_split5.vhd
analyze vector.d/w_split6.vhd
analyze vector.d/w_split7.vhd
analyze vector.d/top.vhd
analyze vector.d/cp3_test.vhd
analyze vector.d/tb.vhd
elaborate and simulate tb
Remove work library
Test successful
GNA dir issue67:
analyze nullacc.vhdl
elaborate and simulate (failure expected) nullacc
analyze fileerr.vhdl
elaborate and simulate (failure expected) fileerr
Remove work library
Test successful
GNA dir issue69:
analyze --workdir=mylib/v93 --work=mylib mylib.vhdl
analyze mytest.vhdl
elaborate and simulate mytest
Remove work library
Test successful
GNA dir issue71:
analyze repro1.vhdl
Remove work library
Test successful
GNA dir issue72:
analyze issue_pkg.vhdl
try to analyze issue.vhdl
analyze fixed.vhdl
Remove work library
analyze issue_pkg.vhdl
analyze issue.vhdl
Remove work library
Test successful
GNA dir issue73:
analyze x.vhdl
elaborate and simulate test
Remove work library
Test successful
GNA dir issue9:
try to analyze repro.vhdl
try to analyze repro2.vhdl
Remove test library
Test successful
GNA dir issue98:
analyze test_load.vhdl
/root/tools/ghdl_final/bin/gcc -c vpi1.c -I/root/tools/ghdl_final/include -fPIC
/root/tools/ghdl_final/bin/gcc -o vpi1.vpi vpi1.o --shared -L/root/tools/ghdl_final/lib -lghdlvpi -Wl,-rpath,/root/tools/ghdl_final/lib
elaborate and simulate test_load --vpi=./vpi1.vpi
value: UUUUUUUUUUUUUUUUUUUUUUUUUUUUUUUUUUUUUUUUUUUUUUUUUUUUUUUUUUUUUUUUUUUUUUUUUUUUUUUUUUUUUUUUUUUUUUUUUUUUUUUUUUUUUUUUUUUUUUUUUUUUUUUUUUUUUUUUUUUUUUUUUUUUUUUUUUUUUUUUUUUUUUUUUUUUUUUUUUUUUUUUUUUUUUUUUUUUUUUUUUUUUUUUUUUUUUUUUUUUUUUUUUUUUUUUUUUUUUUUUUUUUUUUUUUUUUUUUUUUUUUUUUUUUUUUUUUUUUUUUUUUUUUUUUUUUUUUUUUUUUUUUUUUUUUUUUUUUUUUUUUUUUUUUUUUUUUUUUUUUUUUUUUUUUUUUUUUUUUUUUUUUUUUUUUUUUUUUUUUUUUUUUUUUUUUUUUUUUUUUUUUUUUUUUUUUUUUUUUUUUUUUUUUUUUUUUUUUUUUUUUUUUUUUUUUUUUUUUUUUUUUUUUUUUUUUUUUUUUUUUUUUUUUUUUUUUUUUUUUUUUUUUUUUUUUUUUUUUUUUUUUUUUUUUUUUUUUUUUUUUUUUUUUUUUUUUUUUUUUUUUUUUUUUUUUUUUUUUUUUUUUUUUUUUUUUUUUUUUUUUUUUUUUUUUUUUUUUUUUUUUUUUUUUUUUUUUUUUUUUUUUUUUUUUUUUUUUUUUUUUUUUUUUUUUUUUUUUUUUUUUUUUUUUUUUUUUUUUUUUUUUUUUUUUUUUUUUUUUUUUUUUUUUUUUUUUUUUUUUUUUUUUUUUUUUUUUUUUUUUUUUUUUUUUUUUUUUUUUUUUUUUUUUUUUUUUUUUUUUUUUUUUUUUUUUUUUUUUUUUUUUUUUUUUUUUUUUUUUUUUUUUUUUUUUUUUUUUUUUUUUUUUUUUUUUUUUUUUUUUUUUUUUUUUUUUUUUUUUUUUUUUUUUUUUUUUUUUUUUUUUUUUUUUUUUUUUUUUUUUUUUUUUUUUUUUUUUUUUUUUUUUUUUUUUUUUUUUUUUUUUUUUUUUUUUUUUUUUUUUUUUUUUUUUUUUUUUUUUUUUUUUUUUUUUUUUUUUUUUUUUUUUUUUUUUUUUUUUUUUUUUUUUUUUUUUUUUUUUUUUUUUUUUUUUUUUUUUUUUUUUUUUUUUUUUUUUUUUUUUUUUUUUUUUUUUUUUUUUUUUUUUUUUUUUUUUUUUUUUUUUUUUUUUUUUUUUUUUUUUUUUUUUUUUUUUUUUUUUUUUUUUUUUUUUUUUUUUUUUUUUUUUUUUUUUUUUUUUUUUUUUUUUUUUUUUUUUUUUUUUUUUUUUUUUUUUUUUUUUUUUUUUUUUUUUUUUUUUUUUUUUUUUUUUUUUUUUUUUUUUUUUUUUUUUUUUUUUUUUUUUUUUUUUUUUUUUUUUUUUUUUUUUUUUUUUUUUUUUUUUUUUUUUUUUUUUUUUUUUUUUUUUUUUUUUUUUUUUUUUUUUUUUUUUUUUUUUUUUUUUUUUUUUUUUUUUUUUUUUUUUUUUUUUUUUUUUUUUUUUUUUUUUUUUUUUUUUUUUUUUUUUUUUUUUUUUUUUUUUUUUUUUUUUUUUUUUUUUUUUUUUUUUUUUUUUUUUUUUUUUUUUUUUUUUUUUUUUUUUUUUUUUUUUUUUUUUUUUUUUUUUUUUUUUUUUUUUUUUUUUUUUUUUUUUUUUUUUUUUUUUUUUUUUUUUUUUUUUUUUUUUUUUUUUUUUUUUUUUUUUUUUUUUUUUUUUUUUUUUUUUUUUUUUUUUUUUUUUUUUUUUUUUUUUUUUUUUUUUUUUUUUUUUUUUUUUUUUUUUUUUUUUUUUUUUUUUUUUUUUUUUUUUUUUUUUUUUUUUUUUUUUUUUUUUUUUUUUUUUUUUUUUUUUUUUUUUUUUUUUUUUUUUUUUUUUUUUUUUUUUUUUUUUUUUUUUUUUUUUUUUUUUUUUUUUUUUUUUUUUUUUUUUUUUUUUUUUUUUUUUUUUUUUUUUUUUUUUUUUUUUUUUUUUUUUUUUUUUUUUUUUUUUUUUUUUUUUUUUUUUUUUUUUUUUUUUUUUUUUUUUUUUUUUUUUUUUUUUUUUUUUUUUUUUUUUUUUUUUUUUUUUUUUUUUUUUUUUUUUUUUUUUUUUUUUUUUUUUUUUUUUUUUUUUUUUUUUUUUUUUUUUUUUUUUUUUUUUUUUUUUUUUUUUUUUUUUUUUUUUUUUUUUUUUUUUUUUUUUUUUUUUUUUUUUUUUUUUUUUUUUUUUUUUUUUUUUUUUUUUUUUUUUUUUUUUUUUUUUUUUUUUUUUUUUUUUUUUUUUUUUUUUUUUUUUUUUUUUUUUUUUUUUUUUUUUUUUUUUUUUUUUUUUUUUUUUUUUUUUUUUUUUUUUUUUUUUUUUUUUUUUUUUUUUUUUUUUUUUUUUUUUUUUUUUUUUUUUUUUUUUUUUUUUUUUUUUUUUUUUUUUUUUUUUUUUUUUUUUUUUUUUUUUUUUUUUUUUUUUUUUUUUUUUUUUUUUUUUUUUUUUUUUUUUUUUUUUUUUUUUUUUUUUUUUUUUUUUUUUUUUUUUUUUUUUUUUUUUUUUUUUUUUUUUUUUUUUUUUUUUUUUUUUUUUUUUUUUUUUUUUUUUUUUUUUUUUUUUUU
Remove work library
Test successful
GNA dir issue99:
analyze repro.vhdl
analyze test.vhdl
elaborate and simulate test
Remove work library
Test successful
GNA tests are successful
**** VESTS ****
***************
delete library: work
/root/tools/ghdl_final/bin/ghdl --remove --std=93c --work=work
Test: 1
/root/tools/ghdl_final/bin/ghdl -a --std=93c vhdl-93/clifton-labs/compliant/functional/aggregates/simple-aggregate-lvalue.vhdl
/root/tools/ghdl_final/bin/ghdl --elab-run test  --assert-level=error
Test: 2
/root/tools/ghdl_final/bin/ghdl -a --std=93c vhdl-93/clifton-labs/compliant/functional/aggregates/simple-integer-aggregate.vhdl
/root/tools/ghdl_final/bin/ghdl --elab-run test  --assert-level=error
Test: 3
/root/tools/ghdl_final/bin/ghdl -a --std=93c vhdl-93/clifton-labs/compliant/functional/aliases/objects/simple-string-alias.vhdl
/root/tools/ghdl_final/bin/ghdl --elab-run test  --assert-level=error
Test: 4
/root/tools/ghdl_final/bin/ghdl -a --std=93c vhdl-93/clifton-labs/compliant/functional/attributes/array/simple-ascending-attribute.vhdl
/root/tools/ghdl_final/bin/ghdl --elab-run test  --assert-level=error
Test: 5
/root/tools/ghdl_final/bin/ghdl -a --std=93c vhdl-93/clifton-labs/compliant/functional/attributes/array/simple-high-attribute.vhdl
/root/tools/ghdl_final/bin/ghdl --elab-run test  --assert-level=error
Test: 6
/root/tools/ghdl_final/bin/ghdl -a --std=93c vhdl-93/clifton-labs/compliant/functional/attributes/array/simple-left-attribute.vhdl
/root/tools/ghdl_final/bin/ghdl --elab-run test  --assert-level=error
Test: 7
/root/tools/ghdl_final/bin/ghdl -a --std=93c vhdl-93/clifton-labs/compliant/functional/attributes/array/simple-length-attribute.vhdl
/root/tools/ghdl_final/bin/ghdl --elab-run foo  --assert-level=error
Test: 8
/root/tools/ghdl_final/bin/ghdl -a --std=93c vhdl-93/clifton-labs/compliant/functional/attributes/array/simple-low-attribute.vhdl
/root/tools/ghdl_final/bin/ghdl --elab-run test  --assert-level=error
Test: 9
/root/tools/ghdl_final/bin/ghdl -a --std=93c vhdl-93/clifton-labs/compliant/functional/attributes/array/simple-right-attribute.vhdl
/root/tools/ghdl_final/bin/ghdl --elab-run test  --assert-level=error
Test: 10
/root/tools/ghdl_final/bin/ghdl -a --std=93c vhdl-93/clifton-labs/compliant/functional/attributes/signal/simple-event-attribute.vhdl
/root/tools/ghdl_final/bin/ghdl --elab-run test  --assert-level=error
Test: 11
/root/tools/ghdl_final/bin/ghdl -a --std=93c vhdl-93/clifton-labs/compliant/functional/attributes/signal/simple-last-value.vhdl
/root/tools/ghdl_final/bin/ghdl --elab-run test  --assert-level=error
Test: 12
/root/tools/ghdl_final/bin/ghdl -a --std=93c vhdl-93/clifton-labs/compliant/functional/attributes/signal/simple-last_event-attribute.vhdl
/root/tools/ghdl_final/bin/ghdl --elab-run test  --assert-level=error
Test: 13
/root/tools/ghdl_final/bin/ghdl -a --std=93c vhdl-93/clifton-labs/compliant/functional/attributes/signal/simple-last_value-attribute.vhdl
/root/tools/ghdl_final/bin/ghdl --elab-run test  --assert-level=error
Test: 14
/root/tools/ghdl_final/bin/ghdl -a --std=93c vhdl-93/clifton-labs/compliant/functional/attributes/type/base/simple-integer-test.vhdl
/root/tools/ghdl_final/bin/ghdl --elab-run test  --assert-level=error
Test: 15
/root/tools/ghdl_final/bin/ghdl -a --std=93c vhdl-93/clifton-labs/compliant/functional/attributes/type/left/simple-integer-test.vhdl
/root/tools/ghdl_final/bin/ghdl --elab-run test  --assert-level=error
Test: 16
/root/tools/ghdl_final/bin/ghdl -a --std=93c vhdl-93/clifton-labs/compliant/functional/attributes/type/range/simple-range-attribute.vhdl
/root/tools/ghdl_final/bin/ghdl --elab-run test  --assert-level=error
Test: 17
/root/tools/ghdl_final/bin/ghdl -a --std=93c vhdl-93/clifton-labs/compliant/functional/attributes/type/right/simple-integer-test.vhdl
/root/tools/ghdl_final/bin/ghdl --elab-run test  --assert-level=error
Test: 18
/root/tools/ghdl_final/bin/ghdl -a --std=93c vhdl-93/clifton-labs/compliant/functional/attributes/type/simple-integer-test-ascending.vhdl
/root/tools/ghdl_final/bin/ghdl --elab-run test  --assert-level=error
Test: 19
/root/tools/ghdl_final/bin/ghdl -a --std=93c vhdl-93/clifton-labs/compliant/functional/attributes/type/simple-integer-test-high.vhdl
/root/tools/ghdl_final/bin/ghdl --elab-run test  --assert-level=error
Test: 20
/root/tools/ghdl_final/bin/ghdl -a --std=93c vhdl-93/clifton-labs/compliant/functional/attributes/type/simple-integer-test-image.vhdl
/root/tools/ghdl_final/bin/ghdl --elab-run test  --assert-level=error
Test: 21
/root/tools/ghdl_final/bin/ghdl -a --std=93c vhdl-93/clifton-labs/compliant/functional/attributes/type/simple-integer-test-leftof.vhdl
/root/tools/ghdl_final/bin/ghdl --elab-run test  --assert-level=error
Test: 22
/root/tools/ghdl_final/bin/ghdl -a --std=93c vhdl-93/clifton-labs/compliant/functional/attributes/type/simple-integer-test-low.vhdl
/root/tools/ghdl_final/bin/ghdl --elab-run test  --assert-level=error
Test: 23
/root/tools/ghdl_final/bin/ghdl -a --std=93c vhdl-93/clifton-labs/compliant/functional/attributes/type/simple-integer-test-pred.vhdl
/root/tools/ghdl_final/bin/ghdl --elab-run test  --assert-level=error
Test: 24
/root/tools/ghdl_final/bin/ghdl -a --std=93c vhdl-93/clifton-labs/compliant/functional/attributes/type/simple-integer-test-rightof.vhdl
/root/tools/ghdl_final/bin/ghdl --elab-run test  --assert-level=error
Test: 25
/root/tools/ghdl_final/bin/ghdl -a --std=93c vhdl-93/clifton-labs/compliant/functional/attributes/type/simple-integer-test-succ.vhdl
/root/tools/ghdl_final/bin/ghdl --elab-run test  --assert-level=error
Test: 26
/root/tools/ghdl_final/bin/ghdl -a --std=93c vhdl-93/clifton-labs/compliant/functional/attributes/type/simple-integer-test-val.vhdl
/root/tools/ghdl_final/bin/ghdl --elab-run test  --assert-level=error
Test: 27
/root/tools/ghdl_final/bin/ghdl -a --std=93c vhdl-93/clifton-labs/compliant/functional/attributes/type/simple-integer-test-value.vhdl
/root/tools/ghdl_final/bin/ghdl --elab-run test  --assert-level=error
Test: 28
/root/tools/ghdl_final/bin/ghdl -a --std=93c vhdl-93/clifton-labs/compliant/functional/components/integer-default-binding.vhdl
/root/tools/ghdl_final/bin/ghdl --elab-run test_bench  --assert-level=error
Test: 29
/root/tools/ghdl_final/bin/ghdl -a --std=93c vhdl-93/clifton-labs/compliant/functional/components/integer-with-config-spec.vhdl
/root/tools/ghdl_final/bin/ghdl --elab-run test_bench  --assert-level=error
Test: 30
/root/tools/ghdl_final/bin/ghdl -a --std=93c vhdl-93/clifton-labs/compliant/functional/components/integer-with-port-map.vhdl
/root/tools/ghdl_final/bin/ghdl --elab-run test_bench  --assert-level=error
Test: 31
/root/tools/ghdl_final/bin/ghdl -a --std=93c vhdl-93/clifton-labs/compliant/functional/components/simple-array-example.vhdl
/root/tools/ghdl_final/bin/ghdl --elab-run test_bench  --assert-level=error
Test: 32
/root/tools/ghdl_final/bin/ghdl -a --std=93c vhdl-93/clifton-labs/compliant/functional/components/unconstrained-array-example.vhdl
/root/tools/ghdl_final/bin/ghdl --elab-run test_bench  --assert-level=error
Test: 33
/root/tools/ghdl_final/bin/ghdl -a --std=93c vhdl-93/clifton-labs/compliant/functional/constants/simple-string-constant.vhdl
/root/tools/ghdl_final/bin/ghdl --elab-run test  --assert-level=error
Test: 34
/root/tools/ghdl_final/bin/ghdl -a --std=93c vhdl-93/clifton-labs/compliant/functional/entities/pass-array-type-through-inout-port.vhdl
Cannot elaborate or run : no top level entity
Test: 35
/root/tools/ghdl_final/bin/ghdl -a --std=93c vhdl-93/clifton-labs/compliant/functional/entities/pass-integer-through-inout-port.vhdl
Cannot elaborate or run : no top level entity
Test: 36
/root/tools/ghdl_final/bin/ghdl -a --std=93c vhdl-93/clifton-labs/compliant/functional/functions/simple-out-parameter.vhdl
/root/tools/ghdl_final/bin/ghdl --elab-run test  --assert-level=error
Test: 37
/root/tools/ghdl_final/bin/ghdl -a --std=93c vhdl-93/clifton-labs/compliant/functional/functions/simple-procedure-call.vhdl
/root/tools/ghdl_final/bin/ghdl --elab-run test  --assert-level=error
Test: 38
/root/tools/ghdl_final/bin/ghdl -a --std=93c vhdl-93/clifton-labs/compliant/functional/functions/unconstrained_parameter.vhdl
/root/tools/ghdl_final/bin/ghdl --elab-run test  --assert-level=error
Test: 39
/root/tools/ghdl_final/bin/ghdl -a --std=93c vhdl-93/clifton-labs/compliant/functional/generics/entity-generic-defines-port-type.vhdl
/root/tools/ghdl_final/bin/ghdl --elab-run test_bench  --assert-level=error
Test: 40
/root/tools/ghdl_final/bin/ghdl -a --std=93c vhdl-93/clifton-labs/compliant/functional/generics/simple-entity-generic.vhdl
/root/tools/ghdl_final/bin/ghdl --elab-run test  --assert-level=error
Test: 41
/root/tools/ghdl_final/bin/ghdl -a --std=93c vhdl-93/clifton-labs/compliant/functional/objects/constants/simple-string-constant.vhdl
/root/tools/ghdl_final/bin/ghdl --elab-run test  --assert-level=error
Test: 42
/root/tools/ghdl_final/bin/ghdl -a --std=93c vhdl-93/clifton-labs/compliant/functional/objects/signals/assignments/integer-fanout.vhdl
/root/tools/ghdl_final/bin/ghdl --elab-run test_bench  --assert-level=error
Test: 43
/root/tools/ghdl_final/bin/ghdl -a --std=93c vhdl-93/clifton-labs/compliant/functional/objects/signals/assignments/simple-integer-assign.vhdl
/root/tools/ghdl_final/bin/ghdl --elab-run test_bench  --assert-level=error
Test: 44
/root/tools/ghdl_final/bin/ghdl -a --std=93c vhdl-93/clifton-labs/compliant/functional/objects/signals/assignments/simple-integer-initialize.vhdl
/root/tools/ghdl_final/bin/ghdl --elab-run test_bench  --assert-level=error
Test: 45
/root/tools/ghdl_final/bin/ghdl -a --std=93c vhdl-93/clifton-labs/compliant/functional/objects/variable/integer-variable-persist-across-activations.vhdl
/root/tools/ghdl_final/bin/ghdl --elab-run foo  --assert-level=error
x = 0
x = 1
x = 2
x = 3
Test: 46
/root/tools/ghdl_final/bin/ghdl -a --std=93c vhdl-93/clifton-labs/compliant/functional/objects/variable/simple-enumeration-assign.vhdl
/root/tools/ghdl_final/bin/ghdl --elab-run foo  --assert-level=error
Test: 47
/root/tools/ghdl_final/bin/ghdl -a --std=93c vhdl-93/clifton-labs/compliant/functional/objects/variable/simple-integer-assign.vhdl
/root/tools/ghdl_final/bin/ghdl --elab-run foo  --assert-level=error
Test: 48
/root/tools/ghdl_final/bin/ghdl -a --std=93c vhdl-93/clifton-labs/compliant/functional/objects/variable/simple-integer-initialize.vhdl
/root/tools/ghdl_final/bin/ghdl --elab-run foo  --assert-level=error
Test: 49
/root/tools/ghdl_final/bin/ghdl -a --std=93c vhdl-93/clifton-labs/compliant/functional/operators/addition/add-two-integers.vhdl
/root/tools/ghdl_final/bin/ghdl --elab-run foo  --assert-level=error
Test: 50
/root/tools/ghdl_final/bin/ghdl -a --std=93c vhdl-93/clifton-labs/compliant/functional/operators/addition/variable-plus-int.vhdl
/root/tools/ghdl_final/bin/ghdl --elab-run foo  --assert-level=error
Test: 51
/root/tools/ghdl_final/bin/ghdl -a --std=93c vhdl-93/clifton-labs/compliant/functional/operators/addition/variable-plus-variable.vhdl
/root/tools/ghdl_final/bin/ghdl --elab-run foo  --assert-level=error
Test: 52
/root/tools/ghdl_final/bin/ghdl -a --std=93c vhdl-93/clifton-labs/compliant/functional/operators/concatenation/concatenate-string-character.vhdl
/root/tools/ghdl_final/bin/ghdl --elab-run test  --assert-level=error
Test: 53
/root/tools/ghdl_final/bin/ghdl -a --std=93c vhdl-93/clifton-labs/compliant/functional/operators/concatenation/concatenate-two-strings.vhdl
/root/tools/ghdl_final/bin/ghdl --elab-run test  --assert-level=error
Test: 54
/root/tools/ghdl_final/bin/ghdl -a --std=93c vhdl-93/clifton-labs/compliant/functional/operators/division/integer-division.vhdl
/root/tools/ghdl_final/bin/ghdl --elab-run foo  --assert-level=error
Test: 55
/root/tools/ghdl_final/bin/ghdl -a --std=93c vhdl-93/clifton-labs/compliant/functional/packages/simple_package_test.vhdl
/root/tools/ghdl_final/bin/ghdl --elab-run test  --assert-level=error
Test: 56
/root/tools/ghdl_final/bin/ghdl -a --std=93c vhdl-93/clifton-labs/compliant/functional/packages/simple_package_body_test.vhdl
/root/tools/ghdl_final/bin/ghdl --elab-run test  --assert-level=error
Test: 57
/root/tools/ghdl_final/bin/ghdl -a --std=93c vhdl-93/clifton-labs/compliant/functional/signals/assign/simple-array-assign.vhdl
/root/tools/ghdl_final/bin/ghdl --elab-run test_bench  --assert-level=error
Test: 58
/root/tools/ghdl_final/bin/ghdl -a --std=93c vhdl-93/clifton-labs/compliant/functional/signals/assign/simple-integer-assign.vhdl
/root/tools/ghdl_final/bin/ghdl --elab-run test_bench  --assert-level=error
Test: 59
/root/tools/ghdl_final/bin/ghdl -a --std=93c vhdl-93/clifton-labs/compliant/functional/signals/assign/simple-integer-initialize.vhdl
/root/tools/ghdl_final/bin/ghdl --elab-run test_bench  --assert-level=error
Test: 60
/root/tools/ghdl_final/bin/ghdl -a --std=93c vhdl-93/clifton-labs/compliant/functional/slices/simple-slice.vhdl
/root/tools/ghdl_final/bin/ghdl --elab-run test  --assert-level=error
Test: 61
/root/tools/ghdl_final/bin/ghdl -a --std=93c vhdl-93/clifton-labs/compliant/functional/slices/slice-lvalue.vhdl
/root/tools/ghdl_final/bin/ghdl --elab-run test  --assert-level=error
Test: 62
/root/tools/ghdl_final/bin/ghdl -a --std=93c vhdl-93/clifton-labs/compliant/functional/statements/block-statements/simple-grouping-block.vhdl
/root/tools/ghdl_final/bin/ghdl --elab-run test  --assert-level=error
Test: 63
/root/tools/ghdl_final/bin/ghdl -a --std=93c vhdl-93/clifton-labs/compliant/functional/statements/for-loops/dynamic_package_procedure_for_loop.vhdl
/root/tools/ghdl_final/bin/ghdl --elab-run test  --assert-level=error
Test: 64
/root/tools/ghdl_final/bin/ghdl -a --std=93c vhdl-93/clifton-labs/compliant/functional/statements/for-loops/dynamic_procedure_for_loop.vhdl
/root/tools/ghdl_final/bin/ghdl --elab-run test  --assert-level=error
Test: 65
/root/tools/ghdl_final/bin/ghdl -a --std=93c vhdl-93/clifton-labs/compliant/functional/statements/for-loops/enumeration-for-loop-constrained.vhdl
/root/tools/ghdl_final/bin/ghdl --elab-run test  --assert-level=error
Test: 66
/root/tools/ghdl_final/bin/ghdl -a --std=93c vhdl-93/clifton-labs/compliant/functional/statements/for-loops/enumeration-for-loop.vhdl
/root/tools/ghdl_final/bin/ghdl --elab-run test  --assert-level=error
Test: 67
/root/tools/ghdl_final/bin/ghdl -a --std=93c vhdl-93/clifton-labs/compliant/functional/statements/for-loops/integer-for-loop.vhdl
/root/tools/ghdl_final/bin/ghdl --elab-run test  --assert-level=error
Test: 68
/root/tools/ghdl_final/bin/ghdl -a --std=93c vhdl-93/clifton-labs/compliant/functional/statements/if-statements/simple-if-statement.vhdl
/root/tools/ghdl_final/bin/ghdl --elab-run test  --assert-level=error
Test: 69
/root/tools/ghdl_final/bin/ghdl -a --std=93c vhdl-93/clifton-labs/compliant/functional/std_logic_1164/test_and_table.vhdl
/root/tools/ghdl_final/bin/ghdl --elab-run test  --assert-level=error
Test: 70
/root/tools/ghdl_final/bin/ghdl -a --std=93c vhdl-93/clifton-labs/compliant/functional/std_logic_1164/test_or_table.vhdl
/root/tools/ghdl_final/bin/ghdl --elab-run test  --assert-level=error
Test: 71
/root/tools/ghdl_final/bin/ghdl -a --std=93c vhdl-93/clifton-labs/compliant/functional/std_logic_1164/test_resolution_table.vhdl
/root/tools/ghdl_final/bin/ghdl --elab-run test  --assert-level=error
Test: 72
/root/tools/ghdl_final/bin/ghdl -a --std=93c vhdl-93/clifton-labs/compliant/functional/std_logic_1164/test_std_logic_resolution_function.vhdl
/root/tools/ghdl_final/bin/ghdl --elab-run test  --assert-level=error
Test: 73
/root/tools/ghdl_final/bin/ghdl -a --std=93c vhdl-93/clifton-labs/compliant/functional/std_logic_1164/test_xor_table.vhdl
/root/tools/ghdl_final/bin/ghdl --elab-run test  --assert-level=error
Test: 74
/root/tools/ghdl_final/bin/ghdl -a --std=93c vhdl-93/clifton-labs/compliant/functional/std_standard/simple-now-test.vhdl
/root/tools/ghdl_final/bin/ghdl --elab-run test  --assert-level=error
Test: 75
/root/tools/ghdl_final/bin/ghdl -a --std=93c vhdl-93/clifton-labs/compliant/functional/textio/write/character_array_write.vhd
/root/tools/ghdl_final/bin/ghdl --elab-run character_array_write  --assert-level=error
Test: 76
/root/tools/ghdl_final/bin/ghdl -a --std=93c vhdl-93/clifton-labs/compliant/functional/textio/read/character_array_read.vhdl
/root/tools/ghdl_final/bin/ghdl --elab-run character_array_read  --assert-level=error
Test: 77
/root/tools/ghdl_final/bin/ghdl -a --std=93c vhdl-93/clifton-labs/compliant/functional/textio/write/character_write.vhd
/root/tools/ghdl_final/bin/ghdl --elab-run character_write  --assert-level=error
Test: 78
/root/tools/ghdl_final/bin/ghdl -a --std=93c vhdl-93/clifton-labs/compliant/functional/textio/read/character_read.vhdl
/root/tools/ghdl_final/bin/ghdl --elab-run character_read  --assert-level=error
Test: 79
/root/tools/ghdl_final/bin/ghdl -a --std=93c vhdl-93/clifton-labs/compliant/functional/textio/write/simple-write.vhdl
/root/tools/ghdl_final/bin/ghdl --elab-run simple_write  --assert-level=error
Test: 80
/root/tools/ghdl_final/bin/ghdl -a --std=93c vhdl-93/clifton-labs/compliant/functional/textio/read/simple-read.vhdl
/root/tools/ghdl_final/bin/ghdl --elab-run simple_read  --assert-level=error
Test: 81
/root/tools/ghdl_final/bin/ghdl -a --std=93c vhdl-93/clifton-labs/compliant/functional/textio/write/fopen_test_1.vhdl
/root/tools/ghdl_final/bin/ghdl --elab-run fopen_test_3  --assert-level=error
Test: 82
/root/tools/ghdl_final/bin/ghdl -a --std=93c vhdl-93/clifton-labs/compliant/functional/textio/write/fopen_test_2.vhdl
/root/tools/ghdl_final/bin/ghdl --elab-run fopen_test_3  --assert-level=error
Test: 83
/root/tools/ghdl_final/bin/ghdl -a --std=93c vhdl-93/clifton-labs/compliant/functional/textio/write/fopen_test_3.vhdl
/root/tools/ghdl_final/bin/ghdl --elab-run fopen_test_3  --assert-level=error
Test: 84
/root/tools/ghdl_final/bin/ghdl -a --std=93c vhdl-93/clifton-labs/compliant/functional/textio/write/write_bit_vector.vhdl
/root/tools/ghdl_final/bin/ghdl --elab-run write_bit_vector_test  --assert-level=error
1010
Test: 85
/root/tools/ghdl_final/bin/ghdl -a --std=93c vhdl-93/clifton-labs/compliant/functional/types/array-types/character-index-constant.vhdl
/root/tools/ghdl_final/bin/ghdl --elab-run test  --assert-level=error
Test: 86
/root/tools/ghdl_final/bin/ghdl -a --std=93c vhdl-93/clifton-labs/compliant/functional/types/array-types/colors_2d_array.vhdl
/root/tools/ghdl_final/bin/ghdl --elab-run test  --assert-level=error
Test: 87
/root/tools/ghdl_final/bin/ghdl -a --std=93c vhdl-93/clifton-labs/compliant/functional/types/array-types/integer-array-using-tick-range.vhdl
/root/tools/ghdl_final/bin/ghdl --elab-run test  --assert-level=error
Test: 88
/root/tools/ghdl_final/bin/ghdl -a --std=93c vhdl-93/clifton-labs/compliant/functional/types/array-types/simple-integer-array.vhdl
/root/tools/ghdl_final/bin/ghdl --elab-run test  --assert-level=error
Test: 89
/root/tools/ghdl_final/bin/ghdl -a --std=93c vhdl-93/clifton-labs/compliant/functional/types/array-types/unconstrained_argument.vhdl
/root/tools/ghdl_final/bin/ghdl --elab-run test  --assert-level=error
Test: 90
/root/tools/ghdl_final/bin/ghdl -a --std=93c vhdl-93/clifton-labs/compliant/functional/types/enumeration-types/std-enums-test.vhdl
/root/tools/ghdl_final/bin/ghdl --elab-run test  --assert-level=error
Test: 91
/root/tools/ghdl_final/bin/ghdl -a --std=93c vhdl-93/clifton-labs/compliant/functional/types/integer-types/resolved-integer-type.vhdl
/root/tools/ghdl_final/bin/ghdl --elab-run test  --assert-level=error
Test: 92
/root/tools/ghdl_final/bin/ghdl -a --std=93c vhdl-93/clifton-labs/compliant/functional/types/record-types/date-record.vhdl
/root/tools/ghdl_final/bin/ghdl --elab-run test  --assert-level=error
Test: 93
/root/tools/ghdl_final/bin/ghdl -a --std=93c vhdl-93/clifton-labs/compliant/functional/types/record-types/integer-record-aggregate-init.vhdl
/root/tools/ghdl_final/bin/ghdl --elab-run test  --assert-level=error
Test: 94
/root/tools/ghdl_final/bin/ghdl -a --std=93c vhdl-93/clifton-labs/compliant/functional/types/record-types/simple-integer-record.vhdl
/root/tools/ghdl_final/bin/ghdl --elab-run test  --assert-level=error
Test: 95
/root/tools/ghdl_final/bin/ghdl -a --std=93c vhdl-93/clifton-labs/compliant/functional/types/simple-subtypes.vhdl
/root/tools/ghdl_final/bin/ghdl --elab-run test  --assert-level=error
Test: 96
/root/tools/ghdl_final/bin/ghdl -a --std=93c vhdl-93/clifton-labs/compliant/functional/variable/simple-enumeration-assign.vhdl
/root/tools/ghdl_final/bin/ghdl --elab-run foo  --assert-level=error
Test: 97
/root/tools/ghdl_final/bin/ghdl -a --std=93c vhdl-93/clifton-labs/compliant/functional/variable/simple-integer-assign.vhdl
/root/tools/ghdl_final/bin/ghdl --elab-run foo  --assert-level=error
Test: 98
/root/tools/ghdl_final/bin/ghdl -a --std=93c vhdl-93/clifton-labs/compliant/functional/variable/simple-integer-initialize.vhdl
/root/tools/ghdl_final/bin/ghdl --elab-run foo  --assert-level=error
Test: Ashenden:Compliant Cases 1076-1993
create library: stimulus
Test: 99
/root/tools/ghdl_final/bin/ghdl -a --std=93c --work=stimulus vhdl-93/ashenden/compliant/util_pk_test.vhd
create library: bv_utilities
Test: 100
/root/tools/ghdl_final/bin/ghdl -a --std=93c --work=bv_utilities vhdl-93/ashenden/compliant/bv_arithmetic.vhd
Test: 101
/root/tools/ghdl_final/bin/ghdl -a --std=93c --work=bv_utilities vhdl-93/ashenden/compliant/bv_arithmetic_body.vhd
Test: 102
/root/tools/ghdl_final/bin/ghdl -a --std=93c --work=bv_utilities vhdl-93/ashenden/compliant/bv_images.vhd
Test: 103
/root/tools/ghdl_final/bin/ghdl -a --std=93c --work=bv_utilities vhdl-93/ashenden/compliant/bv_images_body.vhd
Test: 104
/root/tools/ghdl_final/bin/ghdl -a --std=93c vhdl-93/ashenden/compliant/ch_01_fg_01_07.vhd
Test: 105
/root/tools/ghdl_final/bin/ghdl -a --std=93c vhdl-93/ashenden/compliant/ch_01_fg_01_08.vhd
Test: 106
/root/tools/ghdl_final/bin/ghdl -a --std=93c vhdl-93/ashenden/compliant/ch_01_fg_01_10.vhd
Test: 107
/root/tools/ghdl_final/bin/ghdl -a --std=93c vhdl-93/ashenden/compliant/ch_01_fg_01_11.vhd
Test: 108
/root/tools/ghdl_final/bin/ghdl -a --std=93c vhdl-93/ashenden/compliant/ch_01_fg_01_13.vhd
Test: 109
/root/tools/ghdl_final/bin/ghdl -a --std=93c vhdl-93/ashenden/compliant/ch_01_tb_01_01.vhd
Test: 110
/root/tools/ghdl_final/bin/ghdl -a --std=93c vhdl-93/ashenden/compliant/ch_01_tb_01_02.vhd
Test: 111
/root/tools/ghdl_final/bin/ghdl -a --std=93c vhdl-93/ashenden/compliant/ch_01_tb_01_03.vhd
delete library: work
/root/tools/ghdl_final/bin/ghdl --remove --std=93c --work=work
Test: 112
/root/tools/ghdl_final/bin/ghdl -a --std=93c vhdl-93/ashenden/compliant/ch_02_tb_02_01.vhd
Test: 113
/root/tools/ghdl_final/bin/ghdl -a --std=93c vhdl-93/ashenden/compliant/ch_02_fg_02_01.vhd
delete library: work
/root/tools/ghdl_final/bin/ghdl --remove --std=93c --work=work
Test: 114
/root/tools/ghdl_final/bin/ghdl -a --std=93c vhdl-93/ashenden/compliant/ch_03_ch_03_01.vhd
Test: 115
/root/tools/ghdl_final/bin/ghdl -a --std=93c vhdl-93/ashenden/compliant/ch_03_ch_03_02.vhd
Test: 116
/root/tools/ghdl_final/bin/ghdl -a --std=93c vhdl-93/ashenden/compliant/ch_03_ch_03_03.vhd
Test: 117
/root/tools/ghdl_final/bin/ghdl -a --std=93c vhdl-93/ashenden/compliant/ch_03_ch_03_04.vhd
Test: 118
/root/tools/ghdl_final/bin/ghdl -a --std=93c vhdl-93/ashenden/compliant/ch_03_ch_03_05.vhd
Test: 119
/root/tools/ghdl_final/bin/ghdl -a --std=93c vhdl-93/ashenden/compliant/ch_03_ch_03_06.vhd
Test: 120
/root/tools/ghdl_final/bin/ghdl -a --std=93c vhdl-93/ashenden/compliant/ch_03_ch_03_07.vhd
Test: 121
/root/tools/ghdl_final/bin/ghdl -a --std=93c vhdl-93/ashenden/compliant/ch_03_ch_03_08.vhd
Test: 122
/root/tools/ghdl_final/bin/ghdl -a --std=93c vhdl-93/ashenden/compliant/ch_03_ch_03_10.vhd
Test: 123
/root/tools/ghdl_final/bin/ghdl -a --std=93c vhdl-93/ashenden/compliant/ch_03_ch_03_11.vhd
Test: 124
/root/tools/ghdl_final/bin/ghdl -a --std=93c vhdl-93/ashenden/compliant/ch_03_ch_03_12.vhd
Test: 125
/root/tools/ghdl_final/bin/ghdl -a --std=93c vhdl-93/ashenden/compliant/ch_03_ch_03_13.vhd
Test: 126
/root/tools/ghdl_final/bin/ghdl -a --std=93c vhdl-93/ashenden/compliant/ch_03_ch_03_14.vhd
Test: 127
/root/tools/ghdl_final/bin/ghdl -a --std=93c vhdl-93/ashenden/compliant/ch_03_ch_03_16.vhd
Test: 128
/root/tools/ghdl_final/bin/ghdl -a --std=93c vhdl-93/ashenden/compliant/ch_03_ch_03_17.vhd
Test: 129
/root/tools/ghdl_final/bin/ghdl -a --std=93c vhdl-93/ashenden/compliant/ch_03_ch_03_18.vhd
Test: 130
/root/tools/ghdl_final/bin/ghdl -a --std=93c vhdl-93/ashenden/compliant/ch_03_ch_03_19.vhd
Test: 131
/root/tools/ghdl_final/bin/ghdl -a --std=93c vhdl-93/ashenden/compliant/ch_03_ch_03_20.vhd
Test: 132
/root/tools/ghdl_final/bin/ghdl -a --std=93c vhdl-93/ashenden/compliant/ch_03_fg_03_01.vhd
Test: 133
/root/tools/ghdl_final/bin/ghdl -a --std=93c vhdl-93/ashenden/compliant/ch_03_tb_03_01.vhd
Test: 134
/root/tools/ghdl_final/bin/ghdl -a --std=93c vhdl-93/ashenden/compliant/ch_03_tb_03_02.vhd
Test: 135
/root/tools/ghdl_final/bin/ghdl -a --std=93c vhdl-93/ashenden/compliant/ch_03_fg_03_02.vhd
Test: 136
/root/tools/ghdl_final/bin/ghdl -a --std=93c vhdl-93/ashenden/compliant/ch_03_tb_03_03.vhd
Test: 137
/root/tools/ghdl_final/bin/ghdl -a --std=93c vhdl-93/ashenden/compliant/ch_03_fg_03_03.vhd
Test: 138
/root/tools/ghdl_final/bin/ghdl -a --std=93c vhdl-93/ashenden/compliant/ch_03_tb_03_04.vhd
Test: 139
/root/tools/ghdl_final/bin/ghdl -a --std=93c vhdl-93/ashenden/compliant/ch_03_fg_03_04.vhd
Test: 140
/root/tools/ghdl_final/bin/ghdl -a --std=93c vhdl-93/ashenden/compliant/ch_03_tb_03_05.vhd
Test: 141
/root/tools/ghdl_final/bin/ghdl -a --std=93c vhdl-93/ashenden/compliant/ch_03_fg_03_05.vhd
Test: 142
/root/tools/ghdl_final/bin/ghdl -a --std=93c vhdl-93/ashenden/compliant/ch_03_tb_03_06.vhd
Test: 143
/root/tools/ghdl_final/bin/ghdl -a --std=93c vhdl-93/ashenden/compliant/ch_03_fg_03_05.vhd
Test: 144
/root/tools/ghdl_final/bin/ghdl -a --std=93c vhdl-93/ashenden/compliant/ch_03_fg_03_06.vhd
Test: 145
/root/tools/ghdl_final/bin/ghdl -a --std=93c vhdl-93/ashenden/compliant/ch_03_tb_03_07.vhd
Test: 146
/root/tools/ghdl_final/bin/ghdl -a --std=93c vhdl-93/ashenden/compliant/ch_03_fg_03_07.vhd
Test: 147
/root/tools/ghdl_final/bin/ghdl -a --std=93c vhdl-93/ashenden/compliant/ch_03_tb_03_08.vhd
Test: 148
/root/tools/ghdl_final/bin/ghdl -a --std=93c vhdl-93/ashenden/compliant/ch_03_fg_03_08.vhd
Test: 149
/root/tools/ghdl_final/bin/ghdl -a --std=93c vhdl-93/ashenden/compliant/ch_03_tb_03_09.vhd
Test: 150
/root/tools/ghdl_final/bin/ghdl -a --std=93c vhdl-93/ashenden/compliant/ch_03_fg_03_09.vhd
Test: 151
/root/tools/ghdl_final/bin/ghdl -a --std=93c vhdl-93/ashenden/compliant/ch_03_tb_03_10.vhd
delete library: work
/root/tools/ghdl_final/bin/ghdl --remove --std=93c --work=work
create library: ch4_pkgs
Test: 152
/root/tools/ghdl_final/bin/ghdl -a --std=93c --work=ch4_pkgs vhdl-93/ashenden/compliant/ch_04_pk_04_01.vhd
Test: 153
/root/tools/ghdl_final/bin/ghdl -a --std=93c --work=ch4_pkgs vhdl-93/ashenden/compliant/ch_04_pk_04_02.vhd
Test: 154
/root/tools/ghdl_final/bin/ghdl -a --std=93c vhdl-93/ashenden/compliant/ch_04_ch_04_01.vhd
Test: 155
/root/tools/ghdl_final/bin/ghdl -a --std=93c vhdl-93/ashenden/compliant/ch_04_ch_04_02.vhd
Test: 156
/root/tools/ghdl_final/bin/ghdl -a --std=93c vhdl-93/ashenden/compliant/ch_04_ch_04_04.vhd
Test: 157
/root/tools/ghdl_final/bin/ghdl -a --std=93c vhdl-93/ashenden/compliant/ch_04_ch_04_05.vhd
Test: 158
/root/tools/ghdl_final/bin/ghdl -a --std=93c vhdl-93/ashenden/compliant/ch_04_ch_04_06.vhd
Test: 159
/root/tools/ghdl_final/bin/ghdl -a --std=93c vhdl-93/ashenden/compliant/ch_04_ch_04_07.vhd
Test: 160
/root/tools/ghdl_final/bin/ghdl -a --std=93c vhdl-93/ashenden/compliant/ch_04_ch_04_10.vhd
Test: 161
/root/tools/ghdl_final/bin/ghdl -a --std=93c vhdl-93/ashenden/compliant/ch_04_fg_04_01.vhd
Test: 162
/root/tools/ghdl_final/bin/ghdl -a --std=93c vhdl-93/ashenden/compliant/ch_04_fg_04_03.vhd
Test: 163
/root/tools/ghdl_final/bin/ghdl -a --std=93c vhdl-93/ashenden/compliant/ch_04_tb_04_04.vhd
Test: 164
/root/tools/ghdl_final/bin/ghdl -a --std=93c vhdl-93/ashenden/compliant/ch_04_fg_04_06.vhd
Test: 165
/root/tools/ghdl_final/bin/ghdl -a --std=93c vhdl-93/ashenden/compliant/ch_04_tb_04_01.vhd
Test: 166
/root/tools/ghdl_final/bin/ghdl -a --std=93c vhdl-93/ashenden/compliant/ch_04_fg_04_04.vhd
Test: 167
/root/tools/ghdl_final/bin/ghdl -a --std=93c vhdl-93/ashenden/compliant/ch_04_tb_04_02.vhd
Test: 168
/root/tools/ghdl_final/bin/ghdl -a --std=93c vhdl-93/ashenden/compliant/ch_04_fg_04_05.vhd
Test: 169
/root/tools/ghdl_final/bin/ghdl -a --std=93c vhdl-93/ashenden/compliant/ch_04_tb_04_03.vhd
delete library: ch4_pkgs
/root/tools/ghdl_final/bin/ghdl --remove --std=93c --work=ch4_pkgs
delete library: work
/root/tools/ghdl_final/bin/ghdl --remove --std=93c --work=work
Test: 170
/root/tools/ghdl_final/bin/ghdl -a --std=93c vhdl-93/ashenden/compliant/ch_05_pk_test.vhd
Test: 171
/root/tools/ghdl_final/bin/ghdl -a --std=93c vhdl-93/ashenden/compliant/ch_05_ch_05_03.vhd
Test: 172
/root/tools/ghdl_final/bin/ghdl -a --std=93c vhdl-93/ashenden/compliant/ch_05_fg_05_02.vhd
Test: 173
/root/tools/ghdl_final/bin/ghdl -a --std=93c vhdl-93/ashenden/compliant/ch_05_tb_05_01.vhd
Test: 174
/root/tools/ghdl_final/bin/ghdl -a --std=93c vhdl-93/ashenden/compliant/ch_05_tb_05_02.vhd
Test: 175
/root/tools/ghdl_final/bin/ghdl -a --std=93c vhdl-93/ashenden/compliant/ch_05_fg_05_05.vhd
Test: 176
/root/tools/ghdl_final/bin/ghdl -a --std=93c vhdl-93/ashenden/compliant/ch_05_fg_05_25.vhd
Test: 177
/root/tools/ghdl_final/bin/ghdl -a --std=93c vhdl-93/ashenden/compliant/ch_05_tb_05_03.vhd
Test: 178
/root/tools/ghdl_final/bin/ghdl -a --std=93c vhdl-93/ashenden/compliant/ch_05_fg_05_06.vhd
Test: 179
/root/tools/ghdl_final/bin/ghdl -a --std=93c vhdl-93/ashenden/compliant/ch_05_tb_05_04.vhd
Test: 180
/root/tools/ghdl_final/bin/ghdl -a --std=93c vhdl-93/ashenden/compliant/ch_05_fg_05_16.vhd
Test: 181
/root/tools/ghdl_final/bin/ghdl -a --std=93c vhdl-93/ashenden/compliant/ch_05_tb_05_05.vhd
Test: 182
/root/tools/ghdl_final/bin/ghdl -a --std=93c vhdl-93/ashenden/compliant/ch_05_fg_05_22.vhd
Test: 183
/root/tools/ghdl_final/bin/ghdl -a --std=93c vhdl-93/ashenden/compliant/ch_05_tb_05_06.vhd
Test: 184
/root/tools/ghdl_final/bin/ghdl -a --std=93c vhdl-93/ashenden/compliant/ch_05_fg_05_22.vhd
Test: 185
/root/tools/ghdl_final/bin/ghdl -a --std=93c vhdl-93/ashenden/compliant/ch_05_tb_05_07.vhd
Test: 186
/root/tools/ghdl_final/bin/ghdl -a --std=93c vhdl-93/ashenden/compliant/ch_05_fg_05_24.vhd
Test: 187
/root/tools/ghdl_final/bin/ghdl -a --std=93c vhdl-93/ashenden/compliant/ch_05_tb_05_08.vhd
Test: 188
/root/tools/ghdl_final/bin/ghdl -a --std=93c vhdl-93/ashenden/compliant/ch_05_fg_05_05.vhd
create library: star_lib
Test: 189
/root/tools/ghdl_final/bin/ghdl -a --std=93c vhdl-93/ashenden/compliant/ch_05_fg_05_05.vhd
Test: 190
/root/tools/ghdl_final/bin/ghdl -a --std=93c vhdl-93/ashenden/compliant/ch_05_fg_05_25.vhd
Test: 191
/root/tools/ghdl_final/bin/ghdl -a --std=93c vhdl-93/ashenden/compliant/ch_05_tb_05_09.vhd
Test: 192
/root/tools/ghdl_final/bin/ghdl -a --std=93c vhdl-93/ashenden/compliant/ch_05_tb_05_10.vhd
Test: 193
/root/tools/ghdl_final/bin/ghdl -a --std=93c vhdl-93/ashenden/compliant/ch_05_fg_05_27.vhd
Test: 194
/root/tools/ghdl_final/bin/ghdl -a --std=93c vhdl-93/ashenden/compliant/ch_05_tb_05_11.vhd
create library: widget_cells
Test: 195
/root/tools/ghdl_final/bin/ghdl -a --std=93c --work=widget_cells vhdl-93/ashenden/compliant/ch_05_tb_05_12.vhd
create library: wasp_lib
Test: 196
/root/tools/ghdl_final/bin/ghdl -a --std=93c vhdl-93/ashenden/compliant/ch_05_tb_05_13.vhd
Test: 197
/root/tools/ghdl_final/bin/ghdl -a --std=93c vhdl-93/ashenden/compliant/ch_05_ch_05_01.vhd
Test: 198
/root/tools/ghdl_final/bin/ghdl -a --std=93c vhdl-93/ashenden/compliant/ch_05_ch_05_02.vhd
Test: 199
/root/tools/ghdl_final/bin/ghdl -a --std=93c vhdl-93/ashenden/compliant/ch_05_ch_05_05.vhd
Test: 200
/root/tools/ghdl_final/bin/ghdl -a --std=93c --work=wasp_lib vhdl-93/ashenden/compliant/ch_05_tb_05_12.vhd
Test: 201
/root/tools/ghdl_final/bin/ghdl -a --std=93c vhdl-93/ashenden/compliant/ch_05_ch_05_04.vhd
Test: 202
/root/tools/ghdl_final/bin/ghdl -a --std=93c vhdl-93/ashenden/compliant/ch_05_ch_05_06.vhd
Test: 203
/root/tools/ghdl_final/bin/ghdl -a --std=93c vhdl-93/ashenden/compliant/ch_05_ch_05_07.vhd
Test: 204
/root/tools/ghdl_final/bin/ghdl -a --std=93c vhdl-93/ashenden/compliant/ch_05_ch_05_08.vhd
Test: 205
/root/tools/ghdl_final/bin/ghdl -a --std=93c vhdl-93/ashenden/compliant/ch_05_ch_05_09.vhd
Test: 206
/root/tools/ghdl_final/bin/ghdl -a --std=93c vhdl-93/ashenden/compliant/ch_05_ch_05_10.vhd
Test: 207
/root/tools/ghdl_final/bin/ghdl -a --std=93c vhdl-93/ashenden/compliant/ch_05_ch_05_11.vhd
Test: 208
/root/tools/ghdl_final/bin/ghdl -a --std=93c vhdl-93/ashenden/compliant/ch_05_ch_05_12.vhd
Test: 209
/root/tools/ghdl_final/bin/ghdl -a --std=93c vhdl-93/ashenden/compliant/ch_05_ch_05_13.vhd
Test: 210
/root/tools/ghdl_final/bin/ghdl -a --std=93c vhdl-93/ashenden/compliant/ch_05_ch_05_14.vhd
Test: 211
/root/tools/ghdl_final/bin/ghdl -a --std=93c vhdl-93/ashenden/compliant/ch_05_ch_05_15.vhd
Test: 212
/root/tools/ghdl_final/bin/ghdl -a --std=93c vhdl-93/ashenden/compliant/ch_05_ch_05_16.vhd
Test: 213
/root/tools/ghdl_final/bin/ghdl -a --std=93c vhdl-93/ashenden/compliant/ch_05_ch_05_17.vhd
Test: 214
/root/tools/ghdl_final/bin/ghdl -a --std=93c vhdl-93/ashenden/compliant/ch_05_ch_05_18.vhd
Test: 215
/root/tools/ghdl_final/bin/ghdl -a --std=93c vhdl-93/ashenden/compliant/ch_05_ch_05_19.vhd
Test: 216
/root/tools/ghdl_final/bin/ghdl -a --std=93c vhdl-93/ashenden/compliant/ch_05_ch_05_20.vhd
Test: 217
/root/tools/ghdl_final/bin/ghdl -a --std=93c vhdl-93/ashenden/compliant/ch_05_ch_05_21.vhd
/root/tools/ghdl_final/bin/ghdl --elab-run ch_05_21  --assert-level=error
Test: 218
/root/tools/ghdl_final/bin/ghdl -a --std=93c vhdl-93/ashenden/compliant/ch_05_ch_05_22.vhd
Test: 219
/root/tools/ghdl_final/bin/ghdl -a --std=93c vhdl-93/ashenden/compliant/ch_05_ch_05_23.vhd
Test: 220
/root/tools/ghdl_final/bin/ghdl -a --std=93c vhdl-93/ashenden/compliant/ch_05_ch_05_24.vhd
Test: 221
/root/tools/ghdl_final/bin/ghdl -a --std=93c vhdl-93/ashenden/compliant/ch_05_ch_05_25.vhd
Test: 222
/root/tools/ghdl_final/bin/ghdl -a --std=93c vhdl-93/ashenden/compliant/ch_05_ch_05_26.vhd
Test: 223
/root/tools/ghdl_final/bin/ghdl -a --std=93c vhdl-93/ashenden/compliant/ch_05_ch_05_27.vhd
Test: 224
/root/tools/ghdl_final/bin/ghdl -a --std=93c vhdl-93/ashenden/compliant/ch_05_fg_05_01.vhd
Test: 225
/root/tools/ghdl_final/bin/ghdl -a --std=93c vhdl-93/ashenden/compliant/ch_05_fg_05_03.vhd
Test: 226
/root/tools/ghdl_final/bin/ghdl -a --std=93c vhdl-93/ashenden/compliant/ch_05_fg_05_04.vhd
Test: 227
/root/tools/ghdl_final/bin/ghdl -a --std=93c vhdl-93/ashenden/compliant/ch_05_fg_05_07.vhd
Test: 228
/root/tools/ghdl_final/bin/ghdl -a --std=93c vhdl-93/ashenden/compliant/ch_05_fg_05_08.vhd
Test: 229
/root/tools/ghdl_final/bin/ghdl -a --std=93c vhdl-93/ashenden/compliant/ch_05_fg_05_09.vhd
Test: 230
/root/tools/ghdl_final/bin/ghdl -a --std=93c vhdl-93/ashenden/compliant/ch_05_fg_05_12.vhd
Test: 231
/root/tools/ghdl_final/bin/ghdl -a --std=93c vhdl-93/ashenden/compliant/ch_05_fg_05_17.vhd
Test: 232
/root/tools/ghdl_final/bin/ghdl -a --std=93c vhdl-93/ashenden/compliant/ch_05_fg_05_18.vhd
Test: 233
/root/tools/ghdl_final/bin/ghdl -a --std=93c vhdl-93/ashenden/compliant/ch_05_fg_05_19.vhd
Test: 234
/root/tools/ghdl_final/bin/ghdl -a --std=93c vhdl-93/ashenden/compliant/ch_05_fg_05_20.vhd
Test: 235
/root/tools/ghdl_final/bin/ghdl -a --std=93c vhdl-93/ashenden/compliant/ch_05_fg_05_23.vhd
Test: 236
/root/tools/ghdl_final/bin/ghdl -a --std=93c vhdl-93/ashenden/compliant/ch_05_fg_05_25.vhd
Test: 237
/root/tools/ghdl_final/bin/ghdl -a --std=93c vhdl-93/ashenden/compliant/ch_05_fg_05_28.vhd
Test: 238
/root/tools/ghdl_final/bin/ghdl -a --std=93c vhdl-93/ashenden/compliant/ch_05_tb_05_12.vhd
Test: 239
/root/tools/ghdl_final/bin/ghdl -a --std=93c vhdl-93/ashenden/compliant/ch_05_fg_05_30.vhd
delete library: work
/root/tools/ghdl_final/bin/ghdl --remove --std=93c --work=work
Test: 240
/root/tools/ghdl_final/bin/ghdl -a --std=93c vhdl-93/ashenden/compliant/ch_06_acca.vhd
Test: 241
/root/tools/ghdl_final/bin/ghdl -a --std=93c vhdl-93/ashenden/compliant/ch_06_acca-b.vhd
Test: 242
/root/tools/ghdl_final/bin/ghdl -a --std=93c vhdl-93/ashenden/compliant/ch_06_accr.vhd
Test: 243
/root/tools/ghdl_final/bin/ghdl -a --std=93c vhdl-93/ashenden/compliant/ch_06_accr-b.vhd
Test: 244
/root/tools/ghdl_final/bin/ghdl -a --std=93c vhdl-93/ashenden/compliant/ch_06_mac.vhd
Test: 245
/root/tools/ghdl_final/bin/ghdl -a --std=93c vhdl-93/ashenden/compliant/ch_06_tovec.vhd
Test: 246
/root/tools/ghdl_final/bin/ghdl -a --std=93c vhdl-93/ashenden/compliant/ch_06_tovec-b.vhd
Test: 247
/root/tools/ghdl_final/bin/ghdl -a --std=93c vhdl-93/ashenden/compliant/ch_06_tofp.vhd
Test: 248
/root/tools/ghdl_final/bin/ghdl -a --std=93c vhdl-93/ashenden/compliant/ch_06_tofp-b.vhd
Test: 249
/root/tools/ghdl_final/bin/ghdl -a --std=93c vhdl-93/ashenden/compliant/ch_06_reg.vhd
Test: 250
/root/tools/ghdl_final/bin/ghdl -a --std=93c vhdl-93/ashenden/compliant/ch_06_reg-b.vhd
Test: 251
/root/tools/ghdl_final/bin/ghdl -a --std=93c vhdl-93/ashenden/compliant/ch_06_mac-b.vhd
Test: 252
/root/tools/ghdl_final/bin/ghdl -a --std=93c vhdl-93/ashenden/compliant/ch_06_mult.vhd
Test: 253
/root/tools/ghdl_final/bin/ghdl -a --std=93c vhdl-93/ashenden/compliant/ch_06_mult-b.vhd
Test: 254
/root/tools/ghdl_final/bin/ghdl -a --std=93c vhdl-93/ashenden/compliant/ch_06_pas.vhd
Test: 255
/root/tools/ghdl_final/bin/ghdl -a --std=93c vhdl-93/ashenden/compliant/ch_06_pas-b.vhd
Test: 256
/root/tools/ghdl_final/bin/ghdl -a --std=93c vhdl-93/ashenden/compliant/ch_06_srff.vhd
Test: 257
/root/tools/ghdl_final/bin/ghdl -a --std=93c vhdl-93/ashenden/compliant/ch_06_srff-b.vhd
Test: 258
/root/tools/ghdl_final/bin/ghdl -a --std=93c vhdl-93/ashenden/compliant/ch_06_ovfl.vhd
Test: 259
/root/tools/ghdl_final/bin/ghdl -a --std=93c vhdl-93/ashenden/compliant/ch_06_ovfl-b.vhd
Test: 260
/root/tools/ghdl_final/bin/ghdl -a --std=93c vhdl-93/ashenden/compliant/ch_06_mac-r.vhd
Test: 261
/root/tools/ghdl_final/bin/ghdl -a --std=93c vhdl-93/ashenden/compliant/ch_06_mact.vhd
Test: 262
/root/tools/ghdl_final/bin/ghdl -a --std=93c vhdl-93/ashenden/compliant/ch_06_mact-bb.vhd
Test: 263
/root/tools/ghdl_final/bin/ghdl -a --std=93c vhdl-93/ashenden/compliant/ch_06_mact-br.vhd
Test: 264
/root/tools/ghdl_final/bin/ghdl -a --std=93c vhdl-93/ashenden/compliant/ch_06_mact-bv.vhd
Test: 265
/root/tools/ghdl_final/bin/ghdl -a --std=93c vhdl-93/ashenden/compliant/ch_06_multt.vhd
Test: 266
/root/tools/ghdl_final/bin/ghdl -a --std=93c vhdl-93/ashenden/compliant/ch_06_multt-b.vhd
Test: 267
/root/tools/ghdl_final/bin/ghdl -a --std=93c vhdl-93/ashenden/compliant/ch_06_tofpt.vhd
Test: 268
/root/tools/ghdl_final/bin/ghdl -a --std=93c vhdl-93/ashenden/compliant/ch_06_tofpt-b.vhd
Test: 269
/root/tools/ghdl_final/bin/ghdl -a --std=93c vhdl-93/ashenden/compliant/ch_06_tovect.vhd
Test: 270
/root/tools/ghdl_final/bin/ghdl -a --std=93c vhdl-93/ashenden/compliant/ch_06_tovect-b.vhd
delete library: work
/root/tools/ghdl_final/bin/ghdl --remove --std=93c --work=work
Test: 271
/root/tools/ghdl_final/bin/ghdl -a --std=93c vhdl-93/ashenden/compliant/ch_07_ch_07_01.vhd
Test: 272
/root/tools/ghdl_final/bin/ghdl -a --std=93c vhdl-93/ashenden/compliant/ch_07_ch_07_02.vhd
Test: 273
/root/tools/ghdl_final/bin/ghdl -a --std=93c vhdl-93/ashenden/compliant/ch_07_ch_07_03.vhd
Test: 274
/root/tools/ghdl_final/bin/ghdl -a --std=93c vhdl-93/ashenden/compliant/ch_07_ch_07_04.vhd
Test: 275
/root/tools/ghdl_final/bin/ghdl -a --std=93c vhdl-93/ashenden/compliant/ch_07_ch_07_05.vhd
Test: 276
/root/tools/ghdl_final/bin/ghdl -a --std=93c vhdl-93/ashenden/compliant/ch_07_ch_07_06.vhd
Test: 277
/root/tools/ghdl_final/bin/ghdl -a --std=93c vhdl-93/ashenden/compliant/ch_07_fg_07_01.vhd
Test: 278
/root/tools/ghdl_final/bin/ghdl -a --std=93c vhdl-93/ashenden/compliant/ch_07_fg_07_02.vhd
Test: 279
/root/tools/ghdl_final/bin/ghdl -a --std=93c vhdl-93/ashenden/compliant/ch_07_fg_07_03.vhd
Test: 280
/root/tools/ghdl_final/bin/ghdl -a --std=93c vhdl-93/ashenden/compliant/ch_07_fg_07_04.vhd
Test: 281
/root/tools/ghdl_final/bin/ghdl -a --std=93c vhdl-93/ashenden/compliant/ch_07_fg_07_05.vhd
Test: 282
/root/tools/ghdl_final/bin/ghdl -a --std=93c vhdl-93/ashenden/compliant/ch_07_fg_07_06.vhd
Test: 283
/root/tools/ghdl_final/bin/ghdl -a --std=93c vhdl-93/ashenden/compliant/ch_07_fg_07_07.vhd
Test: 284
/root/tools/ghdl_final/bin/ghdl -a --std=93c vhdl-93/ashenden/compliant/ch_07_fg_07_08.vhd
Test: 285
/root/tools/ghdl_final/bin/ghdl -a --std=93c vhdl-93/ashenden/compliant/ch_07_fg_07_09.vhd
Test: 286
/root/tools/ghdl_final/bin/ghdl -a --std=93c vhdl-93/ashenden/compliant/ch_07_fg_07_10.vhd
Test: 287
/root/tools/ghdl_final/bin/ghdl -a --std=93c vhdl-93/ashenden/compliant/ch_07_fg_07_11.vhd
Test: 288
/root/tools/ghdl_final/bin/ghdl -a --std=93c vhdl-93/ashenden/compliant/ch_07_fg_07_12.vhd
Test: 289
/root/tools/ghdl_final/bin/ghdl -a --std=93c vhdl-93/ashenden/compliant/ch_07_fg_07_13.vhd
Test: 290
/root/tools/ghdl_final/bin/ghdl -a --std=93c vhdl-93/ashenden/compliant/ch_07_fg_07_14.vhd
Test: 291
/root/tools/ghdl_final/bin/ghdl -a --std=93c vhdl-93/ashenden/compliant/ch_07_fg_07_15.vhd
Test: 292
/root/tools/ghdl_final/bin/ghdl -a --std=93c vhdl-93/ashenden/compliant/ch_07_fg_07_16.vhd
Test: 293
/root/tools/ghdl_final/bin/ghdl -a --std=93c vhdl-93/ashenden/compliant/ch_07_fg_07_17.vhd
Test: 294
/root/tools/ghdl_final/bin/ghdl -a --std=93c vhdl-93/ashenden/compliant/ch_07_fg_07_18.vhd
Test: 295
/root/tools/ghdl_final/bin/ghdl -a --std=93c vhdl-93/ashenden/compliant/ch_07_fg_07_19.vhd
Test: 296
/root/tools/ghdl_final/bin/ghdl -a --std=93c vhdl-93/ashenden/compliant/ch_07_fg_07_20.vhd
Test: 297
/root/tools/ghdl_final/bin/ghdl -a --std=93c vhdl-93/ashenden/compliant/ch_07_fg_07_22.vhd
delete library: work
/root/tools/ghdl_final/bin/ghdl --remove --std=93c --work=work
Test: 298
/root/tools/ghdl_final/bin/ghdl -a --std=93c vhdl-93/ashenden/compliant/ch_08_ch_08_01.vhd
Test: 299
/root/tools/ghdl_final/bin/ghdl -a --std=93c vhdl-93/ashenden/compliant/ch_08_fg_08_06.vhd
Test: 300
/root/tools/ghdl_final/bin/ghdl -a --std=93c vhdl-93/ashenden/compliant/ch_08_ch_08_02.vhd
Test: 301
/root/tools/ghdl_final/bin/ghdl -a --std=93c vhdl-93/ashenden/compliant/ch_08_ch_08_03.vhd
Test: 302
/root/tools/ghdl_final/bin/ghdl -a --std=93c vhdl-93/ashenden/compliant/ch_08_ch_08_04.vhd
Test: 303
/root/tools/ghdl_final/bin/ghdl -a --std=93c vhdl-93/ashenden/compliant/ch_08_ch_08_05.vhd
Test: 304
/root/tools/ghdl_final/bin/ghdl -a --std=93c vhdl-93/ashenden/compliant/ch_08_fg_08_01.vhd
Test: 305
/root/tools/ghdl_final/bin/ghdl -a --std=93c vhdl-93/ashenden/compliant/ch_08_fg_08_02.vhd
Test: 306
/root/tools/ghdl_final/bin/ghdl -a --std=93c vhdl-93/ashenden/compliant/ch_08_fg_08_03.vhd
Test: 307
/root/tools/ghdl_final/bin/ghdl -a --std=93c vhdl-93/ashenden/compliant/ch_08_fg_08_05.vhd
Test: 308
/root/tools/ghdl_final/bin/ghdl -a --std=93c vhdl-93/ashenden/compliant/ch_08_fg_08_04.vhd
Test: 309
/root/tools/ghdl_final/bin/ghdl -a --std=93c vhdl-93/ashenden/compliant/ch_08_fg_08_06.vhd
Test: 310
/root/tools/ghdl_final/bin/ghdl -a --std=93c vhdl-93/ashenden/compliant/ch_08_fg_08_07.vhd
Test: 311
/root/tools/ghdl_final/bin/ghdl -a --std=93c --work=bv_utilities vhdl-93/ashenden/compliant/ch_08_fg_08_08.vhd
Test: 312
/root/tools/ghdl_final/bin/ghdl -a --std=93c vhdl-93/ashenden/compliant/ch_08_fg_08_09.vhd
Test: 313
/root/tools/ghdl_final/bin/ghdl -a --std=93c vhdl-93/ashenden/compliant/ch_08_fg_08_10.vhd
delete library: work
/root/tools/ghdl_final/bin/ghdl --remove --std=93c --work=work
Test: 314
/root/tools/ghdl_final/bin/ghdl -a --std=93c vhdl-93/ashenden/compliant/ch_09_ch_09_01.vhd
Test: 315
/root/tools/ghdl_final/bin/ghdl -a --std=93c vhdl-93/ashenden/compliant/ch_09_ch_09_02.vhd
Test: 316
/root/tools/ghdl_final/bin/ghdl -a --std=93c vhdl-93/ashenden/compliant/ch_09_ch_09_03.vhd
Test: 317
/root/tools/ghdl_final/bin/ghdl -a --std=93c vhdl-93/ashenden/compliant/ch_09_ch_09_04.vhd
Test: 318
/root/tools/ghdl_final/bin/ghdl -a --std=93c vhdl-93/ashenden/compliant/ch_09_fg_09_01.vhd
Test: 319
/root/tools/ghdl_final/bin/ghdl -a --std=93c vhdl-93/ashenden/compliant/ch_09_fg_09_02.vhd
Test: 320
/root/tools/ghdl_final/bin/ghdl -a --std=93c vhdl-93/ashenden/compliant/ch_09_fg_09_03.vhd
Test: 321
/root/tools/ghdl_final/bin/ghdl -a --std=93c vhdl-93/ashenden/compliant/ch_09_fg_09_04.vhd
delete library: work
/root/tools/ghdl_final/bin/ghdl --remove --std=93c --work=work
Test: 322
/root/tools/ghdl_final/bin/ghdl -a --std=93c vhdl-93/ashenden/compliant/ch_10_alut.vhd
Test: 323
/root/tools/ghdl_final/bin/ghdl -a --std=93c vhdl-93/ashenden/compliant/ch_10_alu.vhd
Test: 324
/root/tools/ghdl_final/bin/ghdl -a --std=93c vhdl-93/ashenden/compliant/ch_10_alu-b.vhd
Test: 325
/root/tools/ghdl_final/bin/ghdl -a --std=93c vhdl-93/ashenden/compliant/ch_10_bvat.vhd
Test: 326
/root/tools/ghdl_final/bin/ghdl -a --std=93c vhdl-93/ashenden/compliant/ch_10_bvat-b.vhd
Test: 327
/root/tools/ghdl_final/bin/ghdl -a --std=93c vhdl-93/ashenden/compliant/ch_10_chkdiv.vhd
Test: 328
/root/tools/ghdl_final/bin/ghdl -a --std=93c vhdl-93/ashenden/compliant/ch_10_chkmult.vhd
delete library: work
/root/tools/ghdl_final/bin/ghdl --remove --std=93c --work=work
Test: 329
/root/tools/ghdl_final/bin/ghdl -a --std=93c vhdl-93/ashenden/compliant/ch_11_ch_11_01.vhd
Test: 330
/root/tools/ghdl_final/bin/ghdl -a --std=93c vhdl-93/ashenden/compliant/ch_11_ch_11_02.vhd
Test: 331
/root/tools/ghdl_final/bin/ghdl -a --std=93c vhdl-93/ashenden/compliant/ch_11_ch_11_03.vhd
Test: 332
/root/tools/ghdl_final/bin/ghdl -a --std=93c vhdl-93/ashenden/compliant/ch_11_fg_11_01.vhd
Test: 333
/root/tools/ghdl_final/bin/ghdl -a --std=93c vhdl-93/ashenden/compliant/ch_11_fg_11_02.vhd
Test: 334
/root/tools/ghdl_final/bin/ghdl -a --std=93c vhdl-93/ashenden/compliant/ch_11_fg_11_03.vhd
Test: 335
/root/tools/ghdl_final/bin/ghdl -a --std=93c vhdl-93/ashenden/compliant/ch_11_fg_11_04.vhd
Test: 336
/root/tools/ghdl_final/bin/ghdl -a --std=93c vhdl-93/ashenden/compliant/ch_11_fg_11_05.vhd
Test: 337
/root/tools/ghdl_final/bin/ghdl -a --std=93c vhdl-93/ashenden/compliant/ch_11_fg_11_06.vhd
Test: 338
/root/tools/ghdl_final/bin/ghdl -a --std=93c vhdl-93/ashenden/compliant/ch_11_fg_11_07.vhd
Test: 339
/root/tools/ghdl_final/bin/ghdl -a --std=93c vhdl-93/ashenden/compliant/ch_11_fg_11_08.vhd
Test: 340
/root/tools/ghdl_final/bin/ghdl -a --std=93c vhdl-93/ashenden/compliant/ch_11_fg_11_09.vhd
Test: 341
/root/tools/ghdl_final/bin/ghdl -a --std=93c vhdl-93/ashenden/compliant/ch_11_fg_11_10.vhd
Test: 342
/root/tools/ghdl_final/bin/ghdl -a --std=93c vhdl-93/ashenden/compliant/ch_11_fg_11_12.vhd
Test: 343
/root/tools/ghdl_final/bin/ghdl -a --std=93c vhdl-93/ashenden/compliant/ch_11_fg_11_13.vhd
delete library: work
/root/tools/ghdl_final/bin/ghdl --remove --std=93c --work=work
Test: 344
/root/tools/ghdl_final/bin/ghdl -a --std=93c vhdl-93/ashenden/compliant/ch_12_ch_12_01.vhd
Test: 345
/root/tools/ghdl_final/bin/ghdl -a --std=93c vhdl-93/ashenden/compliant/ch_12_ch_12_02.vhd
Test: 346
/root/tools/ghdl_final/bin/ghdl -a --std=93c vhdl-93/ashenden/compliant/ch_12_ch_12_03.vhd
Test: 347
/root/tools/ghdl_final/bin/ghdl -a --std=93c vhdl-93/ashenden/compliant/ch_12_fg_12_01.vhd
Test: 348
/root/tools/ghdl_final/bin/ghdl -a --std=93c vhdl-93/ashenden/compliant/ch_12_fg_12_02.vhd
Test: 349
/root/tools/ghdl_final/bin/ghdl -a --std=93c vhdl-93/ashenden/compliant/ch_12_fg_12_03.vhd
delete library: work
/root/tools/ghdl_final/bin/ghdl --remove --std=93c --work=work
Test: 350
/root/tools/ghdl_final/bin/ghdl -a --std=93c --work=star_lib vhdl-93/ashenden/compliant/ch_13_fg_13_01.vhd
Test: 351
/root/tools/ghdl_final/bin/ghdl -a --std=93c vhdl-93/ashenden/compliant/ch_13_fg_13_02.vhd
Test: 352
/root/tools/ghdl_final/bin/ghdl -a --std=93c vhdl-93/ashenden/compliant/ch_13_fg_13_03.vhd
Test: 353
/root/tools/ghdl_final/bin/ghdl -a --std=93c vhdl-93/ashenden/compliant/ch_13_fg_13_04.vhd
Test: 354
/root/tools/ghdl_final/bin/ghdl -a --std=93c vhdl-93/ashenden/compliant/ch_13_fg_13_06.vhd
Test: 355
/root/tools/ghdl_final/bin/ghdl -a --std=93c vhdl-93/ashenden/compliant/ch_13_fg_13_10.vhd
Test: 356
/root/tools/ghdl_final/bin/ghdl -a --std=93c vhdl-93/ashenden/compliant/ch_13_fg_13_11.vhd
Test: 357
/root/tools/ghdl_final/bin/ghdl -a --std=93c vhdl-93/ashenden/compliant/ch_13_fg_13_12.vhd
Test: 358
/root/tools/ghdl_final/bin/ghdl -a --std=93c vhdl-93/ashenden/compliant/ch_13_fg_13_13.vhd
Test: 359
/root/tools/ghdl_final/bin/ghdl -a --std=93c vhdl-93/ashenden/compliant/ch_13_fg_13_14.vhd
Test: 360
/root/tools/ghdl_final/bin/ghdl -a --std=93c vhdl-93/ashenden/compliant/ch_13_fg_13_15.vhd
Test: 361
/root/tools/ghdl_final/bin/ghdl -a --std=93c vhdl-93/ashenden/compliant/ch_13_fg_13_17.vhd
create library: chips
Test: 362
/root/tools/ghdl_final/bin/ghdl -a --std=93c --work=chips vhdl-93/ashenden/compliant/ch_13_fg_13_17.vhd
Test: 363
/root/tools/ghdl_final/bin/ghdl -a --std=93c --work=chips vhdl-93/ashenden/compliant/ch_13_fg_13_18.vhd
Test: 364
/root/tools/ghdl_final/bin/ghdl -a --std=93c vhdl-93/ashenden/compliant/ch_13_fg_13_18.vhd
create library: gate_lib
Test: 365
/root/tools/ghdl_final/bin/ghdl -a --std=93c --work=gate_lib vhdl-93/ashenden/compliant/ch_13_fg_13_19.vhd
Test: 366
/root/tools/ghdl_final/bin/ghdl -a --std=93c vhdl-93/ashenden/compliant/ch_13_fg_13_19.vhd
Test: 367
/root/tools/ghdl_final/bin/ghdl -a --std=93c vhdl-93/ashenden/compliant/ch_13_fg_13_21.vhd
Test: 368
/root/tools/ghdl_final/bin/ghdl -a --std=93c vhdl-93/ashenden/compliant/ch_13_fg_13_20.vhd
Test: 369
/root/tools/ghdl_final/bin/ghdl -a --std=93c vhdl-93/ashenden/compliant/ch_13_fg_13_22.vhd
create library: cell_lib
Test: 370
/root/tools/ghdl_final/bin/ghdl -a --std=93c --work=cell_lib vhdl-93/ashenden/compliant/ch_13_fg_13_23.vhd
Test: 371
/root/tools/ghdl_final/bin/ghdl -a --std=93c vhdl-93/ashenden/compliant/ch_13_fg_13_23.vhd
Test: 372
/root/tools/ghdl_final/bin/ghdl -a --std=93c vhdl-93/ashenden/compliant/ch_13_fg_13_24.vhd
create library: project_lib
Test: 373
/root/tools/ghdl_final/bin/ghdl -a --std=93c --work=project_lib vhdl-93/ashenden/compliant/ch_05_pk_test.vhd
Test: 374
/root/tools/ghdl_final/bin/ghdl -a --std=93c --work=project_lib vhdl-93/ashenden/compliant/ch_13_fg_13_25.vhd
Test: 375
/root/tools/ghdl_final/bin/ghdl -a --std=93c vhdl-93/ashenden/compliant/ch_13_fg_13_25.vhd
Test: 376
/root/tools/ghdl_final/bin/ghdl -a --std=93c vhdl-93/ashenden/compliant/ch_13_fg_13_26.vhd
Test: 377
/root/tools/ghdl_final/bin/ghdl -a --std=93c vhdl-93/ashenden/compliant/ch_14_ch_14_01.vhd
Test: 378
/root/tools/ghdl_final/bin/ghdl -a --std=93c --work=cell_lib vhdl-93/ashenden/compliant/ch_14_fg_14_01.vhd
Test: 379
/root/tools/ghdl_final/bin/ghdl -a --std=93c vhdl-93/ashenden/compliant/ch_14_fg_14_01.vhd
Test: 380
/root/tools/ghdl_final/bin/ghdl -a --std=93c vhdl-93/ashenden/compliant/ch_14_fg_14_02.vhd
Test: 381
/root/tools/ghdl_final/bin/ghdl -a --std=93c vhdl-93/ashenden/compliant/ch_14_fg_14_04.vhd
create library: chip_lib
Test: 382
/root/tools/ghdl_final/bin/ghdl -a --std=93c --work=chip_lib vhdl-93/ashenden/compliant/ch_14_fg_14_04.vhd
Test: 383
/root/tools/ghdl_final/bin/ghdl -a --std=93c vhdl-93/ashenden/compliant/ch_14_fg_14_06.vhd
Test: 384
/root/tools/ghdl_final/bin/ghdl -a --std=93c vhdl-93/ashenden/compliant/ch_14_fg_14_08.vhd
Test: 385
/root/tools/ghdl_final/bin/ghdl -a --std=93c vhdl-93/ashenden/compliant/ch_14_fg_14_09.vhd
Test: 386
/root/tools/ghdl_final/bin/ghdl -a --std=93c vhdl-93/ashenden/compliant/ch_14_fg_14_10.vhd
Test: 387
/root/tools/ghdl_final/bin/ghdl -a --std=93c vhdl-93/ashenden/compliant/ch_14_fg_14_11.vhd
Test: 388
/root/tools/ghdl_final/bin/ghdl -a --std=93c --work=chip_lib vhdl-93/ashenden/compliant/ch_14_fg_14_12.vhd
delete library: work
/root/tools/ghdl_final/bin/ghdl --remove --std=93c --work=work
Test: 389
/root/tools/ghdl_final/bin/ghdl -a --std=93c vhdl-93/ashenden/compliant/ch_15_dlxt.vhd
Test: 390
/root/tools/ghdl_final/bin/ghdl -a --std=93c vhdl-93/ashenden/compliant/ch_15_alut.vhd
Test: 391
/root/tools/ghdl_final/bin/ghdl -a --std=93c vhdl-93/ashenden/compliant/ch_15_dlxi.vhd
Test: 392
/root/tools/ghdl_final/bin/ghdl -a --std=93c vhdl-93/ashenden/compliant/ch_15_dlxi-b.vhd
Test: 393
/root/tools/ghdl_final/bin/ghdl -a --std=93c vhdl-93/ashenden/compliant/ch_15_rft.vhd
Test: 394
/root/tools/ghdl_final/bin/ghdl -a --std=93c vhdl-93/ashenden/compliant/ch_15_latch.vhd
Test: 395
/root/tools/ghdl_final/bin/ghdl -a --std=93c vhdl-93/ashenden/compliant/ch_15_latch-b.vhd
Test: 396
/root/tools/ghdl_final/bin/ghdl -a --std=93c vhdl-93/ashenden/compliant/ch_15_alu.vhd
Test: 397
/root/tools/ghdl_final/bin/ghdl -a --std=93c vhdl-93/ashenden/compliant/ch_15_alu-b.vhd
Test: 398
/root/tools/ghdl_final/bin/ghdl -a --std=93c vhdl-93/ashenden/compliant/ch_15_cg.vhd
Test: 399
/root/tools/ghdl_final/bin/ghdl -a --std=93c vhdl-93/ashenden/compliant/ch_15_cg-b.vhd
Test: 400
/root/tools/ghdl_final/bin/ghdl -a --std=93c vhdl-93/ashenden/compliant/ch_15_rf.vhd
Test: 401
/root/tools/ghdl_final/bin/ghdl -a --std=93c vhdl-93/ashenden/compliant/ch_15_rf-b.vhd
Test: 402
/root/tools/ghdl_final/bin/ghdl -a --std=93c vhdl-93/ashenden/compliant/ch_15_crtl.vhd
Test: 403
/root/tools/ghdl_final/bin/ghdl -a --std=93c vhdl-93/ashenden/compliant/ch_15_ctrl-b.vhd
Test: 404
/root/tools/ghdl_final/bin/ghdl -a --std=93c vhdl-93/ashenden/compliant/ch_15_regm.vhd
Test: 405
/root/tools/ghdl_final/bin/ghdl -a --std=93c vhdl-93/ashenden/compliant/ch_15_regm-b.vhd
Test: 406
/root/tools/ghdl_final/bin/ghdl -a --std=93c vhdl-93/ashenden/compliant/ch_15_regmpr.vhd
Test: 407
/root/tools/ghdl_final/bin/ghdl -a --std=93c vhdl-93/ashenden/compliant/ch_15_regmpr-b.vhd
Test: 408
/root/tools/ghdl_final/bin/ghdl -a --std=93c vhdl-93/ashenden/compliant/ch_15_ire.vhd
Test: 409
/root/tools/ghdl_final/bin/ghdl -a --std=93c vhdl-93/ashenden/compliant/ch_15_ire-b.vhd
Test: 410
/root/tools/ghdl_final/bin/ghdl -a --std=93c vhdl-93/ashenden/compliant/ch_15_dlx.vhd
Test: 411
/root/tools/ghdl_final/bin/ghdl -a --std=93c vhdl-93/ashenden/compliant/ch_15_dlx-b.vhd
Test: 412
/root/tools/ghdl_final/bin/ghdl -a --std=93c vhdl-93/ashenden/compliant/ch_15_dlx-r.vhd
Test: 413
/root/tools/ghdl_final/bin/ghdl -a --std=93c vhdl-93/ashenden/compliant/ch_15_regmp.vhd
Test: 414
/root/tools/ghdl_final/bin/ghdl -a --std=93c vhdl-93/ashenden/compliant/ch_15_regmp-b.vhd
Test: 415
/root/tools/ghdl_final/bin/ghdl -a --std=93c vhdl-93/ashenden/compliant/ch_15_mux2.vhd
Test: 416
/root/tools/ghdl_final/bin/ghdl -a --std=93c vhdl-93/ashenden/compliant/ch_15_mux2-b.vhd
Test: 417
/root/tools/ghdl_final/bin/ghdl -a --std=93c vhdl-93/ashenden/compliant/ch_15_dlxr.vhd
Test: 418
/root/tools/ghdl_final/bin/ghdl -a --std=93c vhdl-93/ashenden/compliant/ch_15_mem.vhd
Test: 419
/root/tools/ghdl_final/bin/ghdl -a --std=93c vhdl-93/ashenden/compliant/ch_15_mem-pl.vhd
Test: 420
/root/tools/ghdl_final/bin/ghdl -a --std=93c vhdl-93/ashenden/compliant/ch_15_mem-fl.vhd
Test: 421
/root/tools/ghdl_final/bin/ghdl -a --std=93c vhdl-93/ashenden/compliant/ch_15_dlxtst.vhd
Test: 422
/root/tools/ghdl_final/bin/ghdl -a --std=93c vhdl-93/ashenden/compliant/ch_15_dlxtst-b.vhd
Test: 423
/root/tools/ghdl_final/bin/ghdl -a --std=93c vhdl-93/ashenden/compliant/ch_15_dlxtst-v.vhd
Test: 424
/root/tools/ghdl_final/bin/ghdl -a --std=93c vhdl-93/ashenden/compliant/ch_15_dlxtstb.vhd
Test: 425
/root/tools/ghdl_final/bin/ghdl -a --std=93c vhdl-93/ashenden/compliant/ch_15_dlxtstr.vhd
Test: 426
/root/tools/ghdl_final/bin/ghdl -a --std=93c vhdl-93/ashenden/compliant/ch_15_dlxstsv.vhd
delete library: work
/root/tools/ghdl_final/bin/ghdl --remove --std=93c --work=work
Test: 427
/root/tools/ghdl_final/bin/ghdl -a --std=93c vhdl-93/ashenden/compliant/ch_16_ch_16_01.vhd
Test: 428
/root/tools/ghdl_final/bin/ghdl -a --std=93c vhdl-93/ashenden/compliant/ch_16_ch_16_02.vhd
Test: 429
/root/tools/ghdl_final/bin/ghdl -a --std=93c vhdl-93/ashenden/compliant/ch_16_ch_16_03.vhd
Test: 430
/root/tools/ghdl_final/bin/ghdl -a --std=93c vhdl-93/ashenden/compliant/ch_16_ch_16_04.vhd
Test: 431
/root/tools/ghdl_final/bin/ghdl -a --std=93c vhdl-93/ashenden/compliant/ch_16_ch_16_05.vhd
Test: 432
/root/tools/ghdl_final/bin/ghdl -a --std=93c vhdl-93/ashenden/compliant/ch_16_ch_16_06.vhd
Test: 433
/root/tools/ghdl_final/bin/ghdl -a --std=93c vhdl-93/ashenden/compliant/ch_16_fg_16_01.vhd
Test: 434
/root/tools/ghdl_final/bin/ghdl -a --std=93c vhdl-93/ashenden/compliant/ch_16_fg_16_02.vhd
Test: 435
/root/tools/ghdl_final/bin/ghdl -a --std=93c vhdl-93/ashenden/compliant/ch_16_fg_16_04.vhd
Test: 436
/root/tools/ghdl_final/bin/ghdl -a --std=93c vhdl-93/ashenden/compliant/ch_16_fg_16_05.vhd
Test: 437
/root/tools/ghdl_final/bin/ghdl -a --std=93c vhdl-93/ashenden/compliant/ch_16_fg_16_06.vhd
Test: 438
/root/tools/ghdl_final/bin/ghdl -a --std=93c vhdl-93/ashenden/compliant/ch_16_fg_16_07.vhd
Test: 439
/root/tools/ghdl_final/bin/ghdl -a --std=93c vhdl-93/ashenden/compliant/ch_16_fg_16_08.vhd
Test: 440
/root/tools/ghdl_final/bin/ghdl -a --std=93c vhdl-93/ashenden/compliant/ch_16_fg_16_09.vhd
Test: 441
/root/tools/ghdl_final/bin/ghdl -a --std=93c vhdl-93/ashenden/compliant/ch_16_fg_16_10.vhd
Test: 442
/root/tools/ghdl_final/bin/ghdl -a --std=93c vhdl-93/ashenden/compliant/ch_16_fg_16_12.vhd
Test: 443
/root/tools/ghdl_final/bin/ghdl -a --std=93c vhdl-93/ashenden/compliant/ch_16_fg_16_13.vhd
Test: 444
/root/tools/ghdl_final/bin/ghdl -a --std=93c vhdl-93/ashenden/compliant/ch_16_fg_16_14.vhd
Test: 445
/root/tools/ghdl_final/bin/ghdl -a --std=93c vhdl-93/ashenden/compliant/ch_16_fg_16_15.vhd
Test: 446
/root/tools/ghdl_final/bin/ghdl -a --std=93c vhdl-93/ashenden/compliant/ch_16_fg_16_16.vhd
delete library: work
/root/tools/ghdl_final/bin/ghdl --remove --std=93c --work=work
Test: 447
/root/tools/ghdl_final/bin/ghdl -a --std=93c vhdl-93/ashenden/compliant/ch_17_ch_17_01.vhd
Test: 448
/root/tools/ghdl_final/bin/ghdl -a --std=93c vhdl-93/ashenden/compliant/ch_17_ch_17_02.vhd
Test: 449
/root/tools/ghdl_final/bin/ghdl -a --std=93c vhdl-93/ashenden/compliant/ch_17_ch_17_03.vhd
Test: 450
/root/tools/ghdl_final/bin/ghdl -a --std=93c vhdl-93/ashenden/compliant/ch_17_ch_17_04.vhd
Test: 451
/root/tools/ghdl_final/bin/ghdl -a --std=93c vhdl-93/ashenden/compliant/ch_17_ch_17_05.vhd
Test: 452
/root/tools/ghdl_final/bin/ghdl -a --std=93c vhdl-93/ashenden/compliant/ch_17_ch_17_07.vhd
Test: 453
/root/tools/ghdl_final/bin/ghdl -a --std=93c vhdl-93/ashenden/compliant/ch_17_ch_17_08.vhd
Test: 454
/root/tools/ghdl_final/bin/ghdl -a --std=93c vhdl-93/ashenden/compliant/ch_17_ch_17_09.vhd
Test: 455
/root/tools/ghdl_final/bin/ghdl -a --std=93c vhdl-93/ashenden/compliant/ch_17_fg_17_05.vhd
Test: 456
/root/tools/ghdl_final/bin/ghdl -a --std=93c vhdl-93/ashenden/compliant/ch_17_fg_17_07.vhd
Test: 457
/root/tools/ghdl_final/bin/ghdl -a --std=93c vhdl-93/ashenden/compliant/ch_17_fg_17_08.vhd
Test: 458
/root/tools/ghdl_final/bin/ghdl -a --std=93c vhdl-93/ashenden/compliant/ch_17_fg_17_09.vhd
Test: 459
/root/tools/ghdl_final/bin/ghdl -a --std=93c vhdl-93/ashenden/compliant/ch_17_fg_17_11.vhd
Test: 460
/root/tools/ghdl_final/bin/ghdl -a --std=93c vhdl-93/ashenden/compliant/ch_17_fg_17_13.vhd
delete library: work
/root/tools/ghdl_final/bin/ghdl --remove --std=93c --work=work
Test: 461
/root/tools/ghdl_final/bin/ghdl -a --std=93c vhdl-93/ashenden/compliant/ch_18_ch_18_01.vhd
Test: 462
/root/tools/ghdl_final/bin/ghdl -a --std=93c vhdl-93/ashenden/compliant/ch_18_ch_18_02.vhd
Test: 463
/root/tools/ghdl_final/bin/ghdl -a --std=93c vhdl-93/ashenden/compliant/ch_18_ch_18_03.vhd
Test: 464
/root/tools/ghdl_final/bin/ghdl -a --std=93c vhdl-93/ashenden/compliant/ch_18_ch_18_04.vhd
Test: 465
/root/tools/ghdl_final/bin/ghdl -a --std=93c vhdl-93/ashenden/compliant/ch_18_ch_18_05.vhd
Test: 466
/root/tools/ghdl_final/bin/ghdl -a --std=93c vhdl-93/ashenden/compliant/ch_18_ch_18_06.vhd
Test: 467
/root/tools/ghdl_final/bin/ghdl -a --std=93c vhdl-93/ashenden/compliant/ch_18_ch_18_08.vhd
Test: 468
/root/tools/ghdl_final/bin/ghdl -a --std=93c vhdl-93/ashenden/compliant/ch_18_ch_18_09.vhd
Test: 469
/root/tools/ghdl_final/bin/ghdl -a --std=93c vhdl-93/ashenden/compliant/ch_18_ch_18_10.vhd
Test: 470
/root/tools/ghdl_final/bin/ghdl -a --std=93c vhdl-93/ashenden/compliant/ch_18_fg_18_01.vhd
Test: 471
/root/tools/ghdl_final/bin/ghdl -a --std=93c vhdl-93/ashenden/compliant/ch_18_fg_18_02.vhd
Test: 472
/root/tools/ghdl_final/bin/ghdl -a --std=93c vhdl-93/ashenden/compliant/ch_18_fg_18_03.vhd
Test: 473
/root/tools/ghdl_final/bin/ghdl -a --std=93c vhdl-93/ashenden/compliant/ch_18_fg_18_04.vhd
Test: 474
/root/tools/ghdl_final/bin/ghdl -a --std=93c vhdl-93/ashenden/compliant/ch_18_fg_18_05.vhd
Test: 475
/root/tools/ghdl_final/bin/ghdl -a --std=93c vhdl-93/ashenden/compliant/ch_18_fg_18_06.vhd
Test: 476
/root/tools/ghdl_final/bin/ghdl -a --std=93c vhdl-93/ashenden/compliant/ch_18_fg_18_07.vhd
Test: 477
/root/tools/ghdl_final/bin/ghdl -a --std=93c vhdl-93/ashenden/compliant/ch_18_fg_18_08.vhd
Test: 478
/root/tools/ghdl_final/bin/ghdl -a --std=93c vhdl-93/ashenden/compliant/ch_18_fg_18_10.vhd
Test: 479
/root/tools/ghdl_final/bin/ghdl -a --std=93c vhdl-93/ashenden/compliant/ch_18_fg_18_11.vhd
delete library: work
/root/tools/ghdl_final/bin/ghdl --remove --std=93c --work=work
create library: math
Test: 480
/root/tools/ghdl_final/bin/ghdl -a --std=93c --work=math vhdl-93/ashenden/compliant/math_real.vhd
create library: qsim
Test: 481
/root/tools/ghdl_final/bin/ghdl -a --std=93c --work=qsim vhdl-93/ashenden/compliant/ch_19_qsimt.vhd
Test: 482
/root/tools/ghdl_final/bin/ghdl -a --std=93c --work=qsim vhdl-93/ashenden/compliant/ch_19_qsimt-b.vhd
Test: 483
/root/tools/ghdl_final/bin/ghdl -a --std=93c --work=qsim vhdl-93/ashenden/compliant/ch_19_qt.vhd
Test: 484
/root/tools/ghdl_final/bin/ghdl -a --std=93c --work=qsim vhdl-93/ashenden/compliant/ch_19_wtfifo.vhd
Test: 485
/root/tools/ghdl_final/bin/ghdl -a --std=93c --work=qsim vhdl-93/ashenden/compliant/ch_19_wtfifo-b.vhd
Test: 486
/root/tools/ghdl_final/bin/ghdl -a --std=93c --work=qsim vhdl-93/ashenden/compliant/ch_19_tkfifo.vhd
Test: 487
/root/tools/ghdl_final/bin/ghdl -a --std=93c --work=qsim vhdl-93/ashenden/compliant/ch_19_tkfifo-b.vhd
create library: random
Test: 488
/root/tools/ghdl_final/bin/ghdl -a --std=93c --work=random vhdl-93/ashenden/compliant/ch_19_random.vhd
Test: 489
/root/tools/ghdl_final/bin/ghdl -a --std=93c --work=qsim vhdl-93/ashenden/compliant/ch_19_source.vhd
Test: 490
/root/tools/ghdl_final/bin/ghdl -a --std=93c --work=qsim vhdl-93/ashenden/compliant/ch_19_source-b.vhd
Test: 491
/root/tools/ghdl_final/bin/ghdl -a --std=93c --work=qsim vhdl-93/ashenden/compliant/ch_19_sink.vhd
Test: 492
/root/tools/ghdl_final/bin/ghdl -a --std=93c --work=qsim vhdl-93/ashenden/compliant/ch_19_sink-b.vhd
Test: 493
/root/tools/ghdl_final/bin/ghdl -a --std=93c --work=qsim vhdl-93/ashenden/compliant/ch_19_queue.vhd
Test: 494
/root/tools/ghdl_final/bin/ghdl -a --std=93c --work=qsim vhdl-93/ashenden/compliant/ch_19_queue-b.vhd
Test: 495
/root/tools/ghdl_final/bin/ghdl -a --std=93c --work=qsim vhdl-93/ashenden/compliant/ch_19_srvr.vhd
Test: 496
/root/tools/ghdl_final/bin/ghdl -a --std=93c --work=qsim vhdl-93/ashenden/compliant/ch_19_srvr-b.vhd
Test: 497
/root/tools/ghdl_final/bin/ghdl -a --std=93c --work=qsim vhdl-93/ashenden/compliant/ch_19_fork.vhd
Test: 498
/root/tools/ghdl_final/bin/ghdl -a --std=93c --work=qsim vhdl-93/ashenden/compliant/ch_19_fork-b.vhd
Test: 499
/root/tools/ghdl_final/bin/ghdl -a --std=93c --work=qsim vhdl-93/ashenden/compliant/ch_19_join.vhd
Test: 500
/root/tools/ghdl_final/bin/ghdl -a --std=93c --work=qsim vhdl-93/ashenden/compliant/ch_19_join-b.vhd
Test: 501
/root/tools/ghdl_final/bin/ghdl -a --std=93c vhdl-93/ashenden/compliant/ch_19_ds.vhd
Test: 502
/root/tools/ghdl_final/bin/ghdl -a --std=93c vhdl-93/ashenden/compliant/ch_19_tb.vhd
Test: 503
/root/tools/ghdl_final/bin/ghdl -a --std=93c vhdl-93/ashenden/compliant/ch_19_tb-src.vhd
Test: 504
/root/tools/ghdl_final/bin/ghdl -a --std=93c vhdl-93/ashenden/compliant/ch_19_tb-snk.vhd
Test: 505
/root/tools/ghdl_final/bin/ghdl -a --std=93c vhdl-93/ashenden/compliant/ch_19_tb-frk.vhd
Test: 506
/root/tools/ghdl_final/bin/ghdl -a --std=93c vhdl-93/ashenden/compliant/ch_19_tb-jn.vhd
Test: 507
/root/tools/ghdl_final/bin/ghdl -a --std=93c vhdl-93/ashenden/compliant/ch_19_tb-qs.vhd
Test: 508
/root/tools/ghdl_final/bin/ghdl -a --std=93c vhdl-93/ashenden/compliant/ch_19_tb-jnsth.vhd
delete library: math
/root/tools/ghdl_final/bin/ghdl --remove --std=93c --work=math
delete library: work
/root/tools/ghdl_final/bin/ghdl --remove --std=93c --work=work
Test: 509
/root/tools/ghdl_final/bin/ghdl -a --std=93c --work=utilities vhdl-93/ashenden/compliant/ch_20_ch_20_01.vhd
Test: 510
/root/tools/ghdl_final/bin/ghdl -a --std=93c vhdl-93/ashenden/compliant/ch_20_ch_20_03.vhd
Test: 511
/root/tools/ghdl_final/bin/ghdl -a --std=93c vhdl-93/ashenden/compliant/ch_20_ch_20_04.vhd
Test: 512
/root/tools/ghdl_final/bin/ghdl -a --std=93c vhdl-93/ashenden/compliant/ch_20_ch_20_05.vhd
Test: 513
/root/tools/ghdl_final/bin/ghdl -a --std=93c vhdl-93/ashenden/compliant/ch_20_ch_20_06.vhd
Test: 514
/root/tools/ghdl_final/bin/ghdl -a --std=93c vhdl-93/ashenden/compliant/ch_20_ch_20_08.vhd
Test: 515
/root/tools/ghdl_final/bin/ghdl -a --std=93c vhdl-93/ashenden/compliant/ch_20_ch_20_09.vhd
Test: 516
/root/tools/ghdl_final/bin/ghdl -a --std=93c vhdl-93/ashenden/compliant/ch_20_ch_20_07.vhd
Test: 517
/root/tools/ghdl_final/bin/ghdl -a --std=93c vhdl-93/ashenden/compliant/ch_20_ch_20_11.vhd
Test: 518
/root/tools/ghdl_final/bin/ghdl -a --std=93c vhdl-93/ashenden/compliant/ch_20_fg_20_05.vhd
Test: 519
/root/tools/ghdl_final/bin/ghdl -a --std=93c --work=project vhdl-93/ashenden/compliant/ch_20_fg_20_06.vhd
Test: 520
/root/tools/ghdl_final/bin/ghdl -a --std=93c vhdl-93/ashenden/compliant/ch_20_ch_20_02.vhd
Test: 521
/root/tools/ghdl_final/bin/ghdl -a --std=93c vhdl-93/ashenden/compliant/ch_20_fg_20_09.vhd
Test: 522
/root/tools/ghdl_final/bin/ghdl -a --std=93c vhdl-93/ashenden/compliant/ch_20_fg_20_07.vhd
Test: 523
/root/tools/ghdl_final/bin/ghdl -a --std=93c vhdl-93/ashenden/compliant/ch_20_fg_20_11.vhd
Test: 524
/root/tools/ghdl_final/bin/ghdl -a --std=93c vhdl-93/ashenden/compliant/ch_20_fg_20_12.vhd
Test: 525
/root/tools/ghdl_final/bin/ghdl -a --std=93c vhdl-93/ashenden/compliant/ch_20_fg_20_13.vhd
Test: 526
/root/tools/ghdl_final/bin/ghdl -a --std=93c vhdl-93/ashenden/compliant/ch_20_fg_20_14.vhd
Test: 527
/root/tools/ghdl_final/bin/ghdl -a --std=93c vhdl-93/ashenden/compliant/ch_20_fg_20_15.vhd
Test: 528
/root/tools/ghdl_final/bin/ghdl -a --std=93c vhdl-93/ashenden/compliant/ch_20_fg_20_16.vhd
Test: 529
/root/tools/ghdl_final/bin/ghdl -a --std=93c vhdl-93/ashenden/compliant/ch_20_fg_20_17.vhd
Test: 530
/root/tools/ghdl_final/bin/ghdl -a --std=93c vhdl-93/ashenden/compliant/ch_20_fg_20_18.vhd
Test: 531
/root/tools/ghdl_final/bin/ghdl -a --std=93c vhdl-93/ashenden/compliant/ch_20_fg_20_20.vhd
delete library: work
/root/tools/ghdl_final/bin/ghdl --remove --std=93c --work=work
Test: 532
/root/tools/ghdl_final/bin/ghdl -a --std=93c vhdl-93/ashenden/compliant/ch_21_ch_21_01.vhd
Test: 533
/root/tools/ghdl_final/bin/ghdl -a --std=93c vhdl-93/ashenden/compliant/ch_21_ch_21_02.vhd
Test: 534
/root/tools/ghdl_final/bin/ghdl -a --std=93c vhdl-93/ashenden/compliant/ch_21_ch_21_03.vhd
Test: 535
/root/tools/ghdl_final/bin/ghdl -a --std=93c vhdl-93/ashenden/compliant/ch_21_fg_21_01.vhd
Test: 536
/root/tools/ghdl_final/bin/ghdl -a --std=93c vhdl-93/ashenden/compliant/ch_21_fg_21_02.vhd
Test: 537
/root/tools/ghdl_final/bin/ghdl -a --std=93c vhdl-93/ashenden/compliant/ch_21_fg_21_03.vhd
Test: 538
/root/tools/ghdl_final/bin/ghdl -a --std=93c vhdl-93/ashenden/compliant/ch_21_fg_21_04.vhd
Test: 539
/root/tools/ghdl_final/bin/ghdl -a --std=93c vhdl-93/ashenden/compliant/ch_21_fg_21_05.vhd
Test: 540
/root/tools/ghdl_final/bin/ghdl -a --std=93c vhdl-93/ashenden/compliant/ch_21_fg_21_06.vhd
delete library: work
/root/tools/ghdl_final/bin/ghdl --remove --std=93c --work=work
Test: 541
/root/tools/ghdl_final/bin/ghdl -a --std=93c vhdl-93/ashenden/compliant/ap_a_ap_a_01.vhd
Test: 542
/root/tools/ghdl_final/bin/ghdl -a --std=93c vhdl-93/ashenden/compliant/ap_a_ap_a_02.vhd
Test: 543
/root/tools/ghdl_final/bin/ghdl -a --std=93c vhdl-93/ashenden/compliant/ap_a_ap_a_03.vhd
Test: 544
/root/tools/ghdl_final/bin/ghdl -a --std=93c vhdl-93/ashenden/compliant/ap_a_ap_a_04.vhd
Test: 545
/root/tools/ghdl_final/bin/ghdl -a --std=93c vhdl-93/ashenden/compliant/ap_a_ap_a_05.vhd
Test: 546
/root/tools/ghdl_final/bin/ghdl -a --std=93c vhdl-93/ashenden/compliant/ap_a_ap_a_06.vhd
Test: 547
/root/tools/ghdl_final/bin/ghdl -a --std=93c vhdl-93/ashenden/compliant/ap_a_ap_a_07.vhd
Test: 548
/root/tools/ghdl_final/bin/ghdl -a --std=93c vhdl-93/ashenden/compliant/ap_a_ap_a_08.vhd
Test: 549
/root/tools/ghdl_final/bin/ghdl -a --std=93c vhdl-93/ashenden/compliant/ap_a_ap_a_09.vhd
Test: 550
/root/tools/ghdl_final/bin/ghdl -a --std=93c vhdl-93/ashenden/compliant/ap_a_ap_a_10.vhd
Test: 551
/root/tools/ghdl_final/bin/ghdl -a --std=93c vhdl-93/ashenden/compliant/ap_a_fg_a_01.vhd
Test: 552
/root/tools/ghdl_final/bin/ghdl -a --std=93c vhdl-93/ashenden/compliant/ap_a_fg_a_02.vhd
Test: 553
/root/tools/ghdl_final/bin/ghdl -a --std=93c vhdl-93/ashenden/compliant/ap_a_fg_a_03.vhd
Test: 554
/root/tools/ghdl_final/bin/ghdl -a --std=93c vhdl-93/ashenden/compliant/ap_a_fg_a_04.vhd
Test: 555
/root/tools/ghdl_final/bin/ghdl -a --std=93c vhdl-93/ashenden/compliant/ap_a_fg_a_05.vhd
Test: 556
/root/tools/ghdl_final/bin/ghdl -a --std=93c vhdl-93/ashenden/compliant/ap_a_fg_a_06.vhd
Test: 557
/root/tools/ghdl_final/bin/ghdl -a --std=93c vhdl-93/ashenden/compliant/ap_a_fg_a_07.vhd
Test: 558
/root/tools/ghdl_final/bin/ghdl -a --std=93c vhdl-93/ashenden/compliant/ap_a_fg_a_08.vhd
Test: 559
/root/tools/ghdl_final/bin/ghdl -a --std=93c vhdl-93/ashenden/compliant/ap_a_fg_a_09.vhd
Test: 560
/root/tools/ghdl_final/bin/ghdl -a --std=93c vhdl-93/ashenden/compliant/ap_a_fg_a_10.vhd
Test: 561
/root/tools/ghdl_final/bin/ghdl -a --std=93c vhdl-93/ashenden/compliant/ap_a_fg_a_11.vhd
delete library: work
/root/tools/ghdl_final/bin/ghdl --remove --std=93c --work=work
delete library: star_lib
/root/tools/ghdl_final/bin/ghdl --remove --std=93c --work=star_lib
delete library: widget_cells
/root/tools/ghdl_final/bin/ghdl --remove --std=93c --work=widget_cells
delete library: wasp_lib
/root/tools/ghdl_final/bin/ghdl --remove --std=93c --work=wasp_lib
delete library: chips
/root/tools/ghdl_final/bin/ghdl --remove --std=93c --work=chips
delete library: gate_lib
/root/tools/ghdl_final/bin/ghdl --remove --std=93c --work=gate_lib
delete library: cell_lib
/root/tools/ghdl_final/bin/ghdl --remove --std=93c --work=cell_lib
delete library: project_lib
/root/tools/ghdl_final/bin/ghdl --remove --std=93c --work=project_lib
delete library: chip_lib
/root/tools/ghdl_final/bin/ghdl --remove --std=93c --work=chip_lib
delete library: qsim
/root/tools/ghdl_final/bin/ghdl --remove --std=93c --work=qsim
delete library: bv_utilities
/root/tools/ghdl_final/bin/ghdl --remove --std=93c --work=bv_utilities
delete library: stimulus
/root/tools/ghdl_final/bin/ghdl --remove --std=93c --work=stimulus
delete library: work
/root/tools/ghdl_final/bin/ghdl --remove --std=93c --work=work
*** End of tests
Test: Ashenden:Non-compliant Cases 1076-1993
Test: 562
/root/tools/ghdl_final/bin/ghdl -a --std=93c vhdl-93/ashenden/non_compliant/ch_02_ch_02_01.vhd
/root/tools/ghdl_final/bin/ghdl --elab-run ch_02_01  --assert-level=error
Test: 563
/root/tools/ghdl_final/bin/ghdl -a --std=93c vhdl-93/ashenden/non_compliant/ch_03_ch_03_09.vhd
/root/tools/ghdl_final/bin/ghdl --elab-run ch_03_09  --assert-level=error
Test: 564
/root/tools/ghdl_final/bin/ghdl -a --std=93c vhdl-93/ashenden/non_compliant/ch_03_ch_03_15.vhd
Test: 565
/root/tools/ghdl_final/bin/ghdl -a --std=93c vhdl-93/ashenden/non_compliant/ch_04_ch_04_03.vhd
/root/tools/ghdl_final/bin/ghdl --elab-run ch_04_03  --assert-level=error
Test: 566
/root/tools/ghdl_final/bin/ghdl -a --std=93c vhdl-93/ashenden/non_compliant/ch_04_ch_04_09.vhd
/root/tools/ghdl_final/bin/ghdl --elab-run ch_04_09  --assert-level=error
Test: 567
/root/tools/ghdl_final/bin/ghdl -a --std=93c vhdl-93/ashenden/non_compliant/ch_17_fg_17_12.vhd
Test: 568
/root/tools/ghdl_final/bin/ghdl -a --std=93c vhdl-93/ashenden/non_compliant/ch_17_fg_17_14.vhd
Test: 569
/root/tools/ghdl_final/bin/ghdl -a --std=93c vhdl-93/ashenden/non_compliant/ch_17_fg_17_16.vhd
delete library: work
/root/tools/ghdl_final/bin/ghdl --remove --std=93c --work=work
*** End of tests
Test: Billowitch:Compliant Cases 1076-1993
Test: 570
/root/tools/ghdl_final/bin/ghdl -a --std=93c vhdl-93/billowitch/compliant/tc1.vhd
/root/tools/ghdl_final/bin/ghdl --elab-run c04s01b00x00p03n01i00001ent  --assert-level=error
Test: 571
/root/tools/ghdl_final/bin/ghdl -a --std=93c vhdl-93/billowitch/compliant/tc10.vhd
/root/tools/ghdl_final/bin/ghdl --elab-run c04s02b00x00p02n01i00010ent  --assert-level=error
Test: 572
/root/tools/ghdl_final/bin/ghdl -a --std=93c vhdl-93/billowitch/compliant/tc14.vhd
/root/tools/ghdl_final/bin/ghdl --elab-run c04s02b00x00p03n01i00014ent  --assert-level=error
Test: 573
/root/tools/ghdl_final/bin/ghdl -a --std=93c vhdl-93/billowitch/compliant/tc15.vhd
/root/tools/ghdl_final/bin/ghdl --elab-run c04s02b00x00p06n01i00015ent  --assert-level=error
Test: 574
/root/tools/ghdl_final/bin/ghdl -a --std=93c vhdl-93/billowitch/compliant/tc17.vhd
/root/tools/ghdl_final/bin/ghdl --elab-run c04s02b00x00p08n01i00017ent  --assert-level=error
Test: 575
/root/tools/ghdl_final/bin/ghdl -a --std=93c vhdl-93/billowitch/compliant/tc18.vhd
/root/tools/ghdl_final/bin/ghdl --elab-run c04s02b00x00p09n01i00018ent  --assert-level=error
Test: 576
/root/tools/ghdl_final/bin/ghdl -a --std=93c vhdl-93/billowitch/compliant/tc23.vhd
/root/tools/ghdl_final/bin/ghdl --elab-run c04s02b00x00p09n03i00023ent  --assert-level=error
delete library: work
/root/tools/ghdl_final/bin/ghdl --remove --std=93c --work=work
Test: 577
/root/tools/ghdl_final/bin/ghdl -a --std=93c vhdl-93/billowitch/compliant/tc24.vhd
/root/tools/ghdl_final/bin/ghdl --elab-run c04s02b00x00p10n01i00024ent  --assert-level=error
Test: 578
/root/tools/ghdl_final/bin/ghdl -a --std=93c vhdl-93/billowitch/compliant/tc25.vhd
/root/tools/ghdl_final/bin/ghdl --elab-run c04s02b00x00p10n02i00025ent  --assert-level=error
Test: 579
/root/tools/ghdl_final/bin/ghdl -a --std=93c vhdl-93/billowitch/compliant/tc26.vhd
/root/tools/ghdl_final/bin/ghdl --elab-run c04s02b00x00p10n02i00026ent  --assert-level=error
Test: 580
/root/tools/ghdl_final/bin/ghdl -a --std=93c vhdl-93/billowitch/compliant/tc27.vhd
/root/tools/ghdl_final/bin/ghdl --elab-run c04s02b00x00p10n04i00027ent  --assert-level=error
Test: 581
/root/tools/ghdl_final/bin/ghdl -a --std=93c vhdl-93/billowitch/compliant/tc29.vhd
/root/tools/ghdl_final/bin/ghdl --elab-run c04s02b00x00p12n01i00029ent  --assert-level=error
Test: 582
/root/tools/ghdl_final/bin/ghdl -a --std=93c vhdl-93/billowitch/compliant/tc30.vhd
/root/tools/ghdl_final/bin/ghdl --elab-run c04s03b00x00p14n04i00030ent  --assert-level=error
Test: 583
/root/tools/ghdl_final/bin/ghdl -a --std=93c vhdl-93/billowitch/compliant/tc31.vhd
/root/tools/ghdl_final/bin/ghdl --elab-run c04s03b01x01p01n01i00031ent  --assert-level=error
Test: 584
/root/tools/ghdl_final/bin/ghdl -a --std=93c vhdl-93/billowitch/compliant/tc32.vhd
/root/tools/ghdl_final/bin/ghdl --elab-run c04s03b01x01p01n01i00032ent  --assert-level=error
Test: 585
/root/tools/ghdl_final/bin/ghdl -a --std=93c vhdl-93/billowitch/compliant/tc33.vhd
/root/tools/ghdl_final/bin/ghdl --elab-run c04s03b01x01p01n01i00033ent  --assert-level=error
Test: 586
/root/tools/ghdl_final/bin/ghdl -a --std=93c vhdl-93/billowitch/compliant/tc35.vhd
/root/tools/ghdl_final/bin/ghdl --elab-run c04s03b01x01p01n01i00035ent  --assert-level=error
Test: 587
/root/tools/ghdl_final/bin/ghdl -a --std=93c vhdl-93/billowitch/compliant/tc36.vhd
/root/tools/ghdl_final/bin/ghdl --elab-run c04s03b01x01p02n01i00036ent  --assert-level=error
Test: 588
/root/tools/ghdl_final/bin/ghdl -a --std=93c vhdl-93/billowitch/compliant/tc37.vhd
/root/tools/ghdl_final/bin/ghdl --elab-run c04s03b01x01p02n01i00037ent  --assert-level=error
Test: 589
/root/tools/ghdl_final/bin/ghdl -a --std=93c vhdl-93/billowitch/compliant/tc38.vhd
/root/tools/ghdl_final/bin/ghdl --elab-run c04s03b01x01p02n01i00038ent  --assert-level=error
Test: 590
/root/tools/ghdl_final/bin/ghdl -a --std=93c vhdl-93/billowitch/compliant/tc39.vhd
/root/tools/ghdl_final/bin/ghdl --elab-run c04s03b01x01p02n01i00039ent  --assert-level=error
Test: 591
/root/tools/ghdl_final/bin/ghdl -a --std=93c vhdl-93/billowitch/compliant/tc40.vhd
/root/tools/ghdl_final/bin/ghdl --elab-run c04s03b01x01p02n01i00040ent  --assert-level=error
Test: 592
/root/tools/ghdl_final/bin/ghdl -a --std=93c vhdl-93/billowitch/compliant/tc41.vhd
/root/tools/ghdl_final/bin/ghdl --elab-run c04s03b01x01p02n01i00041ent  --assert-level=error
delete library: work
/root/tools/ghdl_final/bin/ghdl --remove --std=93c --work=work
Test: 593
/root/tools/ghdl_final/bin/ghdl -a --std=93c vhdl-93/billowitch/compliant/tc43.vhd
/root/tools/ghdl_final/bin/ghdl --elab-run c04s03b01x01p02n01i00043ent  --assert-level=error
Test: 594
/root/tools/ghdl_final/bin/ghdl -a --std=93c vhdl-93/billowitch/compliant/tc45.vhd
/root/tools/ghdl_final/bin/ghdl --elab-run c04s03b01x01p02n01i00045ent  --assert-level=error
Test: 595
/root/tools/ghdl_final/bin/ghdl -a --std=93c vhdl-93/billowitch/compliant/tc52.vhd
/root/tools/ghdl_final/bin/ghdl --elab-run c04s03b01x01p04n01i00052ent  --assert-level=error
Test: 596
/root/tools/ghdl_final/bin/ghdl -a --std=93c vhdl-93/billowitch/compliant/tc53.vhd
/root/tools/ghdl_final/bin/ghdl --elab-run c04s03b01x01p04n03i00053ent  --assert-level=error
Test: 597
/root/tools/ghdl_final/bin/ghdl -a --std=93c vhdl-93/billowitch/compliant/tc54.vhd
/root/tools/ghdl_final/bin/ghdl --elab-run c04s03b01x01p04n01i00054ent  --assert-level=error
Test: 598
/root/tools/ghdl_final/bin/ghdl -a --std=93c vhdl-93/billowitch/compliant/tc56.vhd
/root/tools/ghdl_final/bin/ghdl --elab-run c04s03b01x01p05n01i00056ent  --assert-level=error
Test: 599
/root/tools/ghdl_final/bin/ghdl -a --std=93c vhdl-93/billowitch/compliant/tc63.vhd
/root/tools/ghdl_final/bin/ghdl --elab-run c04s03b01x02p01n01i00063ent  --assert-level=error
Test: 600
/root/tools/ghdl_final/bin/ghdl -a --std=93c vhdl-93/billowitch/compliant/tc64.vhd
/root/tools/ghdl_final/bin/ghdl --elab-run c04s03b01x02p02n01i00064ent  --assert-level=error
Test: 601
/root/tools/ghdl_final/bin/ghdl -a --std=93c vhdl-93/billowitch/compliant/tc66.vhd
/root/tools/ghdl_final/bin/ghdl --elab-run c04s03b01x02p07n01i00066ent  --assert-level=error
Test: 602
/root/tools/ghdl_final/bin/ghdl -a --std=93c vhdl-93/billowitch/compliant/tc68.vhd
/root/tools/ghdl_final/bin/ghdl --elab-run c04s03b01x02p07n04i00068ent  --assert-level=error
Test: 603
/root/tools/ghdl_final/bin/ghdl -a --std=93c vhdl-93/billowitch/compliant/tc69.vhd
/root/tools/ghdl_final/bin/ghdl --elab-run c04s03b01x02p07n05i00069ent  --assert-level=error
Test: 604
/root/tools/ghdl_final/bin/ghdl -a --std=93c vhdl-93/billowitch/compliant/tc70.vhd
/root/tools/ghdl_final/bin/ghdl --elab-run c04s03b01x02p08n02i00070ent  --assert-level=error
Test: 605
/root/tools/ghdl_final/bin/ghdl -a --std=93c vhdl-93/billowitch/compliant/tc76.vhd
/root/tools/ghdl_final/bin/ghdl --elab-run c04s03b01x02p10n04i00076ent  --assert-level=error
Test: 606
/root/tools/ghdl_final/bin/ghdl -a --std=93c vhdl-93/billowitch/compliant/tc80.vhd
/root/tools/ghdl_final/bin/ghdl --elab-run c04s03b01x02p12n01i00080ent  --assert-level=error
Test: 607
/root/tools/ghdl_final/bin/ghdl -a --std=93c vhdl-93/billowitch/compliant/tc81.vhd
/root/tools/ghdl_final/bin/ghdl --elab-run c04s03b01x02p13n01i00081ent  --assert-level=error
Test: 608
/root/tools/ghdl_final/bin/ghdl -a --std=93c vhdl-93/billowitch/compliant/tc82.vhd
/root/tools/ghdl_final/bin/ghdl --elab-run c04s03b01x03p01n01i00082ent  --assert-level=error
delete library: work
/root/tools/ghdl_final/bin/ghdl --remove --std=93c --work=work
Test: 609
/root/tools/ghdl_final/bin/ghdl -a --std=93c vhdl-93/billowitch/compliant/tc83.vhd
/root/tools/ghdl_final/bin/ghdl --elab-run c04s03b01x03p02n01i00083ent  --assert-level=error
Test: 610
/root/tools/ghdl_final/bin/ghdl -a --std=93c vhdl-93/billowitch/compliant/tc84.vhd
/root/tools/ghdl_final/bin/ghdl --elab-run c04s03b01x03p02n01i00084ent  --assert-level=error
Test: 611
/root/tools/ghdl_final/bin/ghdl -a --std=93c vhdl-93/billowitch/compliant/tc86.vhd
/root/tools/ghdl_final/bin/ghdl --elab-run c04s03b01x03p05n02i00086ent  --assert-level=error
Test: 612
/root/tools/ghdl_final/bin/ghdl -a --std=93c vhdl-93/billowitch/compliant/tc87.vhd
/root/tools/ghdl_final/bin/ghdl --elab-run c04s03b01x03p05n02i00087ent  --assert-level=error
Test: 613
/root/tools/ghdl_final/bin/ghdl -a --std=93c vhdl-93/billowitch/compliant/tc88.vhd
/root/tools/ghdl_final/bin/ghdl --elab-run c04s03b01x03p05n02i00088ent  --assert-level=error
Test: 614
/root/tools/ghdl_final/bin/ghdl -a --std=93c vhdl-93/billowitch/compliant/tc90.vhd
/root/tools/ghdl_final/bin/ghdl --elab-run c04s03b02x00p01n01i00090ent  --assert-level=error
Test: 615
/root/tools/ghdl_final/bin/ghdl -a --std=93c vhdl-93/billowitch/compliant/tc91.vhd
/root/tools/ghdl_final/bin/ghdl --elab-run c04s03b02x00p01n01i00091ent  --assert-level=error
Test: 616
/root/tools/ghdl_final/bin/ghdl -a --std=93c vhdl-93/billowitch/compliant/tc98.vhd
/root/tools/ghdl_final/bin/ghdl --elab-run c04s03b02x00p29n02i00098ent  --assert-level=error
Test: 617
/root/tools/ghdl_final/bin/ghdl -a --std=93c vhdl-93/billowitch/compliant/tc99.vhd
/root/tools/ghdl_final/bin/ghdl --elab-run c04s03b02x00p29n02i00099ent  --assert-level=error
Test: 618
/root/tools/ghdl_final/bin/ghdl -a --std=93c vhdl-93/billowitch/compliant/tc100.vhd
Cannot elaborate or run : no top level entity
Test: 619
/root/tools/ghdl_final/bin/ghdl -a --std=93c vhdl-93/billowitch/compliant/tc110.vhd
Cannot elaborate or run : no top level entity
Test: 620
/root/tools/ghdl_final/bin/ghdl -a --std=93c vhdl-93/billowitch/compliant/tc111.vhd
/root/tools/ghdl_final/bin/ghdl --elab-run c04s03b02x00p29n06i00111ent  --assert-level=error
Test: 621
/root/tools/ghdl_final/bin/ghdl -a --std=93c vhdl-93/billowitch/compliant/tc113.vhd
Cannot elaborate or run : no top level entity
Test: 622
/root/tools/ghdl_final/bin/ghdl -a --std=93c vhdl-93/billowitch/compliant/tc114.vhd
Cannot elaborate or run : no top level entity
Test: 623
/root/tools/ghdl_final/bin/ghdl -a --std=93c vhdl-93/billowitch/compliant/tc115.vhd
Cannot elaborate or run : no top level entity
Test: 624
/root/tools/ghdl_final/bin/ghdl -a --std=93c vhdl-93/billowitch/compliant/tc116.vhd
/root/tools/ghdl_final/bin/ghdl --elab-run c04s03b02x00p29n10i00116ent  --assert-level=error
delete library: work
/root/tools/ghdl_final/bin/ghdl --remove --std=93c --work=work
Test: 625
/root/tools/ghdl_final/bin/ghdl -a --std=93c vhdl-93/billowitch/compliant/tc117.vhd
Cannot elaborate or run : no top level entity
Test: 626
/root/tools/ghdl_final/bin/ghdl -a --std=93c vhdl-93/billowitch/compliant/tc118.vhd
Cannot elaborate or run : no top level entity
Test: 627
/root/tools/ghdl_final/bin/ghdl -a --std=93c vhdl-93/billowitch/compliant/tc119.vhd
Cannot elaborate or run : no top level entity
Test: 628
/root/tools/ghdl_final/bin/ghdl -a --std=93c vhdl-93/billowitch/compliant/tc131.vhd
/root/tools/ghdl_final/bin/ghdl --elab-run c04s03b02x01p04n01i00131ent  --assert-level=error
Test: 629
/root/tools/ghdl_final/bin/ghdl -a --std=93c vhdl-93/billowitch/compliant/tc133.vhd
/root/tools/ghdl_final/bin/ghdl --elab-run c04s03b02x02p08n01i00133ent  --assert-level=error
Test: 630
/root/tools/ghdl_final/bin/ghdl -a --std=93c vhdl-93/billowitch/compliant/tc134.vhd
/root/tools/ghdl_final/bin/ghdl --elab-run c04s03b02x02p08n01i00134ent  --assert-level=error
Test: 631
/root/tools/ghdl_final/bin/ghdl -a --std=93c vhdl-93/billowitch/compliant/tc135.vhd
/root/tools/ghdl_final/bin/ghdl --elab-run c04s03b02x02p08n01i00135ent  --assert-level=error
Test: 632
/root/tools/ghdl_final/bin/ghdl -a --std=93c vhdl-93/billowitch/compliant/tc136.vhd
/root/tools/ghdl_final/bin/ghdl --elab-run c04s03b02x02p08n01i00136ent  --assert-level=error
Test: 633
/root/tools/ghdl_final/bin/ghdl -a --std=93c vhdl-93/billowitch/compliant/tc137.vhd
/root/tools/ghdl_final/bin/ghdl --elab-run c04s03b02x02p08n01i00137ent  --assert-level=error
Test: 634
/root/tools/ghdl_final/bin/ghdl -a --std=93c vhdl-93/billowitch/compliant/tc138.vhd
/root/tools/ghdl_final/bin/ghdl --elab-run c04s03b02x02p09n01i00138ent  --assert-level=error
Test: 635
/root/tools/ghdl_final/bin/ghdl -a --std=93c vhdl-93/billowitch/compliant/tc141.vhd
/root/tools/ghdl_final/bin/ghdl --elab-run c04s03b02x02p09n01i00141ent  --assert-level=error
Test: 636
/root/tools/ghdl_final/bin/ghdl -a --std=93c vhdl-93/billowitch/compliant/tc143.vhd
Cannot elaborate or run : no top level entity
Test: 637
/root/tools/ghdl_final/bin/ghdl -a --std=93c vhdl-93/billowitch/compliant/tc146.vhd
/root/tools/ghdl_final/bin/ghdl --elab-run c04s03b02x02p12n01i00146ent  --assert-level=error
Test: 638
/root/tools/ghdl_final/bin/ghdl -a --std=93c vhdl-93/billowitch/compliant/tc147.vhd
Cannot elaborate or run : no top level entity
Test: 639
/root/tools/ghdl_final/bin/ghdl -a --std=93c vhdl-93/billowitch/compliant/tc148.vhd
/root/tools/ghdl_final/bin/ghdl --elab-run c04s03b02x02p14n01i00148ent  --assert-level=error
Test: 640
/root/tools/ghdl_final/bin/ghdl -a --std=93c vhdl-93/billowitch/compliant/tc149.vhd
Cannot elaborate or run : no top level entity
delete library: work
/root/tools/ghdl_final/bin/ghdl --remove --std=93c --work=work
Test: 641
/root/tools/ghdl_final/bin/ghdl -a --std=93c vhdl-93/billowitch/compliant/tc150.vhd
/root/tools/ghdl_final/bin/ghdl --elab-run c04s03b02x02p14n01i00150ent  --assert-level=error
Test: 642
/root/tools/ghdl_final/bin/ghdl -a --std=93c vhdl-93/billowitch/compliant/tc154.vhd
/root/tools/ghdl_final/bin/ghdl --elab-run c04s03b02x02p16n01i00154ent  --assert-level=error
Test: 643
/root/tools/ghdl_final/bin/ghdl -a --std=93c vhdl-93/billowitch/compliant/tc157.vhd
/root/tools/ghdl_final/bin/ghdl --elab-run c04s03b02x02p18n01i00157ent  --assert-level=error
Test: 644
/root/tools/ghdl_final/bin/ghdl -a --std=93c vhdl-93/billowitch/compliant/tc158.vhd
/root/tools/ghdl_final/bin/ghdl --elab-run c04s03b02x02p19n01i00158ent  --assert-level=error
Test: 645
/root/tools/ghdl_final/bin/ghdl -a --std=93c vhdl-93/billowitch/compliant/tc162.vhd
/root/tools/ghdl_final/bin/ghdl --elab-run c04s03b02x02p20n02i00162ent  --assert-level=error
Test: 646
/root/tools/ghdl_final/bin/ghdl -a --std=93c vhdl-93/billowitch/compliant/tc163.vhd
/root/tools/ghdl_final/bin/ghdl --elab-run c04s03b02x02p20n01i00163ent  --assert-level=error
Test: 647
/root/tools/ghdl_final/bin/ghdl -a --std=93c vhdl-93/billowitch/compliant/tc164.vhd
/root/tools/ghdl_final/bin/ghdl --elab-run c04s03b02x02p23n01i00164ent  --assert-level=error
Test: 648
/root/tools/ghdl_final/bin/ghdl -a --std=93c vhdl-93/billowitch/compliant/tc166.vhd
/root/tools/ghdl_final/bin/ghdl --elab-run c04s03b03x00p01n01i00166ent  --assert-level=error
Test: 649
/root/tools/ghdl_final/bin/ghdl -a --std=93c vhdl-93/billowitch/compliant/tc167.vhd
/root/tools/ghdl_final/bin/ghdl --elab-run c04s03b03x00p01n01i00167ent  --assert-level=error
Test: 650
/root/tools/ghdl_final/bin/ghdl -a --std=93c vhdl-93/billowitch/compliant/tc168.vhd
/root/tools/ghdl_final/bin/ghdl --elab-run c04s03b03x00p01n01i00168ent  --assert-level=error
Test: 651
/root/tools/ghdl_final/bin/ghdl -a --std=93c vhdl-93/billowitch/compliant/tc169.vhd
/root/tools/ghdl_final/bin/ghdl --elab-run c04s03b03x00p01n01i00169ent  --assert-level=error
Test: 652
/root/tools/ghdl_final/bin/ghdl -a --std=93c vhdl-93/billowitch/compliant/tc171.vhd
Cannot elaborate or run : no top level entity
Test: 653
/root/tools/ghdl_final/bin/ghdl -a --std=93c vhdl-93/billowitch/compliant/tc172.vhd
/root/tools/ghdl_final/bin/ghdl --elab-run c04s03b03x01p03n02i00172ent  --assert-level=error
Test: 654
/root/tools/ghdl_final/bin/ghdl -a --std=93c vhdl-93/billowitch/compliant/tc173.vhd
/root/tools/ghdl_final/bin/ghdl --elab-run c04s03b03x01p03n02i00173ent  --assert-level=error
Test: 655
/root/tools/ghdl_final/bin/ghdl -a --std=93c vhdl-93/billowitch/compliant/tc176.vhd
/root/tools/ghdl_final/bin/ghdl --elab-run c04s03b03x01p03n02i00176ent  --assert-level=error
Test: 656
/root/tools/ghdl_final/bin/ghdl -a --std=93c vhdl-93/billowitch/compliant/tc179.vhd
/root/tools/ghdl_final/bin/ghdl --elab-run c04s04b00x00p02n01i00179ent  --assert-level=error
delete library: work
/root/tools/ghdl_final/bin/ghdl --remove --std=93c --work=work
Test: 657
/root/tools/ghdl_final/bin/ghdl -a --std=93c vhdl-93/billowitch/compliant/tc180.vhd
/root/tools/ghdl_final/bin/ghdl --elab-run c04s04b00x00p03n01i00180ent  --assert-level=error
Test: 658
/root/tools/ghdl_final/bin/ghdl -a --std=93c vhdl-93/billowitch/compliant/tc182.vhd
/root/tools/ghdl_final/bin/ghdl --elab-run c04s04b00x00p04n02i00182ent  --assert-level=error
Test: 659
/root/tools/ghdl_final/bin/ghdl -a --std=93c vhdl-93/billowitch/compliant/tc183.vhd
/root/tools/ghdl_final/bin/ghdl --elab-run c04s04b00x00p04n02i00183ent  --assert-level=error
Test: 660
/root/tools/ghdl_final/bin/ghdl -a --std=93c vhdl-93/billowitch/compliant/tc187.vhd
/root/tools/ghdl_final/bin/ghdl --elab-run c04s04b00x00p12n01i00187ent  --assert-level=error
Test: 661
/root/tools/ghdl_final/bin/ghdl -a --std=93c vhdl-93/billowitch/compliant/tc188.vhd
Cannot elaborate or run : no top level entity
Test: 662
/root/tools/ghdl_final/bin/ghdl -a --std=93c vhdl-93/billowitch/compliant/tc194.vhd
/root/tools/ghdl_final/bin/ghdl --elab-run c03s00b00x00p11n01i00194ent  --assert-level=error
Test: 663
/root/tools/ghdl_final/bin/ghdl -a --std=93c vhdl-93/billowitch/compliant/tc198.vhd
/root/tools/ghdl_final/bin/ghdl --elab-run c03s01b00x00p04n01i00198ent  --assert-level=error
Test: 664
/root/tools/ghdl_final/bin/ghdl -a --std=93c vhdl-93/billowitch/compliant/tc201.vhd
/root/tools/ghdl_final/bin/ghdl --elab-run c03s01b00x00p04n01i00201ent  --assert-level=error
Test: 665
/root/tools/ghdl_final/bin/ghdl -a --std=93c vhdl-93/billowitch/compliant/tc203.vhd
/root/tools/ghdl_final/bin/ghdl --elab-run c03s01b00x00p07n01i00203ent  --assert-level=error
Test: 666
/root/tools/ghdl_final/bin/ghdl -a --std=93c vhdl-93/billowitch/compliant/tc204.vhd
/root/tools/ghdl_final/bin/ghdl --elab-run c03s01b00x00p07n02i00204ent  --assert-level=error
Test: 667
/root/tools/ghdl_final/bin/ghdl -a --std=93c vhdl-93/billowitch/compliant/tc205.vhd
/root/tools/ghdl_final/bin/ghdl --elab-run c03s01b00x00p08n01i00205ent  --assert-level=error
Test: 668
/root/tools/ghdl_final/bin/ghdl -a --std=93c vhdl-93/billowitch/compliant/tc206.vhd
/root/tools/ghdl_final/bin/ghdl --elab-run c03s01b00x00p08n01i00206ent  --assert-level=error
Test: 669
/root/tools/ghdl_final/bin/ghdl -a --std=93c vhdl-93/billowitch/compliant/tc208.vhd
/root/tools/ghdl_final/bin/ghdl --elab-run c03s01b00x00p09n01i00208ent  --assert-level=error
Test: 670
/root/tools/ghdl_final/bin/ghdl -a --std=93c vhdl-93/billowitch/compliant/tc209.vhd
/root/tools/ghdl_final/bin/ghdl --elab-run c03s01b00x00p09n01i00209ent  --assert-level=error
Test: 671
/root/tools/ghdl_final/bin/ghdl -a --std=93c vhdl-93/billowitch/compliant/tc211.vhd
/root/tools/ghdl_final/bin/ghdl --elab-run c03s01b00x00p09n01i00211ent  --assert-level=error
Test: 672
/root/tools/ghdl_final/bin/ghdl -a --std=93c vhdl-93/billowitch/compliant/tc213.vhd
/root/tools/ghdl_final/bin/ghdl --elab-run c03s01b01x00p03n01i00213ent  --assert-level=error
delete library: work
/root/tools/ghdl_final/bin/ghdl --remove --std=93c --work=work
Test: 673
/root/tools/ghdl_final/bin/ghdl -a --std=93c vhdl-93/billowitch/compliant/tc217.vhd
/root/tools/ghdl_final/bin/ghdl --elab-run c03s01b01x00p06n02i00217ent  --assert-level=error
Test: 674
/root/tools/ghdl_final/bin/ghdl -a --std=93c vhdl-93/billowitch/compliant/tc218.vhd
/root/tools/ghdl_final/bin/ghdl --elab-run c03s01b01x00p06n03i00218ent  --assert-level=error
Test: 675
/root/tools/ghdl_final/bin/ghdl -a --std=93c vhdl-93/billowitch/compliant/tc219.vhd
/root/tools/ghdl_final/bin/ghdl --elab-run c03s01b01x00p06n03i00219ent  --assert-level=error
Test: 676
/root/tools/ghdl_final/bin/ghdl -a --std=93c vhdl-93/billowitch/compliant/tc220.vhd
/root/tools/ghdl_final/bin/ghdl --elab-run c03s01b01x00p06n03i00220ent  --assert-level=error
Test: 677
/root/tools/ghdl_final/bin/ghdl -a --std=93c vhdl-93/billowitch/compliant/tc228.vhd
/root/tools/ghdl_final/bin/ghdl --elab-run c03s01b01x00p07n01i00228ent  --assert-level=error
Test: 678
/root/tools/ghdl_final/bin/ghdl -a --std=93c vhdl-93/billowitch/compliant/tc229.vhd
/root/tools/ghdl_final/bin/ghdl --elab-run c03s01b01x00p07n01i00229ent  --assert-level=error
Test: 679
/root/tools/ghdl_final/bin/ghdl -a --std=93c vhdl-93/billowitch/compliant/tc230.vhd
/root/tools/ghdl_final/bin/ghdl --elab-run c03s01b02x00p02n01i00230ent  --assert-level=error
Test: 680
/root/tools/ghdl_final/bin/ghdl -a --std=93c vhdl-93/billowitch/compliant/tc234.vhd
/root/tools/ghdl_final/bin/ghdl --elab-run c03s01b02x00p02n01i00234ent  --assert-level=error
Test: 681
/root/tools/ghdl_final/bin/ghdl -a --std=93c vhdl-93/billowitch/compliant/tc239.vhd
/root/tools/ghdl_final/bin/ghdl --elab-run c03s01b02x00p04n01i00239ent  --assert-level=error
Test: 682
/root/tools/ghdl_final/bin/ghdl -a --std=93c vhdl-93/billowitch/compliant/tc241.vhd
/root/tools/ghdl_final/bin/ghdl --elab-run c03s01b02x00p04n01i00241ent  --assert-level=error
Test: 683
/root/tools/ghdl_final/bin/ghdl -a --std=93c vhdl-93/billowitch/compliant/tc251.vhd
/root/tools/ghdl_final/bin/ghdl --elab-run c03s01b02x00p04n01i00251ent  --assert-level=error
Test: 684
/root/tools/ghdl_final/bin/ghdl -a --std=93c vhdl-93/billowitch/compliant/tc254.vhd
/root/tools/ghdl_final/bin/ghdl --elab-run c03s01b02x00p06n01i00254ent  --assert-level=error
Test: 685
/root/tools/ghdl_final/bin/ghdl -a --std=93c vhdl-93/billowitch/compliant/tc265.vhd
/root/tools/ghdl_final/bin/ghdl --elab-run c03s01b03x00p02n01i00265ent  --assert-level=error
Test: 686
/root/tools/ghdl_final/bin/ghdl -a --std=93c vhdl-93/billowitch/compliant/tc272.vhd
/root/tools/ghdl_final/bin/ghdl --elab-run c03s01b03x00p06n01i00272ent  --assert-level=error
Test: 687
/root/tools/ghdl_final/bin/ghdl -a --std=93c vhdl-93/billowitch/compliant/tc276.vhd
/root/tools/ghdl_final/bin/ghdl --elab-run c03s01b03x00p07n01i00276ent  --assert-level=error
Test: 688
/root/tools/ghdl_final/bin/ghdl -a --std=93c vhdl-93/billowitch/compliant/tc277.vhd
/root/tools/ghdl_final/bin/ghdl --elab-run c03s01b03x00p07n01i00277ent  --assert-level=error
delete library: work
/root/tools/ghdl_final/bin/ghdl --remove --std=93c --work=work
Test: 689
/root/tools/ghdl_final/bin/ghdl -a --std=93c vhdl-93/billowitch/compliant/tc278.vhd
/root/tools/ghdl_final/bin/ghdl --elab-run c03s01b03x00p07n01i00278ent  --assert-level=error
Test: 690
/root/tools/ghdl_final/bin/ghdl -a --std=93c vhdl-93/billowitch/compliant/tc279.vhd
/root/tools/ghdl_final/bin/ghdl --elab-run c03s01b03x00p07n01i00279ent  --assert-level=error
Test: 691
/root/tools/ghdl_final/bin/ghdl -a --std=93c vhdl-93/billowitch/compliant/tc281.vhd
/root/tools/ghdl_final/bin/ghdl --elab-run c03s01b03x00p08n02i00281ent  --assert-level=error
Test: 692
/root/tools/ghdl_final/bin/ghdl -a --std=93c vhdl-93/billowitch/compliant/tc284.vhd
/root/tools/ghdl_final/bin/ghdl --elab-run c03s01b03x00p12n01i00284ent  --assert-level=error
Test: 693
/root/tools/ghdl_final/bin/ghdl -a --std=93c vhdl-93/billowitch/compliant/tc285.vhd
/root/tools/ghdl_final/bin/ghdl --elab-run c03s01b03x00p12n01i00285ent  --assert-level=error
Test: 694
/root/tools/ghdl_final/bin/ghdl -a --std=93c vhdl-93/billowitch/compliant/tc286.vhd
/root/tools/ghdl_final/bin/ghdl --elab-run c03s01b03x00p12n01i00286ent  --assert-level=error
Test: 695
/root/tools/ghdl_final/bin/ghdl -a --std=93c vhdl-93/billowitch/compliant/tc287.vhd
/root/tools/ghdl_final/bin/ghdl --elab-run c03s01b03x00p12n03i00287ent  --assert-level=error
Test: 696
/root/tools/ghdl_final/bin/ghdl -a --std=93c vhdl-93/billowitch/compliant/tc288.vhd
/root/tools/ghdl_final/bin/ghdl --elab-run c03s01b03x00p13n01i00288ent  --assert-level=error
Test: 697
/root/tools/ghdl_final/bin/ghdl -a --std=93c vhdl-93/billowitch/compliant/tc290.vhd
/root/tools/ghdl_final/bin/ghdl --elab-run c03s01b03x00p13n01i00290ent  --assert-level=error
Test: 698
/root/tools/ghdl_final/bin/ghdl -a --std=93c vhdl-93/billowitch/compliant/tc291.vhd
/root/tools/ghdl_final/bin/ghdl --elab-run c03s01b03x00p14n01i00291ent  --assert-level=error
Test: 699
/root/tools/ghdl_final/bin/ghdl -a --std=93c vhdl-93/billowitch/compliant/tc292.vhd
/root/tools/ghdl_final/bin/ghdl --elab-run c03s01b03x00p26n01i00292ent  --assert-level=error
Test: 700
/root/tools/ghdl_final/bin/ghdl -a --std=93c vhdl-93/billowitch/compliant/tc293.vhd
/root/tools/ghdl_final/bin/ghdl --elab-run c03s01b03x00p26n01i00293ent  --assert-level=error
Test: 701
/root/tools/ghdl_final/bin/ghdl -a --std=93c vhdl-93/billowitch/compliant/tc294.vhd
/root/tools/ghdl_final/bin/ghdl --elab-run c03s01b03x01p01n02i00294ent  --assert-level=error
Test: 702
/root/tools/ghdl_final/bin/ghdl -a --std=93c vhdl-93/billowitch/compliant/tc295.vhd
/root/tools/ghdl_final/bin/ghdl --elab-run c03s01b03x01p01n03i00295ent  --assert-level=error
Test: 703
/root/tools/ghdl_final/bin/ghdl -a --std=93c vhdl-93/billowitch/compliant/tc297.vhd
/root/tools/ghdl_final/bin/ghdl --elab-run c03s01b03x01p01n04i00297ent  --assert-level=error
Test: 704
/root/tools/ghdl_final/bin/ghdl -a --std=93c vhdl-93/billowitch/compliant/tc298.vhd
/root/tools/ghdl_final/bin/ghdl --elab-run c03s01b03x01p01n03i00298ent  --assert-level=error
delete library: work
/root/tools/ghdl_final/bin/ghdl --remove --std=93c --work=work
Test: 705
/root/tools/ghdl_final/bin/ghdl -a --std=93c vhdl-93/billowitch/compliant/tc299.vhd
/root/tools/ghdl_final/bin/ghdl --elab-run c03s01b03x01p01n03i00299ent  --assert-level=error
Test: 706
/root/tools/ghdl_final/bin/ghdl -a --std=93c vhdl-93/billowitch/compliant/tc301.vhd
/root/tools/ghdl_final/bin/ghdl --elab-run c03s01b04x00p03n01i00301ent  --assert-level=error
Test: 707
/root/tools/ghdl_final/bin/ghdl -a --std=93c vhdl-93/billowitch/compliant/tc308.vhd
/root/tools/ghdl_final/bin/ghdl --elab-run c03s01b04x00p04n01i00308ent  --assert-level=error
Test: 708
/root/tools/ghdl_final/bin/ghdl -a --std=93c vhdl-93/billowitch/compliant/tc309.vhd
/root/tools/ghdl_final/bin/ghdl --elab-run c03s01b04x00p06n01i00309ent  --assert-level=error
Test: 709
/root/tools/ghdl_final/bin/ghdl -a --std=93c vhdl-93/billowitch/compliant/tc311.vhd
/root/tools/ghdl_final/bin/ghdl --elab-run c03s01b04x00p07n01i00311ent  --assert-level=error
Test: 710
/root/tools/ghdl_final/bin/ghdl -a --std=93c vhdl-93/billowitch/compliant/tc312.vhd
/root/tools/ghdl_final/bin/ghdl --elab-run c03s01b04x00p07n03i00312ent  --assert-level=error
Test: 711
/root/tools/ghdl_final/bin/ghdl -a --std=93c vhdl-93/billowitch/compliant/tc313.vhd
/root/tools/ghdl_final/bin/ghdl --elab-run c03s01b04x01p01n02i00313ent  --assert-level=error
Test: 712
/root/tools/ghdl_final/bin/ghdl -a --std=93c vhdl-93/billowitch/compliant/tc314.vhd
/root/tools/ghdl_final/bin/ghdl --elab-run c03s01b04x01p01n03i00314ent  --assert-level=error
Test: 713
/root/tools/ghdl_final/bin/ghdl -a --std=93c vhdl-93/billowitch/compliant/tc317.vhd
/root/tools/ghdl_final/bin/ghdl --elab-run c03s02b00x00p03n02i00317ent  --assert-level=error
Test: 714
/root/tools/ghdl_final/bin/ghdl -a --std=93c vhdl-93/billowitch/compliant/tc318.vhd
/root/tools/ghdl_final/bin/ghdl --elab-run c03s02b01x00p03n01i00318ent  --assert-level=error
Test: 715
/root/tools/ghdl_final/bin/ghdl -a --std=93c vhdl-93/billowitch/compliant/tc319.vhd
/root/tools/ghdl_final/bin/ghdl --elab-run c03s02b01x00p03n01i00319ent  --assert-level=error
Test: 716
/root/tools/ghdl_final/bin/ghdl -a --std=93c vhdl-93/billowitch/compliant/tc320.vhd
/root/tools/ghdl_final/bin/ghdl --elab-run c03s02b01x00p03n01i00320ent  --assert-level=error
Test: 717
/root/tools/ghdl_final/bin/ghdl -a --std=93c vhdl-93/billowitch/compliant/tc322.vhd
/root/tools/ghdl_final/bin/ghdl --elab-run c03s02b01x00p04n01i00322ent  --assert-level=error
Test: 718
/root/tools/ghdl_final/bin/ghdl -a --std=93c vhdl-93/billowitch/compliant/tc323.vhd
/root/tools/ghdl_final/bin/ghdl --elab-run c03s02b01x00p04n01i00323ent  --assert-level=error
Test: 719
/root/tools/ghdl_final/bin/ghdl -a --std=93c vhdl-93/billowitch/compliant/tc326.vhd
/root/tools/ghdl_final/bin/ghdl --elab-run c03s02b01x00p04n01i00326ent  --assert-level=error
Test: 720
/root/tools/ghdl_final/bin/ghdl -a --std=93c vhdl-93/billowitch/compliant/tc333.vhd
/root/tools/ghdl_final/bin/ghdl --elab-run c03s02b01x00p06n01i00333ent  --assert-level=error
delete library: work
/root/tools/ghdl_final/bin/ghdl --remove --std=93c --work=work
Test: 721
/root/tools/ghdl_final/bin/ghdl -a --std=93c vhdl-93/billowitch/compliant/tc334.vhd
/root/tools/ghdl_final/bin/ghdl --elab-run c03s02b01x00p06n01i00334ent  --assert-level=error
Test: 722
/root/tools/ghdl_final/bin/ghdl -a --std=93c vhdl-93/billowitch/compliant/tc335.vhd
/root/tools/ghdl_final/bin/ghdl --elab-run c03s02b01x00p06n01i00335ent  --assert-level=error
Test: 723
/root/tools/ghdl_final/bin/ghdl -a --std=93c vhdl-93/billowitch/compliant/tc337.vhd
/root/tools/ghdl_final/bin/ghdl --elab-run c03s02b01x00p07n01i00337ent  --assert-level=error
Test: 724
/root/tools/ghdl_final/bin/ghdl -a --std=93c vhdl-93/billowitch/compliant/tc339.vhd
/root/tools/ghdl_final/bin/ghdl --elab-run c03s02b01x00p07n01i00339ent  --assert-level=error
Test: 725
/root/tools/ghdl_final/bin/ghdl -a --std=93c vhdl-93/billowitch/compliant/tc341.vhd
/root/tools/ghdl_final/bin/ghdl --elab-run c03s02b01x00p09n02i00341ent  --assert-level=error
Test: 726
/root/tools/ghdl_final/bin/ghdl -a --std=93c vhdl-93/billowitch/compliant/tc343.vhd
/root/tools/ghdl_final/bin/ghdl --elab-run c03s02b01x00p09n03i00343ent  --assert-level=error
Test: 727
/root/tools/ghdl_final/bin/ghdl -a --std=93c vhdl-93/billowitch/compliant/tc344.vhd
/root/tools/ghdl_final/bin/ghdl --elab-run c03s02b01x00p09n01i00344ent  --assert-level=error
Test: 728
/root/tools/ghdl_final/bin/ghdl -a --std=93c vhdl-93/billowitch/compliant/tc346.vhd
/root/tools/ghdl_final/bin/ghdl --elab-run c03s02b01x00p10n05i00346ent  --assert-level=error
Test: 729
/root/tools/ghdl_final/bin/ghdl -a --std=93c vhdl-93/billowitch/compliant/tc347.vhd
/root/tools/ghdl_final/bin/ghdl --elab-run c03s02b01x00p15n01i00347ent  --assert-level=error
Test: 730
/root/tools/ghdl_final/bin/ghdl -a --std=93c vhdl-93/billowitch/compliant/tc349.vhd
/root/tools/ghdl_final/bin/ghdl --elab-run c03s02b01x01p01n01i00349ent  --assert-level=error
Test: 731
/root/tools/ghdl_final/bin/ghdl -a --std=93c vhdl-93/billowitch/compliant/tc350.vhd
/root/tools/ghdl_final/bin/ghdl --elab-run c03s02b01x01p01n01i00350ent  --assert-level=error
Test: 732
/root/tools/ghdl_final/bin/ghdl -a --std=93c vhdl-93/billowitch/compliant/tc351.vhd
/root/tools/ghdl_final/bin/ghdl --elab-run c03s02b01x01p02n01i00351ent  --assert-level=error
Test: 733
/root/tools/ghdl_final/bin/ghdl -a --std=93c vhdl-93/billowitch/compliant/tc355.vhd
/root/tools/ghdl_final/bin/ghdl --elab-run c03s02b01x01p02n01i00355ent  --assert-level=error
Test: 734
/root/tools/ghdl_final/bin/ghdl -a --std=93c vhdl-93/billowitch/compliant/tc359.vhd
/root/tools/ghdl_final/bin/ghdl --elab-run c03s02b01x01p02n01i00359ent  --assert-level=error
Test: 735
/root/tools/ghdl_final/bin/ghdl -a --std=93c vhdl-93/billowitch/compliant/tc361.vhd
/root/tools/ghdl_final/bin/ghdl --elab-run c03s02b01x01p02n01i00361ent  --assert-level=error
Test: 736
/root/tools/ghdl_final/bin/ghdl -a --std=93c vhdl-93/billowitch/compliant/tc364.vhd
/root/tools/ghdl_final/bin/ghdl --elab-run c03s02b01x01p03n01i00364ent  --assert-level=error
delete library: work
/root/tools/ghdl_final/bin/ghdl --remove --std=93c --work=work
Test: 737
/root/tools/ghdl_final/bin/ghdl -a --std=93c vhdl-93/billowitch/compliant/tc365.vhd
/root/tools/ghdl_final/bin/ghdl --elab-run c03s02b01x01p03n01i00365ent  --assert-level=error
Test: 738
/root/tools/ghdl_final/bin/ghdl -a --std=93c vhdl-93/billowitch/compliant/tc366.vhd
/root/tools/ghdl_final/bin/ghdl --elab-run c03s02b01x01p03n01i00366ent  --assert-level=error
Test: 739
/root/tools/ghdl_final/bin/ghdl -a --std=93c vhdl-93/billowitch/compliant/tc376.vhd
/root/tools/ghdl_final/bin/ghdl --elab-run c03s02b01x01p03n03i00376ent  --assert-level=error
Test: 740
/root/tools/ghdl_final/bin/ghdl -a --std=93c vhdl-93/billowitch/compliant/tc377.vhd
/root/tools/ghdl_final/bin/ghdl --elab-run c03s02b01x01p03n03i00377ent  --assert-level=error
Test: 741
/root/tools/ghdl_final/bin/ghdl -a --std=93c vhdl-93/billowitch/compliant/tc378.vhd
/root/tools/ghdl_final/bin/ghdl --elab-run c03s02b01x01p03n03i00378ent  --assert-level=error
Test: 742
/root/tools/ghdl_final/bin/ghdl -a --std=93c vhdl-93/billowitch/compliant/tc381.vhd
/root/tools/ghdl_final/bin/ghdl --elab-run c03s02b01x01p04n01i00381ent  --assert-level=error
Test: 743
/root/tools/ghdl_final/bin/ghdl -a --std=93c vhdl-93/billowitch/compliant/tc382.vhd
/root/tools/ghdl_final/bin/ghdl --elab-run c03s02b01x01p04n01i00382ent  --assert-level=error
Test: 744
/root/tools/ghdl_final/bin/ghdl -a --std=93c vhdl-93/billowitch/compliant/tc385.vhd
/root/tools/ghdl_final/bin/ghdl --elab-run c03s02b01x01p04n02i00385ent  --assert-level=error
Test: 745
/root/tools/ghdl_final/bin/ghdl -a --std=93c vhdl-93/billowitch/compliant/tc386.vhd
/root/tools/ghdl_final/bin/ghdl --elab-run c03s02b01x01p04n02i00386ent  --assert-level=error
Test: 746
/root/tools/ghdl_final/bin/ghdl -a --std=93c vhdl-93/billowitch/compliant/tc387.vhd
/root/tools/ghdl_final/bin/ghdl --elab-run c03s02b01x01p04n03i00387ent  --assert-level=error
Test: 747
/root/tools/ghdl_final/bin/ghdl -a --std=93c vhdl-93/billowitch/compliant/tc388.vhd
/root/tools/ghdl_final/bin/ghdl --elab-run c03s02b01x01p04n03i00388ent  --assert-level=error
Test: 748
/root/tools/ghdl_final/bin/ghdl -a --std=93c vhdl-93/billowitch/compliant/tc392.vhd
/root/tools/ghdl_final/bin/ghdl --elab-run c03s02b01x01p06n01i00392ent  --assert-level=error
Test: 749
/root/tools/ghdl_final/bin/ghdl -a --std=93c vhdl-93/billowitch/compliant/tc393.vhd
/root/tools/ghdl_final/bin/ghdl --elab-run c03s02b01x01p06n01i00393ent  --assert-level=error
Test: 750
/root/tools/ghdl_final/bin/ghdl -a --std=93c vhdl-93/billowitch/compliant/tc395.vhd
/root/tools/ghdl_final/bin/ghdl --elab-run c03s02b01x01p06n02i00395ent  --assert-level=error
Test: 751
/root/tools/ghdl_final/bin/ghdl -a --std=93c vhdl-93/billowitch/compliant/tc397.vhd
/root/tools/ghdl_final/bin/ghdl --elab-run c03s02b01x01p06n02i00397ent  --assert-level=error
Test: 752
/root/tools/ghdl_final/bin/ghdl -a --std=93c vhdl-93/billowitch/compliant/tc398.vhd
/root/tools/ghdl_final/bin/ghdl --elab-run c03s02b01x01p07n01i00398ent  --assert-level=error
delete library: work
/root/tools/ghdl_final/bin/ghdl --remove --std=93c --work=work
Test: 753
/root/tools/ghdl_final/bin/ghdl -a --std=93c vhdl-93/billowitch/compliant/tc399.vhd
/root/tools/ghdl_final/bin/ghdl --elab-run c03s02b01x01p07n01i00399ent  --assert-level=error
Test: 754
/root/tools/ghdl_final/bin/ghdl -a --std=93c vhdl-93/billowitch/compliant/tc400.vhd
/root/tools/ghdl_final/bin/ghdl --elab-run c03s02b01x01p08n01i00400ent  --assert-level=error
Test: 755
/root/tools/ghdl_final/bin/ghdl -a --std=93c vhdl-93/billowitch/compliant/tc401.vhd
/root/tools/ghdl_final/bin/ghdl --elab-run c03s02b01x01p09n01i00401ent  --assert-level=error
Test: 756
/root/tools/ghdl_final/bin/ghdl -a --std=93c vhdl-93/billowitch/compliant/tc402.vhd
/root/tools/ghdl_final/bin/ghdl --elab-run c03s02b01x01p11n01i00402ent  --assert-level=error
Test: 757
/root/tools/ghdl_final/bin/ghdl -a --std=93c vhdl-93/billowitch/compliant/tc403.vhd
/root/tools/ghdl_final/bin/ghdl --elab-run c03s02b01x01p18n01i00403ent  --assert-level=error
Test: 758
/root/tools/ghdl_final/bin/ghdl -a --std=93c vhdl-93/billowitch/compliant/tc404.vhd
/root/tools/ghdl_final/bin/ghdl --elab-run c03s02b01x01p18n01i00404ent  --assert-level=error
Test: 759
/root/tools/ghdl_final/bin/ghdl -a --std=93c vhdl-93/billowitch/compliant/tc406.vhd
/root/tools/ghdl_final/bin/ghdl --elab-run c03s02b01x01p19n01i00406ent  --assert-level=error
Test: 760
/root/tools/ghdl_final/bin/ghdl -a --std=93c vhdl-93/billowitch/compliant/tc407.vhd
/root/tools/ghdl_final/bin/ghdl --elab-run c03s02b01x01p19n01i00407ent  --assert-level=error
Test: 761
/root/tools/ghdl_final/bin/ghdl -a --std=93c vhdl-93/billowitch/compliant/tc408.vhd
/root/tools/ghdl_final/bin/ghdl --elab-run c03s02b01x01p19n01i00408ent  --assert-level=error
Test: 762
/root/tools/ghdl_final/bin/ghdl -a --std=93c vhdl-93/billowitch/compliant/tc409.vhd
/root/tools/ghdl_final/bin/ghdl --elab-run c03s02b01x01p19n01i00409ent  --assert-level=error
Test: 763
/root/tools/ghdl_final/bin/ghdl -a --std=93c vhdl-93/billowitch/compliant/tc410.vhd
/root/tools/ghdl_final/bin/ghdl --elab-run c03s02b01x01p19n01i00410ent  --assert-level=error
Test: 764
/root/tools/ghdl_final/bin/ghdl -a --std=93c vhdl-93/billowitch/compliant/tc411.vhd
/root/tools/ghdl_final/bin/ghdl --elab-run c03s02b01x01p19n01i00411ent  --assert-level=error
Test: 765
/root/tools/ghdl_final/bin/ghdl -a --std=93c vhdl-93/billowitch/compliant/tc412.vhd
/root/tools/ghdl_final/bin/ghdl --elab-run c03s02b01x01p19n01i00412ent  --assert-level=error
Test: 766
/root/tools/ghdl_final/bin/ghdl -a --std=93c vhdl-93/billowitch/compliant/tc413.vhd
/root/tools/ghdl_final/bin/ghdl --elab-run c03s02b01x01p19n01i00413ent  --assert-level=error
Test: 767
/root/tools/ghdl_final/bin/ghdl -a --std=93c vhdl-93/billowitch/compliant/tc414.vhd
/root/tools/ghdl_final/bin/ghdl --elab-run c03s02b01x01p19n01i00414ent  --assert-level=error
Test: 768
/root/tools/ghdl_final/bin/ghdl -a --std=93c vhdl-93/billowitch/compliant/tc415.vhd
/root/tools/ghdl_final/bin/ghdl --elab-run c03s02b01x01p19n01i00415ent  --assert-level=error
delete library: work
/root/tools/ghdl_final/bin/ghdl --remove --std=93c --work=work
Test: 769
/root/tools/ghdl_final/bin/ghdl -a --std=93c vhdl-93/billowitch/compliant/tc416.vhd
/root/tools/ghdl_final/bin/ghdl --elab-run c03s02b01x01p19n01i00416ent  --assert-level=error
Test: 770
/root/tools/ghdl_final/bin/ghdl -a --std=93c vhdl-93/billowitch/compliant/tc417.vhd
/root/tools/ghdl_final/bin/ghdl --elab-run c03s02b01x01p19n01i00417ent  --assert-level=error
Test: 771
/root/tools/ghdl_final/bin/ghdl -a --std=93c vhdl-93/billowitch/compliant/tc418.vhd
/root/tools/ghdl_final/bin/ghdl --elab-run c03s02b01x01p19n01i00418ent  --assert-level=error
Test: 772
/root/tools/ghdl_final/bin/ghdl -a --std=93c vhdl-93/billowitch/compliant/tc419.vhd
/root/tools/ghdl_final/bin/ghdl --elab-run c03s02b01x01p19n01i00419ent  --assert-level=error
Test: 773
/root/tools/ghdl_final/bin/ghdl -a --std=93c vhdl-93/billowitch/compliant/tc420.vhd
/root/tools/ghdl_final/bin/ghdl --elab-run c03s02b01x01p19n01i00420ent  --assert-level=error
Test: 774
/root/tools/ghdl_final/bin/ghdl -a --std=93c vhdl-93/billowitch/compliant/tc421.vhd
/root/tools/ghdl_final/bin/ghdl --elab-run c03s02b01x01p19n01i00421ent  --assert-level=error
Test: 775
/root/tools/ghdl_final/bin/ghdl -a --std=93c vhdl-93/billowitch/compliant/tc422.vhd
/root/tools/ghdl_final/bin/ghdl --elab-run c03s02b01x01p19n01i00422ent  --assert-level=error
Test: 776
/root/tools/ghdl_final/bin/ghdl -a --std=93c vhdl-93/billowitch/compliant/tc423.vhd
/root/tools/ghdl_final/bin/ghdl --elab-run c03s02b01x01p19n01i00423ent  --assert-level=error
Test: 777
/root/tools/ghdl_final/bin/ghdl -a --std=93c vhdl-93/billowitch/compliant/tc424.vhd
/root/tools/ghdl_final/bin/ghdl --elab-run c03s02b01x01p19n01i00424ent  --assert-level=error
Test: 778
/root/tools/ghdl_final/bin/ghdl -a --std=93c vhdl-93/billowitch/compliant/tc425.vhd
/root/tools/ghdl_final/bin/ghdl --elab-run c03s02b01x01p19n01i00425ent  --assert-level=error
Test: 779
/root/tools/ghdl_final/bin/ghdl -a --std=93c vhdl-93/billowitch/compliant/tc426.vhd
/root/tools/ghdl_final/bin/ghdl --elab-run c03s02b01x01p19n01i00426ent  --assert-level=error
Test: 780
/root/tools/ghdl_final/bin/ghdl -a --std=93c vhdl-93/billowitch/compliant/tc427.vhd
/root/tools/ghdl_final/bin/ghdl --elab-run c03s02b01x01p19n01i00427ent  --assert-level=error
Test: 781
/root/tools/ghdl_final/bin/ghdl -a --std=93c vhdl-93/billowitch/compliant/tc428.vhd
/root/tools/ghdl_final/bin/ghdl --elab-run c03s02b01x01p19n01i00428ent  --assert-level=error
Test: 782
/root/tools/ghdl_final/bin/ghdl -a --std=93c vhdl-93/billowitch/compliant/tc429.vhd
/root/tools/ghdl_final/bin/ghdl --elab-run c03s02b01x01p19n01i00429ent  --assert-level=error
Test: 783
/root/tools/ghdl_final/bin/ghdl -a --std=93c vhdl-93/billowitch/compliant/tc430.vhd
/root/tools/ghdl_final/bin/ghdl --elab-run c03s02b01x01p19n01i00430ent  --assert-level=error
Test: 784
/root/tools/ghdl_final/bin/ghdl -a --std=93c vhdl-93/billowitch/compliant/tc431.vhd
/root/tools/ghdl_final/bin/ghdl --elab-run c03s02b01x01p19n01i00431ent  --assert-level=error
delete library: work
/root/tools/ghdl_final/bin/ghdl --remove --std=93c --work=work
Test: 785
/root/tools/ghdl_final/bin/ghdl -a --std=93c vhdl-93/billowitch/compliant/tc432.vhd
/root/tools/ghdl_final/bin/ghdl --elab-run c03s02b01x01p19n01i00432ent  --assert-level=error
Test: 786
/root/tools/ghdl_final/bin/ghdl -a --std=93c vhdl-93/billowitch/compliant/tc433.vhd
/root/tools/ghdl_final/bin/ghdl --elab-run c03s02b01x01p19n01i00433ent  --assert-level=error
Test: 787
/root/tools/ghdl_final/bin/ghdl -a --std=93c vhdl-93/billowitch/compliant/tc434.vhd
/root/tools/ghdl_final/bin/ghdl --elab-run c03s02b01x01p19n01i00434ent  --assert-level=error
Test: 788
/root/tools/ghdl_final/bin/ghdl -a --std=93c vhdl-93/billowitch/compliant/tc435.vhd
/root/tools/ghdl_final/bin/ghdl --elab-run c03s02b01x01p19n01i00435ent  --assert-level=error
Test: 789
/root/tools/ghdl_final/bin/ghdl -a --std=93c vhdl-93/billowitch/compliant/tc436.vhd
/root/tools/ghdl_final/bin/ghdl --elab-run c03s02b01x01p19n01i00436ent  --assert-level=error
Test: 790
/root/tools/ghdl_final/bin/ghdl -a --std=93c vhdl-93/billowitch/compliant/tc437.vhd
/root/tools/ghdl_final/bin/ghdl --elab-run c03s02b01x01p19n01i00437ent  --assert-level=error
Test: 791
/root/tools/ghdl_final/bin/ghdl -a --std=93c vhdl-93/billowitch/compliant/tc438.vhd
/root/tools/ghdl_final/bin/ghdl --elab-run c03s02b01x01p19n01i00438ent  --assert-level=error
Test: 792
/root/tools/ghdl_final/bin/ghdl -a --std=93c vhdl-93/billowitch/compliant/tc439.vhd
/root/tools/ghdl_final/bin/ghdl --elab-run c03s02b01x01p19n01i00439ent  --assert-level=error
Test: 793
/root/tools/ghdl_final/bin/ghdl -a --std=93c vhdl-93/billowitch/compliant/tc440.vhd
/root/tools/ghdl_final/bin/ghdl --elab-run c03s02b01x01p19n01i00440ent  --assert-level=error
Test: 794
/root/tools/ghdl_final/bin/ghdl -a --std=93c vhdl-93/billowitch/compliant/tc441.vhd
/root/tools/ghdl_final/bin/ghdl --elab-run c03s02b01x01p19n01i00441ent  --assert-level=error
Test: 795
/root/tools/ghdl_final/bin/ghdl -a --std=93c vhdl-93/billowitch/compliant/tc442.vhd
/root/tools/ghdl_final/bin/ghdl --elab-run c03s02b01x01p19n01i00442ent  --assert-level=error
Test: 796
/root/tools/ghdl_final/bin/ghdl -a --std=93c vhdl-93/billowitch/compliant/tc443.vhd
/root/tools/ghdl_final/bin/ghdl --elab-run c03s02b01x01p19n01i00443ent  --assert-level=error
Test: 797
/root/tools/ghdl_final/bin/ghdl -a --std=93c vhdl-93/billowitch/compliant/tc444.vhd
/root/tools/ghdl_final/bin/ghdl --elab-run c03s02b01x01p19n01i00444ent  --assert-level=error
Test: 798
/root/tools/ghdl_final/bin/ghdl -a --std=93c vhdl-93/billowitch/compliant/tc445.vhd
/root/tools/ghdl_final/bin/ghdl --elab-run c03s02b01x01p19n01i00445ent  --assert-level=error
Test: 799
/root/tools/ghdl_final/bin/ghdl -a --std=93c vhdl-93/billowitch/compliant/tc446.vhd
/root/tools/ghdl_final/bin/ghdl --elab-run c03s02b01x01p19n01i00446ent  --assert-level=error
Test: 800
/root/tools/ghdl_final/bin/ghdl -a --std=93c vhdl-93/billowitch/compliant/tc447.vhd
/root/tools/ghdl_final/bin/ghdl --elab-run c03s02b01x01p19n01i00447ent  --assert-level=error
delete library: work
/root/tools/ghdl_final/bin/ghdl --remove --std=93c --work=work
Test: 801
/root/tools/ghdl_final/bin/ghdl -a --std=93c vhdl-93/billowitch/compliant/tc448.vhd
/root/tools/ghdl_final/bin/ghdl --elab-run c03s02b01x01p19n01i00448ent  --assert-level=error
Test: 802
/root/tools/ghdl_final/bin/ghdl -a --std=93c vhdl-93/billowitch/compliant/tc449.vhd
/root/tools/ghdl_final/bin/ghdl --elab-run c03s02b01x01p19n01i00449ent  --assert-level=error
Test: 803
/root/tools/ghdl_final/bin/ghdl -a --std=93c vhdl-93/billowitch/compliant/tc450.vhd
/root/tools/ghdl_final/bin/ghdl --elab-run c03s02b01x01p19n01i00450ent  --assert-level=error
Test: 804
/root/tools/ghdl_final/bin/ghdl -a --std=93c vhdl-93/billowitch/compliant/tc451.vhd
/root/tools/ghdl_final/bin/ghdl --elab-run c03s02b01x01p19n01i00451ent  --assert-level=error
Test: 805
/root/tools/ghdl_final/bin/ghdl -a --std=93c vhdl-93/billowitch/compliant/tc452.vhd
/root/tools/ghdl_final/bin/ghdl --elab-run c03s02b01x01p19n01i00452ent  --assert-level=error
Test: 806
/root/tools/ghdl_final/bin/ghdl -a --std=93c vhdl-93/billowitch/compliant/tc453.vhd
/root/tools/ghdl_final/bin/ghdl --elab-run c03s02b01x01p19n01i00453ent  --assert-level=error
Test: 807
/root/tools/ghdl_final/bin/ghdl -a --std=93c vhdl-93/billowitch/compliant/tc454.vhd
/root/tools/ghdl_final/bin/ghdl --elab-run c03s02b01x01p19n01i00454ent  --assert-level=error
Test: 808
/root/tools/ghdl_final/bin/ghdl -a --std=93c vhdl-93/billowitch/compliant/tc455.vhd
/root/tools/ghdl_final/bin/ghdl --elab-run c03s02b01x01p19n01i00455ent  --assert-level=error
Test: 809
/root/tools/ghdl_final/bin/ghdl -a --std=93c vhdl-93/billowitch/compliant/tc456.vhd
/root/tools/ghdl_final/bin/ghdl --elab-run c03s02b01x01p19n01i00456ent  --assert-level=error
Test: 810
/root/tools/ghdl_final/bin/ghdl -a --std=93c vhdl-93/billowitch/compliant/tc457.vhd
/root/tools/ghdl_final/bin/ghdl --elab-run c03s02b01x01p19n01i00457ent  --assert-level=error
Test: 811
/root/tools/ghdl_final/bin/ghdl -a --std=93c vhdl-93/billowitch/compliant/tc458.vhd
/root/tools/ghdl_final/bin/ghdl --elab-run c03s02b01x01p19n01i00458ent  --assert-level=error
Test: 812
/root/tools/ghdl_final/bin/ghdl -a --std=93c vhdl-93/billowitch/compliant/tc459.vhd
/root/tools/ghdl_final/bin/ghdl --elab-run c03s02b01x01p19n01i00459ent  --assert-level=error
Test: 813
/root/tools/ghdl_final/bin/ghdl -a --std=93c vhdl-93/billowitch/compliant/tc460.vhd
/root/tools/ghdl_final/bin/ghdl --elab-run c03s02b01x01p19n01i00460ent  --assert-level=error
Test: 814
/root/tools/ghdl_final/bin/ghdl -a --std=93c vhdl-93/billowitch/compliant/tc461.vhd
/root/tools/ghdl_final/bin/ghdl --elab-run c03s02b01x01p19n01i00461ent  --assert-level=error
Test: 815
/root/tools/ghdl_final/bin/ghdl -a --std=93c vhdl-93/billowitch/compliant/tc462.vhd
/root/tools/ghdl_final/bin/ghdl --elab-run c03s02b01x01p19n01i00462ent  --assert-level=error
Test: 816
/root/tools/ghdl_final/bin/ghdl -a --std=93c vhdl-93/billowitch/compliant/tc463.vhd
/root/tools/ghdl_final/bin/ghdl --elab-run c03s02b01x01p19n01i00463ent  --assert-level=error
delete library: work
/root/tools/ghdl_final/bin/ghdl --remove --std=93c --work=work
Test: 817
/root/tools/ghdl_final/bin/ghdl -a --std=93c vhdl-93/billowitch/compliant/tc464.vhd
/root/tools/ghdl_final/bin/ghdl --elab-run c03s02b01x01p19n01i00464ent  --assert-level=error
Test: 818
/root/tools/ghdl_final/bin/ghdl -a --std=93c vhdl-93/billowitch/compliant/tc465.vhd
/root/tools/ghdl_final/bin/ghdl --elab-run c03s02b01x01p19n01i00465ent  --assert-level=error
Test: 819
/root/tools/ghdl_final/bin/ghdl -a --std=93c vhdl-93/billowitch/compliant/tc466.vhd
/root/tools/ghdl_final/bin/ghdl --elab-run c03s02b01x01p19n01i00466ent  --assert-level=error
Test: 820
/root/tools/ghdl_final/bin/ghdl -a --std=93c vhdl-93/billowitch/compliant/tc467.vhd
/root/tools/ghdl_final/bin/ghdl --elab-run c03s02b01x01p19n01i00467ent  --assert-level=error
Test: 821
/root/tools/ghdl_final/bin/ghdl -a --std=93c vhdl-93/billowitch/compliant/tc468.vhd
/root/tools/ghdl_final/bin/ghdl --elab-run c03s02b01x01p19n01i00468ent  --assert-level=error
Test: 822
/root/tools/ghdl_final/bin/ghdl -a --std=93c vhdl-93/billowitch/compliant/tc469.vhd
/root/tools/ghdl_final/bin/ghdl --elab-run c03s02b01x01p19n01i00469ent  --assert-level=error
Test: 823
/root/tools/ghdl_final/bin/ghdl -a --std=93c vhdl-93/billowitch/compliant/tc470.vhd
/root/tools/ghdl_final/bin/ghdl --elab-run c03s02b01x01p19n01i00470ent  --assert-level=error
Test: 824
/root/tools/ghdl_final/bin/ghdl -a --std=93c vhdl-93/billowitch/compliant/tc471.vhd
/root/tools/ghdl_final/bin/ghdl --elab-run c03s02b01x01p19n01i00471ent  --assert-level=error
Test: 825
/root/tools/ghdl_final/bin/ghdl -a --std=93c vhdl-93/billowitch/compliant/tc472.vhd
/root/tools/ghdl_final/bin/ghdl --elab-run c03s02b01x01p19n01i00472ent  --assert-level=error
Test: 826
/root/tools/ghdl_final/bin/ghdl -a --std=93c vhdl-93/billowitch/compliant/tc473.vhd
/root/tools/ghdl_final/bin/ghdl --elab-run c03s02b01x01p19n01i00473ent  --assert-level=error
Test: 827
/root/tools/ghdl_final/bin/ghdl -a --std=93c vhdl-93/billowitch/compliant/tc474.vhd
/root/tools/ghdl_final/bin/ghdl --elab-run c03s02b01x01p19n01i00474ent  --assert-level=error
Test: 828
/root/tools/ghdl_final/bin/ghdl -a --std=93c vhdl-93/billowitch/compliant/tc475.vhd
/root/tools/ghdl_final/bin/ghdl --elab-run c03s02b01x01p19n01i00475ent  --assert-level=error
Test: 829
/root/tools/ghdl_final/bin/ghdl -a --std=93c vhdl-93/billowitch/compliant/tc476.vhd
/root/tools/ghdl_final/bin/ghdl --elab-run c03s02b01x01p19n01i00476ent  --assert-level=error
Test: 830
/root/tools/ghdl_final/bin/ghdl -a --std=93c vhdl-93/billowitch/compliant/tc477.vhd
/root/tools/ghdl_final/bin/ghdl --elab-run c03s02b01x01p19n01i00477ent  --assert-level=error
Test: 831
/root/tools/ghdl_final/bin/ghdl -a --std=93c vhdl-93/billowitch/compliant/tc478.vhd
/root/tools/ghdl_final/bin/ghdl --elab-run c03s02b01x01p19n01i00478ent  --assert-level=error
Test: 832
/root/tools/ghdl_final/bin/ghdl -a --std=93c vhdl-93/billowitch/compliant/tc479.vhd
/root/tools/ghdl_final/bin/ghdl --elab-run c03s02b01x01p19n01i00479ent  --assert-level=error
delete library: work
/root/tools/ghdl_final/bin/ghdl --remove --std=93c --work=work
Test: 833
/root/tools/ghdl_final/bin/ghdl -a --std=93c vhdl-93/billowitch/compliant/tc480.vhd
/root/tools/ghdl_final/bin/ghdl --elab-run c03s02b01x01p19n01i00480ent  --assert-level=error
Test: 834
/root/tools/ghdl_final/bin/ghdl -a --std=93c vhdl-93/billowitch/compliant/tc481.vhd
/root/tools/ghdl_final/bin/ghdl --elab-run c03s02b01x01p19n01i00481ent  --assert-level=error
Test: 835
/root/tools/ghdl_final/bin/ghdl -a --std=93c vhdl-93/billowitch/compliant/tc482.vhd
/root/tools/ghdl_final/bin/ghdl --elab-run c03s02b01x01p19n01i00482ent  --assert-level=error
Test: 836
/root/tools/ghdl_final/bin/ghdl -a --std=93c vhdl-93/billowitch/compliant/tc483.vhd
/root/tools/ghdl_final/bin/ghdl --elab-run c03s02b01x01p19n01i00483ent  --assert-level=error
Test: 837
/root/tools/ghdl_final/bin/ghdl -a --std=93c vhdl-93/billowitch/compliant/tc484.vhd
/root/tools/ghdl_final/bin/ghdl --elab-run c03s02b01x01p19n01i00484ent  --assert-level=error
Test: 838
/root/tools/ghdl_final/bin/ghdl -a --std=93c vhdl-93/billowitch/compliant/tc485.vhd
/root/tools/ghdl_final/bin/ghdl --elab-run c03s02b01x01p19n01i00485ent  --assert-level=error
Test: 839
/root/tools/ghdl_final/bin/ghdl -a --std=93c vhdl-93/billowitch/compliant/tc486.vhd
/root/tools/ghdl_final/bin/ghdl --elab-run c03s02b01x01p19n01i00486ent  --assert-level=error
Test: 840
/root/tools/ghdl_final/bin/ghdl -a --std=93c vhdl-93/billowitch/compliant/tc487.vhd
/root/tools/ghdl_final/bin/ghdl --elab-run c03s02b01x01p20n01i00487ent  --assert-level=error
Test: 841
/root/tools/ghdl_final/bin/ghdl -a --std=93c vhdl-93/billowitch/compliant/tc488.vhd
/root/tools/ghdl_final/bin/ghdl --elab-run c03s02b02x00p01n01i00488ent  --assert-level=error
Test: 842
/root/tools/ghdl_final/bin/ghdl -a --std=93c vhdl-93/billowitch/compliant/tc489.vhd
/root/tools/ghdl_final/bin/ghdl --elab-run c03s02b02x00p01n01i00489ent  --assert-level=error
Test: 843
/root/tools/ghdl_final/bin/ghdl -a --std=93c vhdl-93/billowitch/compliant/tc490.vhd
/root/tools/ghdl_final/bin/ghdl --elab-run c03s02b02x00p01n01i00490ent  --assert-level=error
Test: 844
/root/tools/ghdl_final/bin/ghdl -a --std=93c vhdl-93/billowitch/compliant/tc491.vhd
/root/tools/ghdl_final/bin/ghdl --elab-run c03s02b02x00p01n01i00491ent  --assert-level=error
Test: 845
/root/tools/ghdl_final/bin/ghdl -a --std=93c vhdl-93/billowitch/compliant/tc492.vhd
/root/tools/ghdl_final/bin/ghdl --elab-run c03s02b02x00p01n01i00492ent  --assert-level=error
Test: 846
/root/tools/ghdl_final/bin/ghdl -a --std=93c vhdl-93/billowitch/compliant/tc493.vhd
/root/tools/ghdl_final/bin/ghdl --elab-run c03s02b02x00p01n01i00493ent  --assert-level=error
Test: 847
/root/tools/ghdl_final/bin/ghdl -a --std=93c vhdl-93/billowitch/compliant/tc494.vhd
/root/tools/ghdl_final/bin/ghdl --elab-run c03s02b02x00p01n01i00494ent  --assert-level=error
Test: 848
/root/tools/ghdl_final/bin/ghdl -a --std=93c vhdl-93/billowitch/compliant/tc495.vhd
/root/tools/ghdl_final/bin/ghdl --elab-run c03s02b02x00p01n01i00495ent  --assert-level=error
delete library: work
/root/tools/ghdl_final/bin/ghdl --remove --std=93c --work=work
Test: 849
/root/tools/ghdl_final/bin/ghdl -a --std=93c vhdl-93/billowitch/compliant/tc496.vhd
/root/tools/ghdl_final/bin/ghdl --elab-run c03s02b02x00p02n01i00496ent  --assert-level=error
Test: 850
/root/tools/ghdl_final/bin/ghdl -a --std=93c vhdl-93/billowitch/compliant/tc497.vhd
/root/tools/ghdl_final/bin/ghdl --elab-run c03s02b02x00p02n01i00497ent  --assert-level=error
Test: 851
/root/tools/ghdl_final/bin/ghdl -a --std=93c vhdl-93/billowitch/compliant/tc498.vhd
/root/tools/ghdl_final/bin/ghdl --elab-run c03s02b02x00p02n01i00498ent  --assert-level=error
Test: 852
/root/tools/ghdl_final/bin/ghdl -a --std=93c vhdl-93/billowitch/compliant/tc499.vhd
/root/tools/ghdl_final/bin/ghdl --elab-run c03s02b02x00p02n01i00499ent  --assert-level=error
Test: 853
/root/tools/ghdl_final/bin/ghdl -a --std=93c vhdl-93/billowitch/compliant/tc500.vhd
/root/tools/ghdl_final/bin/ghdl --elab-run c03s02b02x00p02n01i00500ent  --assert-level=error
Test: 854
/root/tools/ghdl_final/bin/ghdl -a --std=93c vhdl-93/billowitch/compliant/tc501.vhd
/root/tools/ghdl_final/bin/ghdl --elab-run c03s02b02x00p02n01i00501ent  --assert-level=error
Test: 855
/root/tools/ghdl_final/bin/ghdl -a --std=93c vhdl-93/billowitch/compliant/tc503.vhd
/root/tools/ghdl_final/bin/ghdl --elab-run c03s02b02x00p03n01i00503ent  --assert-level=error
Test: 856
/root/tools/ghdl_final/bin/ghdl -a --std=93c vhdl-93/billowitch/compliant/tc505.vhd
/root/tools/ghdl_final/bin/ghdl --elab-run c03s02b02x00p06n01i00505ent  --assert-level=error
Test: 857
/root/tools/ghdl_final/bin/ghdl -a --std=93c vhdl-93/billowitch/compliant/tc512.vhd
/root/tools/ghdl_final/bin/ghdl --elab-run c03s02b02x00p07n01i00512ent  --assert-level=error
Test: 858
/root/tools/ghdl_final/bin/ghdl -a --std=93c vhdl-93/billowitch/compliant/tc513.vhd
/root/tools/ghdl_final/bin/ghdl --elab-run c03s03b00x00p02n01i00513ent  --assert-level=error
Test: 859
/root/tools/ghdl_final/bin/ghdl -a --std=93c vhdl-93/billowitch/compliant/tc515.vhd
/root/tools/ghdl_final/bin/ghdl --elab-run c03s03b00x00p03n01i00515ent  --assert-level=error
Test: 860
/root/tools/ghdl_final/bin/ghdl -a --std=93c vhdl-93/billowitch/compliant/tc516.vhd
/root/tools/ghdl_final/bin/ghdl --elab-run c03s03b00x00p03n04i00516ent  --assert-level=error
Test: 861
/root/tools/ghdl_final/bin/ghdl -a --std=93c vhdl-93/billowitch/compliant/tc519.vhd
/root/tools/ghdl_final/bin/ghdl --elab-run c03s03b00x00p03n01i00519ent  --assert-level=error
Test: 862
/root/tools/ghdl_final/bin/ghdl -a --std=93c vhdl-93/billowitch/compliant/tc522.vhd
/root/tools/ghdl_final/bin/ghdl --elab-run c03s03b00x00p03n01i00522ent  --assert-level=error
Test: 863
/root/tools/ghdl_final/bin/ghdl -a --std=93c vhdl-93/billowitch/compliant/tc523.vhd
/root/tools/ghdl_final/bin/ghdl --elab-run c03s03b00x00p03n03i00523ent  --assert-level=error
Test: 864
/root/tools/ghdl_final/bin/ghdl -a --std=93c vhdl-93/billowitch/compliant/tc524.vhd
/root/tools/ghdl_final/bin/ghdl --elab-run c03s03b00x00p03n04i00524ent  --assert-level=error
delete library: work
/root/tools/ghdl_final/bin/ghdl --remove --std=93c --work=work
Test: 865
/root/tools/ghdl_final/bin/ghdl -a --std=93c vhdl-93/billowitch/compliant/tc525.vhd
/root/tools/ghdl_final/bin/ghdl --elab-run c03s03b00x00p03n04i00525ent  --assert-level=error
Test: 866
/root/tools/ghdl_final/bin/ghdl -a --std=93c vhdl-93/billowitch/compliant/tc526.vhd
/root/tools/ghdl_final/bin/ghdl --elab-run c03s03b00x00p03n04i00526ent  --assert-level=error
Test: 867
/root/tools/ghdl_final/bin/ghdl -a --std=93c vhdl-93/billowitch/compliant/tc527.vhd
/root/tools/ghdl_final/bin/ghdl --elab-run c03s03b00x00p03n04i00527ent  --assert-level=error
Test: 868
/root/tools/ghdl_final/bin/ghdl -a --std=93c vhdl-93/billowitch/compliant/tc528.vhd
/root/tools/ghdl_final/bin/ghdl --elab-run c03s03b00x00p03n04i00528ent  --assert-level=error
Test: 869
/root/tools/ghdl_final/bin/ghdl -a --std=93c vhdl-93/billowitch/compliant/tc529.vhd
/root/tools/ghdl_final/bin/ghdl --elab-run c03s03b00x00p03n04i00529ent  --assert-level=error
Test: 870
/root/tools/ghdl_final/bin/ghdl -a --std=93c vhdl-93/billowitch/compliant/tc530.vhd
/root/tools/ghdl_final/bin/ghdl --elab-run c03s03b00x00p03n04i00530ent  --assert-level=error
Test: 871
/root/tools/ghdl_final/bin/ghdl -a --std=93c vhdl-93/billowitch/compliant/tc531.vhd
/root/tools/ghdl_final/bin/ghdl --elab-run c03s03b00x00p03n04i00531ent  --assert-level=error
Test: 872
/root/tools/ghdl_final/bin/ghdl -a --std=93c vhdl-93/billowitch/compliant/tc534.vhd
/root/tools/ghdl_final/bin/ghdl --elab-run c03s03b00x00p04n02i00534ent  --assert-level=error
Test: 873
/root/tools/ghdl_final/bin/ghdl -a --std=93c vhdl-93/billowitch/compliant/tc535.vhd
/root/tools/ghdl_final/bin/ghdl --elab-run c03s03b00x00p05n01i00535ent  --assert-level=error
Test: 874
/root/tools/ghdl_final/bin/ghdl -a --std=93c vhdl-93/billowitch/compliant/tc537.vhd
/root/tools/ghdl_final/bin/ghdl --elab-run c03s03b00x00p05n02i00537ent  --assert-level=error
Test: 875
/root/tools/ghdl_final/bin/ghdl -a --std=93c vhdl-93/billowitch/compliant/tc538.vhd
/root/tools/ghdl_final/bin/ghdl --elab-run c03s03b00x00p05n02i00538ent  --assert-level=error
Test: 876
/root/tools/ghdl_final/bin/ghdl -a --std=93c vhdl-93/billowitch/compliant/tc541.vhd
/root/tools/ghdl_final/bin/ghdl --elab-run c03s03b02x00p06n01i00541ent  --assert-level=error
Test: 877
/root/tools/ghdl_final/bin/ghdl -a --std=93c vhdl-93/billowitch/compliant/tc542.vhd
/root/tools/ghdl_final/bin/ghdl --elab-run c03s03b02x00p06n01i00542ent  --assert-level=error
Test: 878
/root/tools/ghdl_final/bin/ghdl -a --std=93c vhdl-93/billowitch/compliant/tc544.vhd
/root/tools/ghdl_final/bin/ghdl --elab-run c03s04b00x00p03n01i00544ent  --assert-level=error
Test: 879
/root/tools/ghdl_final/bin/ghdl -a --std=93c vhdl-93/billowitch/compliant/tc545.vhd
/root/tools/ghdl_final/bin/ghdl --elab-run c03s04b00x00p03n01i00545ent  --assert-level=error
Test: 880
/root/tools/ghdl_final/bin/ghdl -a --std=93c vhdl-93/billowitch/compliant/tc546.vhd
/root/tools/ghdl_final/bin/ghdl --elab-run c03s04b00x00p03n01i00546ent  --assert-level=error
delete library: work
/root/tools/ghdl_final/bin/ghdl --remove --std=93c --work=work
Test: 881
/root/tools/ghdl_final/bin/ghdl -a --std=93c vhdl-93/billowitch/compliant/tc555.vhd
/root/tools/ghdl_final/bin/ghdl --elab-run c03s04b01x00p01n01i00555ent  --assert-level=error
Test: 882
/root/tools/ghdl_final/bin/ghdl -a --std=93c vhdl-93/billowitch/compliant/tc554.vhd
/root/tools/ghdl_final/bin/ghdl --elab-run c03s04b01x00p01n01i00554ent  --assert-level=error
Test: 883
/root/tools/ghdl_final/bin/ghdl -a --std=93c vhdl-93/billowitch/compliant/tc556.vhd
/root/tools/ghdl_final/bin/ghdl --elab-run c03s04b01x00p01n01i00556ent  --assert-level=error
Test: 884
/root/tools/ghdl_final/bin/ghdl -a --std=93c vhdl-93/billowitch/compliant/tc557.vhd
/root/tools/ghdl_final/bin/ghdl --elab-run c03s04b01x00p01n01i00557ent  --assert-level=error
Test: 885
/root/tools/ghdl_final/bin/ghdl -a --std=93c vhdl-93/billowitch/compliant/tc558.vhd
/root/tools/ghdl_final/bin/ghdl --elab-run c03s04b01x00p01n01i00558ent  --assert-level=error
Test: 886
/root/tools/ghdl_final/bin/ghdl -a --std=93c vhdl-93/billowitch/compliant/tc559.vhd
/root/tools/ghdl_final/bin/ghdl --elab-run c03s04b01x00p01n01i00559ent  --assert-level=error
Test: 887
/root/tools/ghdl_final/bin/ghdl -a --std=93c vhdl-93/billowitch/compliant/tc560.vhd
/root/tools/ghdl_final/bin/ghdl --elab-run c03s04b01x00p01n01i00560ent  --assert-level=error
Test: 888
/root/tools/ghdl_final/bin/ghdl -a --std=93c vhdl-93/billowitch/compliant/tc561.vhd
/root/tools/ghdl_final/bin/ghdl --elab-run c03s04b01x00p01n01i00561ent  --assert-level=error
Test: 889
/root/tools/ghdl_final/bin/ghdl -a --std=93c vhdl-93/billowitch/compliant/tc562.vhd
/root/tools/ghdl_final/bin/ghdl --elab-run c03s04b01x00p01n01i00562ent  --assert-level=error
Test: 890
/root/tools/ghdl_final/bin/ghdl -a --std=93c vhdl-93/billowitch/compliant/tc563.vhd
/root/tools/ghdl_final/bin/ghdl --elab-run c03s04b01x00p01n01i00563ent  --assert-level=error
Test: 891
/root/tools/ghdl_final/bin/ghdl -a --std=93c vhdl-93/billowitch/compliant/tc564.vhd
/root/tools/ghdl_final/bin/ghdl --elab-run c03s04b01x00p01n01i00564ent  --assert-level=error
Test: 892
/root/tools/ghdl_final/bin/ghdl -a --std=93c vhdl-93/billowitch/compliant/tc565.vhd
/root/tools/ghdl_final/bin/ghdl --elab-run c03s04b01x00p01n01i00565ent  --assert-level=error
Test: 893
/root/tools/ghdl_final/bin/ghdl -a --std=93c vhdl-93/billowitch/compliant/tc566.vhd
/root/tools/ghdl_final/bin/ghdl --elab-run c03s04b01x00p01n01i00566ent  --assert-level=error
Test: 894
/root/tools/ghdl_final/bin/ghdl -a --std=93c vhdl-93/billowitch/compliant/tc567.vhd
/root/tools/ghdl_final/bin/ghdl --elab-run c03s04b01x00p01n01i00567ent  --assert-level=error
Test: 895
/root/tools/ghdl_final/bin/ghdl -a --std=93c vhdl-93/billowitch/compliant/tc568.vhd
/root/tools/ghdl_final/bin/ghdl --elab-run c03s04b01x00p01n01i00568ent  --assert-level=error
Test: 896
/root/tools/ghdl_final/bin/ghdl -a --std=93c vhdl-93/billowitch/compliant/tc569.vhd
/root/tools/ghdl_final/bin/ghdl --elab-run c03s04b01x00p01n01i00569ent  --assert-level=error
delete library: work
/root/tools/ghdl_final/bin/ghdl --remove --std=93c --work=work
Test: 897
/root/tools/ghdl_final/bin/ghdl -a --std=93c vhdl-93/billowitch/compliant/tc570.vhd
/root/tools/ghdl_final/bin/ghdl --elab-run c03s04b01x00p01n01i00570ent  --assert-level=error
Test: 898
/root/tools/ghdl_final/bin/ghdl -a --std=93c vhdl-93/billowitch/compliant/tc571.vhd
/root/tools/ghdl_final/bin/ghdl --elab-run c03s04b01x00p01n01i00571ent  --assert-level=error
Test: 899
/root/tools/ghdl_final/bin/ghdl -a --std=93c vhdl-93/billowitch/compliant/tc572.vhd
/root/tools/ghdl_final/bin/ghdl --elab-run c03s04b01x00p01n01i00572ent  --assert-level=error
Test: 900
/root/tools/ghdl_final/bin/ghdl -a --std=93c vhdl-93/billowitch/compliant/tc573.vhd
/root/tools/ghdl_final/bin/ghdl --elab-run c03s04b01x00p01n01i00573ent  --assert-level=error
Test: 901
/root/tools/ghdl_final/bin/ghdl -a --std=93c vhdl-93/billowitch/compliant/tc574.vhd
/root/tools/ghdl_final/bin/ghdl --elab-run c03s04b01x00p01n01i00574ent  --assert-level=error
Test: 902
/root/tools/ghdl_final/bin/ghdl -a --std=93c vhdl-93/billowitch/compliant/tc575.vhd
/root/tools/ghdl_final/bin/ghdl --elab-run c03s04b01x00p01n01i00575ent  --assert-level=error
Test: 903
/root/tools/ghdl_final/bin/ghdl -a --std=93c vhdl-93/billowitch/compliant/tc576.vhd
/root/tools/ghdl_final/bin/ghdl --elab-run c03s04b01x00p01n01i00576ent  --assert-level=error
Test: 904
/root/tools/ghdl_final/bin/ghdl -a --std=93c vhdl-93/billowitch/compliant/tc577.vhd
/root/tools/ghdl_final/bin/ghdl --elab-run c03s04b01x00p01n01i00577ent  --assert-level=error
Test: 905
/root/tools/ghdl_final/bin/ghdl -a --std=93c vhdl-93/billowitch/compliant/tc578.vhd
/root/tools/ghdl_final/bin/ghdl --elab-run c03s04b01x00p01n01i00578ent  --assert-level=error
Test: 906
/root/tools/ghdl_final/bin/ghdl -a --std=93c vhdl-93/billowitch/compliant/tc579.vhd
/root/tools/ghdl_final/bin/ghdl --elab-run c03s04b01x00p01n01i00579ent  --assert-level=error
Test: 907
/root/tools/ghdl_final/bin/ghdl -a --std=93c vhdl-93/billowitch/compliant/tc580.vhd
/root/tools/ghdl_final/bin/ghdl --elab-run c03s04b01x00p01n01i00580ent  --assert-level=error
Test: 908
/root/tools/ghdl_final/bin/ghdl -a --std=93c vhdl-93/billowitch/compliant/tc581.vhd
/root/tools/ghdl_final/bin/ghdl --elab-run c03s04b01x00p01n01i00581ent  --assert-level=error
Test: 909
/root/tools/ghdl_final/bin/ghdl -a --std=93c vhdl-93/billowitch/compliant/tc582.vhd
/root/tools/ghdl_final/bin/ghdl --elab-run c03s04b01x00p01n01i00582ent  --assert-level=error
Test: 910
/root/tools/ghdl_final/bin/ghdl -a --std=93c vhdl-93/billowitch/compliant/tc583.vhd
/root/tools/ghdl_final/bin/ghdl --elab-run c03s04b01x00p01n01i00583ent  --assert-level=error
Test: 911
/root/tools/ghdl_final/bin/ghdl -a --std=93c vhdl-93/billowitch/compliant/tc584.vhd
/root/tools/ghdl_final/bin/ghdl --elab-run c03s04b01x00p01n01i00584ent  --assert-level=error
Test: 912
/root/tools/ghdl_final/bin/ghdl -a --std=93c vhdl-93/billowitch/compliant/tc585.vhd
/root/tools/ghdl_final/bin/ghdl --elab-run c03s04b01x00p01n01i00585ent  --assert-level=error
delete library: work
/root/tools/ghdl_final/bin/ghdl --remove --std=93c --work=work
Test: 913
/root/tools/ghdl_final/bin/ghdl -a --std=93c vhdl-93/billowitch/compliant/tc586.vhd
/root/tools/ghdl_final/bin/ghdl --elab-run c03s04b01x00p01n01i00586ent  --assert-level=error
Test: 914
/root/tools/ghdl_final/bin/ghdl -a --std=93c vhdl-93/billowitch/compliant/tc587.vhd
/root/tools/ghdl_final/bin/ghdl --elab-run c03s04b01x00p01n01i00587ent  --assert-level=error
Test: 915
/root/tools/ghdl_final/bin/ghdl -a --std=93c vhdl-93/billowitch/compliant/tc588.vhd
/root/tools/ghdl_final/bin/ghdl --elab-run c03s04b01x00p01n01i00588ent  --assert-level=error
Test: 916
/root/tools/ghdl_final/bin/ghdl -a --std=93c vhdl-93/billowitch/compliant/tc589.vhd
/root/tools/ghdl_final/bin/ghdl --elab-run c03s04b01x00p01n01i00589ent  --assert-level=error
Test: 917
/root/tools/ghdl_final/bin/ghdl -a --std=93c vhdl-93/billowitch/compliant/tc590.vhd
/root/tools/ghdl_final/bin/ghdl --elab-run c03s04b01x00p01n01i00590ent  --assert-level=error
Test: 918
/root/tools/ghdl_final/bin/ghdl -a --std=93c vhdl-93/billowitch/compliant/tc591.vhd
/root/tools/ghdl_final/bin/ghdl --elab-run c03s04b01x00p01n01i00591ent  --assert-level=error
Test: 919
/root/tools/ghdl_final/bin/ghdl -a --std=93c vhdl-93/billowitch/compliant/tc592.vhd
/root/tools/ghdl_final/bin/ghdl --elab-run c03s04b01x00p01n01i00592ent  --assert-level=error
Test: 920
/root/tools/ghdl_final/bin/ghdl -a --std=93c vhdl-93/billowitch/compliant/tc593.vhd
/root/tools/ghdl_final/bin/ghdl --elab-run c03s04b01x00p01n01i00593ent  --assert-level=error
Test: 921
/root/tools/ghdl_final/bin/ghdl -a --std=93c vhdl-93/billowitch/compliant/tc594.vhd
/root/tools/ghdl_final/bin/ghdl --elab-run c03s04b01x00p01n01i00594ent  --assert-level=error
Test: 922
/root/tools/ghdl_final/bin/ghdl -a --std=93c vhdl-93/billowitch/compliant/tc595.vhd
/root/tools/ghdl_final/bin/ghdl --elab-run c03s04b01x00p01n01i00595ent  --assert-level=error
Test: 923
/root/tools/ghdl_final/bin/ghdl -a --std=93c vhdl-93/billowitch/compliant/tc596.vhd
/root/tools/ghdl_final/bin/ghdl --elab-run c03s04b01x00p01n01i00596ent  --assert-level=error
Test: 924
/root/tools/ghdl_final/bin/ghdl -a --std=93c vhdl-93/billowitch/compliant/tc597.vhd
/root/tools/ghdl_final/bin/ghdl --elab-run c03s04b01x00p01n01i00597ent  --assert-level=error
Test: 925
/root/tools/ghdl_final/bin/ghdl -a --std=93c vhdl-93/billowitch/compliant/tc598.vhd
/root/tools/ghdl_final/bin/ghdl --elab-run c03s04b01x00p01n01i00598ent  --assert-level=error
Test: 926
/root/tools/ghdl_final/bin/ghdl -a --std=93c vhdl-93/billowitch/compliant/tc599.vhd
/root/tools/ghdl_final/bin/ghdl --elab-run c03s04b01x00p01n01i00599ent  --assert-level=error
Test: 927
/root/tools/ghdl_final/bin/ghdl -a --std=93c vhdl-93/billowitch/compliant/tc600.vhd
/root/tools/ghdl_final/bin/ghdl --elab-run c03s04b01x00p01n01i00600ent  --assert-level=error
Test: 928
/root/tools/ghdl_final/bin/ghdl -a --std=93c vhdl-93/billowitch/compliant/tc601.vhd
/root/tools/ghdl_final/bin/ghdl --elab-run c03s04b01x00p01n01i00601ent  --assert-level=error
delete library: work
/root/tools/ghdl_final/bin/ghdl --remove --std=93c --work=work
Test: 929
/root/tools/ghdl_final/bin/ghdl -a --std=93c vhdl-93/billowitch/compliant/tc602.vhd
/root/tools/ghdl_final/bin/ghdl --elab-run c03s04b01x00p01n01i00602ent  --assert-level=error
Test: 930
/root/tools/ghdl_final/bin/ghdl -a --std=93c vhdl-93/billowitch/compliant/tc603.vhd
/root/tools/ghdl_final/bin/ghdl --elab-run c03s04b01x00p01n01i00603ent  --assert-level=error
Test: 931
/root/tools/ghdl_final/bin/ghdl -a --std=93c vhdl-93/billowitch/compliant/tc604.vhd
/root/tools/ghdl_final/bin/ghdl --elab-run c03s04b01x00p01n01i00604ent  --assert-level=error
Test: 932
/root/tools/ghdl_final/bin/ghdl -a --std=93c vhdl-93/billowitch/compliant/tc605.vhd
/root/tools/ghdl_final/bin/ghdl --elab-run c03s04b01x00p01n01i00605ent  --assert-level=error
Test: 933
/root/tools/ghdl_final/bin/ghdl -a --std=93c vhdl-93/billowitch/compliant/tc606.vhd
/root/tools/ghdl_final/bin/ghdl --elab-run c03s04b01x00p01n01i00606ent  --assert-level=error
Test: 934
/root/tools/ghdl_final/bin/ghdl -a --std=93c vhdl-93/billowitch/compliant/tc607.vhd
/root/tools/ghdl_final/bin/ghdl --elab-run c03s04b01x00p01n01i00607ent  --assert-level=error
Test: 935
/root/tools/ghdl_final/bin/ghdl -a --std=93c vhdl-93/billowitch/compliant/tc608.vhd
/root/tools/ghdl_final/bin/ghdl --elab-run c03s04b01x00p01n01i00608ent  --assert-level=error
Test: 936
/root/tools/ghdl_final/bin/ghdl -a --std=93c vhdl-93/billowitch/compliant/tc609.vhd
/root/tools/ghdl_final/bin/ghdl --elab-run c03s04b01x00p01n01i00609ent  --assert-level=error
Test: 937
/root/tools/ghdl_final/bin/ghdl -a --std=93c vhdl-93/billowitch/compliant/tc610.vhd
/root/tools/ghdl_final/bin/ghdl --elab-run c03s04b01x00p01n01i00610ent  --assert-level=error
Test: 938
/root/tools/ghdl_final/bin/ghdl -a --std=93c vhdl-93/billowitch/compliant/tc611.vhd
/root/tools/ghdl_final/bin/ghdl --elab-run c03s04b01x00p01n01i00611ent  --assert-level=error
Test: 939
/root/tools/ghdl_final/bin/ghdl -a --std=93c vhdl-93/billowitch/compliant/tc612.vhd
/root/tools/ghdl_final/bin/ghdl --elab-run c03s04b01x00p01n01i00612ent  --assert-level=error
Test: 940
/root/tools/ghdl_final/bin/ghdl -a --std=93c vhdl-93/billowitch/compliant/tc613.vhd
/root/tools/ghdl_final/bin/ghdl --elab-run c03s04b01x00p01n01i00613ent  --assert-level=error
Test: 941
/root/tools/ghdl_final/bin/ghdl -a --std=93c vhdl-93/billowitch/compliant/tc614.vhd
/root/tools/ghdl_final/bin/ghdl --elab-run c03s04b01x00p01n01i00614ent  --assert-level=error
Test: 942
/root/tools/ghdl_final/bin/ghdl -a --std=93c vhdl-93/billowitch/compliant/tc615.vhd
/root/tools/ghdl_final/bin/ghdl --elab-run c03s04b01x00p01n01i00615ent  --assert-level=error
Test: 943
/root/tools/ghdl_final/bin/ghdl -a --std=93c vhdl-93/billowitch/compliant/tc616.vhd
/root/tools/ghdl_final/bin/ghdl --elab-run c03s04b01x00p01n01i00616ent  --assert-level=error
Test: 944
/root/tools/ghdl_final/bin/ghdl -a --std=93c vhdl-93/billowitch/compliant/tc617.vhd
/root/tools/ghdl_final/bin/ghdl --elab-run c03s04b01x00p01n01i00617ent  --assert-level=error
delete library: work
/root/tools/ghdl_final/bin/ghdl --remove --std=93c --work=work
Test: 945
/root/tools/ghdl_final/bin/ghdl -a --std=93c vhdl-93/billowitch/compliant/tc618.vhd
/root/tools/ghdl_final/bin/ghdl --elab-run c03s04b01x00p01n01i00618ent  --assert-level=error
Test: 946
/root/tools/ghdl_final/bin/ghdl -a --std=93c vhdl-93/billowitch/compliant/tc619.vhd
/root/tools/ghdl_final/bin/ghdl --elab-run c03s04b01x00p01n01i00619ent  --assert-level=error
Test: 947
/root/tools/ghdl_final/bin/ghdl -a --std=93c vhdl-93/billowitch/compliant/tc620.vhd
/root/tools/ghdl_final/bin/ghdl --elab-run c03s04b01x00p01n01i00620ent  --assert-level=error
Test: 948
/root/tools/ghdl_final/bin/ghdl -a --std=93c vhdl-93/billowitch/compliant/tc621.vhd
/root/tools/ghdl_final/bin/ghdl --elab-run c03s04b01x00p01n01i00621ent  --assert-level=error
Test: 949
/root/tools/ghdl_final/bin/ghdl -a --std=93c vhdl-93/billowitch/compliant/tc622.vhd
/root/tools/ghdl_final/bin/ghdl --elab-run c03s04b01x00p01n01i00622ent  --assert-level=error
Test: 950
/root/tools/ghdl_final/bin/ghdl -a --std=93c vhdl-93/billowitch/compliant/tc623.vhd
/root/tools/ghdl_final/bin/ghdl --elab-run c03s04b01x00p01n01i00623ent  --assert-level=error
Test: 951
/root/tools/ghdl_final/bin/ghdl -a --std=93c vhdl-93/billowitch/compliant/tc624.vhd
/root/tools/ghdl_final/bin/ghdl --elab-run c03s04b01x00p01n01i00624ent  --assert-level=error
Test: 952
/root/tools/ghdl_final/bin/ghdl -a --std=93c vhdl-93/billowitch/compliant/tc625.vhd
/root/tools/ghdl_final/bin/ghdl --elab-run c03s04b01x00p01n01i00625ent  --assert-level=error
Test: 953
/root/tools/ghdl_final/bin/ghdl -a --std=93c vhdl-93/billowitch/compliant/tc626.vhd
/root/tools/ghdl_final/bin/ghdl --elab-run c03s04b01x00p01n01i00626ent  --assert-level=error
Test: 954
/root/tools/ghdl_final/bin/ghdl -a --std=93c vhdl-93/billowitch/compliant/tc627.vhd
/root/tools/ghdl_final/bin/ghdl --elab-run c03s04b01x00p01n01i00627ent  --assert-level=error
Test: 955
/root/tools/ghdl_final/bin/ghdl -a --std=93c vhdl-93/billowitch/compliant/tc628.vhd
/root/tools/ghdl_final/bin/ghdl --elab-run c03s04b01x00p01n01i00628ent  --assert-level=error
Test: 956
/root/tools/ghdl_final/bin/ghdl -a --std=93c vhdl-93/billowitch/compliant/tc629.vhd
/root/tools/ghdl_final/bin/ghdl --elab-run c03s04b01x00p01n01i00629ent  --assert-level=error
Test: 957
/root/tools/ghdl_final/bin/ghdl -a --std=93c vhdl-93/billowitch/compliant/tc630.vhd
/root/tools/ghdl_final/bin/ghdl --elab-run c03s04b01x00p01n01i00630ent  --assert-level=error
Test: 958
/root/tools/ghdl_final/bin/ghdl -a --std=93c vhdl-93/billowitch/compliant/tc631.vhd
/root/tools/ghdl_final/bin/ghdl --elab-run c03s04b01x00p01n01i00631ent  --assert-level=error
Test: 959
/root/tools/ghdl_final/bin/ghdl -a --std=93c vhdl-93/billowitch/compliant/tc632.vhd
/root/tools/ghdl_final/bin/ghdl --elab-run c03s04b01x00p01n01i00632ent  --assert-level=error
Test: 960
/root/tools/ghdl_final/bin/ghdl -a --std=93c vhdl-93/billowitch/compliant/tc633.vhd
/root/tools/ghdl_final/bin/ghdl --elab-run c03s04b01x00p01n01i00633ent  --assert-level=error
delete library: work
/root/tools/ghdl_final/bin/ghdl --remove --std=93c --work=work
Test: 961
/root/tools/ghdl_final/bin/ghdl -a --std=93c vhdl-93/billowitch/compliant/tc634.vhd
/root/tools/ghdl_final/bin/ghdl --elab-run c03s04b01x00p01n01i00634ent  --assert-level=error
Test: 962
/root/tools/ghdl_final/bin/ghdl -a --std=93c vhdl-93/billowitch/compliant/tc635.vhd
/root/tools/ghdl_final/bin/ghdl --elab-run c03s04b01x00p01n01i00635ent  --assert-level=error
Test: 963
/root/tools/ghdl_final/bin/ghdl -a --std=93c vhdl-93/billowitch/compliant/tc636.vhd
/root/tools/ghdl_final/bin/ghdl --elab-run c03s04b01x00p01n01i00636ent  --assert-level=error
Test: 964
/root/tools/ghdl_final/bin/ghdl -a --std=93c vhdl-93/billowitch/compliant/tc637.vhd
/root/tools/ghdl_final/bin/ghdl --elab-run c03s04b01x00p01n01i00637ent  --assert-level=error
Test: 965
/root/tools/ghdl_final/bin/ghdl -a --std=93c vhdl-93/billowitch/compliant/tc638.vhd
/root/tools/ghdl_final/bin/ghdl --elab-run c03s04b01x00p01n01i00638ent  --assert-level=error
Test: 966
/root/tools/ghdl_final/bin/ghdl -a --std=93c vhdl-93/billowitch/compliant/tc639.vhd
/root/tools/ghdl_final/bin/ghdl --elab-run c03s04b01x00p01n01i00639ent  --assert-level=error
Test: 967
/root/tools/ghdl_final/bin/ghdl -a --std=93c vhdl-93/billowitch/compliant/tc640.vhd
/root/tools/ghdl_final/bin/ghdl --elab-run c03s04b01x00p01n01i00640ent  --assert-level=error
Test: 968
/root/tools/ghdl_final/bin/ghdl -a --std=93c vhdl-93/billowitch/compliant/tc641.vhd
/root/tools/ghdl_final/bin/ghdl --elab-run c03s04b01x00p01n01i00641ent  --assert-level=error
Test: 969
/root/tools/ghdl_final/bin/ghdl -a --std=93c vhdl-93/billowitch/compliant/tc642.vhd
/root/tools/ghdl_final/bin/ghdl --elab-run c03s04b01x00p01n01i00642ent  --assert-level=error
Test: 970
/root/tools/ghdl_final/bin/ghdl -a --std=93c vhdl-93/billowitch/compliant/tc643.vhd
/root/tools/ghdl_final/bin/ghdl --elab-run c03s04b01x00p01n01i00643ent  --assert-level=error
Test: 971
/root/tools/ghdl_final/bin/ghdl -a --std=93c vhdl-93/billowitch/compliant/tc644.vhd
/root/tools/ghdl_final/bin/ghdl --elab-run c03s04b01x00p01n01i00644ent  --assert-level=error
Test: 972
/root/tools/ghdl_final/bin/ghdl -a --std=93c vhdl-93/billowitch/compliant/tc645.vhd
/root/tools/ghdl_final/bin/ghdl --elab-run c03s04b01x00p01n01i00645ent  --assert-level=error
Test: 973
/root/tools/ghdl_final/bin/ghdl -a --std=93c vhdl-93/billowitch/compliant/tc646.vhd
/root/tools/ghdl_final/bin/ghdl --elab-run c03s04b01x00p01n01i00646ent  --assert-level=error
Test: 974
/root/tools/ghdl_final/bin/ghdl -a --std=93c vhdl-93/billowitch/compliant/tc647.vhd
/root/tools/ghdl_final/bin/ghdl --elab-run c03s04b01x00p01n01i00647ent  --assert-level=error
Test: 975
/root/tools/ghdl_final/bin/ghdl -a --std=93c vhdl-93/billowitch/compliant/tc648.vhd
/root/tools/ghdl_final/bin/ghdl --elab-run c03s04b01x00p01n01i00648ent  --assert-level=error
Test: 976
/root/tools/ghdl_final/bin/ghdl -a --std=93c vhdl-93/billowitch/compliant/tc649.vhd
/root/tools/ghdl_final/bin/ghdl --elab-run c03s04b01x00p01n01i00649ent  --assert-level=error
delete library: work
/root/tools/ghdl_final/bin/ghdl --remove --std=93c --work=work
Test: 977
/root/tools/ghdl_final/bin/ghdl -a --std=93c vhdl-93/billowitch/compliant/tc650.vhd
/root/tools/ghdl_final/bin/ghdl --elab-run c03s04b01x00p01n01i00650ent  --assert-level=error
Test: 978
/root/tools/ghdl_final/bin/ghdl -a --std=93c vhdl-93/billowitch/compliant/tc651.vhd
/root/tools/ghdl_final/bin/ghdl --elab-run c03s04b01x00p01n01i00651ent  --assert-level=error
Test: 979
/root/tools/ghdl_final/bin/ghdl -a --std=93c vhdl-93/billowitch/compliant/tc652.vhd
/root/tools/ghdl_final/bin/ghdl --elab-run c03s04b01x00p01n01i00652ent  --assert-level=error
Test: 980
/root/tools/ghdl_final/bin/ghdl -a --std=93c vhdl-93/billowitch/compliant/tc653.vhd
/root/tools/ghdl_final/bin/ghdl --elab-run c03s04b01x00p01n01i00653ent  --assert-level=error
Test: 981
/root/tools/ghdl_final/bin/ghdl -a --std=93c vhdl-93/billowitch/compliant/tc654.vhd
/root/tools/ghdl_final/bin/ghdl --elab-run c03s04b01x00p01n01i00654ent  --assert-level=error
Test: 982
/root/tools/ghdl_final/bin/ghdl -a --std=93c vhdl-93/billowitch/compliant/tc655.vhd
/root/tools/ghdl_final/bin/ghdl --elab-run c03s04b01x00p01n01i00655ent  --assert-level=error
Test: 983
/root/tools/ghdl_final/bin/ghdl -a --std=93c vhdl-93/billowitch/compliant/tc656.vhd
/root/tools/ghdl_final/bin/ghdl --elab-run c03s04b01x00p01n01i00656ent  --assert-level=error
Test: 984
/root/tools/ghdl_final/bin/ghdl -a --std=93c vhdl-93/billowitch/compliant/tc657.vhd
/root/tools/ghdl_final/bin/ghdl --elab-run c03s04b01x00p01n01i00657ent  --assert-level=error
Test: 985
/root/tools/ghdl_final/bin/ghdl -a --std=93c vhdl-93/billowitch/compliant/tc658.vhd
/root/tools/ghdl_final/bin/ghdl --elab-run c03s04b01x00p01n01i00658ent  --assert-level=error
Test: 986
/root/tools/ghdl_final/bin/ghdl -a --std=93c vhdl-93/billowitch/compliant/tc659.vhd
/root/tools/ghdl_final/bin/ghdl --elab-run c03s04b01x00p01n01i00659ent  --assert-level=error
Test: 987
/root/tools/ghdl_final/bin/ghdl -a --std=93c vhdl-93/billowitch/compliant/tc660.vhd
/root/tools/ghdl_final/bin/ghdl --elab-run c03s04b01x00p01n01i00660ent  --assert-level=error
Test: 988
/root/tools/ghdl_final/bin/ghdl -a --std=93c vhdl-93/billowitch/compliant/tc661.vhd
/root/tools/ghdl_final/bin/ghdl --elab-run c03s04b01x00p01n01i00661ent  --assert-level=error
Test: 989
/root/tools/ghdl_final/bin/ghdl -a --std=93c vhdl-93/billowitch/compliant/tc662.vhd
/root/tools/ghdl_final/bin/ghdl --elab-run c03s04b01x00p01n01i00662ent  --assert-level=error
Test: 990
/root/tools/ghdl_final/bin/ghdl -a --std=93c vhdl-93/billowitch/compliant/tc663.vhd
/root/tools/ghdl_final/bin/ghdl --elab-run c03s04b01x00p01n01i00663ent  --assert-level=error
Test: 991
/root/tools/ghdl_final/bin/ghdl -a --std=93c vhdl-93/billowitch/compliant/tc664.vhd
/root/tools/ghdl_final/bin/ghdl --elab-run c03s04b01x00p01n01i00664ent  --assert-level=error
Test: 992
/root/tools/ghdl_final/bin/ghdl -a --std=93c vhdl-93/billowitch/compliant/tc665.vhd
/root/tools/ghdl_final/bin/ghdl --elab-run c03s04b01x00p01n01i00665ent  --assert-level=error
delete library: work
/root/tools/ghdl_final/bin/ghdl --remove --std=93c --work=work
Test: 993
/root/tools/ghdl_final/bin/ghdl -a --std=93c vhdl-93/billowitch/compliant/tc666.vhd
/root/tools/ghdl_final/bin/ghdl --elab-run c03s04b01x00p01n01i00666ent  --assert-level=error
Test: 994
/root/tools/ghdl_final/bin/ghdl -a --std=93c vhdl-93/billowitch/compliant/tc667.vhd
/root/tools/ghdl_final/bin/ghdl --elab-run c03s04b01x00p01n01i00667ent  --assert-level=error
Test: 995
/root/tools/ghdl_final/bin/ghdl -a --std=93c vhdl-93/billowitch/compliant/tc668.vhd
/root/tools/ghdl_final/bin/ghdl --elab-run c03s04b01x00p01n01i00668ent  --assert-level=error
Test: 996
/root/tools/ghdl_final/bin/ghdl -a --std=93c vhdl-93/billowitch/compliant/tc669.vhd
/root/tools/ghdl_final/bin/ghdl --elab-run c03s04b01x00p01n01i00669ent  --assert-level=error
Test: 997
/root/tools/ghdl_final/bin/ghdl -a --std=93c vhdl-93/billowitch/compliant/tc670.vhd
/root/tools/ghdl_final/bin/ghdl --elab-run c03s04b01x00p23n01i00670ent  --assert-level=error
Test: 998
/root/tools/ghdl_final/bin/ghdl -a --std=93c vhdl-93/billowitch/compliant/tc671.vhd
/root/tools/ghdl_final/bin/ghdl --elab-run c03s04b01x00p23n01i00671ent  --assert-level=error
Test: 999
/root/tools/ghdl_final/bin/ghdl -a --std=93c vhdl-93/billowitch/compliant/tc672.vhd
/root/tools/ghdl_final/bin/ghdl --elab-run c03s04b01x00p23n01i00672ent  --assert-level=error
Test: 1000
/root/tools/ghdl_final/bin/ghdl -a --std=93c vhdl-93/billowitch/compliant/tc673.vhd
/root/tools/ghdl_final/bin/ghdl --elab-run c03s04b01x00p23n01i00673ent  --assert-level=error
Test: 1001
/root/tools/ghdl_final/bin/ghdl -a --std=93c vhdl-93/billowitch/compliant/tc674.vhd
/root/tools/ghdl_final/bin/ghdl --elab-run c03s04b01x00p23n01i00674ent  --assert-level=error
Test: 1002
/root/tools/ghdl_final/bin/ghdl -a --std=93c vhdl-93/billowitch/compliant/tc675.vhd
/root/tools/ghdl_final/bin/ghdl --elab-run c03s04b01x00p23n01i00675ent  --assert-level=error
Test: 1003
/root/tools/ghdl_final/bin/ghdl -a --std=93c vhdl-93/billowitch/compliant/tc676.vhd
/root/tools/ghdl_final/bin/ghdl --elab-run c03s04b01x00p23n01i00676ent  --assert-level=error
Test: 1004
/root/tools/ghdl_final/bin/ghdl -a --std=93c vhdl-93/billowitch/compliant/tc677.vhd
/root/tools/ghdl_final/bin/ghdl --elab-run c03s04b01x00p23n01i00677ent  --assert-level=error
Test: 1005
/root/tools/ghdl_final/bin/ghdl -a --std=93c vhdl-93/billowitch/compliant/tc678.vhd
/root/tools/ghdl_final/bin/ghdl --elab-run c03s04b01x00p23n01i00678ent  --assert-level=error
Test: 1006
/root/tools/ghdl_final/bin/ghdl -a --std=93c vhdl-93/billowitch/compliant/tc679.vhd
/root/tools/ghdl_final/bin/ghdl --elab-run c03s04b01x00p23n01i00679ent  --assert-level=error
Test: 1007
/root/tools/ghdl_final/bin/ghdl -a --std=93c vhdl-93/billowitch/compliant/tc680.vhd
/root/tools/ghdl_final/bin/ghdl --elab-run c03s04b01x00p23n01i00680ent  --assert-level=error
Test: 1008
/root/tools/ghdl_final/bin/ghdl -a --std=93c vhdl-93/billowitch/compliant/tc681.vhd
/root/tools/ghdl_final/bin/ghdl --elab-run c03s04b01x00p23n01i00681ent  --assert-level=error
delete library: work
/root/tools/ghdl_final/bin/ghdl --remove --std=93c --work=work
Test: 1009
/root/tools/ghdl_final/bin/ghdl -a --std=93c vhdl-93/billowitch/compliant/tc682.vhd
/root/tools/ghdl_final/bin/ghdl --elab-run c03s04b01x00p23n01i00682ent  --assert-level=error
Test: 1010
/root/tools/ghdl_final/bin/ghdl -a --std=93c vhdl-93/billowitch/compliant/tc683.vhd
/root/tools/ghdl_final/bin/ghdl --elab-run c03s04b01x00p23n01i00683ent  --assert-level=error
Test: 1011
/root/tools/ghdl_final/bin/ghdl -a --std=93c vhdl-93/billowitch/compliant/tc684.vhd
/root/tools/ghdl_final/bin/ghdl --elab-run c03s04b01x00p23n01i00684ent  --assert-level=error
Test: 1012
/root/tools/ghdl_final/bin/ghdl -a --std=93c vhdl-93/billowitch/compliant/tc685.vhd
/root/tools/ghdl_final/bin/ghdl --elab-run c03s04b01x00p23n01i00685ent  --assert-level=error
Test: 1013
/root/tools/ghdl_final/bin/ghdl -a --std=93c vhdl-93/billowitch/compliant/tc686.vhd
/root/tools/ghdl_final/bin/ghdl --elab-run c03s04b01x00p23n01i00686ent  --assert-level=error
Test: 1014
/root/tools/ghdl_final/bin/ghdl -a --std=93c vhdl-93/billowitch/compliant/tc687.vhd
/root/tools/ghdl_final/bin/ghdl --elab-run c03s04b01x00p23n01i00687ent  --assert-level=error
Test: 1015
/root/tools/ghdl_final/bin/ghdl -a --std=93c vhdl-93/billowitch/compliant/tc688.vhd
/root/tools/ghdl_final/bin/ghdl --elab-run c03s04b01x00p23n01i00688ent  --assert-level=error
Test: 1016
/root/tools/ghdl_final/bin/ghdl -a --std=93c vhdl-93/billowitch/compliant/tc689.vhd
/root/tools/ghdl_final/bin/ghdl --elab-run c03s04b01x00p23n01i00689ent  --assert-level=error
Test: 1017
/root/tools/ghdl_final/bin/ghdl -a --std=93c vhdl-93/billowitch/compliant/tc690.vhd
/root/tools/ghdl_final/bin/ghdl --elab-run c03s04b01x00p23n01i00690ent  --assert-level=error
Test: 1018
/root/tools/ghdl_final/bin/ghdl -a --std=93c vhdl-93/billowitch/compliant/tc691.vhd
/root/tools/ghdl_final/bin/ghdl --elab-run c03s04b01x00p23n01i00691ent  --assert-level=error
Test: 1019
/root/tools/ghdl_final/bin/ghdl -a --std=93c vhdl-93/billowitch/compliant/tc692.vhd
/root/tools/ghdl_final/bin/ghdl --elab-run c03s04b01x00p23n01i00692ent  --assert-level=error
Test: 1020
/root/tools/ghdl_final/bin/ghdl -a --std=93c vhdl-93/billowitch/compliant/tc694.vhd
/root/tools/ghdl_final/bin/ghdl --elab-run c03s04b01x00p23n01i00694ent  --assert-level=error
Test: 1021
/root/tools/ghdl_final/bin/ghdl -a --std=93c vhdl-93/billowitch/compliant/tc693.vhd
/root/tools/ghdl_final/bin/ghdl --elab-run c03s04b01x00p23n01i00693ent  --assert-level=error
Test: 1022
/root/tools/ghdl_final/bin/ghdl -a --std=93c vhdl-93/billowitch/compliant/tc695.vhd
/root/tools/ghdl_final/bin/ghdl --elab-run c03s04b01x00p23n01i00695ent  --assert-level=error
Test: 1023
/root/tools/ghdl_final/bin/ghdl -a --std=93c vhdl-93/billowitch/compliant/tc697.vhd
/root/tools/ghdl_final/bin/ghdl --elab-run c03s04b01x00p23n01i00697ent  --assert-level=error
Test: 1024
/root/tools/ghdl_final/bin/ghdl -a --std=93c vhdl-93/billowitch/compliant/tc696.vhd
/root/tools/ghdl_final/bin/ghdl --elab-run c03s04b01x00p23n01i00696ent  --assert-level=error
delete library: work
/root/tools/ghdl_final/bin/ghdl --remove --std=93c --work=work
Test: 1025
/root/tools/ghdl_final/bin/ghdl -a --std=93c vhdl-93/billowitch/compliant/tc698.vhd
/root/tools/ghdl_final/bin/ghdl --elab-run c03s04b01x00p23n01i00698ent  --assert-level=error
Test: 1026
/root/tools/ghdl_final/bin/ghdl -a --std=93c vhdl-93/billowitch/compliant/tc699.vhd
/root/tools/ghdl_final/bin/ghdl --elab-run c03s04b01x00p23n01i00699ent  --assert-level=error
Test: 1027
/root/tools/ghdl_final/bin/ghdl -a --std=93c vhdl-93/billowitch/compliant/tc700.vhd
/root/tools/ghdl_final/bin/ghdl --elab-run c03s04b01x00p23n01i00700ent  --assert-level=error
Test: 1028
/root/tools/ghdl_final/bin/ghdl -a --std=93c vhdl-93/billowitch/compliant/tc701.vhd
/root/tools/ghdl_final/bin/ghdl --elab-run c03s04b01x00p23n01i00701ent  --assert-level=error
Test: 1029
/root/tools/ghdl_final/bin/ghdl -a --std=93c vhdl-93/billowitch/compliant/tc702.vhd
/root/tools/ghdl_final/bin/ghdl --elab-run c03s04b01x00p23n01i00702ent  --assert-level=error
Test: 1030
/root/tools/ghdl_final/bin/ghdl -a --std=93c vhdl-93/billowitch/compliant/tc703.vhd
/root/tools/ghdl_final/bin/ghdl --elab-run c03s04b01x00p23n01i00703ent  --assert-level=error
Test: 1031
/root/tools/ghdl_final/bin/ghdl -a --std=93c vhdl-93/billowitch/compliant/tc704.vhd
/root/tools/ghdl_final/bin/ghdl --elab-run c03s04b01x00p23n01i00704ent  --assert-level=error
Test: 1032
/root/tools/ghdl_final/bin/ghdl -a --std=93c vhdl-93/billowitch/compliant/tc705.vhd
/root/tools/ghdl_final/bin/ghdl --elab-run c03s04b01x00p23n01i00705ent  --assert-level=error
Test: 1033
/root/tools/ghdl_final/bin/ghdl -a --std=93c vhdl-93/billowitch/compliant/tc706.vhd
/root/tools/ghdl_final/bin/ghdl --elab-run c03s04b01x00p23n01i00706ent  --assert-level=error
Test: 1034
/root/tools/ghdl_final/bin/ghdl -a --std=93c vhdl-93/billowitch/compliant/tc707.vhd
/root/tools/ghdl_final/bin/ghdl --elab-run c03s04b01x00p23n01i00707ent  --assert-level=error
Test: 1035
/root/tools/ghdl_final/bin/ghdl -a --std=93c vhdl-93/billowitch/compliant/tc708.vhd
/root/tools/ghdl_final/bin/ghdl --elab-run c03s04b01x00p23n01i00708ent  --assert-level=error
Test: 1036
/root/tools/ghdl_final/bin/ghdl -a --std=93c vhdl-93/billowitch/compliant/tc709.vhd
/root/tools/ghdl_final/bin/ghdl --elab-run c03s04b01x00p23n01i00709ent  --assert-level=error
Test: 1037
/root/tools/ghdl_final/bin/ghdl -a --std=93c vhdl-93/billowitch/compliant/tc710.vhd
/root/tools/ghdl_final/bin/ghdl --elab-run c03s04b01x00p23n01i00710ent  --assert-level=error
Test: 1038
/root/tools/ghdl_final/bin/ghdl -a --std=93c vhdl-93/billowitch/compliant/tc712.vhd
/root/tools/ghdl_final/bin/ghdl --elab-run c03s04b01x00p24n01i00712ent  --assert-level=error
Test: 1039
/root/tools/ghdl_final/bin/ghdl -a --std=93c vhdl-93/billowitch/compliant/tc713w.vhd
/root/tools/ghdl_final/bin/ghdl --elab-run c03s04b01x00p24n01i00713entw  --assert-level=error
Test: 1040
/root/tools/ghdl_final/bin/ghdl -a --std=93c vhdl-93/billowitch/compliant/tc713.vhd
/root/tools/ghdl_final/bin/ghdl --elab-run c03s04b01x00p24n01i00713ent  --assert-level=error
delete library: work
/root/tools/ghdl_final/bin/ghdl --remove --std=93c --work=work
Test: 1041
/root/tools/ghdl_final/bin/ghdl -a --std=93c vhdl-93/billowitch/compliant/tc717.vhd
/root/tools/ghdl_final/bin/ghdl --elab-run c01s01b00x00p02n01i00717ent  --assert-level=error
Test: 1042
/root/tools/ghdl_final/bin/ghdl -a --std=93c vhdl-93/billowitch/compliant/tc719.vhd
/root/tools/ghdl_final/bin/ghdl --elab-run c01s01b00x00p04n01i00719ent  --assert-level=error
Test: 1043
/root/tools/ghdl_final/bin/ghdl -a --std=93c vhdl-93/billowitch/compliant/tc731.vhd
Cannot elaborate or run : no top level entity
Test: 1044
/root/tools/ghdl_final/bin/ghdl -a --std=93c vhdl-93/billowitch/compliant/tc740.vhd
/root/tools/ghdl_final/bin/ghdl --elab-run c01s01b01x01p04n02i00740ent  --assert-level=error
Test: 1045
/root/tools/ghdl_final/bin/ghdl -a --std=93c vhdl-93/billowitch/compliant/tc741.vhd
Cannot elaborate or run : no top level entity
Test: 1046
/root/tools/ghdl_final/bin/ghdl -a --std=93c vhdl-93/billowitch/compliant/tc742.vhd
Cannot elaborate or run : no top level entity
Test: 1047
/root/tools/ghdl_final/bin/ghdl -a --std=93c vhdl-93/billowitch/compliant/tc743.vhd
Cannot elaborate or run : no top level entity
Test: 1048
/root/tools/ghdl_final/bin/ghdl -a --std=93c vhdl-93/billowitch/compliant/tc744.vhd
Cannot elaborate or run : no top level entity
Test: 1049
/root/tools/ghdl_final/bin/ghdl -a --std=93c vhdl-93/billowitch/compliant/tc745.vhd
Cannot elaborate or run : no top level entity
Test: 1050
/root/tools/ghdl_final/bin/ghdl -a --std=93c vhdl-93/billowitch/compliant/tc746.vhd
Cannot elaborate or run : no top level entity
Test: 1051
/root/tools/ghdl_final/bin/ghdl -a --std=93c vhdl-93/billowitch/compliant/tc747.vhd
Cannot elaborate or run : no top level entity
Test: 1052
/root/tools/ghdl_final/bin/ghdl -a --std=93c vhdl-93/billowitch/compliant/tc748.vhd
Cannot elaborate or run : no top level entity
Test: 1053
/root/tools/ghdl_final/bin/ghdl -a --std=93c vhdl-93/billowitch/compliant/tc749.vhd
/root/tools/ghdl_final/bin/ghdl --elab-run c01s01b01x01p05n02i00749ent  --assert-level=error
Test: 1054
/root/tools/ghdl_final/bin/ghdl -a --std=93c vhdl-93/billowitch/compliant/tc750.vhd
/root/tools/ghdl_final/bin/ghdl --elab-run c01s01b01x01p05n02i00750ent  --assert-level=error
Test: 1055
/root/tools/ghdl_final/bin/ghdl -a --std=93c vhdl-93/billowitch/compliant/tc751.vhd
/root/tools/ghdl_final/bin/ghdl --elab-run c01s01b01x01p05n02i00751ent  --assert-level=error
Test: 1056
/root/tools/ghdl_final/bin/ghdl -a --std=93c vhdl-93/billowitch/compliant/tc752.vhd
/root/tools/ghdl_final/bin/ghdl --elab-run c01s01b01x01p05n02i00752ent  --assert-level=error
delete library: work
/root/tools/ghdl_final/bin/ghdl --remove --std=93c --work=work
Test: 1057
/root/tools/ghdl_final/bin/ghdl -a --std=93c vhdl-93/billowitch/compliant/tc753.vhd
Cannot elaborate or run : no top level entity
Test: 1058
/root/tools/ghdl_final/bin/ghdl -a --std=93c vhdl-93/billowitch/compliant/tc754.vhd
Cannot elaborate or run : no top level entity
Test: 1059
/root/tools/ghdl_final/bin/ghdl -a --std=93c vhdl-93/billowitch/compliant/tc755.vhd
/root/tools/ghdl_final/bin/ghdl --elab-run c01s01b01x01p05n02i00755ent  --assert-level=error
Test: 1060
/root/tools/ghdl_final/bin/ghdl -a --std=93c vhdl-93/billowitch/compliant/tc756.vhd
/root/tools/ghdl_final/bin/ghdl --elab-run c01s01b01x01p05n02i00756ent  --assert-level=error
Test: 1061
/root/tools/ghdl_final/bin/ghdl -a --std=93c vhdl-93/billowitch/compliant/tc757.vhd
/root/tools/ghdl_final/bin/ghdl --elab-run c01s01b01x01p05n02i00757ent  --assert-level=error
Test: 1062
/root/tools/ghdl_final/bin/ghdl -a --std=93c vhdl-93/billowitch/compliant/tc759.vhd
/root/tools/ghdl_final/bin/ghdl --elab-run c01s01b01x01p05n02i00759ent  --assert-level=error
Test: 1063
/root/tools/ghdl_final/bin/ghdl -a --std=93c vhdl-93/billowitch/compliant/tc760.vhd
/root/tools/ghdl_final/bin/ghdl --elab-run c01s01b01x01p05n02i00760ent  --assert-level=error
Test: 1064
/root/tools/ghdl_final/bin/ghdl -a --std=93c vhdl-93/billowitch/compliant/tc761.vhd
Cannot elaborate or run : no top level entity
Test: 1065
/root/tools/ghdl_final/bin/ghdl -a --std=93c vhdl-93/billowitch/compliant/tc762.vhd
/root/tools/ghdl_final/bin/ghdl --elab-run c01s01b01x01p05n02i00762ent  --assert-level=error
Test: 1066
/root/tools/ghdl_final/bin/ghdl -a --std=93c vhdl-93/billowitch/compliant/tc763.vhd
/root/tools/ghdl_final/bin/ghdl --elab-run c01s01b01x01p05n02i00763ent  --assert-level=error
Test: 1067
/root/tools/ghdl_final/bin/ghdl -a --std=93c vhdl-93/billowitch/compliant/tc765.vhd
Cannot elaborate or run : no top level entity
Test: 1068
/root/tools/ghdl_final/bin/ghdl -a --std=93c vhdl-93/billowitch/compliant/tc768.vhd
Cannot elaborate or run : no top level entity
Test: 1069
/root/tools/ghdl_final/bin/ghdl -a --std=93c vhdl-93/billowitch/compliant/tc772.vhd
Cannot elaborate or run : no top level entity
Test: 1070
/root/tools/ghdl_final/bin/ghdl -a --std=93c vhdl-93/billowitch/compliant/tc776.vhd
Cannot elaborate or run : no top level entity
Test: 1071
/root/tools/ghdl_final/bin/ghdl -a --std=93c vhdl-93/billowitch/compliant/tc777.vhd
Cannot elaborate or run : no top level entity
Test: 1072
/root/tools/ghdl_final/bin/ghdl -a --std=93c vhdl-93/billowitch/compliant/tc778.vhd
Cannot elaborate or run : no top level entity
delete library: work
/root/tools/ghdl_final/bin/ghdl --remove --std=93c --work=work
Test: 1073
/root/tools/ghdl_final/bin/ghdl -a --std=93c vhdl-93/billowitch/compliant/tc782.vhd
Cannot elaborate or run : no top level entity
Test: 1074
/root/tools/ghdl_final/bin/ghdl -a --std=93c vhdl-93/billowitch/compliant/tc784.vhd
Cannot elaborate or run : no top level entity
Test: 1075
/root/tools/ghdl_final/bin/ghdl -a --std=93c vhdl-93/billowitch/compliant/tc791.vhd
/root/tools/ghdl_final/bin/ghdl --elab-run c01s01b02x00p03n01i00791ent  --assert-level=error
Test: 1076
/root/tools/ghdl_final/bin/ghdl -a --std=93c vhdl-93/billowitch/compliant/tc792.vhd
/root/tools/ghdl_final/bin/ghdl --elab-run c01s01b02x00p03n01i00792ent  --assert-level=error
Test: 1077
/root/tools/ghdl_final/bin/ghdl -a --std=93c vhdl-93/billowitch/compliant/tc805.vhd
Cannot elaborate or run : no top level entity
Test: 1078
/root/tools/ghdl_final/bin/ghdl -a --std=93c vhdl-93/billowitch/compliant/tc817.vhd
Cannot elaborate or run : no top level entity
Test: 1079
/root/tools/ghdl_final/bin/ghdl -a --std=93c vhdl-93/billowitch/compliant/tc820.vhd
/root/tools/ghdl_final/bin/ghdl --elab-run c01s02b01x00p03n01i00820ent  --assert-level=error
Test: 1080
/root/tools/ghdl_final/bin/ghdl -a --std=93c vhdl-93/billowitch/compliant/tc837.vhd
/root/tools/ghdl_final/bin/ghdl --elab-run c01s03b01x00p02n01i00837ent  --assert-level=error
Test: 1081
/root/tools/ghdl_final/bin/ghdl -a --std=93c vhdl-93/billowitch/compliant/tc840.vhd
/root/tools/ghdl_final/bin/ghdl --elab-run c01s03b01x00p03n01i00840ent  --assert-level=error
Test: 1082
/root/tools/ghdl_final/bin/ghdl -a --std=93c vhdl-93/billowitch/compliant/tc842.vhd
/root/tools/ghdl_final/bin/ghdl --elab-run c01s03b01x00p04n01i00842ent  --assert-level=error
Test: 1083
/root/tools/ghdl_final/bin/ghdl -a --std=93c vhdl-93/billowitch/compliant/tc843.vhd
/root/tools/ghdl_final/bin/ghdl --elab-run c01s03b01x00p05n01i00843ent  --assert-level=error
Test: 1084
/root/tools/ghdl_final/bin/ghdl -a --std=93c vhdl-93/billowitch/compliant/tc844.vhd
/root/tools/ghdl_final/bin/ghdl --elab-run c01s03b01x00p05n01i00844ent  --assert-level=error
Test: 1085
/root/tools/ghdl_final/bin/ghdl -a --std=93c vhdl-93/billowitch/compliant/tc846.vhd
/root/tools/ghdl_final/bin/ghdl --elab-run c01s03b01x00p08n01i00846ent  --assert-level=error
Test: 1086
/root/tools/ghdl_final/bin/ghdl -a --std=93c vhdl-93/billowitch/compliant/tc849.vhd
/root/tools/ghdl_final/bin/ghdl --elab-run c01s03b01x00p12n01i00849ent  --assert-level=error
Test: 1087
/root/tools/ghdl_final/bin/ghdl -a --std=93c vhdl-93/billowitch/compliant/tc850.vhd
/root/tools/ghdl_final/bin/ghdl --elab-run c01s03b01x00p12n01i00850ent  --assert-level=error
Test: 1088
/root/tools/ghdl_final/bin/ghdl -a --std=93c vhdl-93/billowitch/compliant/tc852.vhd
/root/tools/ghdl_final/bin/ghdl --elab-run c01s03b01x00p12n01i00852ent  --assert-level=error
delete library: work
/root/tools/ghdl_final/bin/ghdl --remove --std=93c --work=work
Test: 1089
/root/tools/ghdl_final/bin/ghdl -a --std=93c vhdl-93/billowitch/compliant/tc853.vhd
/root/tools/ghdl_final/bin/ghdl --elab-run c01s03b01x00p12n01i00853ent  --assert-level=error
Test: 1090
/root/tools/ghdl_final/bin/ghdl -a --std=93c vhdl-93/billowitch/compliant/tc854.vhd
/root/tools/ghdl_final/bin/ghdl --elab-run c01s03b01x00p12n01i00854ent  --assert-level=error
Test: 1091
/root/tools/ghdl_final/bin/ghdl -a --std=93c vhdl-93/billowitch/compliant/tc855.vhd
/root/tools/ghdl_final/bin/ghdl --elab-run c01s03b01x00p12n01i00855ent  --assert-level=error
Test: 1092
/root/tools/ghdl_final/bin/ghdl -a --std=93c vhdl-93/billowitch/compliant/tc856.vhd
/root/tools/ghdl_final/bin/ghdl --elab-run c01s03b01x00p12n01i00856ent  --assert-level=error
Test: 1093
/root/tools/ghdl_final/bin/ghdl -a --std=93c vhdl-93/billowitch/compliant/tc857.vhd
/root/tools/ghdl_final/bin/ghdl --elab-run c01s03b01x00p12n01i00857ent  --assert-level=error
Test: 1094
/root/tools/ghdl_final/bin/ghdl -a --std=93c vhdl-93/billowitch/compliant/tc858.vhd
/root/tools/ghdl_final/bin/ghdl --elab-run c01s03b01x00p12n01i00858ent  --assert-level=error
Test: 1095
/root/tools/ghdl_final/bin/ghdl -a --std=93c vhdl-93/billowitch/compliant/tc859.vhd
/root/tools/ghdl_final/bin/ghdl --elab-run c01s03b01x00p12n01i00859ent  --assert-level=error
Test: 1096
/root/tools/ghdl_final/bin/ghdl -a --std=93c vhdl-93/billowitch/compliant/tc860.vhd
/root/tools/ghdl_final/bin/ghdl --elab-run c01s03b01x00p12n01i00860ent  --assert-level=error
Test: 1097
/root/tools/ghdl_final/bin/ghdl -a --std=93c vhdl-93/billowitch/compliant/tc861.vhd
/root/tools/ghdl_final/bin/ghdl --elab-run c01s03b01x00p12n01i00861ent  --assert-level=error
Test: 1098
/root/tools/ghdl_final/bin/ghdl -a --std=93c vhdl-93/billowitch/compliant/tc862.vhd
/root/tools/ghdl_final/bin/ghdl --elab-run c01s03b01x00p12n01i00862ent  --assert-level=error
Test: 1099
/root/tools/ghdl_final/bin/ghdl -a --std=93c vhdl-93/billowitch/compliant/tc863.vhd
/root/tools/ghdl_final/bin/ghdl --elab-run c01s03b01x00p12n01i00863ent  --assert-level=error
Test: 1100
/root/tools/ghdl_final/bin/ghdl -a --std=93c vhdl-93/billowitch/compliant/tc864.vhd
/root/tools/ghdl_final/bin/ghdl --elab-run c01s03b01x00p12n01i00864ent  --assert-level=error
Test: 1101
/root/tools/ghdl_final/bin/ghdl -a --std=93c vhdl-93/billowitch/compliant/tc866.vhd
/root/tools/ghdl_final/bin/ghdl --elab-run c01s03b01x00p12n01i00866ent  --assert-level=error
Test: 1102
/root/tools/ghdl_final/bin/ghdl -a --std=93c vhdl-93/billowitch/compliant/tc867.vhd
/root/tools/ghdl_final/bin/ghdl --elab-run c01s03b01x00p12n01i00867ent  --assert-level=error
Test: 1103
/root/tools/ghdl_final/bin/ghdl -a --std=93c vhdl-93/billowitch/compliant/tc868.vhd
Cannot elaborate or run : no top level entity
Test: 1104
/root/tools/ghdl_final/bin/ghdl -a --std=93c vhdl-93/billowitch/compliant/tc869.vhd
Cannot elaborate or run : no top level entity
delete library: work
/root/tools/ghdl_final/bin/ghdl --remove --std=93c --work=work
Test: 1105
/root/tools/ghdl_final/bin/ghdl -a --std=93c vhdl-93/billowitch/compliant/tc870.vhd
Cannot elaborate or run : no top level entity
Test: 1106
/root/tools/ghdl_final/bin/ghdl -a --std=93c vhdl-93/billowitch/compliant/tc871.vhd
Cannot elaborate or run : no top level entity
Test: 1107
/root/tools/ghdl_final/bin/ghdl -a --std=93c vhdl-93/billowitch/compliant/tc872.vhd
Cannot elaborate or run : no top level entity
Test: 1108
/root/tools/ghdl_final/bin/ghdl -a --std=93c vhdl-93/billowitch/compliant/tc873.vhd
Cannot elaborate or run : no top level entity
Test: 1109
/root/tools/ghdl_final/bin/ghdl -a --std=93c vhdl-93/billowitch/compliant/tc874.vhd
/root/tools/ghdl_final/bin/ghdl --elab-run c01s03b01x00p17n02i00874ent  --assert-level=error
Test: 1110
/root/tools/ghdl_final/bin/ghdl -a --std=93c vhdl-93/billowitch/compliant/tc876.vhd
Cannot elaborate or run : no top level entity
Test: 1111
/root/tools/ghdl_final/bin/ghdl -a --std=93c vhdl-93/billowitch/compliant/tc877.vhd
/root/tools/ghdl_final/bin/ghdl --elab-run c01s03b02x00p02n01i00877ent  --assert-level=error
Test: 1112
/root/tools/ghdl_final/bin/ghdl -a --std=93c vhdl-93/billowitch/compliant/tc878.vhd
/root/tools/ghdl_final/bin/ghdl --elab-run c10s01b00x00p03n01i00878cfg  --assert-level=error
Test: 1113
/root/tools/ghdl_final/bin/ghdl -a --std=93c vhdl-93/billowitch/compliant/tc879.vhd
/root/tools/ghdl_final/bin/ghdl --elab-run c10s01b00x00p04n01i00879ent  --assert-level=error
Test: 1114
/root/tools/ghdl_final/bin/ghdl -a --std=93c vhdl-93/billowitch/compliant/tc880.vhd
/root/tools/ghdl_final/bin/ghdl --elab-run c10s01b00x00p05n01i00880ent  --assert-level=error
Test: 1115
/root/tools/ghdl_final/bin/ghdl -a --std=93c vhdl-93/billowitch/compliant/tc881.vhd
/root/tools/ghdl_final/bin/ghdl --elab-run c10s01b00x00p06n01i00881ent  --assert-level=error
Test: 1116
/root/tools/ghdl_final/bin/ghdl -a --std=93c vhdl-93/billowitch/compliant/tc883.vhd
/root/tools/ghdl_final/bin/ghdl --elab-run c10s01b00x00p08n01i00883ent  --assert-level=error
Test: 1117
/root/tools/ghdl_final/bin/ghdl -a --std=93c vhdl-93/billowitch/compliant/tc884.vhd
/root/tools/ghdl_final/bin/ghdl --elab-run c10s01b00x00p09n01i00884ent  --assert-level=error
Test: 1118
/root/tools/ghdl_final/bin/ghdl -a --std=93c vhdl-93/billowitch/compliant/tc885.vhd
/root/tools/ghdl_final/bin/ghdl --elab-run c10s01b00x00p10n01i00885ent  --assert-level=error
Test: 1119
/root/tools/ghdl_final/bin/ghdl -a --std=93c vhdl-93/billowitch/compliant/tc886.vhd
/root/tools/ghdl_final/bin/ghdl --elab-run c10s01b00x00p11n01i00886ent  --assert-level=error
Test: 1120
/root/tools/ghdl_final/bin/ghdl -a --std=93c vhdl-93/billowitch/compliant/tc887.vhd
/root/tools/ghdl_final/bin/ghdl --elab-run c10s02b00x00p10n01i00887ent  --assert-level=error
delete library: work
/root/tools/ghdl_final/bin/ghdl --remove --std=93c --work=work
Test: 1121
/root/tools/ghdl_final/bin/ghdl -a --std=93c vhdl-93/billowitch/compliant/tc888.vhd
/root/tools/ghdl_final/bin/ghdl --elab-run c10s02b00x00p10n01i00888ent  --assert-level=error
Test: 1122
/root/tools/ghdl_final/bin/ghdl -a --std=93c vhdl-93/billowitch/compliant/tc889.vhd
/root/tools/ghdl_final/bin/ghdl --elab-run c10s02b00x00p12n01i00889cfg  --assert-level=error
Test: 1123
/root/tools/ghdl_final/bin/ghdl -a --std=93c vhdl-93/billowitch/compliant/tc890.vhd
/root/tools/ghdl_final/bin/ghdl --elab-run c10s02b00x00p02n01i00890ent  --assert-level=error
Test: 1124
/root/tools/ghdl_final/bin/ghdl -a --std=93c vhdl-93/billowitch/compliant/tc891.vhd
/root/tools/ghdl_final/bin/ghdl --elab-run c10s02b00x00p02n02i00891ent  --assert-level=error
Test: 1125
/root/tools/ghdl_final/bin/ghdl -a --std=93c vhdl-93/billowitch/compliant/tc892.vhd
/root/tools/ghdl_final/bin/ghdl --elab-run c10s02b00x00p02n01i00892ent  --assert-level=error
Test: 1126
/root/tools/ghdl_final/bin/ghdl -a --std=93c vhdl-93/billowitch/compliant/tc893.vhd
/root/tools/ghdl_final/bin/ghdl --elab-run c10s02b00x00p02n01i00893ent  --assert-level=error
Test: 1127
/root/tools/ghdl_final/bin/ghdl -a --std=93c vhdl-93/billowitch/compliant/tc894.vhd
/root/tools/ghdl_final/bin/ghdl --elab-run c10s02b00x00p02n02i00894ent  --assert-level=error
Test: 1128
/root/tools/ghdl_final/bin/ghdl -a --std=93c vhdl-93/billowitch/compliant/tc895.vhd
/root/tools/ghdl_final/bin/ghdl --elab-run c10s02b00x00p02n02i00895ent  --assert-level=error
Test: 1129
/root/tools/ghdl_final/bin/ghdl -a --std=93c vhdl-93/billowitch/compliant/tc896.vhd
/root/tools/ghdl_final/bin/ghdl --elab-run c10s02b00x00p02n02i00896ent  --assert-level=error
Test: 1130
/root/tools/ghdl_final/bin/ghdl -a --std=93c vhdl-93/billowitch/compliant/tc897.vhd
Cannot elaborate or run : no top level entity
Test: 1131
/root/tools/ghdl_final/bin/ghdl -a --std=93c vhdl-93/billowitch/compliant/tc898.vhd
/root/tools/ghdl_final/bin/ghdl --elab-run c10s02b00x00p02n02i00898ent  --assert-level=error
Test: 1132
/root/tools/ghdl_final/bin/ghdl -a --std=93c vhdl-93/billowitch/compliant/tc900.vhd
/root/tools/ghdl_final/bin/ghdl --elab-run c10s03b00x00p04n01i00900ent  --assert-level=error
Test: 1133
/root/tools/ghdl_final/bin/ghdl -a --std=93c vhdl-93/billowitch/compliant/tc902.vhd
/root/tools/ghdl_final/bin/ghdl --elab-run c10s03b00x00p05n01i00902ent  --assert-level=error
Test: 1134
/root/tools/ghdl_final/bin/ghdl -a --std=93c vhdl-93/billowitch/compliant/tc911.vhd
/root/tools/ghdl_final/bin/ghdl --elab-run c10s03b00x00p07n01i00911ent  --assert-level=error
Test: 1135
/root/tools/ghdl_final/bin/ghdl -a --std=93c vhdl-93/billowitch/compliant/tc912.vhd
/root/tools/ghdl_final/bin/ghdl --elab-run c10s03b00x00p07n01i00912ent  --assert-level=error
Test: 1136
/root/tools/ghdl_final/bin/ghdl -a --std=93c vhdl-93/billowitch/compliant/tc913.vhd
/root/tools/ghdl_final/bin/ghdl --elab-run c10s03b00x00p07n01i00913ent  --assert-level=error
delete library: work
/root/tools/ghdl_final/bin/ghdl --remove --std=93c --work=work
Test: 1137
/root/tools/ghdl_final/bin/ghdl -a --std=93c vhdl-93/billowitch/compliant/tc914.vhd
/root/tools/ghdl_final/bin/ghdl --elab-run c10s03b00x00p07n01i00914ent  --assert-level=error
Test: 1138
/root/tools/ghdl_final/bin/ghdl -a --std=93c vhdl-93/billowitch/compliant/tc915.vhd
/root/tools/ghdl_final/bin/ghdl --elab-run c10s03b00x00p08n01i00915cfg  --assert-level=error
Test: 1139
/root/tools/ghdl_final/bin/ghdl -a --std=93c vhdl-93/billowitch/compliant/tc916.vhd
/root/tools/ghdl_final/bin/ghdl --elab-run c10s03b00x00p10n01i00916ent  --assert-level=error
Test: 1140
/root/tools/ghdl_final/bin/ghdl -a --std=93c vhdl-93/billowitch/compliant/tc917.vhd
/root/tools/ghdl_final/bin/ghdl --elab-run c04s04b00x00p02n01i00917ent  --assert-level=error
Test: 1141
/root/tools/ghdl_final/bin/ghdl -a --std=93c vhdl-93/billowitch/compliant/tc918.vhd
/root/tools/ghdl_final/bin/ghdl --elab-run c10s03b00x00p13n01i00918ent  --assert-level=error
Test: 1142
/root/tools/ghdl_final/bin/ghdl -a --std=93c vhdl-93/billowitch/compliant/tc919.vhd
/root/tools/ghdl_final/bin/ghdl --elab-run c10s03b00x00p14n01i00919ent  --assert-level=error
Test: 1143
/root/tools/ghdl_final/bin/ghdl -a --std=93c vhdl-93/billowitch/compliant/tc920.vhd
/root/tools/ghdl_final/bin/ghdl --elab-run c10s03b00x00p15n01i00920ent  --assert-level=error
Test: 1144
/root/tools/ghdl_final/bin/ghdl -a --std=93c vhdl-93/billowitch/compliant/tc921.vhd
/root/tools/ghdl_final/bin/ghdl --elab-run c10s03b00x00p16n01i00921ent  --assert-level=error
Test: 1145
/root/tools/ghdl_final/bin/ghdl -a --std=93c vhdl-93/billowitch/compliant/tc922.vhd
/root/tools/ghdl_final/bin/ghdl --elab-run c10s03b00x00p17n01i00922ent  --assert-level=error
Test: 1146
/root/tools/ghdl_final/bin/ghdl -a --std=93c vhdl-93/billowitch/compliant/tc923.vhd
/root/tools/ghdl_final/bin/ghdl --elab-run c10s03b00x00p19n01i00923ent  --assert-level=error
Test: 1147
/root/tools/ghdl_final/bin/ghdl -a --std=93c vhdl-93/billowitch/compliant/tc924.vhd
/root/tools/ghdl_final/bin/ghdl --elab-run c10s03b00x00p20n03i00924ent  --assert-level=error
Test: 1148
/root/tools/ghdl_final/bin/ghdl -a --std=93c vhdl-93/billowitch/compliant/tc925.vhd
/root/tools/ghdl_final/bin/ghdl --elab-run c10s03b00x00p22n01i00925ent  --assert-level=error
Test: 1149
/root/tools/ghdl_final/bin/ghdl -a --std=93c vhdl-93/billowitch/compliant/tc926.vhd
/root/tools/ghdl_final/bin/ghdl --elab-run c10s03b00x00p23n01i00926ent  --assert-level=error
Test: 1150
/root/tools/ghdl_final/bin/ghdl -a --std=93c vhdl-93/billowitch/compliant/tc927.vhd
Cannot elaborate or run : no top level entity
Test: 1151
/root/tools/ghdl_final/bin/ghdl -a --std=93c vhdl-93/billowitch/compliant/tc930.vhd
/root/tools/ghdl_final/bin/ghdl --elab-run c10s04b00x00p03n01i00930ent  --assert-level=error
Test: 1152
/root/tools/ghdl_final/bin/ghdl -a --std=93c vhdl-93/billowitch/compliant/tc931.vhd
/root/tools/ghdl_final/bin/ghdl --elab-run c10s04b00x00p03n01i00931ent  --assert-level=error
delete library: work
/root/tools/ghdl_final/bin/ghdl --remove --std=93c --work=work
Test: 1153
/root/tools/ghdl_final/bin/ghdl -a --std=93c vhdl-93/billowitch/compliant/tc932.vhd
/root/tools/ghdl_final/bin/ghdl --elab-run c10s04b00x00p03n03i00932ent  --assert-level=error
Test: 1154
/root/tools/ghdl_final/bin/ghdl -a --std=93c vhdl-93/billowitch/compliant/tc933.vhd
/root/tools/ghdl_final/bin/ghdl --elab-run c10s04b00x00p04n01i00933ent  --assert-level=error
Test: 1155
/root/tools/ghdl_final/bin/ghdl -a --std=93c vhdl-93/billowitch/compliant/tc934.vhd
/root/tools/ghdl_final/bin/ghdl --elab-run c10s04b00x00p04n01i00934ent  --assert-level=error
Test: 1156
/root/tools/ghdl_final/bin/ghdl -a --std=93c vhdl-93/billowitch/compliant/tc935.vhd
/root/tools/ghdl_final/bin/ghdl --elab-run c10s04b00x00p06n01i00935ent  --assert-level=error
Test: 1157
/root/tools/ghdl_final/bin/ghdl -a --std=93c vhdl-93/billowitch/compliant/tc936.vhd
/root/tools/ghdl_final/bin/ghdl --elab-run c10s04b00x00p06n01i00936ent  --assert-level=error
Test: 1158
/root/tools/ghdl_final/bin/ghdl -a --std=93c vhdl-93/billowitch/compliant/tc938.vhd
/root/tools/ghdl_final/bin/ghdl --elab-run c10s04b00x00p07n01i00938ent  --assert-level=error
Test: 1159
/root/tools/ghdl_final/bin/ghdl -a --std=93c vhdl-93/billowitch/compliant/tc940.vhd
/root/tools/ghdl_final/bin/ghdl --elab-run c10s05b00x00p03n02i00940ent  --assert-level=error
Test: 1160
/root/tools/ghdl_final/bin/ghdl -a --std=93c vhdl-93/billowitch/compliant/tc942.vhd
/root/tools/ghdl_final/bin/ghdl --elab-run c10s05b00x00p05n01i00942ent  --assert-level=error
Test: 1161
/root/tools/ghdl_final/bin/ghdl -a --std=93c vhdl-93/billowitch/compliant/tc943.vhd
/root/tools/ghdl_final/bin/ghdl --elab-run c06s01b00x00p08n01i00943ent  --assert-level=error
Test: 1162
/root/tools/ghdl_final/bin/ghdl -a --std=93c vhdl-93/billowitch/compliant/tc945.vhd
/root/tools/ghdl_final/bin/ghdl --elab-run c06s01b00x00p09n01i00945ent  --assert-level=error
Test: 1163
/root/tools/ghdl_final/bin/ghdl -a --std=93c vhdl-93/billowitch/compliant/tc951.vhd
/root/tools/ghdl_final/bin/ghdl --elab-run c06s01b00x00p10n01i00951ent  --assert-level=error
Test: 1164
/root/tools/ghdl_final/bin/ghdl -a --std=93c vhdl-93/billowitch/compliant/tc952.vhd
/root/tools/ghdl_final/bin/ghdl --elab-run c06s01b00x00p10n01i00952ent  --assert-level=error
Test: 1165
/root/tools/ghdl_final/bin/ghdl -a --std=93c vhdl-93/billowitch/compliant/tc953.vhd
/root/tools/ghdl_final/bin/ghdl --elab-run c06s01b00x00p10n01i00953ent  --assert-level=error
Test: 1166
/root/tools/ghdl_final/bin/ghdl -a --std=93c vhdl-93/billowitch/compliant/tc954.vhd
/root/tools/ghdl_final/bin/ghdl --elab-run c06s01b00x00p10n01i00954ent  --assert-level=error
Test: 1167
/root/tools/ghdl_final/bin/ghdl -a --std=93c vhdl-93/billowitch/compliant/tc955.vhd
/root/tools/ghdl_final/bin/ghdl --elab-run c06s01b00x00p10n02i00955ent  --assert-level=error
Test: 1168
/root/tools/ghdl_final/bin/ghdl -a --std=93c vhdl-93/billowitch/compliant/tc956.vhd
/root/tools/ghdl_final/bin/ghdl --elab-run c06s01b00x00p10n02i00956ent  --assert-level=error
delete library: work
/root/tools/ghdl_final/bin/ghdl --remove --std=93c --work=work
Test: 1169
/root/tools/ghdl_final/bin/ghdl -a --std=93c vhdl-93/billowitch/compliant/tc958.vhd
/root/tools/ghdl_final/bin/ghdl --elab-run c06s03b00x00p02n01i00958ent  --assert-level=error
Test: 1170
/root/tools/ghdl_final/bin/ghdl -a --std=93c vhdl-93/billowitch/compliant/tc962.vhd
/root/tools/ghdl_final/bin/ghdl --elab-run c06s03b00x00p03n01i00962ent  --assert-level=error
Test: 1171
/root/tools/ghdl_final/bin/ghdl -a --std=93c vhdl-93/billowitch/compliant/tc964.vhd
/root/tools/ghdl_final/bin/ghdl --elab-run c06s03b00x00p04n02i00964ent  --assert-level=error
Test: 1172
/root/tools/ghdl_final/bin/ghdl -a --std=93c vhdl-93/billowitch/compliant/tc965.vhd
/root/tools/ghdl_final/bin/ghdl --elab-run c06s03b00x00p04n01i00965ent  --assert-level=error
Test: 1173
/root/tools/ghdl_final/bin/ghdl -a --std=93c vhdl-93/billowitch/compliant/tc966.vhd
/root/tools/ghdl_final/bin/ghdl --elab-run c06s03b00x00p04n01i00966ent  --assert-level=error
Test: 1174
/root/tools/ghdl_final/bin/ghdl -a --std=93c vhdl-93/billowitch/compliant/tc968.vhd
/root/tools/ghdl_final/bin/ghdl --elab-run c06s03b00x00p05n01i00968ent  --assert-level=error
Test: 1175
/root/tools/ghdl_final/bin/ghdl -a --std=93c vhdl-93/billowitch/compliant/tc969.vhd
/root/tools/ghdl_final/bin/ghdl --elab-run c06s03b00x00p05n01i00969ent  --assert-level=error
Test: 1176
/root/tools/ghdl_final/bin/ghdl -a --std=93c vhdl-93/billowitch/compliant/tc973.vhd
/root/tools/ghdl_final/bin/ghdl --elab-run c06s03b00x00p05n01i00973ent  --assert-level=error
Test: 1177
/root/tools/ghdl_final/bin/ghdl -a --std=93c vhdl-93/billowitch/compliant/tc983.vhd
/root/tools/ghdl_final/bin/ghdl --elab-run c06s03b00x00p06n01i00983ent  --assert-level=error
Test: 1178
/root/tools/ghdl_final/bin/ghdl -a --std=93c vhdl-93/billowitch/compliant/tc986.vhd
/root/tools/ghdl_final/bin/ghdl --elab-run c06s03b00x00p06n01i00986ent  --assert-level=error
Test: 1179
/root/tools/ghdl_final/bin/ghdl -a --std=93c vhdl-93/billowitch/compliant/tc987.vhd
/root/tools/ghdl_final/bin/ghdl --elab-run c06s03b00x00p06n01i00987ent  --assert-level=error
Test: 1180
/root/tools/ghdl_final/bin/ghdl -a --std=93c vhdl-93/billowitch/compliant/tc988.vhd
/root/tools/ghdl_final/bin/ghdl --elab-run c06s03b00x00p06n01i00988ent  --assert-level=error
Test: 1181
/root/tools/ghdl_final/bin/ghdl -a --std=93c vhdl-93/billowitch/compliant/tc992.vhd
/root/tools/ghdl_final/bin/ghdl --elab-run c06s03b00x00p08n01i00992ent  --assert-level=error
Test: 1182
/root/tools/ghdl_final/bin/ghdl -a --std=93c vhdl-93/billowitch/compliant/tc993.vhd
/root/tools/ghdl_final/bin/ghdl --elab-run c06s03b00x00p08n02i00993ent  --assert-level=error
Test: 1183
/root/tools/ghdl_final/bin/ghdl -a --std=93c vhdl-93/billowitch/compliant/tc995.vhd
/root/tools/ghdl_final/bin/ghdl --elab-run c06s03b00x00p08n01i00995ent  --assert-level=error
Test: 1184
/root/tools/ghdl_final/bin/ghdl -a --std=93c vhdl-93/billowitch/compliant/tc1009.vhd
/root/tools/ghdl_final/bin/ghdl --elab-run c06s03b00x00p09n01i01009ent  --assert-level=error
delete library: work
/root/tools/ghdl_final/bin/ghdl --remove --std=93c --work=work
Test: 1185
/root/tools/ghdl_final/bin/ghdl -a --std=93c vhdl-93/billowitch/compliant/tc1010.vhd
/root/tools/ghdl_final/bin/ghdl --elab-run c06s03b00x00p10n01i01010ent  --assert-level=error
Test: 1186
/root/tools/ghdl_final/bin/ghdl -a --std=93c vhdl-93/billowitch/compliant/tc1011.vhd
/root/tools/ghdl_final/bin/ghdl --elab-run c06s03b00x00p10n01i01011ent  --assert-level=error
Test: 1187
/root/tools/ghdl_final/bin/ghdl -a --std=93c vhdl-93/billowitch/compliant/tc1012.vhd
Cannot elaborate or run : no top level entity
Test: 1188
/root/tools/ghdl_final/bin/ghdl -a --std=93c vhdl-93/billowitch/compliant/tc1013.vhd
/root/tools/ghdl_final/bin/ghdl --elab-run c06s03b00x00p10n01i01013ent  --assert-level=error
Test: 1189
/root/tools/ghdl_final/bin/ghdl -a --std=93c vhdl-93/billowitch/compliant/tc1019.vhd
Cannot elaborate or run : no top level entity
Test: 1190
/root/tools/ghdl_final/bin/ghdl -a --std=93c vhdl-93/billowitch/compliant/tc1020.vhd
Cannot elaborate or run : no top level entity
Test: 1191
/root/tools/ghdl_final/bin/ghdl -a --std=93c vhdl-93/billowitch/compliant/tc1024.vhd
/root/tools/ghdl_final/bin/ghdl --elab-run c06s03b00x00p10n02i01024ent  --assert-level=error
Test: 1192
/root/tools/ghdl_final/bin/ghdl -a --std=93c vhdl-93/billowitch/compliant/tc1026.vhd
/root/tools/ghdl_final/bin/ghdl --elab-run c06s04b00x00p01n01i01026ent  --assert-level=error
Test: 1193
/root/tools/ghdl_final/bin/ghdl -a --std=93c vhdl-93/billowitch/compliant/tc1027.vhd
/root/tools/ghdl_final/bin/ghdl --elab-run c06s04b00x00p01n01i01027ent  --assert-level=error
Test: 1194
/root/tools/ghdl_final/bin/ghdl -a --std=93c vhdl-93/billowitch/compliant/tc1028.vhd
/root/tools/ghdl_final/bin/ghdl --elab-run c06s04b00x00p02n01i01028ent  --assert-level=error
Test: 1195
/root/tools/ghdl_final/bin/ghdl -a --std=93c vhdl-93/billowitch/compliant/tc1029.vhd
/root/tools/ghdl_final/bin/ghdl --elab-run c06s04b00x00p02n01i01029ent  --assert-level=error
Test: 1196
/root/tools/ghdl_final/bin/ghdl -a --std=93c vhdl-93/billowitch/compliant/tc1030.vhd
/root/tools/ghdl_final/bin/ghdl --elab-run c06s04b00x00p02n01i01030ent  --assert-level=error
Test: 1197
/root/tools/ghdl_final/bin/ghdl -a --std=93c vhdl-93/billowitch/compliant/tc1031.vhd
/root/tools/ghdl_final/bin/ghdl --elab-run c06s04b00x00p02n01i01031ent  --assert-level=error
Test: 1198
/root/tools/ghdl_final/bin/ghdl -a --std=93c vhdl-93/billowitch/compliant/tc1032.vhd
/root/tools/ghdl_final/bin/ghdl --elab-run c06s04b00x00p02n01i01032ent  --assert-level=error
Test: 1199
/root/tools/ghdl_final/bin/ghdl -a --std=93c vhdl-93/billowitch/compliant/tc1033.vhd
/root/tools/ghdl_final/bin/ghdl --elab-run c06s04b00x00p02n01i01033ent  --assert-level=error
Test: 1200
/root/tools/ghdl_final/bin/ghdl -a --std=93c vhdl-93/billowitch/compliant/tc1034.vhd
/root/tools/ghdl_final/bin/ghdl --elab-run c06s04b00x00p02n01i01034ent  --assert-level=error
delete library: work
/root/tools/ghdl_final/bin/ghdl --remove --std=93c --work=work
Test: 1201
/root/tools/ghdl_final/bin/ghdl -a --std=93c vhdl-93/billowitch/compliant/tc1035.vhd
/root/tools/ghdl_final/bin/ghdl --elab-run c06s04b00x00p02n01i01035ent  --assert-level=error
Test: 1202
/root/tools/ghdl_final/bin/ghdl -a --std=93c vhdl-93/billowitch/compliant/tc1037.vhd
Cannot elaborate or run : no top level entity
Test: 1203
/root/tools/ghdl_final/bin/ghdl -a --std=93c vhdl-93/billowitch/compliant/tc1038.vhd
Cannot elaborate or run : no top level entity
Test: 1204
/root/tools/ghdl_final/bin/ghdl -a --std=93c vhdl-93/billowitch/compliant/tc1039.vhd
Cannot elaborate or run : no top level entity
Test: 1205
/root/tools/ghdl_final/bin/ghdl -a --std=93c vhdl-93/billowitch/compliant/tc1040.vhd
/root/tools/ghdl_final/bin/ghdl --elab-run c06s04b00x00p03n01i01040ent  --assert-level=error
Test: 1206
/root/tools/ghdl_final/bin/ghdl -a --std=93c vhdl-93/billowitch/compliant/tc1050.vhd
/root/tools/ghdl_final/bin/ghdl --elab-run c06s04b00x00p03n02i01050ent  --assert-level=error
Test: 1207
/root/tools/ghdl_final/bin/ghdl -a --std=93c vhdl-93/billowitch/compliant/tc1067.vhd
/root/tools/ghdl_final/bin/ghdl --elab-run c06s04b00x00p03n04i01067ent  --assert-level=error
Test: 1208
/root/tools/ghdl_final/bin/ghdl -a --std=93c vhdl-93/billowitch/compliant/tc1069.vhd
Cannot elaborate or run : no top level entity
Test: 1209
/root/tools/ghdl_final/bin/ghdl -a --std=93c vhdl-93/billowitch/compliant/tc1070.vhd
Cannot elaborate or run : no top level entity
Test: 1210
/root/tools/ghdl_final/bin/ghdl -a --std=93c vhdl-93/billowitch/compliant/tc1071.vhd
Cannot elaborate or run : no top level entity
Test: 1211
/root/tools/ghdl_final/bin/ghdl -a --std=93c vhdl-93/billowitch/compliant/tc1072.vhd
Cannot elaborate or run : no top level entity
Test: 1212
/root/tools/ghdl_final/bin/ghdl -a --std=93c vhdl-93/billowitch/compliant/tc1073.vhd
Cannot elaborate or run : no top level entity
Test: 1213
/root/tools/ghdl_final/bin/ghdl -a --std=93c vhdl-93/billowitch/compliant/tc1075.vhd
/root/tools/ghdl_final/bin/ghdl --elab-run c06s04b00x00p03n02i01075ent  --assert-level=error
Test: 1214
/root/tools/ghdl_final/bin/ghdl -a --std=93c vhdl-93/billowitch/compliant/tc1076.vhd
/root/tools/ghdl_final/bin/ghdl --elab-run c06s05b00x00p01n01i01076ent  --assert-level=error
Test: 1215
/root/tools/ghdl_final/bin/ghdl -a --std=93c vhdl-93/billowitch/compliant/tc1077.vhd
/root/tools/ghdl_final/bin/ghdl --elab-run c06s05b00x00p01n01i01077ent  --assert-level=error
Test: 1216
/root/tools/ghdl_final/bin/ghdl -a --std=93c vhdl-93/billowitch/compliant/tc1078.vhd
/root/tools/ghdl_final/bin/ghdl --elab-run c06s05b00x00p01n02i01078ent  --assert-level=error
delete library: work
/root/tools/ghdl_final/bin/ghdl --remove --std=93c --work=work
Test: 1217
/root/tools/ghdl_final/bin/ghdl -a --std=93c vhdl-93/billowitch/compliant/tc1079.vhd
/root/tools/ghdl_final/bin/ghdl --elab-run c06s05b00x00p01n02i01079ent  --assert-level=error
Test: 1218
/root/tools/ghdl_final/bin/ghdl -a --std=93c vhdl-93/billowitch/compliant/tc1080.vhd
/root/tools/ghdl_final/bin/ghdl --elab-run c06s05b00x00p01n02i01080ent  --assert-level=error
Test: 1219
/root/tools/ghdl_final/bin/ghdl -a --std=93c vhdl-93/billowitch/compliant/tc1081.vhd
/root/tools/ghdl_final/bin/ghdl --elab-run c06s05b00x00p01n02i01081ent  --assert-level=error
Test: 1220
/root/tools/ghdl_final/bin/ghdl -a --std=93c vhdl-93/billowitch/compliant/tc1086.vhd
/root/tools/ghdl_final/bin/ghdl --elab-run c06s05b00x00p02n01i01086ent  --assert-level=error
Test: 1221
/root/tools/ghdl_final/bin/ghdl -a --std=93c vhdl-93/billowitch/compliant/tc1087.vhd
/root/tools/ghdl_final/bin/ghdl --elab-run c06s05b00x00p02n01i01087ent  --assert-level=error
Test: 1222
/root/tools/ghdl_final/bin/ghdl -a --std=93c vhdl-93/billowitch/compliant/tc1088.vhd
/root/tools/ghdl_final/bin/ghdl --elab-run c06s05b00x00p02n01i01088ent  --assert-level=error
Test: 1223
/root/tools/ghdl_final/bin/ghdl -a --std=93c vhdl-93/billowitch/compliant/tc1089.vhd
/root/tools/ghdl_final/bin/ghdl --elab-run c06s05b00x00p02n01i01089ent  --assert-level=error
Test: 1224
/root/tools/ghdl_final/bin/ghdl -a --std=93c vhdl-93/billowitch/compliant/tc1090.vhd
/root/tools/ghdl_final/bin/ghdl --elab-run c06s05b00x00p02n01i01090ent  --assert-level=error
Test: 1225
/root/tools/ghdl_final/bin/ghdl -a --std=93c vhdl-93/billowitch/compliant/tc1091.vhd
Cannot elaborate or run : no top level entity
Test: 1226
/root/tools/ghdl_final/bin/ghdl -a --std=93c vhdl-93/billowitch/compliant/tc1092.vhd
/root/tools/ghdl_final/bin/ghdl --elab-run c06s05b00x00p03n01i01092ent  --assert-level=error
Test: 1227
/root/tools/ghdl_final/bin/ghdl -a --std=93c vhdl-93/billowitch/compliant/tc1103.vhd
/root/tools/ghdl_final/bin/ghdl --elab-run c06s05b00x00p03n01i01103ent  --assert-level=error
Test: 1228
/root/tools/ghdl_final/bin/ghdl -a --std=93c vhdl-93/billowitch/compliant/tc1104.vhd
/root/tools/ghdl_final/bin/ghdl --elab-run c06s05b00x00p03n01i01104ent  --assert-level=error
Test: 1229
/root/tools/ghdl_final/bin/ghdl -a --std=93c vhdl-93/billowitch/compliant/tc1117.vhd
/root/tools/ghdl_final/bin/ghdl --elab-run c06s05b00x00p03n01i01117ent  --assert-level=error
Test: 1230
/root/tools/ghdl_final/bin/ghdl -a --std=93c vhdl-93/billowitch/compliant/tc1119.vhd
/root/tools/ghdl_final/bin/ghdl --elab-run c06s05b00x00p03n01i01119ent  --assert-level=error
Test: 1231
/root/tools/ghdl_final/bin/ghdl -a --std=93c vhdl-93/billowitch/compliant/tc1121.vhd
/root/tools/ghdl_final/bin/ghdl --elab-run c06s05b00x00p03n02i01121ent  --assert-level=error
Test: 1232
/root/tools/ghdl_final/bin/ghdl -a --std=93c vhdl-93/billowitch/compliant/tc1122.vhd
/root/tools/ghdl_final/bin/ghdl --elab-run c06s05b00x00p03n02i01122ent  --assert-level=error
delete library: work
/root/tools/ghdl_final/bin/ghdl --remove --std=93c --work=work
Test: 1233
/root/tools/ghdl_final/bin/ghdl -a --std=93c vhdl-93/billowitch/compliant/tc1123.vhd
/root/tools/ghdl_final/bin/ghdl --elab-run c06s05b00x00p03n02i01123ent  --assert-level=error
Test: 1234
/root/tools/ghdl_final/bin/ghdl -a --std=93c vhdl-93/billowitch/compliant/tc1126.vhd
/root/tools/ghdl_final/bin/ghdl --elab-run c06s05b00x00p04n01i01126ent  --assert-level=error
Test: 1235
/root/tools/ghdl_final/bin/ghdl -a --std=93c vhdl-93/billowitch/compliant/tc1137.vhd
/root/tools/ghdl_final/bin/ghdl --elab-run c06s05b00x00p04n02i01137ent  --assert-level=error
Test: 1236
/root/tools/ghdl_final/bin/ghdl -a --std=93c vhdl-93/billowitch/compliant/tc1138.vhd
/root/tools/ghdl_final/bin/ghdl --elab-run c06s05b00x00p05n02i01138ent  --assert-level=error
Test: 1237
/root/tools/ghdl_final/bin/ghdl -a --std=93c vhdl-93/billowitch/compliant/tc1139.vhd
/root/tools/ghdl_final/bin/ghdl --elab-run c06s05b00x00p05n02i01139ent  --assert-level=error
Test: 1238
/root/tools/ghdl_final/bin/ghdl -a --std=93c vhdl-93/billowitch/compliant/tc1140.vhd
/root/tools/ghdl_final/bin/ghdl --elab-run c06s05b00x00p05n02i01140ent  --assert-level=error
Test: 1239
/root/tools/ghdl_final/bin/ghdl -a --std=93c vhdl-93/billowitch/compliant/tc1145.vhd
/root/tools/ghdl_final/bin/ghdl --elab-run c06s05b00x00p05n02i01145ent  --assert-level=error
Test: 1240
/root/tools/ghdl_final/bin/ghdl -a --std=93c vhdl-93/billowitch/compliant/tc1147.vhd
/root/tools/ghdl_final/bin/ghdl --elab-run c06s05b00x00p05n03i01147ent  --assert-level=error
Test: 1241
/root/tools/ghdl_final/bin/ghdl -a --std=93c vhdl-93/billowitch/compliant/tc1149.vhd
/root/tools/ghdl_final/bin/ghdl --elab-run c06s05b00x00p07n02i01149ent  --assert-level=error
Test: 1242
/root/tools/ghdl_final/bin/ghdl -a --std=93c vhdl-93/billowitch/compliant/tc1151.vhd
/root/tools/ghdl_final/bin/ghdl --elab-run c06s05b00x00p07n02i01151ent  --assert-level=error
Test: 1243
/root/tools/ghdl_final/bin/ghdl -a --std=93c vhdl-93/billowitch/compliant/tc1152.vhd
/root/tools/ghdl_final/bin/ghdl --elab-run c06s06b00x00p02n01i01152ent  --assert-level=error
Test: 1244
/root/tools/ghdl_final/bin/ghdl -a --std=93c vhdl-93/billowitch/compliant/tc1153.vhd
/root/tools/ghdl_final/bin/ghdl --elab-run c06s06b00x00p02n01i01153ent  --assert-level=error
Test: 1245
/root/tools/ghdl_final/bin/ghdl -a --std=93c vhdl-93/billowitch/compliant/tc1154.vhd
Cannot elaborate or run : no top level entity
Test: 1246
/root/tools/ghdl_final/bin/ghdl -a --std=93c vhdl-93/billowitch/compliant/tc1155.vhd
/root/tools/ghdl_final/bin/ghdl --elab-run c06s06b00x00p02n01i01155ent  --assert-level=error
Test: 1247
/root/tools/ghdl_final/bin/ghdl -a --std=93c vhdl-93/billowitch/compliant/tc1156.vhd
Cannot elaborate or run : no top level entity
Test: 1248
/root/tools/ghdl_final/bin/ghdl -a --std=93c vhdl-93/billowitch/compliant/tc1157.vhd
/root/tools/ghdl_final/bin/ghdl --elab-run c06s06b00x00p02n01i01157ent  --assert-level=error
delete library: work
/root/tools/ghdl_final/bin/ghdl --remove --std=93c --work=work
Test: 1249
/root/tools/ghdl_final/bin/ghdl -a --std=93c vhdl-93/billowitch/compliant/tc1159.vhd
/root/tools/ghdl_final/bin/ghdl --elab-run c06s06b00x00p02n01i01159ent  --assert-level=error
Test: 1250
/root/tools/ghdl_final/bin/ghdl -a --std=93c vhdl-93/billowitch/compliant/tc1164.vhd
Cannot elaborate or run : no top level entity
Test: 1251
/root/tools/ghdl_final/bin/ghdl -a --std=93c vhdl-93/billowitch/compliant/tc1165.vhd
/root/tools/ghdl_final/bin/ghdl --elab-run c06s06b00x00p02n01i01165ent  --assert-level=error
Test: 1252
/root/tools/ghdl_final/bin/ghdl -a --std=93c vhdl-93/billowitch/compliant/tc1166.vhd
/root/tools/ghdl_final/bin/ghdl --elab-run c06s06b00x00p02n01i01166ent  --assert-level=error
Test: 1253
/root/tools/ghdl_final/bin/ghdl -a --std=93c vhdl-93/billowitch/compliant/tc1167.vhd
/root/tools/ghdl_final/bin/ghdl --elab-run c06s06b00x00p04n02i01167ent  --assert-level=error
Test: 1254
/root/tools/ghdl_final/bin/ghdl -a --std=93c vhdl-93/billowitch/compliant/tc1174.vhd
/root/tools/ghdl_final/bin/ghdl --elab-run c06s06b00x00p06n01i01174ent  --assert-level=error
Test: 1255
/root/tools/ghdl_final/bin/ghdl -a --std=93c vhdl-93/billowitch/compliant/tc1175.vhd
/root/tools/ghdl_final/bin/ghdl --elab-run c08s00b00x00p01n02i01175ent  --assert-level=error
Test: 1256
/root/tools/ghdl_final/bin/ghdl -a --std=93c vhdl-93/billowitch/compliant/tc1176.vhd
/root/tools/ghdl_final/bin/ghdl --elab-run c08s00b00x00p01n02i01176ent  --assert-level=error
Test: 1257
/root/tools/ghdl_final/bin/ghdl -a --std=93c vhdl-93/billowitch/compliant/tc1177.vhd
/root/tools/ghdl_final/bin/ghdl --elab-run c08s00b00x00p01n02i01177ent  --assert-level=error
Test: 1258
/root/tools/ghdl_final/bin/ghdl -a --std=93c vhdl-93/billowitch/compliant/tc1178.vhd
/root/tools/ghdl_final/bin/ghdl --elab-run c08s00b00x00p01n02i01178ent  --assert-level=error
Test: 1259
/root/tools/ghdl_final/bin/ghdl -a --std=93c vhdl-93/billowitch/compliant/tc1179.vhd
/root/tools/ghdl_final/bin/ghdl --elab-run c08s00b00x00p01n02i01179ent  --assert-level=error
Test: 1260
/root/tools/ghdl_final/bin/ghdl -a --std=93c vhdl-93/billowitch/compliant/tc1180.vhd
/root/tools/ghdl_final/bin/ghdl --elab-run c08s00b00x00p02n01i01180ent  --assert-level=error
Test: 1261
/root/tools/ghdl_final/bin/ghdl -a --std=93c vhdl-93/billowitch/compliant/tc1182.vhd
/root/tools/ghdl_final/bin/ghdl --elab-run c08s01b00x00p01n01i01182ent  --assert-level=error
Test: 1262
/root/tools/ghdl_final/bin/ghdl -a --std=93c vhdl-93/billowitch/compliant/tc1183.vhd
/root/tools/ghdl_final/bin/ghdl --elab-run c08s01b00x00p02n01i01183ent  --assert-level=error
Test: 1263
/root/tools/ghdl_final/bin/ghdl -a --std=93c vhdl-93/billowitch/compliant/tc1187.vhd
/root/tools/ghdl_final/bin/ghdl --elab-run c08s01b00x00p03n01i01187ent  --assert-level=error
Test: 1264
/root/tools/ghdl_final/bin/ghdl -a --std=93c vhdl-93/billowitch/compliant/tc1192.vhd
/root/tools/ghdl_final/bin/ghdl --elab-run c08s01b00x00p03n01i01192ent  --assert-level=error
delete library: work
/root/tools/ghdl_final/bin/ghdl --remove --std=93c --work=work
Test: 1265
/root/tools/ghdl_final/bin/ghdl -a --std=93c vhdl-93/billowitch/compliant/tc1197.vhd
/root/tools/ghdl_final/bin/ghdl --elab-run c08s01b00x00p05n01i01197ent  --assert-level=error
Test: 1266
/root/tools/ghdl_final/bin/ghdl -a --std=93c vhdl-93/billowitch/compliant/tc1199.vhd
/root/tools/ghdl_final/bin/ghdl --elab-run c08s01b00x00p07n01i01199ent  --assert-level=error
Test: 1267
/root/tools/ghdl_final/bin/ghdl -a --std=93c vhdl-93/billowitch/compliant/tc1205.vhd
/root/tools/ghdl_final/bin/ghdl --elab-run c08s01b00x00p08n03i01205ent  --assert-level=error
Test: 1268
/root/tools/ghdl_final/bin/ghdl -a --std=93c vhdl-93/billowitch/compliant/tc1206.vhd
/root/tools/ghdl_final/bin/ghdl --elab-run c08s01b00x00p08n04i01206ent  --assert-level=error
Test: 1269
/root/tools/ghdl_final/bin/ghdl -a --std=93c vhdl-93/billowitch/compliant/tc1207.vhd
/root/tools/ghdl_final/bin/ghdl --elab-run c08s01b00x00p08n04i01207ent  --assert-level=error
Test: 1270
/root/tools/ghdl_final/bin/ghdl -a --std=93c vhdl-93/billowitch/compliant/tc1208.vhd
/root/tools/ghdl_final/bin/ghdl --elab-run c08s01b00x00p24n01i01208ent  --assert-level=error
Test: 1271
/root/tools/ghdl_final/bin/ghdl -a --std=93c vhdl-93/billowitch/compliant/tc1209.vhd
/root/tools/ghdl_final/bin/ghdl --elab-run c08s01b00x00p24n01i01209ent  --assert-level=error
Test: 1272
/root/tools/ghdl_final/bin/ghdl -a --std=93c vhdl-93/billowitch/compliant/tc1210.vhd
/root/tools/ghdl_final/bin/ghdl --elab-run c08s01b00x00p25n01i01210ent  --assert-level=error
Test: 1273
/root/tools/ghdl_final/bin/ghdl -a --std=93c vhdl-93/billowitch/compliant/tc1211.vhd
/root/tools/ghdl_final/bin/ghdl --elab-run c08s01b00x00p25n01i01211ent  --assert-level=error
Test: 1274
/root/tools/ghdl_final/bin/ghdl -a --std=93c vhdl-93/billowitch/compliant/tc1212.vhd
/root/tools/ghdl_final/bin/ghdl --elab-run c08s01b00x00p25n02i01212ent  --assert-level=error
Test: 1275
/root/tools/ghdl_final/bin/ghdl -a --std=93c vhdl-93/billowitch/compliant/tc1213.vhd
/root/tools/ghdl_final/bin/ghdl --elab-run c08s01b00x00p25n02i01213ent  --assert-level=error
Test: 1276
/root/tools/ghdl_final/bin/ghdl -a --std=93c vhdl-93/billowitch/compliant/tc1214.vhd
/root/tools/ghdl_final/bin/ghdl --elab-run c08s01b00x00p26n01i01214ent  --assert-level=error
Test: 1277
/root/tools/ghdl_final/bin/ghdl -a --std=93c vhdl-93/billowitch/compliant/tc1215.vhd
/root/tools/ghdl_final/bin/ghdl --elab-run c08s01b00x00p26n01i01215ent  --assert-level=error
Test: 1278
/root/tools/ghdl_final/bin/ghdl -a --std=93c vhdl-93/billowitch/compliant/tc1216.vhd
/root/tools/ghdl_final/bin/ghdl --elab-run c08s01b00x00p26n02i01216ent  --assert-level=error
Test: 1279
/root/tools/ghdl_final/bin/ghdl -a --std=93c vhdl-93/billowitch/compliant/tc1218.vhd
/root/tools/ghdl_final/bin/ghdl --elab-run c08s01b00x00p26n03i01218ent  --assert-level=error
Test: 1280
/root/tools/ghdl_final/bin/ghdl -a --std=93c vhdl-93/billowitch/compliant/tc1220.vhd
/root/tools/ghdl_final/bin/ghdl --elab-run c08s01b00x00p27n01i01220ent  --assert-level=error
delete library: work
/root/tools/ghdl_final/bin/ghdl --remove --std=93c --work=work
Test: 1281
/root/tools/ghdl_final/bin/ghdl -a --std=93c vhdl-93/billowitch/compliant/tc1221.vhd
/root/tools/ghdl_final/bin/ghdl --elab-run c08s01b00x00p27n01i01221ent  --assert-level=error
Test: 1282
/root/tools/ghdl_final/bin/ghdl -a --std=93c vhdl-93/billowitch/compliant/tc1222.vhd
/root/tools/ghdl_final/bin/ghdl --elab-run c08s01b00x00p27n01i01222ent  --assert-level=error
Test: 1283
/root/tools/ghdl_final/bin/ghdl -a --std=93c vhdl-93/billowitch/compliant/tc1223.vhd
/root/tools/ghdl_final/bin/ghdl --elab-run c08s01b00x00p27n01i01223ent  --assert-level=error
Test: 1284
/root/tools/ghdl_final/bin/ghdl -a --std=93c vhdl-93/billowitch/compliant/tc1224.vhd
/root/tools/ghdl_final/bin/ghdl --elab-run c08s01b00x00p28n01i01224ent  --assert-level=error
Test: 1285
/root/tools/ghdl_final/bin/ghdl -a --std=93c vhdl-93/billowitch/compliant/tc1225.vhd
/root/tools/ghdl_final/bin/ghdl --elab-run c08s01b00x00p28n01i01225ent  --assert-level=error
Test: 1286
/root/tools/ghdl_final/bin/ghdl -a --std=93c vhdl-93/billowitch/compliant/tc1230.vhd
/root/tools/ghdl_final/bin/ghdl --elab-run c08s02b00x00p03n01i01230ent  --assert-level=error
Test: 1287
/root/tools/ghdl_final/bin/ghdl -a --std=93c vhdl-93/billowitch/compliant/tc1232.vhd
/root/tools/ghdl_final/bin/ghdl --elab-run c08s02b00x00p03n01i01232ent  --assert-level=error
Test: 1288
/root/tools/ghdl_final/bin/ghdl -a --std=93c vhdl-93/billowitch/compliant/tc1233.vhd
/root/tools/ghdl_final/bin/ghdl --elab-run c08s02b00x00p03n01i01233ent  --assert-level=error
Test: 1289
/root/tools/ghdl_final/bin/ghdl -a --std=93c vhdl-93/billowitch/compliant/tc1234.vhd
/root/tools/ghdl_final/bin/ghdl --elab-run c08s02b00x00p03n01i01234ent  --assert-level=error
Test: 1290
/root/tools/ghdl_final/bin/ghdl -a --std=93c vhdl-93/billowitch/compliant/tc1256.vhd
/root/tools/ghdl_final/bin/ghdl --elab-run c08s02b00x00p04n02i01256ent  --assert-level=error
Test: 1291
/root/tools/ghdl_final/bin/ghdl -a --std=93c vhdl-93/billowitch/compliant/tc1257.vhd
/root/tools/ghdl_final/bin/ghdl --elab-run c08s02b00x00p04n02i01257ent  --assert-level=error
Test: 1292
/root/tools/ghdl_final/bin/ghdl -a --std=93c vhdl-93/billowitch/compliant/tc1260.vhd
/root/tools/ghdl_final/bin/ghdl --elab-run c08s02b00x00p05n01i01260ent  --assert-level=error
Test: 1293
/root/tools/ghdl_final/bin/ghdl -a --std=93c vhdl-93/billowitch/compliant/tc1261.vhd
/root/tools/ghdl_final/bin/ghdl --elab-run c08s02b00x00p05n01i01261ent  --assert-level=error
Test: 1294
/root/tools/ghdl_final/bin/ghdl -a --std=93c vhdl-93/billowitch/compliant/tc1266.vhd
/root/tools/ghdl_final/bin/ghdl --elab-run c08s02b00x00p06n03i01266ent  --assert-level=error
Test: 1295
/root/tools/ghdl_final/bin/ghdl -a --std=93c vhdl-93/billowitch/compliant/tc1268.vhd
/root/tools/ghdl_final/bin/ghdl --elab-run c08s02b00x00p07n01i01268ent  --assert-level=error
Test: 1296
/root/tools/ghdl_final/bin/ghdl -a --std=93c vhdl-93/billowitch/compliant/tc1269.vhd
/root/tools/ghdl_final/bin/ghdl --elab-run c08s04b00x00p02n01i01269ent  --assert-level=error
delete library: work
/root/tools/ghdl_final/bin/ghdl --remove --std=93c --work=work
Test: 1297
/root/tools/ghdl_final/bin/ghdl -a --std=93c vhdl-93/billowitch/compliant/tc1292.vhd
/root/tools/ghdl_final/bin/ghdl --elab-run c08s04b00x00p05n01i01292ent  --assert-level=error
Test: 1298
/root/tools/ghdl_final/bin/ghdl -a --std=93c vhdl-93/billowitch/compliant/tc1294.vhd
/root/tools/ghdl_final/bin/ghdl --elab-run c08s04b00x00p06n01i01294ent  --assert-level=error
Test: 1299
/root/tools/ghdl_final/bin/ghdl -a --std=93c vhdl-93/billowitch/compliant/tc1299.vhd
/root/tools/ghdl_final/bin/ghdl --elab-run c08s04b00x00p06n01i01299ent  --assert-level=error
Test: 1300
/root/tools/ghdl_final/bin/ghdl -a --std=93c vhdl-93/billowitch/compliant/tc1306.vhd
/root/tools/ghdl_final/bin/ghdl --elab-run c08s04b00x00p06n01i01306ent  --assert-level=error
Test: 1301
/root/tools/ghdl_final/bin/ghdl -a --std=93c vhdl-93/billowitch/compliant/tc1307.vhd
/root/tools/ghdl_final/bin/ghdl --elab-run c08s04b00x00p06n01i01307ent  --assert-level=error
Test: 1302
/root/tools/ghdl_final/bin/ghdl -a --std=93c vhdl-93/billowitch/compliant/tc1309.vhd
/root/tools/ghdl_final/bin/ghdl --elab-run c08s04b00x00p07n01i01309ent  --assert-level=error
Test: 1303
/root/tools/ghdl_final/bin/ghdl -a --std=93c vhdl-93/billowitch/compliant/tc1310.vhd
/root/tools/ghdl_final/bin/ghdl --elab-run c08s04b00x00p07n02i01310ent  --assert-level=error
Test: 1304
/root/tools/ghdl_final/bin/ghdl -a --std=93c vhdl-93/billowitch/compliant/tc1316.vhd
/root/tools/ghdl_final/bin/ghdl --elab-run c08s04b00x00p07n04i01316ent  --assert-level=error
Test: 1305
/root/tools/ghdl_final/bin/ghdl -a --std=93c vhdl-93/billowitch/compliant/tc1317.vhd
/root/tools/ghdl_final/bin/ghdl --elab-run c08s04b00x00p07n01i01317ent  --assert-level=error
Test: 1306
/root/tools/ghdl_final/bin/ghdl -a --std=93c vhdl-93/billowitch/compliant/tc1318.vhd
/root/tools/ghdl_final/bin/ghdl --elab-run c08s04b00x00p07n01i01318ent  --assert-level=error
Test: 1307
/root/tools/ghdl_final/bin/ghdl -a --std=93c vhdl-93/billowitch/compliant/tc1321.vhd
/root/tools/ghdl_final/bin/ghdl --elab-run c08s04b00x00p09n03i01321ent  --assert-level=error
Test: 1308
/root/tools/ghdl_final/bin/ghdl -a --std=93c vhdl-93/billowitch/compliant/tc1322.vhd
/root/tools/ghdl_final/bin/ghdl --elab-run c08s04b00x00p09n04i01322ent  --assert-level=error
Test: 1309
/root/tools/ghdl_final/bin/ghdl -a --std=93c vhdl-93/billowitch/compliant/tc1323.vhd
/root/tools/ghdl_final/bin/ghdl --elab-run c08s04b01x00p02n01i01323ent  --assert-level=error
Test: 1310
/root/tools/ghdl_final/bin/ghdl -a --std=93c vhdl-93/billowitch/compliant/tc1327.vhd
/root/tools/ghdl_final/bin/ghdl --elab-run c08s04b01x00p03n02i01327ent  --assert-level=error
Test: 1311
/root/tools/ghdl_final/bin/ghdl -a --std=93c vhdl-93/billowitch/compliant/tc1328.vhd
/root/tools/ghdl_final/bin/ghdl --elab-run c08s04b01x00p03n03i01328ent  --assert-level=error
Test: 1312
/root/tools/ghdl_final/bin/ghdl -a --std=93c vhdl-93/billowitch/compliant/tc1331.vhd
/root/tools/ghdl_final/bin/ghdl --elab-run c08s04b01x00p04n01i01331ent  --assert-level=error
delete library: work
/root/tools/ghdl_final/bin/ghdl --remove --std=93c --work=work
Test: 1313
/root/tools/ghdl_final/bin/ghdl -a --std=93c vhdl-93/billowitch/compliant/tc1332.vhd
/root/tools/ghdl_final/bin/ghdl --elab-run c08s04b01x00p04n02i01332ent  --assert-level=error
Test: 1314
/root/tools/ghdl_final/bin/ghdl -a --std=93c vhdl-93/billowitch/compliant/tc1335.vhd
/root/tools/ghdl_final/bin/ghdl --elab-run c08s04b01x00p04n01i01335ent  --assert-level=error
Test: 1315
/root/tools/ghdl_final/bin/ghdl -a --std=93c vhdl-93/billowitch/compliant/tc1337.vhd
/root/tools/ghdl_final/bin/ghdl --elab-run c08s04b01x00p04n01i01337ent  --assert-level=error
Test: 1316
/root/tools/ghdl_final/bin/ghdl -a --std=93c vhdl-93/billowitch/compliant/tc1338.vhd
/root/tools/ghdl_final/bin/ghdl --elab-run c08s04b01x00p04n01i01338ent  --assert-level=error
Test: 1317
/root/tools/ghdl_final/bin/ghdl -a --std=93c vhdl-93/billowitch/compliant/tc1339.vhd
/root/tools/ghdl_final/bin/ghdl --elab-run c08s04b01x00p04n01i01339ent  --assert-level=error
Test: 1318
/root/tools/ghdl_final/bin/ghdl -a --std=93c vhdl-93/billowitch/compliant/tc1340.vhd
/root/tools/ghdl_final/bin/ghdl --elab-run c08s04b01x00p04n01i01340ent  --assert-level=error
Test: 1319
/root/tools/ghdl_final/bin/ghdl -a --std=93c vhdl-93/billowitch/compliant/tc1341.vhd
/root/tools/ghdl_final/bin/ghdl --elab-run c08s04b01x00p04n01i01341ent  --assert-level=error
Test: 1320
/root/tools/ghdl_final/bin/ghdl -a --std=93c vhdl-93/billowitch/compliant/tc1342.vhd
/root/tools/ghdl_final/bin/ghdl --elab-run c08s04b01x00p04n01i01342ent  --assert-level=error
Test: 1321
/root/tools/ghdl_final/bin/ghdl -a --std=93c vhdl-93/billowitch/compliant/tc1343.vhd
/root/tools/ghdl_final/bin/ghdl --elab-run c08s04b01x00p04n01i01343ent  --assert-level=error
Test: 1322
/root/tools/ghdl_final/bin/ghdl -a --std=93c vhdl-93/billowitch/compliant/tc1344.vhd
/root/tools/ghdl_final/bin/ghdl --elab-run c08s04b01x00p06n05i01344ent  --assert-level=error
Test: 1323
/root/tools/ghdl_final/bin/ghdl -a --std=93c vhdl-93/billowitch/compliant/tc1347.vhd
/root/tools/ghdl_final/bin/ghdl --elab-run c08s04b01x00p07n01i01347ent  --assert-level=error
Test: 1324
/root/tools/ghdl_final/bin/ghdl -a --std=93c vhdl-93/billowitch/compliant/tc1348.vhd
/root/tools/ghdl_final/bin/ghdl --elab-run c08s04b01x00p07n01i01348ent  --assert-level=error
Test: 1325
/root/tools/ghdl_final/bin/ghdl -a --std=93c vhdl-93/billowitch/compliant/tc1349.vhd
/root/tools/ghdl_final/bin/ghdl --elab-run c08s04b01x00p10n01i01349ent  --assert-level=error
Test: 1326
/root/tools/ghdl_final/bin/ghdl -a --std=93c vhdl-93/billowitch/compliant/tc1350.vhd
/root/tools/ghdl_final/bin/ghdl --elab-run c08s04b01x00p10n01i01350ent  --assert-level=error
Test: 1327
/root/tools/ghdl_final/bin/ghdl -a --std=93c vhdl-93/billowitch/compliant/tc1354.vhd
/root/tools/ghdl_final/bin/ghdl --elab-run c08s05b00x00p02n01i01354ent  --assert-level=error
Test: 1328
/root/tools/ghdl_final/bin/ghdl -a --std=93c vhdl-93/billowitch/compliant/tc1356.vhd
/root/tools/ghdl_final/bin/ghdl --elab-run c08s05b00x00p03n01i01356ent  --assert-level=error
delete library: work
/root/tools/ghdl_final/bin/ghdl --remove --std=93c --work=work
Test: 1329
/root/tools/ghdl_final/bin/ghdl -a --std=93c vhdl-93/billowitch/compliant/tc1359.vhd
/root/tools/ghdl_final/bin/ghdl --elab-run c08s05b00x00p03n01i01359ent  --assert-level=error
Test: 1330
/root/tools/ghdl_final/bin/ghdl -a --std=93c vhdl-93/billowitch/compliant/tc1360.vhd
/root/tools/ghdl_final/bin/ghdl --elab-run c08s05b00x00p03n01i01360ent  --assert-level=error
Test: 1331
/root/tools/ghdl_final/bin/ghdl -a --std=93c vhdl-93/billowitch/compliant/tc1361.vhd
/root/tools/ghdl_final/bin/ghdl --elab-run c08s05b00x00p03n01i01361ent  --assert-level=error
Test: 1332
/root/tools/ghdl_final/bin/ghdl -a --std=93c vhdl-93/billowitch/compliant/tc1362.vhd
/root/tools/ghdl_final/bin/ghdl --elab-run c08s05b00x00p03n01i01362ent  --assert-level=error
Test: 1333
/root/tools/ghdl_final/bin/ghdl -a --std=93c vhdl-93/billowitch/compliant/tc1363.vhd
/root/tools/ghdl_final/bin/ghdl --elab-run c08s05b00x00p03n01i01363ent  --assert-level=error
Test: 1334
/root/tools/ghdl_final/bin/ghdl -a --std=93c vhdl-93/billowitch/compliant/tc1364.vhd
/root/tools/ghdl_final/bin/ghdl --elab-run c08s05b00x00p03n01i01364ent  --assert-level=error
Test: 1335
/root/tools/ghdl_final/bin/ghdl -a --std=93c vhdl-93/billowitch/compliant/tc1365.vhd
/root/tools/ghdl_final/bin/ghdl --elab-run c08s05b00x00p03n01i01365ent  --assert-level=error
Test: 1336
/root/tools/ghdl_final/bin/ghdl -a --std=93c vhdl-93/billowitch/compliant/tc1366.vhd
/root/tools/ghdl_final/bin/ghdl --elab-run c08s05b00x00p03n01i01366ent  --assert-level=error
Test: 1337
/root/tools/ghdl_final/bin/ghdl -a --std=93c vhdl-93/billowitch/compliant/tc1367.vhd
/root/tools/ghdl_final/bin/ghdl --elab-run c08s05b00x00p03n01i01367ent  --assert-level=error
Test: 1338
/root/tools/ghdl_final/bin/ghdl -a --std=93c vhdl-93/billowitch/compliant/tc1368.vhd
/root/tools/ghdl_final/bin/ghdl --elab-run c08s05b00x00p03n01i01368ent  --assert-level=error
Test: 1339
/root/tools/ghdl_final/bin/ghdl -a --std=93c vhdl-93/billowitch/compliant/tc1369.vhd
/root/tools/ghdl_final/bin/ghdl --elab-run c08s05b00x00p03n01i01369ent  --assert-level=error
Test: 1340
/root/tools/ghdl_final/bin/ghdl -a --std=93c vhdl-93/billowitch/compliant/tc1370.vhd
/root/tools/ghdl_final/bin/ghdl --elab-run c08s05b00x00p03n01i01370ent  --assert-level=error
Test: 1341
/root/tools/ghdl_final/bin/ghdl -a --std=93c vhdl-93/billowitch/compliant/tc1371.vhd
/root/tools/ghdl_final/bin/ghdl --elab-run c08s05b00x00p03n01i01371ent  --assert-level=error
Test: 1342
/root/tools/ghdl_final/bin/ghdl -a --std=93c vhdl-93/billowitch/compliant/tc1372.vhd
/root/tools/ghdl_final/bin/ghdl --elab-run c08s05b00x00p03n01i01372ent  --assert-level=error
Test: 1343
/root/tools/ghdl_final/bin/ghdl -a --std=93c vhdl-93/billowitch/compliant/tc1373.vhd
/root/tools/ghdl_final/bin/ghdl --elab-run c08s05b00x00p03n01i01373ent  --assert-level=error
Test: 1344
/root/tools/ghdl_final/bin/ghdl -a --std=93c vhdl-93/billowitch/compliant/tc1374.vhd
/root/tools/ghdl_final/bin/ghdl --elab-run c08s05b00x00p03n01i01374ent  --assert-level=error
delete library: work
/root/tools/ghdl_final/bin/ghdl --remove --std=93c --work=work
Test: 1345
/root/tools/ghdl_final/bin/ghdl -a --std=93c vhdl-93/billowitch/compliant/tc1375.vhd
/root/tools/ghdl_final/bin/ghdl --elab-run c08s05b00x00p03n01i01375ent  --assert-level=error
Test: 1346
/root/tools/ghdl_final/bin/ghdl -a --std=93c vhdl-93/billowitch/compliant/tc1386.vhd
/root/tools/ghdl_final/bin/ghdl --elab-run c08s05b00x00p03n02i01386ent  --assert-level=error
Test: 1347
/root/tools/ghdl_final/bin/ghdl -a --std=93c vhdl-93/billowitch/compliant/tc1387.vhd
/root/tools/ghdl_final/bin/ghdl --elab-run c08s05b00x00p04n01i01387ent  --assert-level=error
Test: 1348
/root/tools/ghdl_final/bin/ghdl -a --std=93c vhdl-93/billowitch/compliant/tc1389.vhd
/root/tools/ghdl_final/bin/ghdl --elab-run c08s05b00x00p04n02i01389ent  --assert-level=error
Test: 1349
/root/tools/ghdl_final/bin/ghdl -a --std=93c vhdl-93/billowitch/compliant/tc1390.vhd
/root/tools/ghdl_final/bin/ghdl --elab-run c08s05b00x00p04n03i01390ent  --assert-level=error
Test: 1350
/root/tools/ghdl_final/bin/ghdl -a --std=93c vhdl-93/billowitch/compliant/tc1392.vhd
/root/tools/ghdl_final/bin/ghdl --elab-run c08s05b00x00p04n04i01392ent  --assert-level=error
Test: 1351
/root/tools/ghdl_final/bin/ghdl -a --std=93c vhdl-93/billowitch/compliant/tc1393.vhd
/root/tools/ghdl_final/bin/ghdl --elab-run c08s05b00x00p04n01i01393ent  --assert-level=error
Test: 1352
/root/tools/ghdl_final/bin/ghdl -a --std=93c vhdl-93/billowitch/compliant/tc1394.vhd
/root/tools/ghdl_final/bin/ghdl --elab-run c08s05b00x00p04n01i01394ent  --assert-level=error
Test: 1353
/root/tools/ghdl_final/bin/ghdl -a --std=93c vhdl-93/billowitch/compliant/tc1403.vhd
/root/tools/ghdl_final/bin/ghdl --elab-run c08s05b00x00p06n01i01403ent  --assert-level=error
Test: 1354
/root/tools/ghdl_final/bin/ghdl -a --std=93c vhdl-93/billowitch/compliant/tc1405.vhd
/root/tools/ghdl_final/bin/ghdl --elab-run c08s05b00x00p07n01i01405ent  --assert-level=error
Test: 1355
/root/tools/ghdl_final/bin/ghdl -a --std=93c vhdl-93/billowitch/compliant/tc1409.vhd
/root/tools/ghdl_final/bin/ghdl --elab-run c08s05b01x00p01n01i01409ent  --assert-level=error
Test: 1356
/root/tools/ghdl_final/bin/ghdl -a --std=93c vhdl-93/billowitch/compliant/tc1410.vhd
/root/tools/ghdl_final/bin/ghdl --elab-run c08s05b01x00p01n01i01410ent  --assert-level=error
Test: 1357
/root/tools/ghdl_final/bin/ghdl -a --std=93c vhdl-93/billowitch/compliant/tc1412.vhd
/root/tools/ghdl_final/bin/ghdl --elab-run c08s05b01x00p01n01i01412ent  --assert-level=error
Test: 1358
/root/tools/ghdl_final/bin/ghdl -a --std=93c vhdl-93/billowitch/compliant/tc1413.vhd
/root/tools/ghdl_final/bin/ghdl --elab-run c08s05b01x00p01n01i01413ent  --assert-level=error
Test: 1359
/root/tools/ghdl_final/bin/ghdl -a --std=93c vhdl-93/billowitch/compliant/tc1414.vhd
/root/tools/ghdl_final/bin/ghdl --elab-run c08s05b01x00p01n01i01414ent  --assert-level=error
Test: 1360
/root/tools/ghdl_final/bin/ghdl -a --std=93c vhdl-93/billowitch/compliant/tc1421.vhd
/root/tools/ghdl_final/bin/ghdl --elab-run c08s06b00x00p02n01i01421ent  --assert-level=error
delete library: work
/root/tools/ghdl_final/bin/ghdl --remove --std=93c --work=work
Test: 1361
/root/tools/ghdl_final/bin/ghdl -a --std=93c vhdl-93/billowitch/compliant/tc1422.vhd
/root/tools/ghdl_final/bin/ghdl --elab-run c08s06b00x00p04n01i01422ent  --assert-level=error
Test: 1362
/root/tools/ghdl_final/bin/ghdl -a --std=93c vhdl-93/billowitch/compliant/tc1423.vhd
/root/tools/ghdl_final/bin/ghdl --elab-run c08s06b00x00p05n01i01423ent  --assert-level=error
Test: 1363
/root/tools/ghdl_final/bin/ghdl -a --std=93c vhdl-93/billowitch/compliant/tc1424.vhd
/root/tools/ghdl_final/bin/ghdl --elab-run c08s06b00x00p05n01i01424ent  --assert-level=error
Test: 1364
/root/tools/ghdl_final/bin/ghdl -a --std=93c vhdl-93/billowitch/compliant/tc1425.vhd
/root/tools/ghdl_final/bin/ghdl --elab-run c08s06b00x00p05n01i01425ent  --assert-level=error
Test: 1365
/root/tools/ghdl_final/bin/ghdl -a --std=93c vhdl-93/billowitch/compliant/tc1442.vhd
/root/tools/ghdl_final/bin/ghdl --elab-run c08s07b00x00p02n01i01442ent  --assert-level=error
Test: 1366
/root/tools/ghdl_final/bin/ghdl -a --std=93c vhdl-93/billowitch/compliant/tc1443.vhd
/root/tools/ghdl_final/bin/ghdl --elab-run c08s07b00x00p02n01i01443ent  --assert-level=error
Test: 1367
/root/tools/ghdl_final/bin/ghdl -a --std=93c vhdl-93/billowitch/compliant/tc1444.vhd
/root/tools/ghdl_final/bin/ghdl --elab-run c08s07b00x00p02n01i01444ent  --assert-level=error
Test: 1368
/root/tools/ghdl_final/bin/ghdl -a --std=93c vhdl-93/billowitch/compliant/tc1445.vhd
/root/tools/ghdl_final/bin/ghdl --elab-run c08s07b00x00p02n01i01445ent  --assert-level=error
Test: 1369
/root/tools/ghdl_final/bin/ghdl -a --std=93c vhdl-93/billowitch/compliant/tc1446.vhd
/root/tools/ghdl_final/bin/ghdl --elab-run c08s07b00x00p02n01i01446ent  --assert-level=error
Test: 1370
/root/tools/ghdl_final/bin/ghdl -a --std=93c vhdl-93/billowitch/compliant/tc1447.vhd
/root/tools/ghdl_final/bin/ghdl --elab-run c08s07b00x00p02n01i01447ent  --assert-level=error
Test: 1371
/root/tools/ghdl_final/bin/ghdl -a --std=93c vhdl-93/billowitch/compliant/tc1448.vhd
/root/tools/ghdl_final/bin/ghdl --elab-run c08s07b00x00p02n01i01448ent  --assert-level=error
Test: 1372
/root/tools/ghdl_final/bin/ghdl -a --std=93c vhdl-93/billowitch/compliant/tc1450.vhd
/root/tools/ghdl_final/bin/ghdl --elab-run c08s07b00x00p01n01i01450ent  --assert-level=error
Test: 1373
/root/tools/ghdl_final/bin/ghdl -a --std=93c vhdl-93/billowitch/compliant/tc1451.vhd
/root/tools/ghdl_final/bin/ghdl --elab-run c08s07b00x00p01n01i01451ent  --assert-level=error
Test: 1374
/root/tools/ghdl_final/bin/ghdl -a --std=93c vhdl-93/billowitch/compliant/tc1452.vhd
/root/tools/ghdl_final/bin/ghdl --elab-run c08s07b00x00p01n01i01452ent  --assert-level=error
Test: 1375
/root/tools/ghdl_final/bin/ghdl -a --std=93c vhdl-93/billowitch/compliant/tc1456.vhd
/root/tools/ghdl_final/bin/ghdl --elab-run c08s07b00x00p04n01i01456ent  --assert-level=error
Test: 1376
/root/tools/ghdl_final/bin/ghdl -a --std=93c vhdl-93/billowitch/compliant/tc1457.vhd
/root/tools/ghdl_final/bin/ghdl --elab-run c08s07b00x00p04n01i01457ent  --assert-level=error
delete library: work
/root/tools/ghdl_final/bin/ghdl --remove --std=93c --work=work
Test: 1377
/root/tools/ghdl_final/bin/ghdl -a --std=93c vhdl-93/billowitch/compliant/tc1458.vhd
/root/tools/ghdl_final/bin/ghdl --elab-run c08s07b00x00p04n01i01458ent  --assert-level=error
Test: 1378
/root/tools/ghdl_final/bin/ghdl -a --std=93c vhdl-93/billowitch/compliant/tc1459.vhd
/root/tools/ghdl_final/bin/ghdl --elab-run c08s07b00x00p04n01i01459ent  --assert-level=error
Test: 1379
/root/tools/ghdl_final/bin/ghdl -a --std=93c vhdl-93/billowitch/compliant/tc1460.vhd
/root/tools/ghdl_final/bin/ghdl --elab-run c08s07b00x00p04n01i01460ent  --assert-level=error
Test: 1380
/root/tools/ghdl_final/bin/ghdl -a --std=93c vhdl-93/billowitch/compliant/tc1461.vhd
/root/tools/ghdl_final/bin/ghdl --elab-run c08s07b00x00p04n01i01461ent  --assert-level=error
Test: 1381
/root/tools/ghdl_final/bin/ghdl -a --std=93c vhdl-93/billowitch/compliant/tc1462.vhd
/root/tools/ghdl_final/bin/ghdl --elab-run c08s07b00x00p04n01i01462ent  --assert-level=error
Test: 1382
/root/tools/ghdl_final/bin/ghdl -a --std=93c vhdl-93/billowitch/compliant/tc1463.vhd
/root/tools/ghdl_final/bin/ghdl --elab-run c08s08b00x00p02n01i01463ent  --assert-level=error
Test: 1383
/root/tools/ghdl_final/bin/ghdl -a --std=93c vhdl-93/billowitch/compliant/tc1473.vhd
/root/tools/ghdl_final/bin/ghdl --elab-run c08s08b00x00p04n01i01473ent  --assert-level=error
Test: 1384
/root/tools/ghdl_final/bin/ghdl -a --std=93c vhdl-93/billowitch/compliant/tc1474.vhd
/root/tools/ghdl_final/bin/ghdl --elab-run c08s08b00x00p04n01i01474ent  --assert-level=error
Test: 1385
/root/tools/ghdl_final/bin/ghdl -a --std=93c vhdl-93/billowitch/compliant/tc1475.vhd
/root/tools/ghdl_final/bin/ghdl --elab-run c08s08b00x00p04n01i01475ent  --assert-level=error
Test: 1386
/root/tools/ghdl_final/bin/ghdl -a --std=93c vhdl-93/billowitch/compliant/tc1483.vhd
/root/tools/ghdl_final/bin/ghdl --elab-run c08s08b00x00p04n03i01483ent  --assert-level=error
Test: 1387
/root/tools/ghdl_final/bin/ghdl -a --std=93c vhdl-93/billowitch/compliant/tc1485.vhd
/root/tools/ghdl_final/bin/ghdl --elab-run c08s08b00x00p04n03i01485ent  --assert-level=error
Test: 1388
/root/tools/ghdl_final/bin/ghdl -a --std=93c vhdl-93/billowitch/compliant/tc1486.vhd
/root/tools/ghdl_final/bin/ghdl --elab-run c08s08b00x00p04n03i01486ent  --assert-level=error
Test: 1389
/root/tools/ghdl_final/bin/ghdl -a --std=93c vhdl-93/billowitch/compliant/tc1487.vhd
/root/tools/ghdl_final/bin/ghdl --elab-run c08s08b00x00p04n03i01487ent  --assert-level=error
Test: 1390
/root/tools/ghdl_final/bin/ghdl -a --std=93c vhdl-93/billowitch/compliant/tc1488.vhd
/root/tools/ghdl_final/bin/ghdl --elab-run c08s08b00x00p04n03i01488ent  --assert-level=error
Test: 1391
/root/tools/ghdl_final/bin/ghdl -a --std=93c vhdl-93/billowitch/compliant/tc1491.vhd
/root/tools/ghdl_final/bin/ghdl --elab-run c08s08b00x00p05n01i01491ent  --assert-level=error
Test: 1392
/root/tools/ghdl_final/bin/ghdl -a --std=93c vhdl-93/billowitch/compliant/tc1493.vhd
/root/tools/ghdl_final/bin/ghdl --elab-run c08s08b00x00p07n01i01493ent  --assert-level=error
delete library: work
/root/tools/ghdl_final/bin/ghdl --remove --std=93c --work=work
Test: 1393
/root/tools/ghdl_final/bin/ghdl -a --std=93c vhdl-93/billowitch/compliant/tc1495.vhd
/root/tools/ghdl_final/bin/ghdl --elab-run c08s08b00x00p09n01i01495ent  --assert-level=error
Test: 1394
/root/tools/ghdl_final/bin/ghdl -a --std=93c vhdl-93/billowitch/compliant/tc1496.vhd
/root/tools/ghdl_final/bin/ghdl --elab-run c08s08b00x00p14n01i01496ent  --assert-level=error
Test: 1395
/root/tools/ghdl_final/bin/ghdl -a --std=93c vhdl-93/billowitch/compliant/tc1497.vhd
/root/tools/ghdl_final/bin/ghdl --elab-run c08s08b00x00p14n01i01497ent  --assert-level=error
Test: 1396
/root/tools/ghdl_final/bin/ghdl -a --std=93c vhdl-93/billowitch/compliant/tc1499.vhd
/root/tools/ghdl_final/bin/ghdl --elab-run c08s08b00x00p14n01i01499ent  --assert-level=error
Test: 1397
/root/tools/ghdl_final/bin/ghdl -a --std=93c vhdl-93/billowitch/compliant/tc1500.vhd
/root/tools/ghdl_final/bin/ghdl --elab-run c08s08b00x00p14n02i01500ent  --assert-level=error
Test: 1398
/root/tools/ghdl_final/bin/ghdl -a --std=93c vhdl-93/billowitch/compliant/tc1505.vhd
/root/tools/ghdl_final/bin/ghdl --elab-run c08s08b00x00p14n03i01505ent  --assert-level=error
Test: 1399
/root/tools/ghdl_final/bin/ghdl -a --std=93c vhdl-93/billowitch/compliant/tc1507.vhd
/root/tools/ghdl_final/bin/ghdl --elab-run c08s08b00x00p16n01i01507ent  --assert-level=error
Test: 1400
/root/tools/ghdl_final/bin/ghdl -a --std=93c vhdl-93/billowitch/compliant/tc1508.vhd
/root/tools/ghdl_final/bin/ghdl --elab-run c08s09b00x00p02n01i01508ent  --assert-level=error
Test: 1401
/root/tools/ghdl_final/bin/ghdl -a --std=93c vhdl-93/billowitch/compliant/tc1509.vhd
/root/tools/ghdl_final/bin/ghdl --elab-run c08s09b00x00p02n01i01509ent  --assert-level=error
Test: 1402
/root/tools/ghdl_final/bin/ghdl -a --std=93c vhdl-93/billowitch/compliant/tc1510.vhd
/root/tools/ghdl_final/bin/ghdl --elab-run c08s09b00x00p02n01i01510ent  --assert-level=error
Test: 1403
/root/tools/ghdl_final/bin/ghdl -a --std=93c vhdl-93/billowitch/compliant/tc1511.vhd
/root/tools/ghdl_final/bin/ghdl --elab-run c08s09b00x00p02n01i01511ent  --assert-level=error
Test: 1404
/root/tools/ghdl_final/bin/ghdl -a --std=93c vhdl-93/billowitch/compliant/tc1512.vhd
/root/tools/ghdl_final/bin/ghdl --elab-run c08s09b00x00p02n01i01512ent  --assert-level=error
Test: 1405
/root/tools/ghdl_final/bin/ghdl -a --std=93c vhdl-93/billowitch/compliant/tc1514.vhd
/root/tools/ghdl_final/bin/ghdl --elab-run c08s09b00x00p02n01i01514ent  --assert-level=error
Test: 1406
/root/tools/ghdl_final/bin/ghdl -a --std=93c vhdl-93/billowitch/compliant/tc1516.vhd
/root/tools/ghdl_final/bin/ghdl --elab-run c08s09b00x00p03n01i01516ent  --assert-level=error
Test: 1407
/root/tools/ghdl_final/bin/ghdl -a --std=93c vhdl-93/billowitch/compliant/tc1521.vhd
/root/tools/ghdl_final/bin/ghdl --elab-run c08s09b00x00p05n01i01521ent  --assert-level=error
Test: 1408
/root/tools/ghdl_final/bin/ghdl -a --std=93c vhdl-93/billowitch/compliant/tc1522.vhd
/root/tools/ghdl_final/bin/ghdl --elab-run c08s09b00x00p07n01i01522ent  --assert-level=error
delete library: work
/root/tools/ghdl_final/bin/ghdl --remove --std=93c --work=work
Test: 1409
/root/tools/ghdl_final/bin/ghdl -a --std=93c vhdl-93/billowitch/compliant/tc1523.vhd
/root/tools/ghdl_final/bin/ghdl --elab-run c08s09b00x00p07n01i01523ent  --assert-level=error
Test: 1410
/root/tools/ghdl_final/bin/ghdl -a --std=93c vhdl-93/billowitch/compliant/tc1524.vhd
/root/tools/ghdl_final/bin/ghdl --elab-run c08s09b00x00p08n01i01524ent  --assert-level=error
Test: 1411
/root/tools/ghdl_final/bin/ghdl -a --std=93c vhdl-93/billowitch/compliant/tc1529.vhd
/root/tools/ghdl_final/bin/ghdl --elab-run c08s09b00x00p08n01i01529ent  --assert-level=error
Test: 1412
/root/tools/ghdl_final/bin/ghdl -a --std=93c vhdl-93/billowitch/compliant/tc1530.vhd
/root/tools/ghdl_final/bin/ghdl --elab-run c08s09b00x00p09n01i01530ent  --assert-level=error
Test: 1413
/root/tools/ghdl_final/bin/ghdl -a --std=93c vhdl-93/billowitch/compliant/tc1531.vhd
/root/tools/ghdl_final/bin/ghdl --elab-run c08s09b00x00p09n02i01531ent  --assert-level=error
Test: 1414
/root/tools/ghdl_final/bin/ghdl -a --std=93c vhdl-93/billowitch/compliant/tc1536.vhd
/root/tools/ghdl_final/bin/ghdl --elab-run c08s09b00x00p09n03i01536ent  --assert-level=error
Test: 1415
/root/tools/ghdl_final/bin/ghdl -a --std=93c vhdl-93/billowitch/compliant/tc1539.vhd
/root/tools/ghdl_final/bin/ghdl --elab-run c08s09b00x00p10n01i01539ent  --assert-level=error
Test: 1416
/root/tools/ghdl_final/bin/ghdl -a --std=93c vhdl-93/billowitch/compliant/tc1540.vhd
/root/tools/ghdl_final/bin/ghdl --elab-run c08s09b00x00p10n01i01540ent  --assert-level=error
Test: 1417
/root/tools/ghdl_final/bin/ghdl -a --std=93c vhdl-93/billowitch/compliant/tc1543.vhd
/root/tools/ghdl_final/bin/ghdl --elab-run c08s09b00x00p10n01i01543ent  --assert-level=error
Test: 1418
/root/tools/ghdl_final/bin/ghdl -a --std=93c vhdl-93/billowitch/compliant/tc1544.vhd
/root/tools/ghdl_final/bin/ghdl --elab-run c08s09b00x00p10n01i01544ent  --assert-level=error
Test: 1419
/root/tools/ghdl_final/bin/ghdl -a --std=93c vhdl-93/billowitch/compliant/tc1545.vhd
/root/tools/ghdl_final/bin/ghdl --elab-run c08s09b00x00p10n01i01545ent  --assert-level=error
Test: 1420
/root/tools/ghdl_final/bin/ghdl -a --std=93c vhdl-93/billowitch/compliant/tc1546.vhd
/root/tools/ghdl_final/bin/ghdl --elab-run c08s09b00x00p10n01i01546ent  --assert-level=error
Test: 1421
/root/tools/ghdl_final/bin/ghdl -a --std=93c vhdl-93/billowitch/compliant/tc1547.vhd
/root/tools/ghdl_final/bin/ghdl --elab-run c08s09b00x00p10n01i01547ent  --assert-level=error
Test: 1422
/root/tools/ghdl_final/bin/ghdl -a --std=93c vhdl-93/billowitch/compliant/tc1548.vhd
/root/tools/ghdl_final/bin/ghdl --elab-run c08s09b00x00p10n01i01548ent  --assert-level=error
Test: 1423
/root/tools/ghdl_final/bin/ghdl -a --std=93c vhdl-93/billowitch/compliant/tc1549.vhd
/root/tools/ghdl_final/bin/ghdl --elab-run c08s09b00x00p10n01i01549ent  --assert-level=error
Test: 1424
/root/tools/ghdl_final/bin/ghdl -a --std=93c vhdl-93/billowitch/compliant/tc1550.vhd
/root/tools/ghdl_final/bin/ghdl --elab-run c08s09b00x00p10n01i01550ent  --assert-level=error
delete library: work
/root/tools/ghdl_final/bin/ghdl --remove --std=93c --work=work
Test: 1425
/root/tools/ghdl_final/bin/ghdl -a --std=93c vhdl-93/billowitch/compliant/tc1551.vhd
/root/tools/ghdl_final/bin/ghdl --elab-run c08s09b00x00p10n03i01551ent  --assert-level=error
Test: 1426
/root/tools/ghdl_final/bin/ghdl -a --std=93c vhdl-93/billowitch/compliant/tc1552.vhd
/root/tools/ghdl_final/bin/ghdl --elab-run c08s09b00x00p10n03i01552ent  --assert-level=error
Test: 1427
/root/tools/ghdl_final/bin/ghdl -a --std=93c vhdl-93/billowitch/compliant/tc1553.vhd
/root/tools/ghdl_final/bin/ghdl --elab-run c08s09b00x00p10n01i01553ent  --assert-level=error
Test: 1428
/root/tools/ghdl_final/bin/ghdl -a --std=93c vhdl-93/billowitch/compliant/tc1554.vhd
/root/tools/ghdl_final/bin/ghdl --elab-run c08s10b00x00p02n01i01554ent  --assert-level=error
Test: 1429
/root/tools/ghdl_final/bin/ghdl -a --std=93c vhdl-93/billowitch/compliant/tc1555.vhd
/root/tools/ghdl_final/bin/ghdl --elab-run c08s10b00x00p02n01i01555ent  --assert-level=error
Test: 1430
/root/tools/ghdl_final/bin/ghdl -a --std=93c vhdl-93/billowitch/compliant/tc1558.vhd
/root/tools/ghdl_final/bin/ghdl --elab-run c08s10b00x00p03n01i01558ent  --assert-level=error
Test: 1431
/root/tools/ghdl_final/bin/ghdl -a --std=93c vhdl-93/billowitch/compliant/tc1560.vhd
/root/tools/ghdl_final/bin/ghdl --elab-run c08s10b00x00p03n01i01560ent  --assert-level=error
Test: 1432
/root/tools/ghdl_final/bin/ghdl -a --std=93c vhdl-93/billowitch/compliant/tc1565.vhd
/root/tools/ghdl_final/bin/ghdl --elab-run c08s10b00x00p03n01i01565ent  --assert-level=error
Test: 1433
/root/tools/ghdl_final/bin/ghdl -a --std=93c vhdl-93/billowitch/compliant/tc1566.vhd
/root/tools/ghdl_final/bin/ghdl --elab-run c08s10b00x00p03n01i01566ent  --assert-level=error
Test: 1434
/root/tools/ghdl_final/bin/ghdl -a --std=93c vhdl-93/billowitch/compliant/tc1567.vhd
/root/tools/ghdl_final/bin/ghdl --elab-run c08s10b00x00p03n01i01567ent  --assert-level=error
Test: 1435
/root/tools/ghdl_final/bin/ghdl -a --std=93c vhdl-93/billowitch/compliant/tc1568.vhd
/root/tools/ghdl_final/bin/ghdl --elab-run c08s10b00x00p03n01i01568ent  --assert-level=error
Test: 1436
/root/tools/ghdl_final/bin/ghdl -a --std=93c vhdl-93/billowitch/compliant/tc1569.vhd
/root/tools/ghdl_final/bin/ghdl --elab-run c08s10b00x00p03n01i01569ent  --assert-level=error
Test: 1437
/root/tools/ghdl_final/bin/ghdl -a --std=93c vhdl-93/billowitch/compliant/tc1570.vhd
/root/tools/ghdl_final/bin/ghdl --elab-run c08s10b00x00p03n01i01570ent  --assert-level=error
Test: 1438
/root/tools/ghdl_final/bin/ghdl -a --std=93c vhdl-93/billowitch/compliant/tc1571.vhd
/root/tools/ghdl_final/bin/ghdl --elab-run c08s10b00x00p03n01i01571ent  --assert-level=error
Test: 1439
/root/tools/ghdl_final/bin/ghdl -a --std=93c vhdl-93/billowitch/compliant/tc1572.vhd
/root/tools/ghdl_final/bin/ghdl --elab-run c08s10b00x00p03n01i01572ent  --assert-level=error
Test: 1440
/root/tools/ghdl_final/bin/ghdl -a --std=93c vhdl-93/billowitch/compliant/tc1573.vhd
/root/tools/ghdl_final/bin/ghdl --elab-run c08s10b00x00p04n01i01573ent  --assert-level=error
delete library: work
/root/tools/ghdl_final/bin/ghdl --remove --std=93c --work=work
Test: 1441
/root/tools/ghdl_final/bin/ghdl -a --std=93c vhdl-93/billowitch/compliant/tc1574.vhd
/root/tools/ghdl_final/bin/ghdl --elab-run c08s10b00x00p04n01i01574ent  --assert-level=error
Test: 1442
/root/tools/ghdl_final/bin/ghdl -a --std=93c vhdl-93/billowitch/compliant/tc1576.vhd
/root/tools/ghdl_final/bin/ghdl --elab-run c08s10b00x00p04n01i01576ent  --assert-level=error
Test: 1443
/root/tools/ghdl_final/bin/ghdl -a --std=93c vhdl-93/billowitch/compliant/tc1581.vhd
/root/tools/ghdl_final/bin/ghdl --elab-run c08s11b00x00p02n01i01581ent  --assert-level=error
Test: 1444
/root/tools/ghdl_final/bin/ghdl -a --std=93c vhdl-93/billowitch/compliant/tc1582.vhd
/root/tools/ghdl_final/bin/ghdl --elab-run c08s11b00x00p02n01i01582ent  --assert-level=error
Test: 1445
/root/tools/ghdl_final/bin/ghdl -a --std=93c vhdl-93/billowitch/compliant/tc1583.vhd
/root/tools/ghdl_final/bin/ghdl --elab-run c08s11b00x00p02n01i01583ent  --assert-level=error
Test: 1446
/root/tools/ghdl_final/bin/ghdl -a --std=93c vhdl-93/billowitch/compliant/tc1585.vhd
/root/tools/ghdl_final/bin/ghdl --elab-run c08s11b00x00p02n01i01585ent  --assert-level=error
Test: 1447
/root/tools/ghdl_final/bin/ghdl -a --std=93c vhdl-93/billowitch/compliant/tc1587.vhd
/root/tools/ghdl_final/bin/ghdl --elab-run c08s11b00x00p03n01i01587ent  --assert-level=error
Test: 1448
/root/tools/ghdl_final/bin/ghdl -a --std=93c vhdl-93/billowitch/compliant/tc1589.vhd
/root/tools/ghdl_final/bin/ghdl --elab-run c08s11b00x00p03n01i01589ent  --assert-level=error
Test: 1449
/root/tools/ghdl_final/bin/ghdl -a --std=93c vhdl-93/billowitch/compliant/tc1594.vhd
/root/tools/ghdl_final/bin/ghdl --elab-run c08s11b00x00p03n01i01594ent  --assert-level=error
Test: 1450
/root/tools/ghdl_final/bin/ghdl -a --std=93c vhdl-93/billowitch/compliant/tc1596.vhd
/root/tools/ghdl_final/bin/ghdl --elab-run c08s11b00x00p03n01i01596ent  --assert-level=error
Test: 1451
/root/tools/ghdl_final/bin/ghdl -a --std=93c vhdl-93/billowitch/compliant/tc1597.vhd
/root/tools/ghdl_final/bin/ghdl --elab-run c08s11b00x00p03n01i01597ent  --assert-level=error
Test: 1452
/root/tools/ghdl_final/bin/ghdl -a --std=93c vhdl-93/billowitch/compliant/tc1598.vhd
/root/tools/ghdl_final/bin/ghdl --elab-run c08s11b00x00p03n01i01598ent  --assert-level=error
Test: 1453
/root/tools/ghdl_final/bin/ghdl -a --std=93c vhdl-93/billowitch/compliant/tc1599.vhd
/root/tools/ghdl_final/bin/ghdl --elab-run c08s11b00x00p03n01i01599ent  --assert-level=error
Test: 1454
/root/tools/ghdl_final/bin/ghdl -a --std=93c vhdl-93/billowitch/compliant/tc16.vhd
/root/tools/ghdl_final/bin/ghdl --elab-run c04s02b00x00p06n03i00016ent  --assert-level=error
Test: 1455
/root/tools/ghdl_final/bin/ghdl -a --std=93c vhdl-93/billowitch/compliant/tc1600.vhd
/root/tools/ghdl_final/bin/ghdl --elab-run c08s11b00x00p03n01i01600ent  --assert-level=error
Test: 1456
/root/tools/ghdl_final/bin/ghdl -a --std=93c vhdl-93/billowitch/compliant/tc1601.vhd
/root/tools/ghdl_final/bin/ghdl --elab-run c08s11b00x00p03n01i01601ent  --assert-level=error
delete library: work
/root/tools/ghdl_final/bin/ghdl --remove --std=93c --work=work
Test: 1457
/root/tools/ghdl_final/bin/ghdl -a --std=93c vhdl-93/billowitch/compliant/tc1603.vhd
/root/tools/ghdl_final/bin/ghdl --elab-run c08s11b00x00p04n01i01603ent  --assert-level=error
Test: 1458
/root/tools/ghdl_final/bin/ghdl -a --std=93c vhdl-93/billowitch/compliant/tc1606.vhd
/root/tools/ghdl_final/bin/ghdl --elab-run c08s11b00x00p04n01i01606ent  --assert-level=error
Test: 1459
/root/tools/ghdl_final/bin/ghdl -a --std=93c vhdl-93/billowitch/compliant/tc1607.vhd
/root/tools/ghdl_final/bin/ghdl --elab-run c08s11b00x00p04n01i01607ent  --assert-level=error
Test: 1460
/root/tools/ghdl_final/bin/ghdl -a --std=93c vhdl-93/billowitch/compliant/tc1608.vhd
/root/tools/ghdl_final/bin/ghdl --elab-run c08s11b00x00p04n01i01608ent  --assert-level=error
Test: 1461
/root/tools/ghdl_final/bin/ghdl -a --std=93c vhdl-93/billowitch/compliant/tc1613.vhd
/root/tools/ghdl_final/bin/ghdl --elab-run c08s12b00x00p01n01i01613ent  --assert-level=error
Test: 1462
/root/tools/ghdl_final/bin/ghdl -a --std=93c vhdl-93/billowitch/compliant/tc1614.vhd
/root/tools/ghdl_final/bin/ghdl --elab-run c08s12b00x00p01n01i01614ent  --assert-level=error
Test: 1463
/root/tools/ghdl_final/bin/ghdl -a --std=93c vhdl-93/billowitch/compliant/tc1617.vhd
/root/tools/ghdl_final/bin/ghdl --elab-run c08s12b00x00p03n01i01617ent  --assert-level=error
Test: 1464
/root/tools/ghdl_final/bin/ghdl -a --std=93c vhdl-93/billowitch/compliant/tc1619.vhd
/root/tools/ghdl_final/bin/ghdl --elab-run c08s12b00x00p03n01i01619ent  --assert-level=error
Test: 1465
/root/tools/ghdl_final/bin/ghdl -a --std=93c vhdl-93/billowitch/compliant/tc1630.vhd
/root/tools/ghdl_final/bin/ghdl --elab-run c08s12b00x00p04n01i01630ent  --assert-level=error
Test: 1466
/root/tools/ghdl_final/bin/ghdl -a --std=93c vhdl-93/billowitch/compliant/tc1633.vhd
/root/tools/ghdl_final/bin/ghdl --elab-run c08s12b00x00p05n01i01633ent  --assert-level=error
Test: 1467
/root/tools/ghdl_final/bin/ghdl -a --std=93c vhdl-93/billowitch/compliant/tc1634.vhd
/root/tools/ghdl_final/bin/ghdl --elab-run c08s12b00x00p05n01i01634ent  --assert-level=error
Test: 1468
/root/tools/ghdl_final/bin/ghdl -a --std=93c vhdl-93/billowitch/compliant/tc1635.vhd
/root/tools/ghdl_final/bin/ghdl --elab-run c08s12b00x00p05n01i01635ent  --assert-level=error
Test: 1469
/root/tools/ghdl_final/bin/ghdl -a --std=93c vhdl-93/billowitch/compliant/tc1636.vhd
/root/tools/ghdl_final/bin/ghdl --elab-run c08s12b00x00p05n01i01636ent  --assert-level=error
Test: 1470
/root/tools/ghdl_final/bin/ghdl -a --std=93c vhdl-93/billowitch/compliant/tc1637.vhd
/root/tools/ghdl_final/bin/ghdl --elab-run c08s12b00x00p05n01i01637ent  --assert-level=error
Test: 1471
/root/tools/ghdl_final/bin/ghdl -a --std=93c vhdl-93/billowitch/compliant/tc1639.vhd
/root/tools/ghdl_final/bin/ghdl --elab-run c08s12b00x00p06n01i01639ent  --assert-level=error
Test: 1472
/root/tools/ghdl_final/bin/ghdl -a --std=93c vhdl-93/billowitch/compliant/tc1641.vhd
/root/tools/ghdl_final/bin/ghdl --elab-run c08s12b00x00p06n01i01641ent  --assert-level=error
delete library: work
/root/tools/ghdl_final/bin/ghdl --remove --std=93c --work=work
Test: 1473
/root/tools/ghdl_final/bin/ghdl -a --std=93c vhdl-93/billowitch/compliant/tc1642.vhd
/root/tools/ghdl_final/bin/ghdl --elab-run c08s12b00x00p06n01i01642ent  --assert-level=error
Test: 1474
/root/tools/ghdl_final/bin/ghdl -a --std=93c vhdl-93/billowitch/compliant/tc1643.vhd
/root/tools/ghdl_final/bin/ghdl --elab-run c08s12b00x00p08n01i01643ent  --assert-level=error
Test: 1475
/root/tools/ghdl_final/bin/ghdl -a --std=93c vhdl-93/billowitch/compliant/tc1644.vhd
/root/tools/ghdl_final/bin/ghdl --elab-run c08s13b00x00p02n01i01644ent  --assert-level=error
Test: 1476
/root/tools/ghdl_final/bin/ghdl -a --std=93c vhdl-93/billowitch/compliant/tc1646.vhd
/root/tools/ghdl_final/bin/ghdl --elab-run c08s13b00x00p03n01i01646ent  --assert-level=error
Test: 1477
/root/tools/ghdl_final/bin/ghdl -a --std=93c vhdl-93/billowitch/compliant/tc1647.vhd
/root/tools/ghdl_final/bin/ghdl --elab-run c08s13b00x00p03n01i01647ent  --assert-level=error
Test: 1478
/root/tools/ghdl_final/bin/ghdl -a --std=93c vhdl-93/billowitch/compliant/tc1648.vhd
/root/tools/ghdl_final/bin/ghdl --elab-run c08s13b00x00p03n01i01648ent  --assert-level=error
Test: 1479
/root/tools/ghdl_final/bin/ghdl -a --std=93c vhdl-93/billowitch/compliant/tc1649.vhd
/root/tools/ghdl_final/bin/ghdl --elab-run c08s13b00x00p03n01i01649ent  --assert-level=error
Test: 1480
/root/tools/ghdl_final/bin/ghdl -a --std=93c vhdl-93/billowitch/compliant/tc1650.vhd
/root/tools/ghdl_final/bin/ghdl --elab-run c08s13b00x00p03n01i01650ent  --assert-level=error
Test: 1481
/root/tools/ghdl_final/bin/ghdl -a --std=93c vhdl-93/billowitch/compliant/tc1651.vhd
/root/tools/ghdl_final/bin/ghdl --elab-run c08s13b00x00p03n01i01651ent  --assert-level=error
Test: 1482
/root/tools/ghdl_final/bin/ghdl -a --std=93c vhdl-93/billowitch/compliant/tc1653.vhd
Cannot elaborate or run : no top level entity
Test: 1483
/root/tools/ghdl_final/bin/ghdl -a --std=93c vhdl-93/billowitch/compliant/tc1654.vhd
/root/tools/ghdl_final/bin/ghdl --elab-run c09s00b00x00p04n01i01654ent  --assert-level=error
Test: 1484
/root/tools/ghdl_final/bin/ghdl -a --std=93c vhdl-93/billowitch/compliant/tc1655.vhd
Cannot elaborate or run : no top level entity
Test: 1485
/root/tools/ghdl_final/bin/ghdl -a --std=93c vhdl-93/billowitch/compliant/tc1658.vhd
Cannot elaborate or run : no top level entity
Test: 1486
/root/tools/ghdl_final/bin/ghdl -a --std=93c vhdl-93/billowitch/compliant/tc1659.vhd
/root/tools/ghdl_final/bin/ghdl --elab-run c09s01b00x00p02n01i01659ent  --assert-level=error
Test: 1487
/root/tools/ghdl_final/bin/ghdl -a --std=93c vhdl-93/billowitch/compliant/tc1662.vhd
Cannot elaborate or run : no top level entity
Test: 1488
/root/tools/ghdl_final/bin/ghdl -a --std=93c vhdl-93/billowitch/compliant/tc1665.vhd
Cannot elaborate or run : no top level entity
delete library: work
/root/tools/ghdl_final/bin/ghdl --remove --std=93c --work=work
Test: 1489
/root/tools/ghdl_final/bin/ghdl -a --std=93c vhdl-93/billowitch/compliant/tc1677.vhd
/root/tools/ghdl_final/bin/ghdl --elab-run c09s01b00x00p08n01i01677ent  --assert-level=error
Test: 1490
/root/tools/ghdl_final/bin/ghdl -a --std=93c vhdl-93/billowitch/compliant/tc1678.vhd
/root/tools/ghdl_final/bin/ghdl --elab-run c09s01b00x00p08n01i01678ent  --assert-level=error
Test: 1491
/root/tools/ghdl_final/bin/ghdl -a --std=93c vhdl-93/billowitch/compliant/tc1679.vhd
/root/tools/ghdl_final/bin/ghdl --elab-run c09s01b00x00p08n01i01679ent  --assert-level=error
Test: 1492
/root/tools/ghdl_final/bin/ghdl -a --std=93c vhdl-93/billowitch/compliant/tc1681.vhd
/root/tools/ghdl_final/bin/ghdl --elab-run c09s01b00x00p09n01i01681ent  --assert-level=error
Test: 1493
/root/tools/ghdl_final/bin/ghdl -a --std=93c vhdl-93/billowitch/compliant/tc1684.vhd
/root/tools/ghdl_final/bin/ghdl --elab-run c09s02b00x00p02n01i01684ent  --assert-level=error
Test: 1494
/root/tools/ghdl_final/bin/ghdl -a --std=93c vhdl-93/billowitch/compliant/tc1690.vhd
/root/tools/ghdl_final/bin/ghdl --elab-run c09s02b00x00p03n01i01690ent  --assert-level=error
Test: 1495
/root/tools/ghdl_final/bin/ghdl -a --std=93c vhdl-93/billowitch/compliant/tc1691.vhd
Cannot elaborate or run : no top level entity
Test: 1496
/root/tools/ghdl_final/bin/ghdl -a --std=93c vhdl-93/billowitch/compliant/tc1698.vhd
/root/tools/ghdl_final/bin/ghdl --elab-run c09s02b00x00p05n01i01698ent  --assert-level=error
Test: 1497
/root/tools/ghdl_final/bin/ghdl -a --std=93c vhdl-93/billowitch/compliant/tc1703.vhd
/root/tools/ghdl_final/bin/ghdl --elab-run c09s02b00x00p05n01i01703ent  --assert-level=error
Test: 1498
/root/tools/ghdl_final/bin/ghdl -a --std=93c vhdl-93/billowitch/compliant/tc1704.vhd
/root/tools/ghdl_final/bin/ghdl --elab-run c09s02b00x00p07n01i01704ent  --assert-level=error
Test: 1499
/root/tools/ghdl_final/bin/ghdl -a --std=93c vhdl-93/billowitch/compliant/tc1705.vhd
/root/tools/ghdl_final/bin/ghdl --elab-run c09s02b00x00p07n01i01705ent  --assert-level=error
Test: 1500
/root/tools/ghdl_final/bin/ghdl -a --std=93c vhdl-93/billowitch/compliant/tc1709.vhd
/root/tools/ghdl_final/bin/ghdl --elab-run c09s02b00x00p10n01i01709ent  --assert-level=error
Test: 1501
/root/tools/ghdl_final/bin/ghdl -a --std=93c vhdl-93/billowitch/compliant/tc1711.vhd
/root/tools/ghdl_final/bin/ghdl --elab-run c09s02b00x00p10n01i01711ent  --assert-level=error
Test: 1502
/root/tools/ghdl_final/bin/ghdl -a --std=93c vhdl-93/billowitch/compliant/tc1717.vhd
/root/tools/ghdl_final/bin/ghdl --elab-run c09s02b00x00p13n01i01717ent  --assert-level=error
Test: 1503
/root/tools/ghdl_final/bin/ghdl -a --std=93c vhdl-93/billowitch/compliant/tc1718.vhd
/root/tools/ghdl_final/bin/ghdl --elab-run c09s02b00x00p14n01i01718ent  --assert-level=error
Test: 1504
/root/tools/ghdl_final/bin/ghdl -a --std=93c vhdl-93/billowitch/compliant/tc1719.vhd
/root/tools/ghdl_final/bin/ghdl --elab-run c09s02b00x00p16n02i01719ent  --assert-level=error
delete library: work
/root/tools/ghdl_final/bin/ghdl --remove --std=93c --work=work
Test: 1505
/root/tools/ghdl_final/bin/ghdl -a --std=93c vhdl-93/billowitch/compliant/tc1720.vhd
/root/tools/ghdl_final/bin/ghdl --elab-run c12s06b01x00p01n02i01720ent  --assert-level=error
Test: 1506
/root/tools/ghdl_final/bin/ghdl -a --std=93c vhdl-93/billowitch/compliant/tc1721.vhd
/root/tools/ghdl_final/bin/ghdl --elab-run c12s06b01x00p01n02i01721ent  --assert-level=error
Test: 1507
/root/tools/ghdl_final/bin/ghdl -a --std=93c vhdl-93/billowitch/compliant/tc1723.vhd
/root/tools/ghdl_final/bin/ghdl --elab-run c12s06b01x00p03n01i01723ent  --assert-level=error
Test: 1508
/root/tools/ghdl_final/bin/ghdl -a --std=93c vhdl-93/billowitch/compliant/tc1724.vhd
/root/tools/ghdl_final/bin/ghdl --elab-run c12s06b01x00p03n02i01724ent  --assert-level=error
Test: 1509
/root/tools/ghdl_final/bin/ghdl -a --std=93c vhdl-93/billowitch/compliant/tc1727.vhd
/root/tools/ghdl_final/bin/ghdl --elab-run c12s06b01x00p04n03i01727ent  --assert-level=error
Test: 1510
/root/tools/ghdl_final/bin/ghdl -a --std=93c vhdl-93/billowitch/compliant/tc1728.vhd
/root/tools/ghdl_final/bin/ghdl --elab-run c09s03b00x00p02n01i01728ent  --assert-level=error
Test: 1511
/root/tools/ghdl_final/bin/ghdl -a --std=93c vhdl-93/billowitch/compliant/tc1729.vhd
/root/tools/ghdl_final/bin/ghdl --elab-run c09s03b00x00p02n01i01729ent  --assert-level=error
Test: 1512
/root/tools/ghdl_final/bin/ghdl -a --std=93c vhdl-93/billowitch/compliant/tc1732.vhd
/root/tools/ghdl_final/bin/ghdl --elab-run c09s03b00x00p14n01i01732ent  --assert-level=error
Test: 1513
/root/tools/ghdl_final/bin/ghdl -a --std=93c vhdl-93/billowitch/compliant/tc1733.vhd
/root/tools/ghdl_final/bin/ghdl --elab-run c09s03b00x00p14n01i01733ent  --assert-level=error
Test: 1514
/root/tools/ghdl_final/bin/ghdl -a --std=93c vhdl-93/billowitch/compliant/tc1734.vhd
/root/tools/ghdl_final/bin/ghdl --elab-run c09s04b00x00p02n01i01734ent  --assert-level=error
Test: 1515
/root/tools/ghdl_final/bin/ghdl -a --std=93c vhdl-93/billowitch/compliant/tc1735.vhd
/root/tools/ghdl_final/bin/ghdl --elab-run c09s04b00x00p06n01i01735ent  --assert-level=error
Test: 1516
/root/tools/ghdl_final/bin/ghdl -a --std=93c vhdl-93/billowitch/compliant/tc1736.vhd
/root/tools/ghdl_final/bin/ghdl --elab-run c09s04b00x00p08n01i01736ent  --assert-level=error
Test: 1517
/root/tools/ghdl_final/bin/ghdl -a --std=93c vhdl-93/billowitch/compliant/tc1739.vhd
/root/tools/ghdl_final/bin/ghdl --elab-run c09s04b00x00p10n01i01739ent  --assert-level=error
Test: 1518
/root/tools/ghdl_final/bin/ghdl -a --std=93c vhdl-93/billowitch/compliant/tc1744.vhd
Cannot elaborate or run : no top level entity
Test: 1519
/root/tools/ghdl_final/bin/ghdl -a --std=93c vhdl-93/billowitch/compliant/tc1745.vhd
/root/tools/ghdl_final/bin/ghdl --elab-run c09s05b00x00p05n03i01745ent  --assert-level=error
Test: 1520
/root/tools/ghdl_final/bin/ghdl -a --std=93c vhdl-93/billowitch/compliant/tc1747.vhd
/root/tools/ghdl_final/bin/ghdl --elab-run c09s05b00x00p12n02i01747ent  --assert-level=error
delete library: work
/root/tools/ghdl_final/bin/ghdl --remove --std=93c --work=work
Test: 1521
/root/tools/ghdl_final/bin/ghdl -a --std=93c vhdl-93/billowitch/compliant/tc1748.vhd
/root/tools/ghdl_final/bin/ghdl --elab-run c09s05b00x00p16n01i01748ent  --assert-level=error
Test: 1522
/root/tools/ghdl_final/bin/ghdl -a --std=93c vhdl-93/billowitch/compliant/tc1753.vhd
/root/tools/ghdl_final/bin/ghdl --elab-run c09s05b00x00p25n01i01753ent  --assert-level=error
Test: 1523
/root/tools/ghdl_final/bin/ghdl -a --std=93c vhdl-93/billowitch/compliant/tc1756.vhd
/root/tools/ghdl_final/bin/ghdl --elab-run c09s05b01x00p01n01i01756ent  --assert-level=error
Test: 1524
/root/tools/ghdl_final/bin/ghdl -a --std=93c vhdl-93/billowitch/compliant/tc1757.vhd
/root/tools/ghdl_final/bin/ghdl --elab-run c09s05b01x00p01n01i01757ent  --assert-level=error
Test: 1525
/root/tools/ghdl_final/bin/ghdl -a --std=93c vhdl-93/billowitch/compliant/tc1761.vhd
/root/tools/ghdl_final/bin/ghdl --elab-run c09s05b01x00p21n01i01761ent  --assert-level=error
Test: 1526
/root/tools/ghdl_final/bin/ghdl -a --std=93c vhdl-93/billowitch/compliant/tc1762.vhd
/root/tools/ghdl_final/bin/ghdl --elab-run c09s05b02x00p01n01i01762ent  --assert-level=error
Test: 1527
/root/tools/ghdl_final/bin/ghdl -a --std=93c vhdl-93/billowitch/compliant/tc1763.vhd
/root/tools/ghdl_final/bin/ghdl --elab-run c09s05b02x00p01n01i01763ent  --assert-level=error
Test: 1528
/root/tools/ghdl_final/bin/ghdl -a --std=93c vhdl-93/billowitch/compliant/tc1766.vhd
/root/tools/ghdl_final/bin/ghdl --elab-run c09s05b02x00p02n01i01766ent  --assert-level=error
Test: 1529
/root/tools/ghdl_final/bin/ghdl -a --std=93c vhdl-93/billowitch/compliant/tc1775.vhd
/root/tools/ghdl_final/bin/ghdl --elab-run c09s05b02x00p11n01i01775ent  --assert-level=error
Test: 1530
/root/tools/ghdl_final/bin/ghdl -a --std=93c vhdl-93/billowitch/compliant/tc1776.vhd
/root/tools/ghdl_final/bin/ghdl --elab-run c09s05b02x00p11n01i01776ent  --assert-level=error
Test: 1531
/root/tools/ghdl_final/bin/ghdl -a --std=93c vhdl-93/billowitch/compliant/tc1781.vhd
/root/tools/ghdl_final/bin/ghdl --elab-run c09s06b00x00p04n05i01781ent  --assert-level=error
Test: 1532
/root/tools/ghdl_final/bin/ghdl -a --std=93c vhdl-93/billowitch/compliant/tc1782.vhd
/root/tools/ghdl_final/bin/ghdl --elab-run c09s06b00x00p04n05i01782ent  --assert-level=error
Test: 1533
/root/tools/ghdl_final/bin/ghdl -a --std=93c vhdl-93/billowitch/compliant/tc1785.vhd
/root/tools/ghdl_final/bin/ghdl --elab-run c09s06b00x00p04n07i01785ent  --assert-level=error
Test: 1534
/root/tools/ghdl_final/bin/ghdl -a --std=93c vhdl-93/billowitch/compliant/tc1787.vhd
/root/tools/ghdl_final/bin/ghdl --elab-run c09s06b00x00p04n05i01787ent  --assert-level=error
Test: 1535
/root/tools/ghdl_final/bin/ghdl -a --std=93c vhdl-93/billowitch/compliant/tc1792.vhd
/root/tools/ghdl_final/bin/ghdl --elab-run c09s07b00x00p05n01i01792ent  --assert-level=error
Test: 1536
/root/tools/ghdl_final/bin/ghdl -a --std=93c vhdl-93/billowitch/compliant/tc1793.vhd
/root/tools/ghdl_final/bin/ghdl --elab-run c09s07b00x00p06n02i01793ent  --assert-level=error
delete library: work
/root/tools/ghdl_final/bin/ghdl --remove --std=93c --work=work
Test: 1537
/root/tools/ghdl_final/bin/ghdl -a --std=93c vhdl-93/billowitch/compliant/tc1798.vhd
/root/tools/ghdl_final/bin/ghdl --elab-run c07s01b00x00p02n01i01798ent  --assert-level=error
Test: 1538
/root/tools/ghdl_final/bin/ghdl -a --std=93c vhdl-93/billowitch/compliant/tc1803.vhd
/root/tools/ghdl_final/bin/ghdl --elab-run c07s01b00x00p05n01i01803ent  --assert-level=error
Test: 1539
/root/tools/ghdl_final/bin/ghdl -a --std=93c vhdl-93/billowitch/compliant/tc1804.vhd
/root/tools/ghdl_final/bin/ghdl --elab-run c07s01b00x00p06n01i01804ent  --assert-level=error
Test: 1540
/root/tools/ghdl_final/bin/ghdl -a --std=93c vhdl-93/billowitch/compliant/tc1807.vhd
/root/tools/ghdl_final/bin/ghdl --elab-run c07s01b00x00p07n01i01807ent  --assert-level=error
Test: 1541
/root/tools/ghdl_final/bin/ghdl -a --std=93c vhdl-93/billowitch/compliant/tc1808.vhd
/root/tools/ghdl_final/bin/ghdl --elab-run c07s01b00x00p07n01i01808ent  --assert-level=error
Test: 1542
/root/tools/ghdl_final/bin/ghdl -a --std=93c vhdl-93/billowitch/compliant/tc1809.vhd
/root/tools/ghdl_final/bin/ghdl --elab-run c07s01b00x00p07n01i01809ent  --assert-level=error
Test: 1543
/root/tools/ghdl_final/bin/ghdl -a --std=93c vhdl-93/billowitch/compliant/tc1810.vhd
/root/tools/ghdl_final/bin/ghdl --elab-run c07s01b00x00p08n01i01810ent  --assert-level=error
Test: 1544
/root/tools/ghdl_final/bin/ghdl -a --std=93c vhdl-93/billowitch/compliant/tc1813.vhd
/root/tools/ghdl_final/bin/ghdl --elab-run c07s01b00x00p08n01i01813ent  --assert-level=error
Test: 1545
/root/tools/ghdl_final/bin/ghdl -a --std=93c vhdl-93/billowitch/compliant/tc1906.vhd
/root/tools/ghdl_final/bin/ghdl --elab-run c07s01b00x00p10n01i01906ent  --assert-level=error
Test: 1546
/root/tools/ghdl_final/bin/ghdl -a --std=93c vhdl-93/billowitch/compliant/tc1907.vhd
/root/tools/ghdl_final/bin/ghdl --elab-run c07s01b00x00p11n01i01907ent  --assert-level=error
Test: 1547
/root/tools/ghdl_final/bin/ghdl -a --std=93c vhdl-93/billowitch/compliant/tc1908.vhd
/root/tools/ghdl_final/bin/ghdl --elab-run c07s02b00x00p09n01i01908ent  --assert-level=error
Test: 1548
/root/tools/ghdl_final/bin/ghdl -a --std=93c vhdl-93/billowitch/compliant/tc1909.vhd
/root/tools/ghdl_final/bin/ghdl --elab-run c07s02b00x00p09n03i01909ent  --assert-level=error
Test: 1549
/root/tools/ghdl_final/bin/ghdl -a --std=93c vhdl-93/billowitch/compliant/tc1910.vhd
/root/tools/ghdl_final/bin/ghdl --elab-run c07s02b00x00p09n01i01910ent  --assert-level=error
Test: 1550
/root/tools/ghdl_final/bin/ghdl -a --std=93c vhdl-93/billowitch/compliant/tc1911.vhd
/root/tools/ghdl_final/bin/ghdl --elab-run c07s02b00x00p09n02i01911ent  --assert-level=error
Test: 1551
/root/tools/ghdl_final/bin/ghdl -a --std=93c vhdl-93/billowitch/compliant/tc1912.vhd
/root/tools/ghdl_final/bin/ghdl --elab-run c07s02b00x00p09n03i01912ent  --assert-level=error
Test: 1552
/root/tools/ghdl_final/bin/ghdl -a --std=93c vhdl-93/billowitch/compliant/tc1914.vhd
/root/tools/ghdl_final/bin/ghdl --elab-run c07s02b01x00p01n01i01914ent  --assert-level=error
delete library: work
/root/tools/ghdl_final/bin/ghdl --remove --std=93c --work=work
Test: 1553
/root/tools/ghdl_final/bin/ghdl -a --std=93c vhdl-93/billowitch/compliant/tc1915.vhd
/root/tools/ghdl_final/bin/ghdl --elab-run c07s02b01x00p01n01i01915ent  --assert-level=error
Test: 1554
/root/tools/ghdl_final/bin/ghdl -a --std=93c vhdl-93/billowitch/compliant/tc1916.vhd
/root/tools/ghdl_final/bin/ghdl --elab-run c07s02b01x00p01n01i01916ent  --assert-level=error
Test: 1555
/root/tools/ghdl_final/bin/ghdl -a --std=93c vhdl-93/billowitch/compliant/tc1917.vhd
/root/tools/ghdl_final/bin/ghdl --elab-run c07s02b01x00p01n01i01917ent  --assert-level=error
Test: 1556
/root/tools/ghdl_final/bin/ghdl -a --std=93c vhdl-93/billowitch/compliant/tc1918.vhd
/root/tools/ghdl_final/bin/ghdl --elab-run c07s02b01x00p01n01i01918ent  --assert-level=error
Test: 1557
/root/tools/ghdl_final/bin/ghdl -a --std=93c vhdl-93/billowitch/compliant/tc1919.vhd
/root/tools/ghdl_final/bin/ghdl --elab-run c07s02b01x00p01n01i01919ent  --assert-level=error
Test: 1558
/root/tools/ghdl_final/bin/ghdl -a --std=93c vhdl-93/billowitch/compliant/tc1920.vhd
/root/tools/ghdl_final/bin/ghdl --elab-run c07s02b01x00p01n01i01920ent  --assert-level=error
Test: 1559
/root/tools/ghdl_final/bin/ghdl -a --std=93c vhdl-93/billowitch/compliant/tc1921.vhd
/root/tools/ghdl_final/bin/ghdl --elab-run c07s02b01x00p01n01i01921ent  --assert-level=error
Test: 1560
/root/tools/ghdl_final/bin/ghdl -a --std=93c vhdl-93/billowitch/compliant/tc1922.vhd
/root/tools/ghdl_final/bin/ghdl --elab-run c07s02b01x00p01n01i01922ent  --assert-level=error
Test: 1561
/root/tools/ghdl_final/bin/ghdl -a --std=93c vhdl-93/billowitch/compliant/tc1923.vhd
/root/tools/ghdl_final/bin/ghdl --elab-run c07s02b01x00p01n01i01923ent  --assert-level=error
Test: 1562
/root/tools/ghdl_final/bin/ghdl -a --std=93c vhdl-93/billowitch/compliant/tc1924.vhd
/root/tools/ghdl_final/bin/ghdl --elab-run c07s02b01x00p01n01i01924ent  --assert-level=error
Test: 1563
/root/tools/ghdl_final/bin/ghdl -a --std=93c vhdl-93/billowitch/compliant/tc1925.vhd
/root/tools/ghdl_final/bin/ghdl --elab-run c07s02b01x00p01n01i01925ent  --assert-level=error
Test: 1564
/root/tools/ghdl_final/bin/ghdl -a --std=93c vhdl-93/billowitch/compliant/tc1931.vhd
/root/tools/ghdl_final/bin/ghdl --elab-run c07s02b01x00p01n02i01931ent  --assert-level=error
Test: 1565
/root/tools/ghdl_final/bin/ghdl -a --std=93c vhdl-93/billowitch/compliant/tc1932.vhd
/root/tools/ghdl_final/bin/ghdl --elab-run c07s02b01x00p01n02i01932ent  --assert-level=error
Test: 1566
/root/tools/ghdl_final/bin/ghdl -a --std=93c vhdl-93/billowitch/compliant/tc1942.vhd
/root/tools/ghdl_final/bin/ghdl --elab-run c07s02b01x00p01n02i01942ent  --assert-level=error
Test: 1567
/root/tools/ghdl_final/bin/ghdl -a --std=93c vhdl-93/billowitch/compliant/tc1944.vhd
/root/tools/ghdl_final/bin/ghdl --elab-run c07s02b01x00p01n04i01944ent  --assert-level=error
Test: 1568
/root/tools/ghdl_final/bin/ghdl -a --std=93c vhdl-93/billowitch/compliant/tc1945.vhd
/root/tools/ghdl_final/bin/ghdl --elab-run c07s02b01x00p01n02i01945ent  --assert-level=error
delete library: work
/root/tools/ghdl_final/bin/ghdl --remove --std=93c --work=work
Test: 1569
/root/tools/ghdl_final/bin/ghdl -a --std=93c vhdl-93/billowitch/compliant/tc1946.vhd
/root/tools/ghdl_final/bin/ghdl --elab-run c07s02b01x00p01n02i01946ent  --assert-level=error
Test: 1570
/root/tools/ghdl_final/bin/ghdl -a --std=93c vhdl-93/billowitch/compliant/tc1947.vhd
/root/tools/ghdl_final/bin/ghdl --elab-run c07s02b01x00p01n02i01947ent  --assert-level=error
Test: 1571
/root/tools/ghdl_final/bin/ghdl -a --std=93c vhdl-93/billowitch/compliant/tc1948.vhd
/root/tools/ghdl_final/bin/ghdl --elab-run c07s02b01x00p01n02i01948ent  --assert-level=error
Test: 1572
/root/tools/ghdl_final/bin/ghdl -a --std=93c vhdl-93/billowitch/compliant/tc1949.vhd
/root/tools/ghdl_final/bin/ghdl --elab-run c07s02b01x00p01n02i01949ent  --assert-level=error
Test: 1573
/root/tools/ghdl_final/bin/ghdl -a --std=93c vhdl-93/billowitch/compliant/tc1950.vhd
/root/tools/ghdl_final/bin/ghdl --elab-run c07s02b01x00p01n02i01950ent  --assert-level=error
Test: 1574
/root/tools/ghdl_final/bin/ghdl -a --std=93c vhdl-93/billowitch/compliant/tc1952.vhd
/root/tools/ghdl_final/bin/ghdl --elab-run c07s02b01x00p02n02i01952ent  --assert-level=error
Test: 1575
/root/tools/ghdl_final/bin/ghdl -a --std=93c vhdl-93/billowitch/compliant/tc1953.vhd
/root/tools/ghdl_final/bin/ghdl --elab-run c07s02b01x00p02n02i01953ent  --assert-level=error
Test: 1576
/root/tools/ghdl_final/bin/ghdl -a --std=93c vhdl-93/billowitch/compliant/tc1954.vhd
/root/tools/ghdl_final/bin/ghdl --elab-run c07s02b01x00p02n02i01954ent  --assert-level=error
Test: 1577
/root/tools/ghdl_final/bin/ghdl -a --std=93c vhdl-93/billowitch/compliant/tc1955.vhd
/root/tools/ghdl_final/bin/ghdl --elab-run c07s02b01x00p02n02i01955ent  --assert-level=error
Test: 1578
/root/tools/ghdl_final/bin/ghdl -a --std=93c vhdl-93/billowitch/compliant/tc1956.vhd
/root/tools/ghdl_final/bin/ghdl --elab-run c07s02b01x00p02n02i01956ent  --assert-level=error
Test: 1579
/root/tools/ghdl_final/bin/ghdl -a --std=93c vhdl-93/billowitch/compliant/tc1957.vhd
/root/tools/ghdl_final/bin/ghdl --elab-run c07s02b01x00p02n02i01957ent  --assert-level=error
Test: 1580
/root/tools/ghdl_final/bin/ghdl -a --std=93c vhdl-93/billowitch/compliant/tc1958.vhd
/root/tools/ghdl_final/bin/ghdl --elab-run c07s02b01x00p02n02i01958ent  --assert-level=error
Test: 1581
/root/tools/ghdl_final/bin/ghdl -a --std=93c vhdl-93/billowitch/compliant/tc1959.vhd
/root/tools/ghdl_final/bin/ghdl --elab-run c07s02b01x00p02n02i01959ent  --assert-level=error
Test: 1582
/root/tools/ghdl_final/bin/ghdl -a --std=93c vhdl-93/billowitch/compliant/tc1960.vhd
/root/tools/ghdl_final/bin/ghdl --elab-run c07s02b01x00p02n02i01960ent  --assert-level=error
Test: 1583
/root/tools/ghdl_final/bin/ghdl -a --std=93c vhdl-93/billowitch/compliant/tc1961.vhd
/root/tools/ghdl_final/bin/ghdl --elab-run c07s02b01x00p02n02i01961ent  --assert-level=error
Test: 1584
/root/tools/ghdl_final/bin/ghdl -a --std=93c vhdl-93/billowitch/compliant/tc1962.vhd
/root/tools/ghdl_final/bin/ghdl --elab-run c07s02b01x00p02n02i01962ent  --assert-level=error
delete library: work
/root/tools/ghdl_final/bin/ghdl --remove --std=93c --work=work
Test: 1585
/root/tools/ghdl_final/bin/ghdl -a --std=93c vhdl-93/billowitch/compliant/tc1963.vhd
/root/tools/ghdl_final/bin/ghdl --elab-run c07s02b01x00p02n02i01963ent  --assert-level=error
Test: 1586
/root/tools/ghdl_final/bin/ghdl -a --std=93c vhdl-93/billowitch/compliant/tc1964.vhd
/root/tools/ghdl_final/bin/ghdl --elab-run c07s02b01x00p02n02i01964ent  --assert-level=error
Test: 1587
/root/tools/ghdl_final/bin/ghdl -a --std=93c vhdl-93/billowitch/compliant/tc1965.vhd
/root/tools/ghdl_final/bin/ghdl --elab-run c07s02b01x00p02n02i01965ent  --assert-level=error
Test: 1588
/root/tools/ghdl_final/bin/ghdl -a --std=93c vhdl-93/billowitch/compliant/tc1966.vhd
/root/tools/ghdl_final/bin/ghdl --elab-run c07s02b01x00p02n02i01966ent  --assert-level=error
Test: 1589
/root/tools/ghdl_final/bin/ghdl -a --std=93c vhdl-93/billowitch/compliant/tc1967.vhd
/root/tools/ghdl_final/bin/ghdl --elab-run c07s02b01x00p02n02i01967ent  --assert-level=error
Test: 1590
/root/tools/ghdl_final/bin/ghdl -a --std=93c vhdl-93/billowitch/compliant/tc1968.vhd
/root/tools/ghdl_final/bin/ghdl --elab-run c07s02b01x00p02n02i01968ent  --assert-level=error
Test: 1591
/root/tools/ghdl_final/bin/ghdl -a --std=93c vhdl-93/billowitch/compliant/tc1969.vhd
/root/tools/ghdl_final/bin/ghdl --elab-run c07s02b01x00p02n02i01969ent  --assert-level=error
Test: 1592
/root/tools/ghdl_final/bin/ghdl -a --std=93c vhdl-93/billowitch/compliant/tc1970.vhd
/root/tools/ghdl_final/bin/ghdl --elab-run c07s02b01x00p02n02i01970ent  --assert-level=error
Test: 1593
/root/tools/ghdl_final/bin/ghdl -a --std=93c vhdl-93/billowitch/compliant/tc1971.vhd
/root/tools/ghdl_final/bin/ghdl --elab-run c07s02b01x00p02n02i01971ent  --assert-level=error
Test: 1594
/root/tools/ghdl_final/bin/ghdl -a --std=93c vhdl-93/billowitch/compliant/tc1972.vhd
/root/tools/ghdl_final/bin/ghdl --elab-run c07s02b01x00p02n02i01972ent  --assert-level=error
Test: 1595
/root/tools/ghdl_final/bin/ghdl -a --std=93c vhdl-93/billowitch/compliant/tc1973.vhd
/root/tools/ghdl_final/bin/ghdl --elab-run c07s02b01x00p02n02i01973ent  --assert-level=error
Test: 1596
/root/tools/ghdl_final/bin/ghdl -a --std=93c vhdl-93/billowitch/compliant/tc1974.vhd
/root/tools/ghdl_final/bin/ghdl --elab-run c07s02b01x00p02n02i01974ent  --assert-level=error
Test: 1597
/root/tools/ghdl_final/bin/ghdl -a --std=93c vhdl-93/billowitch/compliant/tc1975.vhd
/root/tools/ghdl_final/bin/ghdl --elab-run c07s02b01x00p02n02i01975ent  --assert-level=error
Test: 1598
/root/tools/ghdl_final/bin/ghdl -a --std=93c vhdl-93/billowitch/compliant/tc1976.vhd
/root/tools/ghdl_final/bin/ghdl --elab-run c07s02b01x00p03n01i01976ent  --assert-level=error
Test: 1599
/root/tools/ghdl_final/bin/ghdl -a --std=93c vhdl-93/billowitch/compliant/tc1981.vhd
/root/tools/ghdl_final/bin/ghdl --elab-run c07s02b02x00p01n03i01981ent  --assert-level=error
Test: 1600
/root/tools/ghdl_final/bin/ghdl -a --std=93c vhdl-93/billowitch/compliant/tc1982.vhd
/root/tools/ghdl_final/bin/ghdl --elab-run c07s02b02x00p01n03i01982ent  --assert-level=error
delete library: work
/root/tools/ghdl_final/bin/ghdl --remove --std=93c --work=work
Test: 1601
/root/tools/ghdl_final/bin/ghdl -a --std=93c vhdl-93/billowitch/compliant/tc1983.vhd
/root/tools/ghdl_final/bin/ghdl --elab-run c07s02b02x00p02n01i01983ent  --assert-level=error
Test: 1602
/root/tools/ghdl_final/bin/ghdl -a --std=93c vhdl-93/billowitch/compliant/tc1984.vhd
/root/tools/ghdl_final/bin/ghdl --elab-run c07s02b02x00p02n01i01984ent  --assert-level=error
Test: 1603
/root/tools/ghdl_final/bin/ghdl -a --std=93c vhdl-93/billowitch/compliant/tc1985.vhd
/root/tools/ghdl_final/bin/ghdl --elab-run c07s02b02x00p02n01i01985ent  --assert-level=error
Test: 1604
/root/tools/ghdl_final/bin/ghdl -a --std=93c vhdl-93/billowitch/compliant/tc1986.vhd
/root/tools/ghdl_final/bin/ghdl --elab-run c07s02b02x00p02n01i01986ent  --assert-level=error
Test: 1605
/root/tools/ghdl_final/bin/ghdl -a --std=93c vhdl-93/billowitch/compliant/tc1987.vhd
/root/tools/ghdl_final/bin/ghdl --elab-run c07s02b02x00p02n01i01987ent  --assert-level=error
Test: 1606
/root/tools/ghdl_final/bin/ghdl -a --std=93c vhdl-93/billowitch/compliant/tc1988.vhd
/root/tools/ghdl_final/bin/ghdl --elab-run c07s02b02x00p02n01i01988ent  --assert-level=error
Test: 1607
/root/tools/ghdl_final/bin/ghdl -a --std=93c vhdl-93/billowitch/compliant/tc1991.vhd
/root/tools/ghdl_final/bin/ghdl --elab-run c07s02b02x00p07n01i01991ent  --assert-level=error
Test: 1608
/root/tools/ghdl_final/bin/ghdl -a --std=93c vhdl-93/billowitch/compliant/tc1992.vhd
/root/tools/ghdl_final/bin/ghdl --elab-run c07s02b02x00p07n01i01992ent  --assert-level=error
Test: 1609
/root/tools/ghdl_final/bin/ghdl -a --std=93c vhdl-93/billowitch/compliant/tc1993.vhd
/root/tools/ghdl_final/bin/ghdl --elab-run c07s02b02x00p07n01i01993ent  --assert-level=error
Test: 1610
/root/tools/ghdl_final/bin/ghdl -a --std=93c vhdl-93/billowitch/compliant/tc1994.vhd
/root/tools/ghdl_final/bin/ghdl --elab-run c07s02b02x00p07n01i01994ent  --assert-level=error
Test: 1611
/root/tools/ghdl_final/bin/ghdl -a --std=93c vhdl-93/billowitch/compliant/tc1995.vhd
/root/tools/ghdl_final/bin/ghdl --elab-run c07s02b02x00p07n01i01995ent  --assert-level=error
Test: 1612
/root/tools/ghdl_final/bin/ghdl -a --std=93c vhdl-93/billowitch/compliant/tc1996.vhd
/root/tools/ghdl_final/bin/ghdl --elab-run c07s02b02x00p07n02i01996ent  --assert-level=error
Test: 1613
/root/tools/ghdl_final/bin/ghdl -a --std=93c vhdl-93/billowitch/compliant/tc1997.vhd
/root/tools/ghdl_final/bin/ghdl --elab-run c07s02b02x00p07n02i01997ent  --assert-level=error
Test: 1614
/root/tools/ghdl_final/bin/ghdl -a --std=93c vhdl-93/billowitch/compliant/tc1998.vhd
/root/tools/ghdl_final/bin/ghdl --elab-run c07s02b02x00p07n02i01998ent  --assert-level=error
Test: 1615
/root/tools/ghdl_final/bin/ghdl -a --std=93c vhdl-93/billowitch/compliant/tc1999.vhd
/root/tools/ghdl_final/bin/ghdl --elab-run c07s02b02x00p07n02i01999ent  --assert-level=error
Test: 1616
/root/tools/ghdl_final/bin/ghdl -a --std=93c vhdl-93/billowitch/compliant/tc2000.vhd
/root/tools/ghdl_final/bin/ghdl --elab-run c07s02b02x00p07n02i02000ent  --assert-level=error
delete library: work
/root/tools/ghdl_final/bin/ghdl --remove --std=93c --work=work
Test: 1617
/root/tools/ghdl_final/bin/ghdl -a --std=93c vhdl-93/billowitch/compliant/tc2001.vhd
/root/tools/ghdl_final/bin/ghdl --elab-run c07s02b02x00p07n02i02001ent  --assert-level=error
Test: 1618
/root/tools/ghdl_final/bin/ghdl -a --std=93c vhdl-93/billowitch/compliant/tc2004.vhd
/root/tools/ghdl_final/bin/ghdl --elab-run c07s02b02x00p08n02i02004ent  --assert-level=error
Test: 1619
/root/tools/ghdl_final/bin/ghdl -a --std=93c vhdl-93/billowitch/compliant/tc2005.vhd
/root/tools/ghdl_final/bin/ghdl --elab-run c07s02b02x00p08n02i02005ent  --assert-level=error
Test: 1620
/root/tools/ghdl_final/bin/ghdl -a --std=93c vhdl-93/billowitch/compliant/tc2006.vhd
/root/tools/ghdl_final/bin/ghdl --elab-run c07s02b02x00p08n02i02006ent  --assert-level=error
Test: 1621
/root/tools/ghdl_final/bin/ghdl -a --std=93c vhdl-93/billowitch/compliant/tc2007.vhd
/root/tools/ghdl_final/bin/ghdl --elab-run c07s02b02x00p08n03i02007ent  --assert-level=error
Test: 1622
/root/tools/ghdl_final/bin/ghdl -a --std=93c vhdl-93/billowitch/compliant/tc2008.vhd
/root/tools/ghdl_final/bin/ghdl --elab-run c07s02b02x00p08n04i02008ent  --assert-level=error
Test: 1623
/root/tools/ghdl_final/bin/ghdl -a --std=93c vhdl-93/billowitch/compliant/tc2010.vhd
/root/tools/ghdl_final/bin/ghdl --elab-run c07s02b02x00p10n01i02010ent  --assert-level=error
Test: 1624
/root/tools/ghdl_final/bin/ghdl -a --std=93c vhdl-93/billowitch/compliant/tc2011.vhd
/root/tools/ghdl_final/bin/ghdl --elab-run c07s02b02x00p10n01i02011ent  --assert-level=error
Test: 1625
/root/tools/ghdl_final/bin/ghdl -a --std=93c vhdl-93/billowitch/compliant/tc2012.vhd
/root/tools/ghdl_final/bin/ghdl --elab-run c07s02b02x00p10n01i02012ent  --assert-level=error
Test: 1626
/root/tools/ghdl_final/bin/ghdl -a --std=93c vhdl-93/billowitch/compliant/tc2013.vhd
/root/tools/ghdl_final/bin/ghdl --elab-run c07s02b02x00p10n01i02013ent  --assert-level=error
Test: 1627
/root/tools/ghdl_final/bin/ghdl -a --std=93c vhdl-93/billowitch/compliant/tc2014.vhd
/root/tools/ghdl_final/bin/ghdl --elab-run c07s02b02x00p11n02i02014ent  --assert-level=error
Test: 1628
/root/tools/ghdl_final/bin/ghdl -a --std=93c vhdl-93/billowitch/compliant/tc2015.vhd
/root/tools/ghdl_final/bin/ghdl --elab-run c07s02b02x00p11n02i02015ent  --assert-level=error
Test: 1629
/root/tools/ghdl_final/bin/ghdl -a --std=93c vhdl-93/billowitch/compliant/tc2016.vhd
/root/tools/ghdl_final/bin/ghdl --elab-run c07s02b02x00p16n02i02016ent  --assert-level=error
Test: 1630
/root/tools/ghdl_final/bin/ghdl -a --std=93c vhdl-93/billowitch/compliant/tc2017.vhd
/root/tools/ghdl_final/bin/ghdl --elab-run c07s02b04x00p01n01i02017ent  --assert-level=error
Test: 1631
/root/tools/ghdl_final/bin/ghdl -a --std=93c vhdl-93/billowitch/compliant/tc2021.vhd
/root/tools/ghdl_final/bin/ghdl --elab-run c07s02b04x00p01n01i02021ent  --assert-level=error
Test: 1632
/root/tools/ghdl_final/bin/ghdl -a --std=93c vhdl-93/billowitch/compliant/tc2022.vhd
/root/tools/ghdl_final/bin/ghdl --elab-run c07s02b04x00p01n01i02022ent  --assert-level=error
delete library: work
/root/tools/ghdl_final/bin/ghdl --remove --std=93c --work=work
Test: 1633
/root/tools/ghdl_final/bin/ghdl -a --std=93c vhdl-93/billowitch/compliant/tc2061.vhd
/root/tools/ghdl_final/bin/ghdl --elab-run c07s02b04x00p01n02i02061ent  --assert-level=error
Test: 1634
/root/tools/ghdl_final/bin/ghdl -a --std=93c vhdl-93/billowitch/compliant/tc2062.vhd
/root/tools/ghdl_final/bin/ghdl --elab-run c07s02b04x00p01n02i02062ent  --assert-level=error
Test: 1635
/root/tools/ghdl_final/bin/ghdl -a --std=93c vhdl-93/billowitch/compliant/tc2063.vhd
/root/tools/ghdl_final/bin/ghdl --elab-run c07s02b04x00p01n02i02063ent  --assert-level=error
Test: 1636
/root/tools/ghdl_final/bin/ghdl -a --std=93c vhdl-93/billowitch/compliant/tc2077.vhd
/root/tools/ghdl_final/bin/ghdl --elab-run c07s02b04x00p01n02i02077ent  --assert-level=error
Test: 1637
/root/tools/ghdl_final/bin/ghdl -a --std=93c vhdl-93/billowitch/compliant/tc2078.vhd
/root/tools/ghdl_final/bin/ghdl --elab-run c07s02b04x00p20n01i02078ent  --assert-level=error
Test: 1638
/root/tools/ghdl_final/bin/ghdl -a --std=93c vhdl-93/billowitch/compliant/tc2079.vhd
/root/tools/ghdl_final/bin/ghdl --elab-run c07s02b04x00p20n01i02079ent  --assert-level=error
Test: 1639
/root/tools/ghdl_final/bin/ghdl -a --std=93c vhdl-93/billowitch/compliant/tc2080.vhd
/root/tools/ghdl_final/bin/ghdl --elab-run c07s02b04x00p20n01i02080ent  --assert-level=error
Test: 1640
/root/tools/ghdl_final/bin/ghdl -a --std=93c vhdl-93/billowitch/compliant/tc2081.vhd
/root/tools/ghdl_final/bin/ghdl --elab-run c07s02b04x00p20n01i02081ent  --assert-level=error
Test: 1641
/root/tools/ghdl_final/bin/ghdl -a --std=93c vhdl-93/billowitch/compliant/tc2082.vhd
/root/tools/ghdl_final/bin/ghdl --elab-run c07s02b04x00p20n01i02082ent  --assert-level=error
Test: 1642
/root/tools/ghdl_final/bin/ghdl -a --std=93c vhdl-93/billowitch/compliant/tc2083.vhd
/root/tools/ghdl_final/bin/ghdl --elab-run c07s02b04x00p20n01i02083ent  --assert-level=error
Test: 1643
/root/tools/ghdl_final/bin/ghdl -a --std=93c vhdl-93/billowitch/compliant/tc2084.vhd
/root/tools/ghdl_final/bin/ghdl --elab-run c07s02b04x00p20n01i02084ent  --assert-level=error
Test: 1644
/root/tools/ghdl_final/bin/ghdl -a --std=93c vhdl-93/billowitch/compliant/tc2085.vhd
/root/tools/ghdl_final/bin/ghdl --elab-run c07s02b04x00p20n01i02085ent  --assert-level=error
Test: 1645
/root/tools/ghdl_final/bin/ghdl -a --std=93c vhdl-93/billowitch/compliant/tc2086.vhd
/root/tools/ghdl_final/bin/ghdl --elab-run c07s02b04x00p20n01i02086ent  --assert-level=error
Test: 1646
/root/tools/ghdl_final/bin/ghdl -a --std=93c vhdl-93/billowitch/compliant/tc2087.vhd
/root/tools/ghdl_final/bin/ghdl --elab-run c07s02b04x00p20n01i02087ent  --assert-level=error
Test: 1647
/root/tools/ghdl_final/bin/ghdl -a --std=93c vhdl-93/billowitch/compliant/tc2088.vhd
/root/tools/ghdl_final/bin/ghdl --elab-run c07s02b04x00p20n01i02088ent  --assert-level=error
Test: 1648
/root/tools/ghdl_final/bin/ghdl -a --std=93c vhdl-93/billowitch/compliant/tc2089.vhd
/root/tools/ghdl_final/bin/ghdl --elab-run c07s02b04x00p20n01i02089ent  --assert-level=error
delete library: work
/root/tools/ghdl_final/bin/ghdl --remove --std=93c --work=work
Test: 1649
/root/tools/ghdl_final/bin/ghdl -a --std=93c vhdl-93/billowitch/compliant/tc2090.vhd
/root/tools/ghdl_final/bin/ghdl --elab-run c07s02b04x00p20n01i02090ent  --assert-level=error
Test: 1650
/root/tools/ghdl_final/bin/ghdl -a --std=93c vhdl-93/billowitch/compliant/tc2091.vhd
/root/tools/ghdl_final/bin/ghdl --elab-run c07s02b04x00p20n01i02091ent  --assert-level=error
Test: 1651
/root/tools/ghdl_final/bin/ghdl -a --std=93c vhdl-93/billowitch/compliant/tc2092.vhd
/root/tools/ghdl_final/bin/ghdl --elab-run c07s02b04x00p20n01i02092ent  --assert-level=error
Test: 1652
/root/tools/ghdl_final/bin/ghdl -a --std=93c vhdl-93/billowitch/compliant/tc2093.vhd
/root/tools/ghdl_final/bin/ghdl --elab-run c07s02b04x00p20n01i02093ent  --assert-level=error
Test: 1653
/root/tools/ghdl_final/bin/ghdl -a --std=93c vhdl-93/billowitch/compliant/tc2094.vhd
/root/tools/ghdl_final/bin/ghdl --elab-run c07s02b04x00p20n01i02094ent  --assert-level=error
Test: 1654
/root/tools/ghdl_final/bin/ghdl -a --std=93c vhdl-93/billowitch/compliant/tc2095.vhd
/root/tools/ghdl_final/bin/ghdl --elab-run c07s02b04x00p20n01i02095ent  --assert-level=error
Test: 1655
/root/tools/ghdl_final/bin/ghdl -a --std=93c vhdl-93/billowitch/compliant/tc2096.vhd
/root/tools/ghdl_final/bin/ghdl --elab-run c07s02b04x00p20n01i02096ent  --assert-level=error
Test: 1656
/root/tools/ghdl_final/bin/ghdl -a --std=93c vhdl-93/billowitch/compliant/tc2097.vhd
/root/tools/ghdl_final/bin/ghdl --elab-run c07s02b04x00p20n01i02097ent  --assert-level=error
Test: 1657
/root/tools/ghdl_final/bin/ghdl -a --std=93c vhdl-93/billowitch/compliant/tc2098.vhd
/root/tools/ghdl_final/bin/ghdl --elab-run c07s02b04x00p20n01i02098ent  --assert-level=error
Test: 1658
/root/tools/ghdl_final/bin/ghdl -a --std=93c vhdl-93/billowitch/compliant/tc2099.vhd
/root/tools/ghdl_final/bin/ghdl --elab-run c07s02b04x00p20n01i02099ent  --assert-level=error
Test: 1659
/root/tools/ghdl_final/bin/ghdl -a --std=93c vhdl-93/billowitch/compliant/tc2100.vhd
/root/tools/ghdl_final/bin/ghdl --elab-run c07s02b04x00p20n01i02100ent  --assert-level=error
Test: 1660
/root/tools/ghdl_final/bin/ghdl -a --std=93c vhdl-93/billowitch/compliant/tc2101.vhd
/root/tools/ghdl_final/bin/ghdl --elab-run c07s02b04x00p20n01i02101ent  --assert-level=error
Test: 1661
/root/tools/ghdl_final/bin/ghdl -a --std=93c vhdl-93/billowitch/compliant/tc2102.vhd
/root/tools/ghdl_final/bin/ghdl --elab-run c07s02b04x00p20n01i02102ent  --assert-level=error
Test: 1662
/root/tools/ghdl_final/bin/ghdl -a --std=93c vhdl-93/billowitch/compliant/tc2103.vhd
/root/tools/ghdl_final/bin/ghdl --elab-run c07s02b04x00p20n01i02103ent  --assert-level=error
Test: 1663
/root/tools/ghdl_final/bin/ghdl -a --std=93c vhdl-93/billowitch/compliant/tc2104.vhd
/root/tools/ghdl_final/bin/ghdl --elab-run c07s02b04x00p20n01i02104ent  --assert-level=error
Test: 1664
/root/tools/ghdl_final/bin/ghdl -a --std=93c vhdl-93/billowitch/compliant/tc2105.vhd
/root/tools/ghdl_final/bin/ghdl --elab-run c07s02b04x00p20n01i02105ent  --assert-level=error
delete library: work
/root/tools/ghdl_final/bin/ghdl --remove --std=93c --work=work
Test: 1665
/root/tools/ghdl_final/bin/ghdl -a --std=93c vhdl-93/billowitch/compliant/tc2106.vhd
/root/tools/ghdl_final/bin/ghdl --elab-run c07s02b04x00p20n01i02106ent  --assert-level=error
Test: 1666
/root/tools/ghdl_final/bin/ghdl -a --std=93c vhdl-93/billowitch/compliant/tc2107.vhd
/root/tools/ghdl_final/bin/ghdl --elab-run c07s02b04x00p20n01i02107ent  --assert-level=error
Test: 1667
/root/tools/ghdl_final/bin/ghdl -a --std=93c vhdl-93/billowitch/compliant/tc2108.vhd
/root/tools/ghdl_final/bin/ghdl --elab-run c07s02b04x00p20n01i02108ent  --assert-level=error
Test: 1668
/root/tools/ghdl_final/bin/ghdl -a --std=93c vhdl-93/billowitch/compliant/tc2109.vhd
/root/tools/ghdl_final/bin/ghdl --elab-run c07s02b04x00p20n01i02109ent  --assert-level=error
Test: 1669
/root/tools/ghdl_final/bin/ghdl -a --std=93c vhdl-93/billowitch/compliant/tc2110.vhd
/root/tools/ghdl_final/bin/ghdl --elab-run c07s02b04x00p20n01i02110ent  --assert-level=error
Test: 1670
/root/tools/ghdl_final/bin/ghdl -a --std=93c vhdl-93/billowitch/compliant/tc2111.vhd
/root/tools/ghdl_final/bin/ghdl --elab-run c07s02b04x00p20n01i02111ent  --assert-level=error
Test: 1671
/root/tools/ghdl_final/bin/ghdl -a --std=93c vhdl-93/billowitch/compliant/tc2112.vhd
/root/tools/ghdl_final/bin/ghdl --elab-run c07s02b04x00p20n01i02112ent  --assert-level=error
Test: 1672
/root/tools/ghdl_final/bin/ghdl -a --std=93c vhdl-93/billowitch/compliant/tc2113.vhd
/root/tools/ghdl_final/bin/ghdl --elab-run c07s02b04x00p20n01i02113ent  --assert-level=error
Test: 1673
/root/tools/ghdl_final/bin/ghdl -a --std=93c vhdl-93/billowitch/compliant/tc2114.vhd
/root/tools/ghdl_final/bin/ghdl --elab-run c07s02b04x00p20n01i02114ent  --assert-level=error
Test: 1674
/root/tools/ghdl_final/bin/ghdl -a --std=93c vhdl-93/billowitch/compliant/tc2115.vhd
/root/tools/ghdl_final/bin/ghdl --elab-run c07s02b04x00p20n01i02115ent  --assert-level=error
Test: 1675
/root/tools/ghdl_final/bin/ghdl -a --std=93c vhdl-93/billowitch/compliant/tc2116.vhd
/root/tools/ghdl_final/bin/ghdl --elab-run c07s02b04x00p20n01i02116ent  --assert-level=error
Test: 1676
/root/tools/ghdl_final/bin/ghdl -a --std=93c vhdl-93/billowitch/compliant/tc2117.vhd
/root/tools/ghdl_final/bin/ghdl --elab-run c07s02b04x00p20n01i02117ent  --assert-level=error
Test: 1677
/root/tools/ghdl_final/bin/ghdl -a --std=93c vhdl-93/billowitch/compliant/tc2118.vhd
/root/tools/ghdl_final/bin/ghdl --elab-run c07s02b04x00p20n01i02118ent  --assert-level=error
Test: 1678
/root/tools/ghdl_final/bin/ghdl -a --std=93c vhdl-93/billowitch/compliant/tc2119.vhd
/root/tools/ghdl_final/bin/ghdl --elab-run c07s02b04x00p20n01i02119ent  --assert-level=error
Test: 1679
/root/tools/ghdl_final/bin/ghdl -a --std=93c vhdl-93/billowitch/compliant/tc2120.vhd
/root/tools/ghdl_final/bin/ghdl --elab-run c07s02b04x00p20n01i02120ent  --assert-level=error
Test: 1680
/root/tools/ghdl_final/bin/ghdl -a --std=93c vhdl-93/billowitch/compliant/tc2121.vhd
/root/tools/ghdl_final/bin/ghdl --elab-run c07s02b04x00p20n01i02121ent  --assert-level=error
delete library: work
/root/tools/ghdl_final/bin/ghdl --remove --std=93c --work=work
Test: 1681
/root/tools/ghdl_final/bin/ghdl -a --std=93c vhdl-93/billowitch/compliant/tc2122.vhd
/root/tools/ghdl_final/bin/ghdl --elab-run c07s02b04x00p20n01i02122ent  --assert-level=error
Test: 1682
/root/tools/ghdl_final/bin/ghdl -a --std=93c vhdl-93/billowitch/compliant/tc2123.vhd
/root/tools/ghdl_final/bin/ghdl --elab-run c07s02b04x00p20n01i02123ent  --assert-level=error
Test: 1683
/root/tools/ghdl_final/bin/ghdl -a --std=93c vhdl-93/billowitch/compliant/tc2124.vhd
/root/tools/ghdl_final/bin/ghdl --elab-run c07s02b04x00p20n01i02124ent  --assert-level=error
Test: 1684
/root/tools/ghdl_final/bin/ghdl -a --std=93c vhdl-93/billowitch/compliant/tc2125.vhd
/root/tools/ghdl_final/bin/ghdl --elab-run c07s02b04x00p20n01i02125ent  --assert-level=error
Test: 1685
/root/tools/ghdl_final/bin/ghdl -a --std=93c vhdl-93/billowitch/compliant/tc2126.vhd
/root/tools/ghdl_final/bin/ghdl --elab-run c07s02b04x00p20n01i02126ent  --assert-level=error
Test: 1686
/root/tools/ghdl_final/bin/ghdl -a --std=93c vhdl-93/billowitch/compliant/tc2127.vhd
/root/tools/ghdl_final/bin/ghdl --elab-run c07s02b04x00p20n01i02127ent  --assert-level=error
Test: 1687
/root/tools/ghdl_final/bin/ghdl -a --std=93c vhdl-93/billowitch/compliant/tc2128.vhd
/root/tools/ghdl_final/bin/ghdl --elab-run c07s02b04x00p20n01i02128ent  --assert-level=error
Test: 1688
/root/tools/ghdl_final/bin/ghdl -a --std=93c vhdl-93/billowitch/compliant/tc2129.vhd
/root/tools/ghdl_final/bin/ghdl --elab-run c07s02b04x00p20n01i02129ent  --assert-level=error
Test: 1689
/root/tools/ghdl_final/bin/ghdl -a --std=93c vhdl-93/billowitch/compliant/tc2130.vhd
/root/tools/ghdl_final/bin/ghdl --elab-run c07s02b04x00p21n01i02130ent  --assert-level=error
Test: 1690
/root/tools/ghdl_final/bin/ghdl -a --std=93c vhdl-93/billowitch/compliant/tc2131.vhd
/root/tools/ghdl_final/bin/ghdl --elab-run c07s02b04x00p20n01i02131ent  --assert-level=error
Test: 1691
/root/tools/ghdl_final/bin/ghdl -a --std=93c vhdl-93/billowitch/compliant/tc2132.vhd
/root/tools/ghdl_final/bin/ghdl --elab-run c07s02b04x00p21n01i02132ent  --assert-level=error
Test: 1692
/root/tools/ghdl_final/bin/ghdl -a --std=93c vhdl-93/billowitch/compliant/tc2133.vhd
/root/tools/ghdl_final/bin/ghdl --elab-run c07s02b04x00p21n01i02133ent  --assert-level=error
Test: 1693
/root/tools/ghdl_final/bin/ghdl -a --std=93c vhdl-93/billowitch/compliant/tc2134.vhd
/root/tools/ghdl_final/bin/ghdl --elab-run c07s02b04x00p21n01i02134ent  --assert-level=error
Test: 1694
/root/tools/ghdl_final/bin/ghdl -a --std=93c vhdl-93/billowitch/compliant/tc2135.vhd
/root/tools/ghdl_final/bin/ghdl --elab-run c07s02b04x00p21n01i02135ent  --assert-level=error
Test: 1695
/root/tools/ghdl_final/bin/ghdl -a --std=93c vhdl-93/billowitch/compliant/tc2136.vhd
/root/tools/ghdl_final/bin/ghdl --elab-run c07s02b04x00p21n01i02136ent  --assert-level=error
Test: 1696
/root/tools/ghdl_final/bin/ghdl -a --std=93c vhdl-93/billowitch/compliant/tc2137.vhd
/root/tools/ghdl_final/bin/ghdl --elab-run c07s02b04x00p21n01i02137ent  --assert-level=error
delete library: work
/root/tools/ghdl_final/bin/ghdl --remove --std=93c --work=work
Test: 1697
/root/tools/ghdl_final/bin/ghdl -a --std=93c vhdl-93/billowitch/compliant/tc2138.vhd
/root/tools/ghdl_final/bin/ghdl --elab-run c07s02b04x00p21n01i02138ent  --assert-level=error
Test: 1698
/root/tools/ghdl_final/bin/ghdl -a --std=93c vhdl-93/billowitch/compliant/tc2139.vhd
/root/tools/ghdl_final/bin/ghdl --elab-run c07s02b04x00p21n01i02139ent  --assert-level=error
Test: 1699
/root/tools/ghdl_final/bin/ghdl -a --std=93c vhdl-93/billowitch/compliant/tc2140.vhd
/root/tools/ghdl_final/bin/ghdl --elab-run c07s02b04x00p21n01i02140ent  --assert-level=error
Test: 1700
/root/tools/ghdl_final/bin/ghdl -a --std=93c vhdl-93/billowitch/compliant/tc2141.vhd
/root/tools/ghdl_final/bin/ghdl --elab-run c07s02b04x00p21n01i02141ent  --assert-level=error
Test: 1701
/root/tools/ghdl_final/bin/ghdl -a --std=93c vhdl-93/billowitch/compliant/tc2142.vhd
/root/tools/ghdl_final/bin/ghdl --elab-run c07s02b04x00p21n01i02142ent  --assert-level=error
Test: 1702
/root/tools/ghdl_final/bin/ghdl -a --std=93c vhdl-93/billowitch/compliant/tc2143.vhd
/root/tools/ghdl_final/bin/ghdl --elab-run c07s02b04x00p21n01i02143ent  --assert-level=error
Test: 1703
/root/tools/ghdl_final/bin/ghdl -a --std=93c vhdl-93/billowitch/compliant/tc2144.vhd
/root/tools/ghdl_final/bin/ghdl --elab-run c07s02b04x00p21n01i02144ent  --assert-level=error
Test: 1704
/root/tools/ghdl_final/bin/ghdl -a --std=93c vhdl-93/billowitch/compliant/tc2145.vhd
/root/tools/ghdl_final/bin/ghdl --elab-run c07s02b04x00p21n01i02145ent  --assert-level=error
Test: 1705
/root/tools/ghdl_final/bin/ghdl -a --std=93c vhdl-93/billowitch/compliant/tc2146.vhd
/root/tools/ghdl_final/bin/ghdl --elab-run c07s02b04x00p21n01i02146ent  --assert-level=error
Test: 1706
/root/tools/ghdl_final/bin/ghdl -a --std=93c vhdl-93/billowitch/compliant/tc2147.vhd
/root/tools/ghdl_final/bin/ghdl --elab-run c07s02b04x00p21n01i02147ent  --assert-level=error
Test: 1707
/root/tools/ghdl_final/bin/ghdl -a --std=93c vhdl-93/billowitch/compliant/tc2148.vhd
/root/tools/ghdl_final/bin/ghdl --elab-run c07s02b04x00p21n01i02148ent  --assert-level=error
Test: 1708
/root/tools/ghdl_final/bin/ghdl -a --std=93c vhdl-93/billowitch/compliant/tc2149.vhd
/root/tools/ghdl_final/bin/ghdl --elab-run c07s02b04x00p21n01i02149ent  --assert-level=error
Test: 1709
/root/tools/ghdl_final/bin/ghdl -a --std=93c vhdl-93/billowitch/compliant/tc2150.vhd
/root/tools/ghdl_final/bin/ghdl --elab-run c07s02b04x00p21n01i02150ent  --assert-level=error
Test: 1710
/root/tools/ghdl_final/bin/ghdl -a --std=93c vhdl-93/billowitch/compliant/tc2151.vhd
/root/tools/ghdl_final/bin/ghdl --elab-run c07s02b04x00p21n01i02151ent  --assert-level=error
Test: 1711
/root/tools/ghdl_final/bin/ghdl -a --std=93c vhdl-93/billowitch/compliant/tc2152.vhd
/root/tools/ghdl_final/bin/ghdl --elab-run c07s02b04x00p21n01i02152ent  --assert-level=error
Test: 1712
/root/tools/ghdl_final/bin/ghdl -a --std=93c vhdl-93/billowitch/compliant/tc2153.vhd
/root/tools/ghdl_final/bin/ghdl --elab-run c07s02b04x00p21n01i02153ent  --assert-level=error
delete library: work
/root/tools/ghdl_final/bin/ghdl --remove --std=93c --work=work
Test: 1713
/root/tools/ghdl_final/bin/ghdl -a --std=93c vhdl-93/billowitch/compliant/tc2154.vhd
/root/tools/ghdl_final/bin/ghdl --elab-run c07s02b04x00p21n01i02154ent  --assert-level=error
Test: 1714
/root/tools/ghdl_final/bin/ghdl -a --std=93c vhdl-93/billowitch/compliant/tc2155.vhd
/root/tools/ghdl_final/bin/ghdl --elab-run c07s02b04x00p21n01i02155ent  --assert-level=error
Test: 1715
/root/tools/ghdl_final/bin/ghdl -a --std=93c vhdl-93/billowitch/compliant/tc2156.vhd
/root/tools/ghdl_final/bin/ghdl --elab-run c07s02b04x00p21n01i02156ent  --assert-level=error
Test: 1716
/root/tools/ghdl_final/bin/ghdl -a --std=93c vhdl-93/billowitch/compliant/tc2157.vhd
/root/tools/ghdl_final/bin/ghdl --elab-run c07s02b04x00p21n01i02157ent  --assert-level=error
Test: 1717
/root/tools/ghdl_final/bin/ghdl -a --std=93c vhdl-93/billowitch/compliant/tc2158.vhd
/root/tools/ghdl_final/bin/ghdl --elab-run c07s02b04x00p21n01i02158ent  --assert-level=error
Test: 1718
/root/tools/ghdl_final/bin/ghdl -a --std=93c vhdl-93/billowitch/compliant/tc2159.vhd
/root/tools/ghdl_final/bin/ghdl --elab-run c07s02b04x00p21n01i02159ent  --assert-level=error
Test: 1719
/root/tools/ghdl_final/bin/ghdl -a --std=93c vhdl-93/billowitch/compliant/tc2160.vhd
/root/tools/ghdl_final/bin/ghdl --elab-run c07s02b04x00p22n01i02160ent  --assert-level=error
Test: 1720
/root/tools/ghdl_final/bin/ghdl -a --std=93c vhdl-93/billowitch/compliant/tc2161.vhd
/root/tools/ghdl_final/bin/ghdl --elab-run c07s02b04x00p22n01i02161ent  --assert-level=error
Test: 1721
/root/tools/ghdl_final/bin/ghdl -a --std=93c vhdl-93/billowitch/compliant/tc2162.vhd
/root/tools/ghdl_final/bin/ghdl --elab-run c07s02b04x00p22n01i02162ent  --assert-level=error
Test: 1722
/root/tools/ghdl_final/bin/ghdl -a --std=93c vhdl-93/billowitch/compliant/tc2163.vhd
/root/tools/ghdl_final/bin/ghdl --elab-run c07s02b04x00p22n01i02163ent  --assert-level=error
Test: 1723
/root/tools/ghdl_final/bin/ghdl -a --std=93c vhdl-93/billowitch/compliant/tc2164.vhd
/root/tools/ghdl_final/bin/ghdl --elab-run c07s02b04x00p22n01i02164ent  --assert-level=error
Test: 1724
/root/tools/ghdl_final/bin/ghdl -a --std=93c vhdl-93/billowitch/compliant/tc2165.vhd
/root/tools/ghdl_final/bin/ghdl --elab-run c07s02b04x00p22n01i02165ent  --assert-level=error
Test: 1725
/root/tools/ghdl_final/bin/ghdl -a --std=93c vhdl-93/billowitch/compliant/tc2166.vhd
/root/tools/ghdl_final/bin/ghdl --elab-run c07s02b04x00p22n01i02166ent  --assert-level=error
Test: 1726
/root/tools/ghdl_final/bin/ghdl -a --std=93c vhdl-93/billowitch/compliant/tc2167.vhd
/root/tools/ghdl_final/bin/ghdl --elab-run c07s02b04x00p22n01i02167ent  --assert-level=error
Test: 1727
/root/tools/ghdl_final/bin/ghdl -a --std=93c vhdl-93/billowitch/compliant/tc2168.vhd
/root/tools/ghdl_final/bin/ghdl --elab-run c07s02b04x00p22n01i02168ent  --assert-level=error
Test: 1728
/root/tools/ghdl_final/bin/ghdl -a --std=93c vhdl-93/billowitch/compliant/tc2169.vhd
/root/tools/ghdl_final/bin/ghdl --elab-run c07s02b04x00p22n01i02169ent  --assert-level=error
delete library: work
/root/tools/ghdl_final/bin/ghdl --remove --std=93c --work=work
Test: 1729
/root/tools/ghdl_final/bin/ghdl -a --std=93c vhdl-93/billowitch/compliant/tc2172.vhd
/root/tools/ghdl_final/bin/ghdl --elab-run c07s02b05x00p01n01i02172ent  --assert-level=error
Test: 1730
/root/tools/ghdl_final/bin/ghdl -a --std=93c vhdl-93/billowitch/compliant/tc2173.vhd
/root/tools/ghdl_final/bin/ghdl --elab-run c07s02b05x00p01n01i02173ent  --assert-level=error
Test: 1731
/root/tools/ghdl_final/bin/ghdl -a --std=93c vhdl-93/billowitch/compliant/tc2174.vhd
/root/tools/ghdl_final/bin/ghdl --elab-run c07s02b05x00p01n01i02174ent  --assert-level=error
Test: 1732
/root/tools/ghdl_final/bin/ghdl -a --std=93c vhdl-93/billowitch/compliant/tc2175.vhd
/root/tools/ghdl_final/bin/ghdl --elab-run c07s02b05x00p01n01i02175ent  --assert-level=error
Test: 1733
/root/tools/ghdl_final/bin/ghdl -a --std=93c vhdl-93/billowitch/compliant/tc2176.vhd
/root/tools/ghdl_final/bin/ghdl --elab-run c07s02b05x00p01n01i02176ent  --assert-level=error
Test: 1734
/root/tools/ghdl_final/bin/ghdl -a --std=93c vhdl-93/billowitch/compliant/tc2177.vhd
/root/tools/ghdl_final/bin/ghdl --elab-run c07s02b05x00p01n01i02177ent  --assert-level=error
Test: 1735
/root/tools/ghdl_final/bin/ghdl -a --std=93c vhdl-93/billowitch/compliant/tc2178.vhd
/root/tools/ghdl_final/bin/ghdl --elab-run c07s02b05x00p01n02i02178ent  --assert-level=error
Test: 1736
/root/tools/ghdl_final/bin/ghdl -a --std=93c vhdl-93/billowitch/compliant/tc2179.vhd
/root/tools/ghdl_final/bin/ghdl --elab-run c07s02b05x00p01n02i02179ent  --assert-level=error
Test: 1737
/root/tools/ghdl_final/bin/ghdl -a --std=93c vhdl-93/billowitch/compliant/tc2180.vhd
/root/tools/ghdl_final/bin/ghdl --elab-run c07s02b05x00p01n02i02180ent  --assert-level=error
Test: 1738
/root/tools/ghdl_final/bin/ghdl -a --std=93c vhdl-93/billowitch/compliant/tc2181.vhd
/root/tools/ghdl_final/bin/ghdl --elab-run c07s02b05x00p01n02i02181ent  --assert-level=error
Test: 1739
/root/tools/ghdl_final/bin/ghdl -a --std=93c vhdl-93/billowitch/compliant/tc2182.vhd
/root/tools/ghdl_final/bin/ghdl --elab-run c07s02b05x00p01n02i02182ent  --assert-level=error
Test: 1740
/root/tools/ghdl_final/bin/ghdl -a --std=93c vhdl-93/billowitch/compliant/tc2183.vhd
/root/tools/ghdl_final/bin/ghdl --elab-run c07s02b05x00p01n02i02183ent  --assert-level=error
Test: 1741
/root/tools/ghdl_final/bin/ghdl -a --std=93c vhdl-93/billowitch/compliant/tc2184.vhd
/root/tools/ghdl_final/bin/ghdl --elab-run c07s02b05x00p01n02i02184ent  --assert-level=error
Test: 1742
/root/tools/ghdl_final/bin/ghdl -a --std=93c vhdl-93/billowitch/compliant/tc2185.vhd
/root/tools/ghdl_final/bin/ghdl --elab-run c07s02b05x00p01n02i02185ent  --assert-level=error
Test: 1743
/root/tools/ghdl_final/bin/ghdl -a --std=93c vhdl-93/billowitch/compliant/tc2186.vhd
/root/tools/ghdl_final/bin/ghdl --elab-run c07s02b05x00p01n02i02186ent  --assert-level=error
Test: 1744
/root/tools/ghdl_final/bin/ghdl -a --std=93c vhdl-93/billowitch/compliant/tc2187.vhd
/root/tools/ghdl_final/bin/ghdl --elab-run c07s02b05x00p01n01i02187ent  --assert-level=error
delete library: work
/root/tools/ghdl_final/bin/ghdl --remove --std=93c --work=work
Test: 1745
/root/tools/ghdl_final/bin/ghdl -a --std=93c vhdl-93/billowitch/compliant/tc2199.vhd
/root/tools/ghdl_final/bin/ghdl --elab-run c07s02b06x00p01n01i02199ent  --assert-level=error
Test: 1746
/root/tools/ghdl_final/bin/ghdl -a --std=93c vhdl-93/billowitch/compliant/tc2200.vhd
/root/tools/ghdl_final/bin/ghdl --elab-run c07s02b06x00p01n01i02200ent  --assert-level=error
Test: 1747
/root/tools/ghdl_final/bin/ghdl -a --std=93c vhdl-93/billowitch/compliant/tc2203.vhd
/root/tools/ghdl_final/bin/ghdl --elab-run c07s02b06x00p01n01i02203ent  --assert-level=error
Test: 1748
/root/tools/ghdl_final/bin/ghdl -a --std=93c vhdl-93/billowitch/compliant/tc2204.vhd
/root/tools/ghdl_final/bin/ghdl --elab-run c07s02b06x00p01n01i02204ent  --assert-level=error
Test: 1749
/root/tools/ghdl_final/bin/ghdl -a --std=93c vhdl-93/billowitch/compliant/tc2205.vhd
/root/tools/ghdl_final/bin/ghdl --elab-run c07s02b06x00p01n01i02205ent  --assert-level=error
Test: 1750
/root/tools/ghdl_final/bin/ghdl -a --std=93c vhdl-93/billowitch/compliant/tc2206.vhd
/root/tools/ghdl_final/bin/ghdl --elab-run c07s02b06x00p01n01i02206ent  --assert-level=error
Test: 1751
/root/tools/ghdl_final/bin/ghdl -a --std=93c vhdl-93/billowitch/compliant/tc2208.vhd
/root/tools/ghdl_final/bin/ghdl --elab-run c07s02b06x00p01n01i02208ent  --assert-level=error
Test: 1752
/root/tools/ghdl_final/bin/ghdl -a --std=93c vhdl-93/billowitch/compliant/tc2257.vhd
/root/tools/ghdl_final/bin/ghdl --elab-run c07s02b06x00p05n01i02257ent  --assert-level=error
Test: 1753
/root/tools/ghdl_final/bin/ghdl -a --std=93c vhdl-93/billowitch/compliant/tc2258.vhd
/root/tools/ghdl_final/bin/ghdl --elab-run c07s02b06x00p05n01i02258ent  --assert-level=error
Test: 1754
/root/tools/ghdl_final/bin/ghdl -a --std=93c vhdl-93/billowitch/compliant/tc2259.vhd
/root/tools/ghdl_final/bin/ghdl --elab-run c07s02b06x00p05n01i02259ent  --assert-level=error
Test: 1755
/root/tools/ghdl_final/bin/ghdl -a --std=93c vhdl-93/billowitch/compliant/tc2260.vhd
/root/tools/ghdl_final/bin/ghdl --elab-run c07s02b06x00p05n01i02260ent  --assert-level=error
Test: 1756
/root/tools/ghdl_final/bin/ghdl -a --std=93c vhdl-93/billowitch/compliant/tc2261.vhd
/root/tools/ghdl_final/bin/ghdl --elab-run c07s02b06x00p05n01i02261ent  --assert-level=error
Test: 1757
/root/tools/ghdl_final/bin/ghdl -a --std=93c vhdl-93/billowitch/compliant/tc2262.vhd
/root/tools/ghdl_final/bin/ghdl --elab-run c07s02b06x00p11n01i02262ent  --assert-level=error
Test: 1758
/root/tools/ghdl_final/bin/ghdl -a --std=93c vhdl-93/billowitch/compliant/tc2263.vhd
/root/tools/ghdl_final/bin/ghdl --elab-run c07s02b06x00p11n01i02263ent  --assert-level=error
Test: 1759
/root/tools/ghdl_final/bin/ghdl -a --std=93c vhdl-93/billowitch/compliant/tc2264.vhd
/root/tools/ghdl_final/bin/ghdl --elab-run c07s02b06x00p11n01i02264ent  --assert-level=error
Test: 1760
/root/tools/ghdl_final/bin/ghdl -a --std=93c vhdl-93/billowitch/compliant/tc2265.vhd
/root/tools/ghdl_final/bin/ghdl --elab-run c07s02b06x00p11n01i02265ent  --assert-level=error
delete library: work
/root/tools/ghdl_final/bin/ghdl --remove --std=93c --work=work
Test: 1761
/root/tools/ghdl_final/bin/ghdl -a --std=93c vhdl-93/billowitch/compliant/tc2266.vhd
/root/tools/ghdl_final/bin/ghdl --elab-run c07s02b06x00p11n01i02266ent  --assert-level=error
Test: 1762
/root/tools/ghdl_final/bin/ghdl -a --std=93c vhdl-93/billowitch/compliant/tc2267.vhd
/root/tools/ghdl_final/bin/ghdl --elab-run c07s02b06x00p11n01i02267ent  --assert-level=error
Test: 1763
/root/tools/ghdl_final/bin/ghdl -a --std=93c vhdl-93/billowitch/compliant/tc2268.vhd
/root/tools/ghdl_final/bin/ghdl --elab-run c07s02b06x00p12n01i02268ent  --assert-level=error
Test: 1764
/root/tools/ghdl_final/bin/ghdl -a --std=93c vhdl-93/billowitch/compliant/tc2269.vhd
/root/tools/ghdl_final/bin/ghdl --elab-run c07s02b06x00p12n01i02269ent  --assert-level=error
Test: 1765
/root/tools/ghdl_final/bin/ghdl -a --std=93c vhdl-93/billowitch/compliant/tc2270.vhd
/root/tools/ghdl_final/bin/ghdl --elab-run c07s02b06x00p14n01i02270ent  --assert-level=error
Test: 1766
/root/tools/ghdl_final/bin/ghdl -a --std=93c vhdl-93/billowitch/compliant/tc2271.vhd
/root/tools/ghdl_final/bin/ghdl --elab-run c07s02b06x00p14n01i02271ent  --assert-level=error
Test: 1767
/root/tools/ghdl_final/bin/ghdl -a --std=93c vhdl-93/billowitch/compliant/tc2272.vhd
/root/tools/ghdl_final/bin/ghdl --elab-run c07s02b06x00p14n01i02272ent  --assert-level=error
Test: 1768
/root/tools/ghdl_final/bin/ghdl -a --std=93c vhdl-93/billowitch/compliant/tc2283.vhd
/root/tools/ghdl_final/bin/ghdl --elab-run c07s02b06x00p14n01i02283ent  --assert-level=error
Test: 1769
/root/tools/ghdl_final/bin/ghdl -a --std=93c vhdl-93/billowitch/compliant/tc2285.vhd
/root/tools/ghdl_final/bin/ghdl --elab-run c07s02b06x00p14n01i02285ent  --assert-level=error
Test: 1770
/root/tools/ghdl_final/bin/ghdl -a --std=93c vhdl-93/billowitch/compliant/tc2286.vhd
/root/tools/ghdl_final/bin/ghdl --elab-run c07s02b06x00p14n01i02286ent  --assert-level=error
Test: 1771
/root/tools/ghdl_final/bin/ghdl -a --std=93c vhdl-93/billowitch/compliant/tc2287.vhd
/root/tools/ghdl_final/bin/ghdl --elab-run c07s02b06x00p32n01i02287ent  --assert-level=error
Test: 1772
/root/tools/ghdl_final/bin/ghdl -a --std=93c vhdl-93/billowitch/compliant/tc2288.vhd
/root/tools/ghdl_final/bin/ghdl --elab-run c07s02b06x00p32n01i02288ent  --assert-level=error
Test: 1773
/root/tools/ghdl_final/bin/ghdl -a --std=93c vhdl-93/billowitch/compliant/tc2289.vhd
/root/tools/ghdl_final/bin/ghdl --elab-run c07s02b06x00p32n01i02289ent  --assert-level=error
Test: 1774
/root/tools/ghdl_final/bin/ghdl -a --std=93c vhdl-93/billowitch/compliant/tc2290.vhd
/root/tools/ghdl_final/bin/ghdl --elab-run c07s02b06x00p32n01i02290ent  --assert-level=error
Test: 1775
/root/tools/ghdl_final/bin/ghdl -a --std=93c vhdl-93/billowitch/compliant/tc2291.vhd
/root/tools/ghdl_final/bin/ghdl --elab-run c07s02b06x00p32n01i02291ent  --assert-level=error
Test: 1776
/root/tools/ghdl_final/bin/ghdl -a --std=93c vhdl-93/billowitch/compliant/tc2292.vhd
/root/tools/ghdl_final/bin/ghdl --elab-run c07s02b06x00p32n01i02292ent  --assert-level=error
delete library: work
/root/tools/ghdl_final/bin/ghdl --remove --std=93c --work=work
Test: 1777
/root/tools/ghdl_final/bin/ghdl -a --std=93c vhdl-93/billowitch/compliant/tc2293.vhd
/root/tools/ghdl_final/bin/ghdl --elab-run c07s02b06x00p32n01i02293ent  --assert-level=error
Test: 1778
/root/tools/ghdl_final/bin/ghdl -a --std=93c vhdl-93/billowitch/compliant/tc2294.vhd
/root/tools/ghdl_final/bin/ghdl --elab-run c07s02b06x00p32n01i02294ent  --assert-level=error
Test: 1779
/root/tools/ghdl_final/bin/ghdl -a --std=93c vhdl-93/billowitch/compliant/tc2295.vhd
/root/tools/ghdl_final/bin/ghdl --elab-run c07s02b06x00p33n01i02295ent  --assert-level=error
Test: 1780
/root/tools/ghdl_final/bin/ghdl -a --std=93c vhdl-93/billowitch/compliant/tc2296.vhd
/root/tools/ghdl_final/bin/ghdl --elab-run c07s02b06x00p33n01i02296ent  --assert-level=error
Test: 1781
/root/tools/ghdl_final/bin/ghdl -a --std=93c vhdl-93/billowitch/compliant/tc2297.vhd
/root/tools/ghdl_final/bin/ghdl --elab-run c07s02b06x00p33n01i02297ent  --assert-level=error
Test: 1782
/root/tools/ghdl_final/bin/ghdl -a --std=93c vhdl-93/billowitch/compliant/tc2298.vhd
/root/tools/ghdl_final/bin/ghdl --elab-run c07s02b06x00p35n01i02298ent  --assert-level=error
Test: 1783
/root/tools/ghdl_final/bin/ghdl -a --std=93c vhdl-93/billowitch/compliant/tc2299.vhd
/root/tools/ghdl_final/bin/ghdl --elab-run c07s02b06x00p35n01i02299ent  --assert-level=error
Test: 1784
/root/tools/ghdl_final/bin/ghdl -a --std=93c vhdl-93/billowitch/compliant/tc2300.vhd
/root/tools/ghdl_final/bin/ghdl --elab-run c07s02b06x00p35n01i02300ent  --assert-level=error
Test: 1785
/root/tools/ghdl_final/bin/ghdl -a --std=93c vhdl-93/billowitch/compliant/tc2301.vhd
/root/tools/ghdl_final/bin/ghdl --elab-run c07s02b06x00p35n01i02301ent  --assert-level=error
Test: 1786
/root/tools/ghdl_final/bin/ghdl -a --std=93c vhdl-93/billowitch/compliant/tc2302.vhd
/root/tools/ghdl_final/bin/ghdl --elab-run c07s02b06x00p37n01i02302ent  --assert-level=error
Test: 1787
/root/tools/ghdl_final/bin/ghdl -a --std=93c vhdl-93/billowitch/compliant/tc2303.vhd
/root/tools/ghdl_final/bin/ghdl --elab-run c07s02b06x00p37n01i02303ent  --assert-level=error
Test: 1788
/root/tools/ghdl_final/bin/ghdl -a --std=93c vhdl-93/billowitch/compliant/tc2304.vhd
/root/tools/ghdl_final/bin/ghdl --elab-run c07s02b06x00p37n01i02304ent  --assert-level=error
Test: 1789
/root/tools/ghdl_final/bin/ghdl -a --std=93c vhdl-93/billowitch/compliant/tc2305.vhd
/root/tools/ghdl_final/bin/ghdl --elab-run c07s02b06x00p37n01i02305ent  --assert-level=error
Test: 1790
/root/tools/ghdl_final/bin/ghdl -a --std=93c vhdl-93/billowitch/compliant/tc2307.vhd
/root/tools/ghdl_final/bin/ghdl --elab-run c07s02b07x00p01n01i02307ent  --assert-level=error
Test: 1791
/root/tools/ghdl_final/bin/ghdl -a --std=93c vhdl-93/billowitch/compliant/tc2308.vhd
/root/tools/ghdl_final/bin/ghdl --elab-run c07s02b07x00p01n01i02308ent  --assert-level=error
Test: 1792
/root/tools/ghdl_final/bin/ghdl -a --std=93c vhdl-93/billowitch/compliant/tc2309.vhd
/root/tools/ghdl_final/bin/ghdl --elab-run c07s02b07x00p01n01i02309ent  --assert-level=error
delete library: work
/root/tools/ghdl_final/bin/ghdl --remove --std=93c --work=work
Test: 1793
/root/tools/ghdl_final/bin/ghdl -a --std=93c vhdl-93/billowitch/compliant/tc2324.vhd
/root/tools/ghdl_final/bin/ghdl --elab-run c07s02b07x00p01n01i02324ent  --assert-level=error
Test: 1794
/root/tools/ghdl_final/bin/ghdl -a --std=93c vhdl-93/billowitch/compliant/tc2325.vhd
/root/tools/ghdl_final/bin/ghdl --elab-run c07s01b00x00p07n01i02325ent  --assert-level=error
Test: 1795
/root/tools/ghdl_final/bin/ghdl -a --std=93c vhdl-93/billowitch/compliant/tc2326.vhd
/root/tools/ghdl_final/bin/ghdl --elab-run c07s01b00x00p07n01i02326ent  --assert-level=error
Test: 1796
/root/tools/ghdl_final/bin/ghdl -a --std=93c vhdl-93/billowitch/compliant/tc2329.vhd
/root/tools/ghdl_final/bin/ghdl --elab-run c07s02b07x00p02n02i02329ent  --assert-level=error
Test: 1797
/root/tools/ghdl_final/bin/ghdl -a --std=93c vhdl-93/billowitch/compliant/tc2330.vhd
/root/tools/ghdl_final/bin/ghdl --elab-run c07s02b07x00p02n02i02330ent  --assert-level=error
Test: 1798
/root/tools/ghdl_final/bin/ghdl -a --std=93c vhdl-93/billowitch/compliant/tc2331.vhd
/root/tools/ghdl_final/bin/ghdl --elab-run c07s02b07x00p02n02i02331ent  --assert-level=error
Test: 1799
/root/tools/ghdl_final/bin/ghdl -a --std=93c vhdl-93/billowitch/compliant/tc2332.vhd
/root/tools/ghdl_final/bin/ghdl --elab-run c07s02b07x00p02n02i02332ent  --assert-level=error
Test: 1800
/root/tools/ghdl_final/bin/ghdl -a --std=93c vhdl-93/billowitch/compliant/tc2359.vhd
/root/tools/ghdl_final/bin/ghdl --elab-run c07s02b07x00p06n01i02359ent  --assert-level=error
Test: 1801
/root/tools/ghdl_final/bin/ghdl -a --std=93c vhdl-93/billowitch/compliant/tc2360.vhd
/root/tools/ghdl_final/bin/ghdl --elab-run c07s02b07x00p10n01i02360ent  --assert-level=error
Test: 1802
/root/tools/ghdl_final/bin/ghdl -a --std=93c vhdl-93/billowitch/compliant/tc2363.vhd
/root/tools/ghdl_final/bin/ghdl --elab-run c07s02b07x00p10n01i02363ent  --assert-level=error
Test: 1803
/root/tools/ghdl_final/bin/ghdl -a --std=93c vhdl-93/billowitch/compliant/tc2364.vhd
/root/tools/ghdl_final/bin/ghdl --elab-run c07s03b01x00p01n01i02364ent  --assert-level=error
Test: 1804
/root/tools/ghdl_final/bin/ghdl -a --std=93c vhdl-93/billowitch/compliant/tc2365.vhd
/root/tools/ghdl_final/bin/ghdl --elab-run c07s03b01x00p01n01i02365ent  --assert-level=error
Test: 1805
/root/tools/ghdl_final/bin/ghdl -a --std=93c vhdl-93/billowitch/compliant/tc2366.vhd
/root/tools/ghdl_final/bin/ghdl --elab-run c07s03b01x00p01n01i02366ent  --assert-level=error
Test: 1806
/root/tools/ghdl_final/bin/ghdl -a --std=93c vhdl-93/billowitch/compliant/tc2367.vhd
/root/tools/ghdl_final/bin/ghdl --elab-run c07s03b01x00p01n01i02367ent  --assert-level=error
Test: 1807
/root/tools/ghdl_final/bin/ghdl -a --std=93c vhdl-93/billowitch/compliant/tc2368.vhd
/root/tools/ghdl_final/bin/ghdl --elab-run c07s03b01x00p01n01i02368ent  --assert-level=error
Test: 1808
/root/tools/ghdl_final/bin/ghdl -a --std=93c vhdl-93/billowitch/compliant/tc2369.vhd
/root/tools/ghdl_final/bin/ghdl --elab-run c07s03b01x00p06n02i02369ent  --assert-level=error
delete library: work
/root/tools/ghdl_final/bin/ghdl --remove --std=93c --work=work
Test: 1809
/root/tools/ghdl_final/bin/ghdl -a --std=93c vhdl-93/billowitch/compliant/tc2370.vhd
/root/tools/ghdl_final/bin/ghdl --elab-run c07s03b01x00p06n02i02370ent  --assert-level=error
Test: 1810
/root/tools/ghdl_final/bin/ghdl -a --std=93c vhdl-93/billowitch/compliant/tc2371.vhd
/root/tools/ghdl_final/bin/ghdl --elab-run c07s03b01x00p07n01i02371ent  --assert-level=error
Test: 1811
/root/tools/ghdl_final/bin/ghdl -a --std=93c vhdl-93/billowitch/compliant/tc2372.vhd
/root/tools/ghdl_final/bin/ghdl --elab-run c07s03b01x00p07n02i02372ent  --assert-level=error
Test: 1812
/root/tools/ghdl_final/bin/ghdl -a --std=93c vhdl-93/billowitch/compliant/tc2373.vhd
/root/tools/ghdl_final/bin/ghdl --elab-run c07s03b01x00p08n01i02373ent  --assert-level=error
Test: 1813
/root/tools/ghdl_final/bin/ghdl -a --std=93c vhdl-93/billowitch/compliant/tc2374.vhd
/root/tools/ghdl_final/bin/ghdl --elab-run c07s03b02x00p02n01i02374ent  --assert-level=error
Test: 1814
/root/tools/ghdl_final/bin/ghdl -a --std=93c vhdl-93/billowitch/compliant/tc2378.vhd
/root/tools/ghdl_final/bin/ghdl --elab-run c07s03b02x00p03n01i02378ent  --assert-level=error
Test: 1815
/root/tools/ghdl_final/bin/ghdl -a --std=93c vhdl-93/billowitch/compliant/tc2380.vhd
/root/tools/ghdl_final/bin/ghdl --elab-run c07s03b02x00p04n01i02380ent  --assert-level=error
Test: 1816
/root/tools/ghdl_final/bin/ghdl -a --std=93c vhdl-93/billowitch/compliant/tc2382.vhd
/root/tools/ghdl_final/bin/ghdl --elab-run c07s03b02x00p06n02i02382ent  --assert-level=error
Test: 1817
/root/tools/ghdl_final/bin/ghdl -a --std=93c vhdl-93/billowitch/compliant/tc2383.vhd
/root/tools/ghdl_final/bin/ghdl --elab-run c07s03b02x00p06n02i02383ent  --assert-level=error
Test: 1818
/root/tools/ghdl_final/bin/ghdl -a --std=93c vhdl-93/billowitch/compliant/tc2384.vhd
/root/tools/ghdl_final/bin/ghdl --elab-run c07s03b02x00p06n03i02384ent  --assert-level=error
Test: 1819
/root/tools/ghdl_final/bin/ghdl -a --std=93c vhdl-93/billowitch/compliant/tc2387.vhd
/root/tools/ghdl_final/bin/ghdl --elab-run c07s03b02x00p07n01i02387ent  --assert-level=error
Test: 1820
/root/tools/ghdl_final/bin/ghdl -a --std=93c vhdl-93/billowitch/compliant/tc2388.vhd
/root/tools/ghdl_final/bin/ghdl --elab-run c07s03b02x00p07n01i02388ent  --assert-level=error
Test: 1821
/root/tools/ghdl_final/bin/ghdl -a --std=93c vhdl-93/billowitch/compliant/tc2389.vhd
/root/tools/ghdl_final/bin/ghdl --elab-run c07s03b02x00p07n01i02389ent  --assert-level=error
Test: 1822
/root/tools/ghdl_final/bin/ghdl -a --std=93c vhdl-93/billowitch/compliant/tc2390.vhd
/root/tools/ghdl_final/bin/ghdl --elab-run c07s03b02x00p07n01i02390ent  --assert-level=error
Test: 1823
/root/tools/ghdl_final/bin/ghdl -a --std=93c vhdl-93/billowitch/compliant/tc2391.vhd
/root/tools/ghdl_final/bin/ghdl --elab-run c07s03b02x00p07n01i02391ent  --assert-level=error
Test: 1824
/root/tools/ghdl_final/bin/ghdl -a --std=93c vhdl-93/billowitch/compliant/tc2392.vhd
/root/tools/ghdl_final/bin/ghdl --elab-run c07s03b02x00p07n01i02392ent  --assert-level=error
delete library: work
/root/tools/ghdl_final/bin/ghdl --remove --std=93c --work=work
Test: 1825
/root/tools/ghdl_final/bin/ghdl -a --std=93c vhdl-93/billowitch/compliant/tc2394.vhd
/root/tools/ghdl_final/bin/ghdl --elab-run c07s03b02x00p07n02i02394ent  --assert-level=error
Test: 1826
/root/tools/ghdl_final/bin/ghdl -a --std=93c vhdl-93/billowitch/compliant/tc2395.vhd
/root/tools/ghdl_final/bin/ghdl --elab-run c07s03b02x00p07n02i02395ent  --assert-level=error
Test: 1827
/root/tools/ghdl_final/bin/ghdl -a --std=93c vhdl-93/billowitch/compliant/tc2396.vhd
/root/tools/ghdl_final/bin/ghdl --elab-run c07s03b02x00p07n01i02396ent  --assert-level=error
Test: 1828
/root/tools/ghdl_final/bin/ghdl -a --std=93c vhdl-93/billowitch/compliant/tc2399.vhd
/root/tools/ghdl_final/bin/ghdl --elab-run c07s03b02x00p08n01i02399ent  --assert-level=error
Test: 1829
/root/tools/ghdl_final/bin/ghdl -a --std=93c vhdl-93/billowitch/compliant/tc2400.vhd
/root/tools/ghdl_final/bin/ghdl --elab-run c07s03b02x00p08n02i02400ent  --assert-level=error
Test: 1830
/root/tools/ghdl_final/bin/ghdl -a --std=93c vhdl-93/billowitch/compliant/tc2401.vhd
/root/tools/ghdl_final/bin/ghdl --elab-run c07s03b02x00p08n02i02401ent  --assert-level=error
Test: 1831
/root/tools/ghdl_final/bin/ghdl -a --std=93c vhdl-93/billowitch/compliant/tc2403.vhd
/root/tools/ghdl_final/bin/ghdl --elab-run c07s03b02x00p08n05i02403ent  --assert-level=error
Test: 1832
/root/tools/ghdl_final/bin/ghdl -a --std=93c vhdl-93/billowitch/compliant/tc2404.vhd
/root/tools/ghdl_final/bin/ghdl --elab-run c07s03b02x00p08n05i02404ent  --assert-level=error
Test: 1833
/root/tools/ghdl_final/bin/ghdl -a --std=93c vhdl-93/billowitch/compliant/tc2408.vhd
/root/tools/ghdl_final/bin/ghdl --elab-run c07s03b02x00p08n05i02408ent  --assert-level=error
Test: 1834
/root/tools/ghdl_final/bin/ghdl -a --std=93c vhdl-93/billowitch/compliant/tc2412.vhd
/root/tools/ghdl_final/bin/ghdl --elab-run c07s03b02x00p09n01i02412ent  --assert-level=error
Test: 1835
/root/tools/ghdl_final/bin/ghdl -a --std=93c vhdl-93/billowitch/compliant/tc2415.vhd
/root/tools/ghdl_final/bin/ghdl --elab-run c07s03b02x00p10n01i02415ent  --assert-level=error
Test: 1836
/root/tools/ghdl_final/bin/ghdl -a --std=93c vhdl-93/billowitch/compliant/tc2417.vhd
/root/tools/ghdl_final/bin/ghdl --elab-run c07s03b02x00p10n02i02417ent  --assert-level=error
Test: 1837
/root/tools/ghdl_final/bin/ghdl -a --std=93c vhdl-93/billowitch/compliant/tc2421.vhd
/root/tools/ghdl_final/bin/ghdl --elab-run c07s03b02x01p01n01i02421ent  --assert-level=error
Test: 1838
/root/tools/ghdl_final/bin/ghdl -a --std=93c vhdl-93/billowitch/compliant/tc2425.vhd
/root/tools/ghdl_final/bin/ghdl --elab-run c07s03b02x01p01n02i02425ent  --assert-level=error
Test: 1839
/root/tools/ghdl_final/bin/ghdl -a --std=93c vhdl-93/billowitch/compliant/tc2428.vhd
/root/tools/ghdl_final/bin/ghdl --elab-run c07s03b02x01p01n03i02428ent  --assert-level=error
Test: 1840
/root/tools/ghdl_final/bin/ghdl -a --std=93c vhdl-93/billowitch/compliant/tc2430.vhd
/root/tools/ghdl_final/bin/ghdl --elab-run c07s03b02x01p01n04i02430ent  --assert-level=error
delete library: work
/root/tools/ghdl_final/bin/ghdl --remove --std=93c --work=work
Test: 1841
/root/tools/ghdl_final/bin/ghdl -a --std=93c vhdl-93/billowitch/compliant/tc2432.vhd
/root/tools/ghdl_final/bin/ghdl --elab-run c07s03b02x02p01n01i02432ent  --assert-level=error
Test: 1842
/root/tools/ghdl_final/bin/ghdl -a --std=93c vhdl-93/billowitch/compliant/tc2435.vhd
/root/tools/ghdl_final/bin/ghdl --elab-run c07s03b02x02p01n02i02435ent  --assert-level=error
Test: 1843
/root/tools/ghdl_final/bin/ghdl -a --std=93c vhdl-93/billowitch/compliant/tc2436.vhd
/root/tools/ghdl_final/bin/ghdl --elab-run c07s03b02x02p01n02i02436ent  --assert-level=error
Test: 1844
/root/tools/ghdl_final/bin/ghdl -a --std=93c vhdl-93/billowitch/compliant/tc2439.vhd
/root/tools/ghdl_final/bin/ghdl --elab-run c07s03b02x02p01n01i02439ent  --assert-level=error
Test: 1845
/root/tools/ghdl_final/bin/ghdl -a --std=93c vhdl-93/billowitch/compliant/tc2440.vhd
/root/tools/ghdl_final/bin/ghdl --elab-run c07s03b02x02p01n01i02440ent  --assert-level=error
Test: 1846
/root/tools/ghdl_final/bin/ghdl -a --std=93c vhdl-93/billowitch/compliant/tc2446.vhd
/root/tools/ghdl_final/bin/ghdl --elab-run c07s03b02x02p02n01i02446ent  --assert-level=error
Test: 1847
/root/tools/ghdl_final/bin/ghdl -a --std=93c vhdl-93/billowitch/compliant/tc2448.vhd
/root/tools/ghdl_final/bin/ghdl --elab-run c07s03b02x02p02n02i02448ent  --assert-level=error
Test: 1848
/root/tools/ghdl_final/bin/ghdl -a --std=93c vhdl-93/billowitch/compliant/tc2452.vhd
/root/tools/ghdl_final/bin/ghdl --elab-run c07s03b02x02p03n02i02452ent  --assert-level=error
Test: 1849
/root/tools/ghdl_final/bin/ghdl -a --std=93c vhdl-93/billowitch/compliant/tc2453.vhd
/root/tools/ghdl_final/bin/ghdl --elab-run c07s03b02x02p03n02i02453ent  --assert-level=error
Test: 1850
/root/tools/ghdl_final/bin/ghdl -a --std=93c vhdl-93/billowitch/compliant/tc2454.vhd
Cannot elaborate or run : no top level entity
Test: 1851
/root/tools/ghdl_final/bin/ghdl -a --std=93c vhdl-93/billowitch/compliant/tc2455.vhd
/root/tools/ghdl_final/bin/ghdl --elab-run c07s03b02x02p03n02i02455ent  --assert-level=error
Test: 1852
/root/tools/ghdl_final/bin/ghdl -a --std=93c vhdl-93/billowitch/compliant/tc2456.vhd
/root/tools/ghdl_final/bin/ghdl --elab-run c07s03b02x02p03n02i02456ent  --assert-level=error
Test: 1853
/root/tools/ghdl_final/bin/ghdl -a --std=93c vhdl-93/billowitch/compliant/tc2457.vhd
/root/tools/ghdl_final/bin/ghdl --elab-run c07s03b02x02p03n02i02457ent  --assert-level=error
Test: 1854
/root/tools/ghdl_final/bin/ghdl -a --std=93c vhdl-93/billowitch/compliant/tc2458.vhd
/root/tools/ghdl_final/bin/ghdl --elab-run c07s03b02x02p03n02i02458ent  --assert-level=error
Test: 1855
/root/tools/ghdl_final/bin/ghdl -a --std=93c vhdl-93/billowitch/compliant/tc2459.vhd
/root/tools/ghdl_final/bin/ghdl --elab-run c07s03b02x02p03n02i02459ent  --assert-level=error
Test: 1856
/root/tools/ghdl_final/bin/ghdl -a --std=93c vhdl-93/billowitch/compliant/tc2460.vhd
/root/tools/ghdl_final/bin/ghdl --elab-run c07s03b02x02p03n02i02460ent  --assert-level=error
delete library: work
/root/tools/ghdl_final/bin/ghdl --remove --std=93c --work=work
Test: 1857
/root/tools/ghdl_final/bin/ghdl -a --std=93c vhdl-93/billowitch/compliant/tc2461.vhd
/root/tools/ghdl_final/bin/ghdl --elab-run c07s03b02x02p03n02i02461ent  --assert-level=error
Test: 1858
/root/tools/ghdl_final/bin/ghdl -a --std=93c vhdl-93/billowitch/compliant/tc2462.vhd
/root/tools/ghdl_final/bin/ghdl --elab-run c07s03b02x02p03n02i02462ent  --assert-level=error
Test: 1859
/root/tools/ghdl_final/bin/ghdl -a --std=93c vhdl-93/billowitch/compliant/tc2463.vhd
/root/tools/ghdl_final/bin/ghdl --elab-run c07s03b02x02p03n02i02463ent  --assert-level=error
Test: 1860
/root/tools/ghdl_final/bin/ghdl -a --std=93c vhdl-93/billowitch/compliant/tc2464.vhd
/root/tools/ghdl_final/bin/ghdl --elab-run c07s03b02x02p03n02i02464ent  --assert-level=error
Test: 1861
/root/tools/ghdl_final/bin/ghdl -a --std=93c vhdl-93/billowitch/compliant/tc2465.vhd
/root/tools/ghdl_final/bin/ghdl --elab-run c07s03b02x02p03n02i02465ent  --assert-level=error
Test: 1862
/root/tools/ghdl_final/bin/ghdl -a --std=93c vhdl-93/billowitch/compliant/tc2466.vhd
/root/tools/ghdl_final/bin/ghdl --elab-run c07s03b02x02p03n02i02466ent  --assert-level=error
Test: 1863
/root/tools/ghdl_final/bin/ghdl -a --std=93c vhdl-93/billowitch/compliant/tc2467.vhd
/root/tools/ghdl_final/bin/ghdl --elab-run c07s03b02x02p03n02i02467ent  --assert-level=error
Test: 1864
/root/tools/ghdl_final/bin/ghdl -a --std=93c vhdl-93/billowitch/compliant/tc2471.vhd
/root/tools/ghdl_final/bin/ghdl --elab-run c07s03b02x02p03n02i02471ent  --assert-level=error
Test: 1865
/root/tools/ghdl_final/bin/ghdl -a --std=93c vhdl-93/billowitch/compliant/tc2472.vhd
/root/tools/ghdl_final/bin/ghdl --elab-run c07s03b02x02p03n02i02472ent  --assert-level=error
Test: 1866
/root/tools/ghdl_final/bin/ghdl -a --std=93c vhdl-93/billowitch/compliant/tc2474.vhd
/root/tools/ghdl_final/bin/ghdl --elab-run c07s03b02x02p13n02i02474ent  --assert-level=error
Test: 1867
/root/tools/ghdl_final/bin/ghdl -a --std=93c vhdl-93/billowitch/compliant/tc2475.vhd
/root/tools/ghdl_final/bin/ghdl --elab-run c07s03b02x02p13n02i02475ent  --assert-level=error
Test: 1868
/root/tools/ghdl_final/bin/ghdl -a --std=93c vhdl-93/billowitch/compliant/tc2477.vhd
/root/tools/ghdl_final/bin/ghdl --elab-run c07s03b02x02p13n04i02477ent  --assert-level=error
Test: 1869
/root/tools/ghdl_final/bin/ghdl -a --std=93c vhdl-93/billowitch/compliant/tc2478.vhd
/root/tools/ghdl_final/bin/ghdl --elab-run c07s03b02x02p13n04i02478ent  --assert-level=error
Test: 1870
/root/tools/ghdl_final/bin/ghdl -a --std=93c vhdl-93/billowitch/compliant/tc2479.vhd
/root/tools/ghdl_final/bin/ghdl --elab-run c07s03b02x02p13n04i02479ent  --assert-level=error
Test: 1871
/root/tools/ghdl_final/bin/ghdl -a --std=93c vhdl-93/billowitch/compliant/tc2480.vhd
/root/tools/ghdl_final/bin/ghdl --elab-run c07s03b02x02p13n04i02480ent  --assert-level=error
Test: 1872
/root/tools/ghdl_final/bin/ghdl -a --std=93c vhdl-93/billowitch/compliant/tc2481.vhd
/root/tools/ghdl_final/bin/ghdl --elab-run c07s03b03x00p01n02i02481ent  --assert-level=error
delete library: work
/root/tools/ghdl_final/bin/ghdl --remove --std=93c --work=work
Test: 1873
/root/tools/ghdl_final/bin/ghdl -a --std=93c vhdl-93/billowitch/compliant/tc2483.vhd
/root/tools/ghdl_final/bin/ghdl --elab-run c07s03b03x00p01n01i02483ent  --assert-level=error
Test: 1874
/root/tools/ghdl_final/bin/ghdl -a --std=93c vhdl-93/billowitch/compliant/tc2484.vhd
/root/tools/ghdl_final/bin/ghdl --elab-run c07s03b03x00p01n02i02484ent  --assert-level=error
Test: 1875
/root/tools/ghdl_final/bin/ghdl -a --std=93c vhdl-93/billowitch/compliant/tc2485.vhd
/root/tools/ghdl_final/bin/ghdl --elab-run c07s03b03x00p02n01i02485ent  --assert-level=error
Test: 1876
/root/tools/ghdl_final/bin/ghdl -a --std=93c vhdl-93/billowitch/compliant/tc2486.vhd
/root/tools/ghdl_final/bin/ghdl --elab-run c07s03b03x00p02n01i02486ent  --assert-level=error
Test: 1877
/root/tools/ghdl_final/bin/ghdl -a --std=93c vhdl-93/billowitch/compliant/tc2487.vhd
/root/tools/ghdl_final/bin/ghdl --elab-run c07s03b03x00p02n01i02487ent  --assert-level=error
Test: 1878
/root/tools/ghdl_final/bin/ghdl -a --std=93c vhdl-93/billowitch/compliant/tc2494.vhd
/root/tools/ghdl_final/bin/ghdl --elab-run c07s03b03x00p04n02i02494ent  --assert-level=error
Test: 1879
/root/tools/ghdl_final/bin/ghdl -a --std=93c vhdl-93/billowitch/compliant/tc2495.vhd
/root/tools/ghdl_final/bin/ghdl --elab-run c07s03b03x00p04n02i02495ent  --assert-level=error
Test: 1880
/root/tools/ghdl_final/bin/ghdl -a --std=93c vhdl-93/billowitch/compliant/tc2496.vhd
/root/tools/ghdl_final/bin/ghdl --elab-run c07s03b03x00p04n02i02496ent  --assert-level=error
Test: 1881
/root/tools/ghdl_final/bin/ghdl -a --std=93c vhdl-93/billowitch/compliant/tc2499.vhd
/root/tools/ghdl_final/bin/ghdl --elab-run c07s03b03x00p05n01i02499ent  --assert-level=error
Test: 1882
/root/tools/ghdl_final/bin/ghdl -a --std=93c vhdl-93/billowitch/compliant/tc2500.vhd
/root/tools/ghdl_final/bin/ghdl --elab-run c07s03b03x00p05n01i02500ent  --assert-level=error
Test: 1883
/root/tools/ghdl_final/bin/ghdl -a --std=93c vhdl-93/billowitch/compliant/tc2501.vhd
/root/tools/ghdl_final/bin/ghdl --elab-run c07s03b04x00p02n01i02501ent  --assert-level=error
Test: 1884
/root/tools/ghdl_final/bin/ghdl -a --std=93c vhdl-93/billowitch/compliant/tc2502.vhd
/root/tools/ghdl_final/bin/ghdl --elab-run c07s03b04x00p02n01i02502ent  --assert-level=error
Test: 1885
/root/tools/ghdl_final/bin/ghdl -a --std=93c vhdl-93/billowitch/compliant/tc2506.vhd
/root/tools/ghdl_final/bin/ghdl --elab-run c07s03b04x00p03n01i02506ent  --assert-level=error
Test: 1886
/root/tools/ghdl_final/bin/ghdl -a --std=93c vhdl-93/billowitch/compliant/tc2511.vhd
/root/tools/ghdl_final/bin/ghdl --elab-run c07s03b04x00p03n03i02511ent  --assert-level=error
Test: 1887
/root/tools/ghdl_final/bin/ghdl -a --std=93c vhdl-93/billowitch/compliant/tc2513.vhd
/root/tools/ghdl_final/bin/ghdl --elab-run c07s03b05x00p02n01i02513ent  --assert-level=error
Test: 1888
/root/tools/ghdl_final/bin/ghdl -a --std=93c vhdl-93/billowitch/compliant/tc2515.vhd
/root/tools/ghdl_final/bin/ghdl --elab-run c07s03b05x00p03n02i02515ent  --assert-level=error
delete library: work
/root/tools/ghdl_final/bin/ghdl --remove --std=93c --work=work
Test: 1889
/root/tools/ghdl_final/bin/ghdl -a --std=93c vhdl-93/billowitch/compliant/tc2519.vhd
/root/tools/ghdl_final/bin/ghdl --elab-run c07s03b05x00p03n04i02519ent  --assert-level=error
Test: 1890
/root/tools/ghdl_final/bin/ghdl -a --std=93c vhdl-93/billowitch/compliant/tc2520.vhd
/root/tools/ghdl_final/bin/ghdl --elab-run c07s03b05x00p03n04i02520ent  --assert-level=error
Test: 1891
/root/tools/ghdl_final/bin/ghdl -a --std=93c vhdl-93/billowitch/compliant/tc2522.vhd
/root/tools/ghdl_final/bin/ghdl --elab-run c07s03b05x00p04n01i02522ent  --assert-level=error
Test: 1892
/root/tools/ghdl_final/bin/ghdl -a --std=93c vhdl-93/billowitch/compliant/tc2524.vhd
/root/tools/ghdl_final/bin/ghdl --elab-run c07s03b05x00p05n02i02524ent  --assert-level=error
Test: 1893
/root/tools/ghdl_final/bin/ghdl -a --std=93c vhdl-93/billowitch/compliant/tc2525.vhd
/root/tools/ghdl_final/bin/ghdl --elab-run c07s03b05x00p06n02i02525ent  --assert-level=error
Test: 1894
/root/tools/ghdl_final/bin/ghdl -a --std=93c vhdl-93/billowitch/compliant/tc2527.vhd
/root/tools/ghdl_final/bin/ghdl --elab-run c07s03b05x00p06n04i02527ent  --assert-level=error
Test: 1895
/root/tools/ghdl_final/bin/ghdl -a --std=93c vhdl-93/billowitch/compliant/tc2528.vhd
/root/tools/ghdl_final/bin/ghdl --elab-run c07s03b05x00p06n04i02528ent  --assert-level=error
Test: 1896
/root/tools/ghdl_final/bin/ghdl -a --std=93c vhdl-93/billowitch/compliant/tc2529.vhd
/root/tools/ghdl_final/bin/ghdl --elab-run c07s03b05x00p06n04i02529ent  --assert-level=error
Test: 1897
/root/tools/ghdl_final/bin/ghdl -a --std=93c vhdl-93/billowitch/compliant/tc2530.vhd
/root/tools/ghdl_final/bin/ghdl --elab-run c07s03b05x00p06n04i02530ent  --assert-level=error
Test: 1898
/root/tools/ghdl_final/bin/ghdl -a --std=93c vhdl-93/billowitch/compliant/tc2531.vhd
/root/tools/ghdl_final/bin/ghdl --elab-run c07s03b05x00p06n02i02531ent  --assert-level=error
Test: 1899
/root/tools/ghdl_final/bin/ghdl -a --std=93c vhdl-93/billowitch/compliant/tc2532.vhd
/root/tools/ghdl_final/bin/ghdl --elab-run c07s03b05x00p06n02i02532ent  --assert-level=error
Test: 1900
/root/tools/ghdl_final/bin/ghdl -a --std=93c vhdl-93/billowitch/compliant/tc2533.vhd
/root/tools/ghdl_final/bin/ghdl --elab-run c07s03b05x00p10n01i02533ent  --assert-level=error
Test: 1901
/root/tools/ghdl_final/bin/ghdl -a --std=93c vhdl-93/billowitch/compliant/tc2535.vhd
/root/tools/ghdl_final/bin/ghdl --elab-run c07s03b05x00p13n03i02535ent  --assert-level=error
Test: 1902
/root/tools/ghdl_final/bin/ghdl -a --std=93c vhdl-93/billowitch/compliant/tc2546.vhd
/root/tools/ghdl_final/bin/ghdl --elab-run c07s03b05x00p14n01i02546ent  --assert-level=error
Test: 1903
/root/tools/ghdl_final/bin/ghdl -a --std=93c vhdl-93/billowitch/compliant/tc2547.vhd
/root/tools/ghdl_final/bin/ghdl --elab-run c07s03b05x00p14n01i02547ent  --assert-level=error
Test: 1904
/root/tools/ghdl_final/bin/ghdl -a --std=93c vhdl-93/billowitch/compliant/tc2550.vhd
/root/tools/ghdl_final/bin/ghdl --elab-run c07s03b05x00p08n01i02550ent  --assert-level=error
delete library: work
/root/tools/ghdl_final/bin/ghdl --remove --std=93c --work=work
Test: 1905
/root/tools/ghdl_final/bin/ghdl -a --std=93c vhdl-93/billowitch/compliant/tc2551.vhd
/root/tools/ghdl_final/bin/ghdl --elab-run c07s03b06x00p02n01i02551ent  --assert-level=error
Test: 1906
/root/tools/ghdl_final/bin/ghdl -a --std=93c vhdl-93/billowitch/compliant/tc2558.vhd
/root/tools/ghdl_final/bin/ghdl --elab-run c07s03b06x00p03n02i02558ent  --assert-level=error
Test: 1907
/root/tools/ghdl_final/bin/ghdl -a --std=93c vhdl-93/billowitch/compliant/tc2559.vhd
/root/tools/ghdl_final/bin/ghdl --elab-run c07s03b06x00p05n01i02559ent  --assert-level=error
Test: 1908
/root/tools/ghdl_final/bin/ghdl -a --std=93c vhdl-93/billowitch/compliant/tc2562.vhd
/root/tools/ghdl_final/bin/ghdl --elab-run c07s03b06x00p06n02i02562ent  --assert-level=error
Test: 1909
/root/tools/ghdl_final/bin/ghdl -a --std=93c vhdl-93/billowitch/compliant/tc2563.vhd
/root/tools/ghdl_final/bin/ghdl --elab-run c07s03b06x00p06n03i02563ent  --assert-level=error
Test: 1910
/root/tools/ghdl_final/bin/ghdl -a --std=93c vhdl-93/billowitch/compliant/tc2564.vhd
/root/tools/ghdl_final/bin/ghdl --elab-run c07s03b06x00p08n01i02564ent  --assert-level=error
Test: 1911
/root/tools/ghdl_final/bin/ghdl -a --std=93c vhdl-93/billowitch/compliant/tc2565.vhd
/root/tools/ghdl_final/bin/ghdl --elab-run c07s04b01x00p08n01i02565ent  --assert-level=error
Test: 1912
/root/tools/ghdl_final/bin/ghdl -a --std=93c vhdl-93/billowitch/compliant/tc2566.vhd
/root/tools/ghdl_final/bin/ghdl --elab-run c07s04b02x00p15n01i02566ent  --assert-level=error
Test: 1913
/root/tools/ghdl_final/bin/ghdl -a --std=93c vhdl-93/billowitch/compliant/tc2567.vhd
/root/tools/ghdl_final/bin/ghdl --elab-run c07s05b00x00p02n01i02567ent  --assert-level=error
Test: 1914
/root/tools/ghdl_final/bin/ghdl -a --std=93c vhdl-93/billowitch/compliant/tc2569.vhd
/root/tools/ghdl_final/bin/ghdl --elab-run c07s05b00x00p16n02i02569ent  --assert-level=error
Test: 1915
/root/tools/ghdl_final/bin/ghdl -a --std=93c vhdl-93/billowitch/compliant/tc2570.vhd
/root/tools/ghdl_final/bin/ghdl --elab-run c07s05b00x00p16n02i02570ent  --assert-level=error
Test: 1916
/root/tools/ghdl_final/bin/ghdl -a --std=93c vhdl-93/billowitch/compliant/tc2573.vhd
/root/tools/ghdl_final/bin/ghdl --elab-run c13s02b00x00p02n01i02573ent  --assert-level=error
Test: 1917
/root/tools/ghdl_final/bin/ghdl -a --std=93c vhdl-93/billowitch/compliant/tc2575.vhd
/root/tools/ghdl_final/bin/ghdl --elab-run c13s02b00x00p02n02i02575ent  --assert-level=error
Test: 1918
/root/tools/ghdl_final/bin/ghdl -a --std=93c vhdl-93/billowitch/compliant/tc2578.vhd
/root/tools/ghdl_final/bin/ghdl --elab-run c13s02b00x00p05n01i02578ent  --assert-level=error
Test: 1919
/root/tools/ghdl_final/bin/ghdl -a --std=93c vhdl-93/billowitch/compliant/tc258.vhd
/root/tools/ghdl_final/bin/ghdl --elab-run c03s01b02x00p08n01i00258ent  --assert-level=error
Test: 1920
/root/tools/ghdl_final/bin/ghdl -a --std=93c vhdl-93/billowitch/compliant/tc2642.vhd
/root/tools/ghdl_final/bin/ghdl --elab-run c13s03b01x00p02n01i02642ent  --assert-level=error
delete library: work
/root/tools/ghdl_final/bin/ghdl --remove --std=93c --work=work
Test: 1921
/root/tools/ghdl_final/bin/ghdl -a --std=93c vhdl-93/billowitch/compliant/tc2643.vhd
/root/tools/ghdl_final/bin/ghdl --elab-run c13s03b01x00p02n01i02643ent  --assert-level=error
Test: 1922
/root/tools/ghdl_final/bin/ghdl -a --std=93c vhdl-93/billowitch/compliant/tc2675.vhd
/root/tools/ghdl_final/bin/ghdl --elab-run c13s03b01x00p04n01i02675ent  --assert-level=error
Test: 1923
/root/tools/ghdl_final/bin/ghdl -a --std=93c vhdl-93/billowitch/compliant/tc2676.vhd
/root/tools/ghdl_final/bin/ghdl --elab-run c13s03b01x00p05n01i02676ent  --assert-level=error
Test: 1924
/root/tools/ghdl_final/bin/ghdl -a --std=93c vhdl-93/billowitch/compliant/tc2677.vhd
/root/tools/ghdl_final/bin/ghdl --elab-run c13s03b01x00p05n01i02677ent  --assert-level=error
Test: 1925
/root/tools/ghdl_final/bin/ghdl -a --std=93c vhdl-93/billowitch/compliant/tc2679.vhd
/root/tools/ghdl_final/bin/ghdl --elab-run c13s03b01x00p05n02i02679ent  --assert-level=error
Test: 1926
/root/tools/ghdl_final/bin/ghdl -a --std=93c vhdl-93/billowitch/compliant/tc2690.vhd
/root/tools/ghdl_final/bin/ghdl --elab-run c13s04b01x00p02n01i02690ent  --assert-level=error
Test: 1927
/root/tools/ghdl_final/bin/ghdl -a --std=93c vhdl-93/billowitch/compliant/tc2697.vhd
/root/tools/ghdl_final/bin/ghdl --elab-run c13s04b01x00p05n01i02697ent  --assert-level=error
Test: 1928
/root/tools/ghdl_final/bin/ghdl -a --std=93c vhdl-93/billowitch/compliant/tc2698.vhd
/root/tools/ghdl_final/bin/ghdl --elab-run c13s04b01x00p05n01i02698ent  --assert-level=error
Test: 1929
/root/tools/ghdl_final/bin/ghdl -a --std=93c vhdl-93/billowitch/compliant/tc2699.vhd
/root/tools/ghdl_final/bin/ghdl --elab-run c13s04b01x00p05n01i02699ent  --assert-level=error
Test: 1930
/root/tools/ghdl_final/bin/ghdl -a --std=93c vhdl-93/billowitch/compliant/tc2700.vhd
/root/tools/ghdl_final/bin/ghdl --elab-run c13s04b01x00p05n02i02700ent  --assert-level=error
Test: 1931
/root/tools/ghdl_final/bin/ghdl -a --std=93c vhdl-93/billowitch/compliant/tc2701.vhd
/root/tools/ghdl_final/bin/ghdl --elab-run c13s04b01x00p05n02i02701ent  --assert-level=error
Test: 1932
/root/tools/ghdl_final/bin/ghdl -a --std=93c vhdl-93/billowitch/compliant/tc2702.vhd
/root/tools/ghdl_final/bin/ghdl --elab-run c13s04b01x00p05n02i02702ent  --assert-level=error
Test: 1933
/root/tools/ghdl_final/bin/ghdl -a --std=93c vhdl-93/billowitch/compliant/tc2703.vhd
/root/tools/ghdl_final/bin/ghdl --elab-run c13s04b01x00p06n01i02703ent  --assert-level=error
Test: 1934
/root/tools/ghdl_final/bin/ghdl -a --std=93c vhdl-93/billowitch/compliant/tc2704.vhd
/root/tools/ghdl_final/bin/ghdl --elab-run c13s04b01x00p06n01i02704ent  --assert-level=error
Test: 1935
/root/tools/ghdl_final/bin/ghdl -a --std=93c vhdl-93/billowitch/compliant/tc2705.vhd
/root/tools/ghdl_final/bin/ghdl --elab-run c13s04b01x00p06n01i02705ent  --assert-level=error
Test: 1936
/root/tools/ghdl_final/bin/ghdl -a --std=93c vhdl-93/billowitch/compliant/tc2707.vhd
/root/tools/ghdl_final/bin/ghdl --elab-run c13s04b01x00p11n01i02707ent  --assert-level=error
delete library: work
/root/tools/ghdl_final/bin/ghdl --remove --std=93c --work=work
Test: 1937
/root/tools/ghdl_final/bin/ghdl -a --std=93c vhdl-93/billowitch/compliant/tc2708.vhd
/root/tools/ghdl_final/bin/ghdl --elab-run c13s04b01x00p11n01i02708ent  --assert-level=error
Test: 1938
/root/tools/ghdl_final/bin/ghdl -a --std=93c vhdl-93/billowitch/compliant/tc2709.vhd
/root/tools/ghdl_final/bin/ghdl --elab-run c13s04b01x00p13n01i02709ent  --assert-level=error
Test: 1939
/root/tools/ghdl_final/bin/ghdl -a --std=93c vhdl-93/billowitch/compliant/tc2710.vhd
/root/tools/ghdl_final/bin/ghdl --elab-run c13s04b01x00p11n01i02710ent  --assert-level=error
Test: 1940
/root/tools/ghdl_final/bin/ghdl -a --std=93c vhdl-93/billowitch/compliant/tc2711.vhd
/root/tools/ghdl_final/bin/ghdl --elab-run c13s04b02x00p01n01i02711ent  --assert-level=error
Test: 1941
/root/tools/ghdl_final/bin/ghdl -a --std=93c vhdl-93/billowitch/compliant/tc2712.vhd
/root/tools/ghdl_final/bin/ghdl --elab-run c13s04b02x00p01n01i02712ent  --assert-level=error
Test: 1942
/root/tools/ghdl_final/bin/ghdl -a --std=93c vhdl-93/billowitch/compliant/tc2713.vhd
/root/tools/ghdl_final/bin/ghdl --elab-run c13s04b02x00p01n01i02713ent  --assert-level=error
Test: 1943
/root/tools/ghdl_final/bin/ghdl -a --std=93c vhdl-93/billowitch/compliant/tc2718.vhd
/root/tools/ghdl_final/bin/ghdl --elab-run c13s04b02x00p02n01i02718ent  --assert-level=error
Test: 1944
/root/tools/ghdl_final/bin/ghdl -a --std=93c vhdl-93/billowitch/compliant/tc2719.vhd
/root/tools/ghdl_final/bin/ghdl --elab-run c13s04b02x00p03n01i02719ent  --assert-level=error
Test: 1945
/root/tools/ghdl_final/bin/ghdl -a --std=93c vhdl-93/billowitch/compliant/tc2722.vhd
/root/tools/ghdl_final/bin/ghdl --elab-run c13s04b02x00p06n01i02722ent  --assert-level=error
Test: 1946
/root/tools/ghdl_final/bin/ghdl -a --std=93c vhdl-93/billowitch/compliant/tc2724.vhd
/root/tools/ghdl_final/bin/ghdl --elab-run c13s04b02x00p06n04i02724ent  --assert-level=error
Test: 1947
/root/tools/ghdl_final/bin/ghdl -a --std=93c vhdl-93/billowitch/compliant/tc2725.vhd
/root/tools/ghdl_final/bin/ghdl --elab-run c13s04b02x00p06n03i02725ent  --assert-level=error
Test: 1948
/root/tools/ghdl_final/bin/ghdl -a --std=93c vhdl-93/billowitch/compliant/tc2726.vhd
/root/tools/ghdl_final/bin/ghdl --elab-run c13s04b02x00p07n02i02726ent  --assert-level=error
Test: 1949
/root/tools/ghdl_final/bin/ghdl -a --std=93c vhdl-93/billowitch/compliant/tc2733.vhd
/root/tools/ghdl_final/bin/ghdl --elab-run c13s05b00x00p01n01i02733ent  --assert-level=error
Test: 1950
/root/tools/ghdl_final/bin/ghdl -a --std=93c vhdl-93/billowitch/compliant/tc2734.vhd
/root/tools/ghdl_final/bin/ghdl --elab-run c13s05b00x00p01n01i02734ent  --assert-level=error
Test: 1951
/root/tools/ghdl_final/bin/ghdl -a --std=93c vhdl-93/billowitch/compliant/tc2735.vhd
/root/tools/ghdl_final/bin/ghdl --elab-run c13s06b00x00p01n01i02735ent  --assert-level=error
Test: 1952
/root/tools/ghdl_final/bin/ghdl -a --std=93c vhdl-93/billowitch/compliant/tc2736.vhd
/root/tools/ghdl_final/bin/ghdl --elab-run c13s06b00x00p01n01i02736ent  --assert-level=error
delete library: work
/root/tools/ghdl_final/bin/ghdl --remove --std=93c --work=work
Test: 1953
/root/tools/ghdl_final/bin/ghdl -a --std=93c vhdl-93/billowitch/compliant/tc2737.vhd
/root/tools/ghdl_final/bin/ghdl --elab-run c13s06b00x00p03n01i02737ent  --assert-level=error
Test: 1954
/root/tools/ghdl_final/bin/ghdl -a --std=93c vhdl-93/billowitch/compliant/tc2738.vhd
/root/tools/ghdl_final/bin/ghdl --elab-run c13s06b00x00p03n02i02738ent  --assert-level=error
Test: 1955
/root/tools/ghdl_final/bin/ghdl -a --std=93c vhdl-93/billowitch/compliant/tc2739.vhd
/root/tools/ghdl_final/bin/ghdl --elab-run c13s06b00x00p03n01i02739ent  --assert-level=error
Test: 1956
/root/tools/ghdl_final/bin/ghdl -a --std=93c vhdl-93/billowitch/compliant/tc2740.vhd
/root/tools/ghdl_final/bin/ghdl --elab-run c13s06b00x00p03n02i02740ent  --assert-level=error
Test: 1957
/root/tools/ghdl_final/bin/ghdl -a --std=93c vhdl-93/billowitch/compliant/tc2742.vhd
/root/tools/ghdl_final/bin/ghdl --elab-run c13s06b00x00p04n01i02742ent  --assert-level=error
Test: 1958
/root/tools/ghdl_final/bin/ghdl -a --std=93c vhdl-93/billowitch/compliant/tc2743.vhd
/root/tools/ghdl_final/bin/ghdl --elab-run c13s06b00x00p04n01i02743ent  --assert-level=error
Test: 1959
/root/tools/ghdl_final/bin/ghdl -a --std=93c vhdl-93/billowitch/compliant/tc2744.vhd
/root/tools/ghdl_final/bin/ghdl --elab-run c13s06b00x00p04n02i02744ent  --assert-level=error
Test: 1960
/root/tools/ghdl_final/bin/ghdl -a --std=93c vhdl-93/billowitch/compliant/tc2745.vhd
/root/tools/ghdl_final/bin/ghdl --elab-run c13s06b00x00p10n01i02745ent  --assert-level=error
Test: 1961
/root/tools/ghdl_final/bin/ghdl -a --std=93c vhdl-93/billowitch/compliant/tc2747.vhd
/root/tools/ghdl_final/bin/ghdl --elab-run c13s07b00x00p02n01i02747ent  --assert-level=error
Test: 1962
/root/tools/ghdl_final/bin/ghdl -a --std=93c vhdl-93/billowitch/compliant/tc2758.vhd
/root/tools/ghdl_final/bin/ghdl --elab-run c13s07b00x00p05n01i02758ent  --assert-level=error
Test: 1963
/root/tools/ghdl_final/bin/ghdl -a --std=93c vhdl-93/billowitch/compliant/tc2759.vhd
/root/tools/ghdl_final/bin/ghdl --elab-run c13s07b00x00p05n02i02759ent  --assert-level=error
Test: 1964
/root/tools/ghdl_final/bin/ghdl -a --std=93c vhdl-93/billowitch/compliant/tc2760.vhd
/root/tools/ghdl_final/bin/ghdl --elab-run c13s07b00x00p05n03i02760ent  --assert-level=error
Test: 1965
/root/tools/ghdl_final/bin/ghdl -a --std=93c vhdl-93/billowitch/compliant/tc2761.vhd
/root/tools/ghdl_final/bin/ghdl --elab-run c13s07b00x00p05n01i02761ent  --assert-level=error
Test: 1966
/root/tools/ghdl_final/bin/ghdl -a --std=93c vhdl-93/billowitch/compliant/tc2765.vhd
/root/tools/ghdl_final/bin/ghdl --elab-run c13s07b00x00p06n02i02765ent  --assert-level=error
Test: 1967
/root/tools/ghdl_final/bin/ghdl -a --std=93c vhdl-93/billowitch/compliant/tc2767.vhd
/root/tools/ghdl_final/bin/ghdl --elab-run c13s07b00x00p08n01i02767ent  --assert-level=error
Test: 1968
/root/tools/ghdl_final/bin/ghdl -a --std=93c vhdl-93/billowitch/compliant/tc2768.vhd
/root/tools/ghdl_final/bin/ghdl --elab-run c13s07b00x00p08n01i02768ent  --assert-level=error
delete library: work
/root/tools/ghdl_final/bin/ghdl --remove --std=93c --work=work
Test: 1969
/root/tools/ghdl_final/bin/ghdl -a --std=93c vhdl-93/billowitch/compliant/tc2769.vhd
/root/tools/ghdl_final/bin/ghdl --elab-run c13s07b00x00p09n01i02769ent  --assert-level=error
Test: 1970
/root/tools/ghdl_final/bin/ghdl -a --std=93c vhdl-93/billowitch/compliant/tc2771.vhd
Cannot elaborate or run : no top level entity
Test: 1971
/root/tools/ghdl_final/bin/ghdl -a --std=93c vhdl-93/billowitch/compliant/tc2853.vhd
/root/tools/ghdl_final/bin/ghdl --elab-run c13s10b00x00p02n01i02853ent  --assert-level=error
Test: 1972
/root/tools/ghdl_final/bin/ghdl -a --std=93c vhdl-93/billowitch/compliant/tc2854.vhd
/root/tools/ghdl_final/bin/ghdl --elab-run c13s10b00x00p03n01i02854ent  --assert-level=error
Test: 1973
/root/tools/ghdl_final/bin/ghdl -a --std=93c vhdl-93/billowitch/compliant/tc2860.vhd
/root/tools/ghdl_final/bin/ghdl --elab-run c13s10b00x00p04n02i02860ent  --assert-level=error
Test: 1974
/root/tools/ghdl_final/bin/ghdl -a --std=93c vhdl-93/billowitch/compliant/tc2861.vhd
/root/tools/ghdl_final/bin/ghdl --elab-run c13s10b00x00p03n01i02861ent  --assert-level=error
Test: 1975
/root/tools/ghdl_final/bin/ghdl -a --std=93c vhdl-93/billowitch/compliant/tc2862.vhd
/root/tools/ghdl_final/bin/ghdl --elab-run c13s10b00x00p04n03i02862ent  --assert-level=error
Test: 1976
/root/tools/ghdl_final/bin/ghdl -a --std=93c vhdl-93/billowitch/compliant/tc2863.vhd
/root/tools/ghdl_final/bin/ghdl --elab-run c02s01b00x00p03n01i02863ent  --assert-level=error
Test: 1977
/root/tools/ghdl_final/bin/ghdl -a --std=93c vhdl-93/billowitch/compliant/tc2864.vhd
/root/tools/ghdl_final/bin/ghdl --elab-run c02s01b00x00p03n01i02864ent  --assert-level=error
Test: 1978
/root/tools/ghdl_final/bin/ghdl -a --std=93c vhdl-93/billowitch/compliant/tc2865.vhd
/root/tools/ghdl_final/bin/ghdl --elab-run c02s01b00x00p03n01i02865ent  --assert-level=error
Test: 1979
/root/tools/ghdl_final/bin/ghdl -a --std=93c vhdl-93/billowitch/compliant/tc2866.vhd
/root/tools/ghdl_final/bin/ghdl --elab-run c02s01b00x00p03n01i02866ent  --assert-level=error
Test: 1980
/root/tools/ghdl_final/bin/ghdl -a --std=93c vhdl-93/billowitch/compliant/tc2868.vhd
/root/tools/ghdl_final/bin/ghdl --elab-run c02s01b00x00p03n01i02868ent  --assert-level=error
Test: 1981
/root/tools/ghdl_final/bin/ghdl -a --std=93c vhdl-93/billowitch/compliant/tc2870.vhd
/root/tools/ghdl_final/bin/ghdl --elab-run c02s01b00x00p03n01i02870ent  --assert-level=error
Test: 1982
/root/tools/ghdl_final/bin/ghdl -a --std=93c vhdl-93/billowitch/compliant/tc2874.vhd
/root/tools/ghdl_final/bin/ghdl --elab-run c02s01b00x00p06n05i02874ent  --assert-level=error
Test: 1983
/root/tools/ghdl_final/bin/ghdl -a --std=93c vhdl-93/billowitch/compliant/tc2876.vhd
/root/tools/ghdl_final/bin/ghdl --elab-run c02s01b00x00p06n04i02876ent  --assert-level=error
Test: 1984
/root/tools/ghdl_final/bin/ghdl -a --std=93c vhdl-93/billowitch/compliant/tc2879.vhd
/root/tools/ghdl_final/bin/ghdl --elab-run c02s01b00x00p07n01i02879ent  --assert-level=error
delete library: work
/root/tools/ghdl_final/bin/ghdl --remove --std=93c --work=work
Test: 1985
/root/tools/ghdl_final/bin/ghdl -a --std=93c vhdl-93/billowitch/compliant/tc2880.vhd
/root/tools/ghdl_final/bin/ghdl --elab-run c02s01b00x00p07n01i02880ent  --assert-level=error
Test: 1986
/root/tools/ghdl_final/bin/ghdl -a --std=93c vhdl-93/billowitch/compliant/tc2881.vhd
/root/tools/ghdl_final/bin/ghdl --elab-run c02s01b00x00p07n01i02881ent  --assert-level=error
Test: 1987
/root/tools/ghdl_final/bin/ghdl -a --std=93c vhdl-93/billowitch/compliant/tc2882.vhd
/root/tools/ghdl_final/bin/ghdl --elab-run c02s01b00x00p07n01i02882ent  --assert-level=error
Test: 1988
/root/tools/ghdl_final/bin/ghdl -a --std=93c vhdl-93/billowitch/compliant/tc2883.vhd
/root/tools/ghdl_final/bin/ghdl --elab-run c02s01b01x00p03n01i02883ent  --assert-level=error
Test: 1989
/root/tools/ghdl_final/bin/ghdl -a --std=93c vhdl-93/billowitch/compliant/tc2900.vhd
/root/tools/ghdl_final/bin/ghdl --elab-run c02s01b01x01p02n02i02900ent  --assert-level=error
Test: 1990
/root/tools/ghdl_final/bin/ghdl -a --std=93c vhdl-93/billowitch/compliant/tc2901.vhd
/root/tools/ghdl_final/bin/ghdl --elab-run c02s01b01x01p02n03i02901ent  --assert-level=error
Test: 1991
/root/tools/ghdl_final/bin/ghdl -a --std=93c vhdl-93/billowitch/compliant/tc2902.vhd
/root/tools/ghdl_final/bin/ghdl --elab-run c02s01b01x01p02n02i02902ent  --assert-level=error
Test: 1992
/root/tools/ghdl_final/bin/ghdl -a --std=93c vhdl-93/billowitch/compliant/tc2903.vhd
/root/tools/ghdl_final/bin/ghdl --elab-run c02s01b01x01p02n02i02903ent  --assert-level=error
Test: 1993
/root/tools/ghdl_final/bin/ghdl -a --std=93c vhdl-93/billowitch/compliant/tc2904.vhd
/root/tools/ghdl_final/bin/ghdl --elab-run c02s01b01x01p02n03i02904ent  --assert-level=error
Test: 1994
/root/tools/ghdl_final/bin/ghdl -a --std=93c vhdl-93/billowitch/compliant/tc2917.vhd
/root/tools/ghdl_final/bin/ghdl --elab-run c02s01b01x02p05n01i02917ent  --assert-level=error
Test: 1995
/root/tools/ghdl_final/bin/ghdl -a --std=93c vhdl-93/billowitch/compliant/tc2918.vhd
/root/tools/ghdl_final/bin/ghdl --elab-run c02s01b01x02p06n01i02918ent  --assert-level=error
Test: 1996
/root/tools/ghdl_final/bin/ghdl -a --std=93c vhdl-93/billowitch/compliant/tc2932.vhd
/root/tools/ghdl_final/bin/ghdl --elab-run c02s02b00x00p07n01i02932ent  --assert-level=error
Test: 1997
/root/tools/ghdl_final/bin/ghdl -a --std=93c vhdl-93/billowitch/compliant/tc2945.vhd
/root/tools/ghdl_final/bin/ghdl --elab-run c02s02b00x00p07n05i02945ent  --assert-level=error
Test: 1998
/root/tools/ghdl_final/bin/ghdl -a --std=93c vhdl-93/billowitch/compliant/tc2948.vhd
/root/tools/ghdl_final/bin/ghdl --elab-run c02s02b00x00p08n02i02948ent  --assert-level=error
Test: 1999
/root/tools/ghdl_final/bin/ghdl -a --std=93c vhdl-93/billowitch/compliant/tc2949.vhd
/root/tools/ghdl_final/bin/ghdl --elab-run c02s02b00x00p12n01i02949ent  --assert-level=error
Test: 2000
/root/tools/ghdl_final/bin/ghdl -a --std=93c vhdl-93/billowitch/compliant/tc2950.vhd
/root/tools/ghdl_final/bin/ghdl --elab-run c02s02b00x00p12n01i02950ent  --assert-level=error
delete library: work
/root/tools/ghdl_final/bin/ghdl --remove --std=93c --work=work
Test: 2001
/root/tools/ghdl_final/bin/ghdl -a --std=93c vhdl-93/billowitch/compliant/tc2951.vhd
/root/tools/ghdl_final/bin/ghdl --elab-run c02s02b00x00p12n01i02951ent  --assert-level=error
Test: 2002
/root/tools/ghdl_final/bin/ghdl -a --std=93c vhdl-93/billowitch/compliant/tc2952.vhd
/root/tools/ghdl_final/bin/ghdl --elab-run c02s02b00x00p24n01i02952ent  --assert-level=error
Test: 2003
/root/tools/ghdl_final/bin/ghdl -a --std=93c vhdl-93/billowitch/compliant/tc2955.vhd
/root/tools/ghdl_final/bin/ghdl --elab-run c02s02b00x00p02n01i02955ent  --assert-level=error
Test: 2004
/root/tools/ghdl_final/bin/ghdl -a --std=93c vhdl-93/billowitch/compliant/tc2959.vhd
Cannot elaborate or run : no top level entity
Test: 2005
/root/tools/ghdl_final/bin/ghdl -a --std=93c vhdl-93/billowitch/compliant/tc2960.vhd
Cannot elaborate or run : no top level entity
Test: 2006
/root/tools/ghdl_final/bin/ghdl -a --std=93c vhdl-93/billowitch/compliant/tc2961.vhd
Cannot elaborate or run : no top level entity
Test: 2007
/root/tools/ghdl_final/bin/ghdl -a --std=93c vhdl-93/billowitch/compliant/tc2962.vhd
Cannot elaborate or run : no top level entity
Test: 2008
/root/tools/ghdl_final/bin/ghdl -a --std=93c vhdl-93/billowitch/compliant/tc2964.vhd
/root/tools/ghdl_final/bin/ghdl --elab-run c02s03b00x00p03n01i02964ent  --assert-level=error
Test: 2009
/root/tools/ghdl_final/bin/ghdl -a --std=93c vhdl-93/billowitch/compliant/tc2966.vhd
/root/tools/ghdl_final/bin/ghdl --elab-run c02s03b01x00p01n01i02966ent  --assert-level=error
Test: 2010
/root/tools/ghdl_final/bin/ghdl -a --std=93c vhdl-93/billowitch/compliant/tc2967.vhd
/root/tools/ghdl_final/bin/ghdl --elab-run c02s03b01x00p02n01i02967ent  --assert-level=error
Test: 2011
/root/tools/ghdl_final/bin/ghdl -a --std=93c vhdl-93/billowitch/compliant/tc2968.vhd
/root/tools/ghdl_final/bin/ghdl --elab-run c02s03b01x00p02n02i02968ent  --assert-level=error
Test: 2012
/root/tools/ghdl_final/bin/ghdl -a --std=93c vhdl-93/billowitch/compliant/tc2969.vhd
/root/tools/ghdl_final/bin/ghdl --elab-run c02s03b01x00p02n02i02969ent  --assert-level=error
Test: 2013
/root/tools/ghdl_final/bin/ghdl -a --std=93c vhdl-93/billowitch/compliant/tc2972.vhd
/root/tools/ghdl_final/bin/ghdl --elab-run c02s03b01x00p03n01i02972ent  --assert-level=error
Test: 2014
/root/tools/ghdl_final/bin/ghdl -a --std=93c vhdl-93/billowitch/compliant/tc2973.vhd
/root/tools/ghdl_final/bin/ghdl --elab-run c02s03b01x00p03n01i02973ent  --assert-level=error
Test: 2015
/root/tools/ghdl_final/bin/ghdl -a --std=93c vhdl-93/billowitch/compliant/tc2974.vhd
/root/tools/ghdl_final/bin/ghdl --elab-run c02s03b01x00p03n01i02974ent  --assert-level=error
Test: 2016
/root/tools/ghdl_final/bin/ghdl -a --std=93c vhdl-93/billowitch/compliant/tc2975.vhd
/root/tools/ghdl_final/bin/ghdl --elab-run c02s03b01x00p03n01i02975ent  --assert-level=error
delete library: work
/root/tools/ghdl_final/bin/ghdl --remove --std=93c --work=work
Test: 2017
/root/tools/ghdl_final/bin/ghdl -a --std=93c vhdl-93/billowitch/compliant/tc2976.vhd
/root/tools/ghdl_final/bin/ghdl --elab-run c02s03b01x00p05n01i02976ent  --assert-level=error
Test: 2018
/root/tools/ghdl_final/bin/ghdl -a --std=93c vhdl-93/billowitch/compliant/tc2977.vhd
/root/tools/ghdl_final/bin/ghdl --elab-run c02s03b01x00p05n01i02977ent  --assert-level=error
Test: 2019
/root/tools/ghdl_final/bin/ghdl -a --std=93c vhdl-93/billowitch/compliant/tc2978.vhd
/root/tools/ghdl_final/bin/ghdl --elab-run c02s03b01x00p07n01i02978ent  --assert-level=error
Test: 2020
/root/tools/ghdl_final/bin/ghdl -a --std=93c vhdl-93/billowitch/compliant/tc2979.vhd
/root/tools/ghdl_final/bin/ghdl --elab-run c02s03b01x00p07n01i02979ent  --assert-level=error
Test: 2021
/root/tools/ghdl_final/bin/ghdl -a --std=93c vhdl-93/billowitch/compliant/tc2980.vhd
/root/tools/ghdl_final/bin/ghdl --elab-run c02s04b00x00p03n02i02980ent  --assert-level=error
Test: 2022
/root/tools/ghdl_final/bin/ghdl -a --std=93c vhdl-93/billowitch/compliant/tc2981.vhd
/root/tools/ghdl_final/bin/ghdl --elab-run c02s04b00x00p04n04i02981ent  --assert-level=error
Test: 2023
/root/tools/ghdl_final/bin/ghdl -a --std=93c vhdl-93/billowitch/compliant/tc2982.vhd
/root/tools/ghdl_final/bin/ghdl --elab-run c02s05b00x00p01n01i02982ent  --assert-level=error
Test: 2024
/root/tools/ghdl_final/bin/ghdl -a --std=93c vhdl-93/billowitch/compliant/tc2987.vhd
/root/tools/ghdl_final/bin/ghdl --elab-run c02s05b00x00p06n01i02987ent  --assert-level=error
Test: 2025
/root/tools/ghdl_final/bin/ghdl -a --std=93c vhdl-93/billowitch/compliant/tc2988.vhd
/root/tools/ghdl_final/bin/ghdl --elab-run c02s05b00x00p06n01i02988ent  --assert-level=error
Test: 2026
/root/tools/ghdl_final/bin/ghdl -a --std=93c vhdl-93/billowitch/compliant/tc2989.vhd
/root/tools/ghdl_final/bin/ghdl --elab-run c02s05b00x00p06n01i02989ent  --assert-level=error
Test: 2027
/root/tools/ghdl_final/bin/ghdl -a --std=93c vhdl-93/billowitch/compliant/tc2990.vhd
/root/tools/ghdl_final/bin/ghdl --elab-run c02s05b00x00p06n01i02990ent  --assert-level=error
Test: 2028
/root/tools/ghdl_final/bin/ghdl -a --std=93c vhdl-93/billowitch/compliant/tc3001.vhd
/root/tools/ghdl_final/bin/ghdl --elab-run c02s06b00x00p02n01i03001ent  --assert-level=error
Test: 2029
/root/tools/ghdl_final/bin/ghdl -a --std=93c vhdl-93/billowitch/compliant/tc3005.vhd
/root/tools/ghdl_final/bin/ghdl --elab-run c02s06b00x00p07n01i03005ent  --assert-level=error
Test: 2030
/root/tools/ghdl_final/bin/ghdl -a --std=93c vhdl-93/billowitch/compliant/tc3010.vhd
/root/tools/ghdl_final/bin/ghdl --elab-run c02s06b00x00p07n01i03010ent  --assert-level=error
Test: 2031
/root/tools/ghdl_final/bin/ghdl -a --std=93c vhdl-93/billowitch/compliant/tc3016.vhd
/root/tools/ghdl_final/bin/ghdl --elab-run c11s02b00x00p05n02i03016ent  --assert-level=error
Test: 2032
/root/tools/ghdl_final/bin/ghdl -a --std=93c vhdl-93/billowitch/compliant/tc3022.vhd
/root/tools/ghdl_final/bin/ghdl --elab-run c11s03b00x00p04n02i03022ent  --assert-level=error
delete library: work
/root/tools/ghdl_final/bin/ghdl --remove --std=93c --work=work
Test: 2033
/root/tools/ghdl_final/bin/ghdl -a --std=93c vhdl-93/billowitch/compliant/tc3023.vhd
/root/tools/ghdl_final/bin/ghdl --elab-run c11s02b00x00p05n01i03023ent  --assert-level=error
Test: 2034
/root/tools/ghdl_final/bin/ghdl -a --std=93c vhdl-93/billowitch/compliant/tc3024.vhd
/root/tools/ghdl_final/bin/ghdl --elab-run c11s03b00x00p02n01i03024ent  --assert-level=error
Test: 2035
/root/tools/ghdl_final/bin/ghdl -a --std=93c vhdl-93/billowitch/compliant/tc3029.vhd
/root/tools/ghdl_final/bin/ghdl --elab-run c11s04b00x00p02n01i03029ent  --assert-level=error
Test: 2036
/root/tools/ghdl_final/bin/ghdl -a --std=93c vhdl-93/billowitch/compliant/tc3032.vhd
/root/tools/ghdl_final/bin/ghdl --elab-run c12s02b01x00p01n02i03032ent  --assert-level=error
Test: 2037
/root/tools/ghdl_final/bin/ghdl -a --std=93c vhdl-93/billowitch/compliant/tc3033.vhd
/root/tools/ghdl_final/bin/ghdl --elab-run c12s02b01x00p01n02i03033ent  --assert-level=error
Test: 2038
/root/tools/ghdl_final/bin/ghdl -a --std=93c vhdl-93/billowitch/compliant/tc3034.vhd
/root/tools/ghdl_final/bin/ghdl --elab-run c12s02b01x00p01n02i03034ent  --assert-level=error
Test: 2039
/root/tools/ghdl_final/bin/ghdl -a --std=93c vhdl-93/billowitch/compliant/tc3035.vhd
/root/tools/ghdl_final/bin/ghdl --elab-run c12s02b02x00p01n02i03035ent  --assert-level=error
Test: 2040
/root/tools/ghdl_final/bin/ghdl -a --std=93c vhdl-93/billowitch/compliant/tc3036.vhd
/root/tools/ghdl_final/bin/ghdl --elab-run c12s02b02x00p01n02i03036ent  --assert-level=error
Test: 2041
/root/tools/ghdl_final/bin/ghdl -a --std=93c vhdl-93/billowitch/compliant/tc3037.vhd
/root/tools/ghdl_final/bin/ghdl --elab-run c12s02b02x00p01n02i03037ent  --assert-level=error
Test: 2042
/root/tools/ghdl_final/bin/ghdl -a --std=93c vhdl-93/billowitch/compliant/tc3038.vhd
/root/tools/ghdl_final/bin/ghdl --elab-run c12s02b02x00p01n02i03038ent  --assert-level=error
Test: 2043
/root/tools/ghdl_final/bin/ghdl -a --std=93c vhdl-93/billowitch/compliant/tc3039.vhd
/root/tools/ghdl_final/bin/ghdl --elab-run c12s02b02x00p01n02i03039ent  --assert-level=error
Test: 2044
/root/tools/ghdl_final/bin/ghdl -a --std=93c vhdl-93/billowitch/compliant/tc3040.vhd
/root/tools/ghdl_final/bin/ghdl --elab-run c12s02b02x00p01n02i03040ent  --assert-level=error
Test: 2045
/root/tools/ghdl_final/bin/ghdl -a --std=93c vhdl-93/billowitch/compliant/tc3041.vhd
/root/tools/ghdl_final/bin/ghdl --elab-run c12s02b02x00p01n02i03041ent  --assert-level=error
Test: 2046
/root/tools/ghdl_final/bin/ghdl -a --std=93c vhdl-93/billowitch/compliant/tc3042.vhd
/root/tools/ghdl_final/bin/ghdl --elab-run c12s02b02x00p01n02i03042ent  --assert-level=error
Test: 2047
/root/tools/ghdl_final/bin/ghdl -a --std=93c vhdl-93/billowitch/compliant/tc3043.vhd
/root/tools/ghdl_final/bin/ghdl --elab-run c12s02b02x00p02n03i03043ent  --assert-level=error
Test: 2048
/root/tools/ghdl_final/bin/ghdl -a --std=93c vhdl-93/billowitch/compliant/tc3044.vhd
/root/tools/ghdl_final/bin/ghdl --elab-run c12s02b02x00p02n03i03044ent  --assert-level=error
delete library: work
/root/tools/ghdl_final/bin/ghdl --remove --std=93c --work=work
Test: 2049
/root/tools/ghdl_final/bin/ghdl -a --std=93c vhdl-93/billowitch/compliant/tc3045.vhd
/root/tools/ghdl_final/bin/ghdl --elab-run c12s02b02x00p02n03i03045ent  --assert-level=error
Test: 2050
/root/tools/ghdl_final/bin/ghdl -a --std=93c vhdl-93/billowitch/compliant/tc3046.vhd
/root/tools/ghdl_final/bin/ghdl --elab-run c12s02b03x00p01n02i03046ent  --assert-level=error
Test: 2051
/root/tools/ghdl_final/bin/ghdl -a --std=93c vhdl-93/billowitch/compliant/tc3047.vhd
/root/tools/ghdl_final/bin/ghdl --elab-run c12s02b03x00p01n02i03047ent  --assert-level=error
Test: 2052
/root/tools/ghdl_final/bin/ghdl -a --std=93c vhdl-93/billowitch/compliant/tc3048.vhd
/root/tools/ghdl_final/bin/ghdl --elab-run c12s02b04x00p03n01i03048ent  --assert-level=error
Test: 2053
/root/tools/ghdl_final/bin/ghdl -a --std=93c vhdl-93/billowitch/compliant/tc3049.vhd
/root/tools/ghdl_final/bin/ghdl --elab-run c12s02b04x00p03n01i03049ent  --assert-level=error
Test: 2054
/root/tools/ghdl_final/bin/ghdl -a --std=93c vhdl-93/billowitch/compliant/tc3050.vhd
/root/tools/ghdl_final/bin/ghdl --elab-run c12s02b04x00p03n01i03050ent  --assert-level=error
Test: 2055
/root/tools/ghdl_final/bin/ghdl -a --std=93c vhdl-93/billowitch/compliant/tc3051.vhd
/root/tools/ghdl_final/bin/ghdl --elab-run c12s02b04x00p03n01i03051ent  --assert-level=error
Test: 2056
/root/tools/ghdl_final/bin/ghdl -a --std=93c vhdl-93/billowitch/compliant/tc3052.vhd
/root/tools/ghdl_final/bin/ghdl --elab-run c12s02b04x00p03n01i03052ent  --assert-level=error
Test: 2057
/root/tools/ghdl_final/bin/ghdl -a --std=93c vhdl-93/billowitch/compliant/tc3053.vhd
/root/tools/ghdl_final/bin/ghdl --elab-run c12s02b04x00p03n01i03053ent  --assert-level=error
Test: 2058
/root/tools/ghdl_final/bin/ghdl -a --std=93c vhdl-93/billowitch/compliant/tc3054.vhd
/root/tools/ghdl_final/bin/ghdl --elab-run c12s03b00x00p07n03i03054ent  --assert-level=error
Test: 2059
/root/tools/ghdl_final/bin/ghdl -a --std=93c vhdl-93/billowitch/compliant/tc3055.vhd
/root/tools/ghdl_final/bin/ghdl --elab-run c12s03b01x00p02n03i03055ent  --assert-level=error
Test: 2060
/root/tools/ghdl_final/bin/ghdl -a --std=93c vhdl-93/billowitch/compliant/tc3057.vhd
/root/tools/ghdl_final/bin/ghdl --elab-run c12s03b01x04p10n01i03057ent  --assert-level=error
Test: 2061
/root/tools/ghdl_final/bin/ghdl -a --std=93c vhdl-93/billowitch/compliant/tc3059.vhd
/root/tools/ghdl_final/bin/ghdl --elab-run c12s03b01x05p01n02i03059ent  --assert-level=error
Test: 2062
/root/tools/ghdl_final/bin/ghdl -a --std=93c vhdl-93/billowitch/compliant/tc3060.vhd
/root/tools/ghdl_final/bin/ghdl --elab-run c12s03b02x01p06n03i03060ent  --assert-level=error
Test: 2063
/root/tools/ghdl_final/bin/ghdl -a --std=93c vhdl-93/billowitch/compliant/tc3061.vhd
/root/tools/ghdl_final/bin/ghdl --elab-run c12s03b02x01p06n02i03061ent  --assert-level=error
Test: 2064
/root/tools/ghdl_final/bin/ghdl -a --std=93c vhdl-93/billowitch/compliant/tc3062.vhd
/root/tools/ghdl_final/bin/ghdl --elab-run c12s03b02x01p07n01i03062ent  --assert-level=error
delete library: work
/root/tools/ghdl_final/bin/ghdl --remove --std=93c --work=work
Test: 2065
/root/tools/ghdl_final/bin/ghdl -a --std=93c vhdl-93/billowitch/compliant/tc3063.vhd
/root/tools/ghdl_final/bin/ghdl --elab-run c12s03b02x02p01n01i03063ent  --assert-level=error
Test: 2066
/root/tools/ghdl_final/bin/ghdl -a --std=93c vhdl-93/billowitch/compliant/tc3066.vhd
/root/tools/ghdl_final/bin/ghdl --elab-run c12s04b02x00p02n01i03066ent  --assert-level=error
Test: 2067
/root/tools/ghdl_final/bin/ghdl -a --std=93c vhdl-93/billowitch/compliant/tc3067.vhd
/root/tools/ghdl_final/bin/ghdl --elab-run c12s04b02x00p06n01i03067ent  --assert-level=error
Test: 2068
/root/tools/ghdl_final/bin/ghdl -a --std=93c vhdl-93/billowitch/compliant/tc3068.vhd
/root/tools/ghdl_final/bin/ghdl --elab-run c12s06b02x00p06n01i03068ent  --assert-level=error
Test: 2069
/root/tools/ghdl_final/bin/ghdl -a --std=93c vhdl-93/billowitch/compliant/tc3069.vhd
/root/tools/ghdl_final/bin/ghdl --elab-run c12s06b02x00p06n01i03069ent  --assert-level=error
Test: 2070
/root/tools/ghdl_final/bin/ghdl -a --std=93c vhdl-93/billowitch/compliant/tc3070.vhd
/root/tools/ghdl_final/bin/ghdl --elab-run c12s06b02x00p06n01i03070ent  --assert-level=error
Test: 2071
/root/tools/ghdl_final/bin/ghdl -a --std=93c vhdl-93/billowitch/compliant/tc3071.vhd
/root/tools/ghdl_final/bin/ghdl --elab-run c12s06b02x00p06n01i03071ent  --assert-level=error
Test: 2072
/root/tools/ghdl_final/bin/ghdl -a --std=93c vhdl-93/billowitch/compliant/tc3072.vhd
/root/tools/ghdl_final/bin/ghdl --elab-run c12s06b02x00p06n01i03072ent  --assert-level=error
Test: 2073
/root/tools/ghdl_final/bin/ghdl -a --std=93c vhdl-93/billowitch/compliant/tc3073.vhd
/root/tools/ghdl_final/bin/ghdl --elab-run c12s06b02x00p06n01i03073ent  --assert-level=error
Test: 2074
/root/tools/ghdl_final/bin/ghdl -a --std=93c vhdl-93/billowitch/compliant/tc3074.vhd
/root/tools/ghdl_final/bin/ghdl --elab-run c12s06b02x00p06n01i03074ent  --assert-level=error
Test: 2075
/root/tools/ghdl_final/bin/ghdl -a --std=93c vhdl-93/billowitch/compliant/tc3075.vhd
/root/tools/ghdl_final/bin/ghdl --elab-run c12s06b02x00p06n01i03075ent  --assert-level=error
Test: 2076
/root/tools/ghdl_final/bin/ghdl -a --std=93c vhdl-93/billowitch/compliant/tc3076.vhd
/root/tools/ghdl_final/bin/ghdl --elab-run c12s06b02x00p06n01i03076ent  --assert-level=error
Test: 2077
/root/tools/ghdl_final/bin/ghdl -a --std=93c vhdl-93/billowitch/compliant/tc3077.vhd
/root/tools/ghdl_final/bin/ghdl --elab-run c12s06b02x00p06n01i03077ent  --assert-level=error
Test: 2078
/root/tools/ghdl_final/bin/ghdl -a --std=93c vhdl-93/billowitch/compliant/tc3078.vhd
/root/tools/ghdl_final/bin/ghdl --elab-run c12s06b02x00p06n01i03078ent  --assert-level=error
Test: 2079
/root/tools/ghdl_final/bin/ghdl -a --std=93c vhdl-93/billowitch/compliant/tc3079.vhd
/root/tools/ghdl_final/bin/ghdl --elab-run c12s06b02x00p06n01i03079ent  --assert-level=error
Test: 2080
/root/tools/ghdl_final/bin/ghdl -a --std=93c vhdl-93/billowitch/compliant/tc3080.vhd
/root/tools/ghdl_final/bin/ghdl --elab-run c12s06b02x00p06n01i03080ent  --assert-level=error
delete library: work
/root/tools/ghdl_final/bin/ghdl --remove --std=93c --work=work
Test: 2081
/root/tools/ghdl_final/bin/ghdl -a --std=93c vhdl-93/billowitch/compliant/tc3081.vhd
/root/tools/ghdl_final/bin/ghdl --elab-run c12s06b02x00p05n01i03081ent  --assert-level=error
Test: 2082
/root/tools/ghdl_final/bin/ghdl -a --std=93c vhdl-93/billowitch/compliant/tc3082.vhd
/root/tools/ghdl_final/bin/ghdl --elab-run c12s06b02x00p02n01i03082ent  --assert-level=error
Test: 2083
/root/tools/ghdl_final/bin/ghdl -a --std=93c vhdl-93/billowitch/compliant/tc3083.vhd
/root/tools/ghdl_final/bin/ghdl --elab-run c12s06b03x00p02n01i03083ent  --assert-level=error
Test: 2084
/root/tools/ghdl_final/bin/ghdl -a --std=93c vhdl-93/billowitch/compliant/tc3084.vhd
/root/tools/ghdl_final/bin/ghdl --elab-run c12s06b03x00p02n01i03084ent  --assert-level=error
Test: 2085
/root/tools/ghdl_final/bin/ghdl -a --std=93c vhdl-93/billowitch/compliant/tc3085.vhd
/root/tools/ghdl_final/bin/ghdl --elab-run c12s06b03x00p03n01i03085ent  --assert-level=error
Test: 2086
/root/tools/ghdl_final/bin/ghdl -a --std=93c vhdl-93/billowitch/compliant/tc3086.vhd
/root/tools/ghdl_final/bin/ghdl --elab-run c12s06b04x00p02n01i03086ent  --assert-level=error
Test: 2087
/root/tools/ghdl_final/bin/ghdl -a --std=93c vhdl-93/billowitch/compliant/tc3099.vhd
/root/tools/ghdl_final/bin/ghdl --elab-run c05s01b00x00p09n01i03099ent  --assert-level=error
Test: 2088
/root/tools/ghdl_final/bin/ghdl -a --std=93c vhdl-93/billowitch/compliant/tc3100.vhd
/root/tools/ghdl_final/bin/ghdl --elab-run c05s01b00x00p10n01i03100ent  --assert-level=error
Test: 2089
/root/tools/ghdl_final/bin/ghdl -a --std=93c vhdl-93/billowitch/compliant/tc3101.vhd
/root/tools/ghdl_final/bin/ghdl --elab-run c05s01b00x00p11n01i03101ent  --assert-level=error
Test: 2090
/root/tools/ghdl_final/bin/ghdl -a --std=93c vhdl-93/billowitch/compliant/tc3102.vhd
/root/tools/ghdl_final/bin/ghdl --elab-run c05s01b00x00p11n01i03102ent  --assert-level=error
Test: 2091
/root/tools/ghdl_final/bin/ghdl -a --std=93c vhdl-93/billowitch/compliant/tc3109.vhd
/root/tools/ghdl_final/bin/ghdl --elab-run c05s01b00x00p17n01i03109ent  --assert-level=error
Test: 2092
/root/tools/ghdl_final/bin/ghdl -a --std=93c vhdl-93/billowitch/compliant/tc3110.vhd
/root/tools/ghdl_final/bin/ghdl --elab-run c05s01b00x00p34n01i03110ent  --assert-level=error
Test: 2093
/root/tools/ghdl_final/bin/ghdl -a --std=93c vhdl-93/billowitch/compliant/tc3111.vhd
/root/tools/ghdl_final/bin/ghdl --elab-run c05s02b00x00p06n01i03111ent  --assert-level=error
Test: 2094
/root/tools/ghdl_final/bin/ghdl -a --std=93c vhdl-93/billowitch/compliant/tc3112.vhd
/root/tools/ghdl_final/bin/ghdl --elab-run c05s02b00x00p06n01i03112cfg  --assert-level=error
Test: 2095
/root/tools/ghdl_final/bin/ghdl -a --std=93c vhdl-93/billowitch/compliant/tc3113.vhd
/root/tools/ghdl_final/bin/ghdl --elab-run c05s02b00x00p07n01i03113ent  --assert-level=error
Test: 2096
/root/tools/ghdl_final/bin/ghdl -a --std=93c vhdl-93/billowitch/compliant/tc3114.vhd
/root/tools/ghdl_final/bin/ghdl --elab-run c05s02b00x00p07n01i03114ent  --assert-level=error
delete library: work
/root/tools/ghdl_final/bin/ghdl --remove --std=93c --work=work
Test: 2097
/root/tools/ghdl_final/bin/ghdl -a --std=93c vhdl-93/billowitch/compliant/tc3115.vhd
/root/tools/ghdl_final/bin/ghdl --elab-run c05s02b01x01p03n01i03115ent  --assert-level=error
Test: 2098
/root/tools/ghdl_final/bin/ghdl -a --std=93c vhdl-93/billowitch/compliant/tc3116.vhd
/root/tools/ghdl_final/bin/ghdl --elab-run c05s02b01x01p03n01i03116ent  --assert-level=error
Test: 2099
/root/tools/ghdl_final/bin/ghdl -a --std=93c vhdl-93/billowitch/compliant/tc3117.vhd
/root/tools/ghdl_final/bin/ghdl --elab-run c05s02b01x01p03n01i03117ent  --assert-level=error
Test: 2100
/root/tools/ghdl_final/bin/ghdl -a --std=93c vhdl-93/billowitch/compliant/tc3118.vhd
/root/tools/ghdl_final/bin/ghdl --elab-run c05s02b01x01p03n01i03118ent  --assert-level=error
Test: 2101
/root/tools/ghdl_final/bin/ghdl -a --std=93c vhdl-93/billowitch/compliant/tc3119.vhd
/root/tools/ghdl_final/bin/ghdl --elab-run c05s02b01x01p05n01i03119ent  --assert-level=error
Test: 2102
/root/tools/ghdl_final/bin/ghdl -a --std=93c vhdl-93/billowitch/compliant/tc3120.vhd
/root/tools/ghdl_final/bin/ghdl --elab-run c05s02b01x01p05n01i03120ent  --assert-level=error
Test: 2103
/root/tools/ghdl_final/bin/ghdl -a --std=93c vhdl-93/billowitch/compliant/tc3121.vhd
/root/tools/ghdl_final/bin/ghdl --elab-run c05s02b01x01p05n01i03121ent_aa  --assert-level=error
Test: 2104
/root/tools/ghdl_final/bin/ghdl -a --std=93c vhdl-93/billowitch/compliant/tc3122.vhd
/root/tools/ghdl_final/bin/ghdl --elab-run c05s02b01x01p07n01i03122ent  --assert-level=error
Test: 2105
/root/tools/ghdl_final/bin/ghdl -a --std=93c vhdl-93/billowitch/compliant/tc3123.vhd
/root/tools/ghdl_final/bin/ghdl --elab-run c05s02b01x02p01n01i03123cfg  --assert-level=error
Test: 2106
/root/tools/ghdl_final/bin/ghdl -a --std=93c vhdl-93/billowitch/compliant/tc3125.vhd
/root/tools/ghdl_final/bin/ghdl --elab-run c05s02b01x02p08n01i03125ent  --assert-level=error
Test: 2107
/root/tools/ghdl_final/bin/ghdl -a --std=93c vhdl-93/billowitch/compliant/tc3126.vhd
/root/tools/ghdl_final/bin/ghdl --elab-run c05s02b01x02p12n01i03126ent  --assert-level=error
Test: 2108
/root/tools/ghdl_final/bin/ghdl -a --std=93c vhdl-93/billowitch/compliant/tc3127.vhd
/root/tools/ghdl_final/bin/ghdl --elab-run c05s02b01x02p12n01i03127ent  --assert-level=error
Test: 2109
/root/tools/ghdl_final/bin/ghdl -a --std=93c vhdl-93/billowitch/compliant/tc3128.vhd
/root/tools/ghdl_final/bin/ghdl --elab-run c05s02b01x02p12n01i03128ent  --assert-level=error
Test: 2110
/root/tools/ghdl_final/bin/ghdl -a --std=93c vhdl-93/billowitch/compliant/tc3137.vhd
/root/tools/ghdl_final/bin/ghdl --elab-run c05s02b02x00p02n01i03137ent  --assert-level=error
Test: 2111
/root/tools/ghdl_final/bin/ghdl -a --std=93c vhdl-93/billowitch/compliant/tc3138.vhd
/root/tools/ghdl_final/bin/ghdl --elab-run c05s02b02x00p02n01i03138ent  --assert-level=error
Test: 2112
/root/tools/ghdl_final/bin/ghdl -a --std=93c vhdl-93/billowitch/compliant/tc3139.vhd
/root/tools/ghdl_final/bin/ghdl --elab-run c05s02b02x00p02n01i03139ent  --assert-level=error
delete library: work
/root/tools/ghdl_final/bin/ghdl --remove --std=93c --work=work
Test: 2113
/root/tools/ghdl_final/bin/ghdl -a --std=93c vhdl-93/billowitch/compliant/tc3140.vhd
/root/tools/ghdl_final/bin/ghdl --elab-run c05s02b02x00p10n01i03140ent  --assert-level=error
Test: 2114
/root/tools/ghdl_final/bin/ghdl -a --std=93c vhdl-93/billowitch/compliant/tc3141.vhd
/root/tools/ghdl_final/bin/ghdl --elab-run c05s02b02x00p10n01i03141ent  --assert-level=error
Test: 2115
/root/tools/ghdl_final/bin/ghdl -a --std=93c vhdl-93/billowitch/compliant/tc3142.vhd
/root/tools/ghdl_final/bin/ghdl --elab-run c05s02b02x00p10n01i03142ent  --assert-level=error
Test: 2116
/root/tools/ghdl_final/bin/ghdl -a --std=93c vhdl-93/billowitch/compliant/tc3143.vhd
/root/tools/ghdl_final/bin/ghdl --elab-run c05s02b02x00p10n01i03143ent  --assert-level=error
Test: 2117
/root/tools/ghdl_final/bin/ghdl -a --std=93c vhdl-93/billowitch/compliant/tc3144.vhd
/root/tools/ghdl_final/bin/ghdl --elab-run c05s02b02x00p10n01i03144ent  --assert-level=error
Test: 2118
/root/tools/ghdl_final/bin/ghdl -a --std=93c vhdl-93/billowitch/compliant/tc3145.vhd
/root/tools/ghdl_final/bin/ghdl --elab-run c05s02b02x00p10n01i03145ent  --assert-level=error
Test: 2119
/root/tools/ghdl_final/bin/ghdl -a --std=93c vhdl-93/billowitch/compliant/tc3146.vhd
/root/tools/ghdl_final/bin/ghdl --elab-run c05s02b02x00p08n01i03146ent  --assert-level=error
Test: 2120
/root/tools/ghdl_final/bin/ghdl -a --std=93c vhdl-93/billowitch/compliant/tc3147.vhd
/root/tools/ghdl_final/bin/ghdl --elab-run c05s02b02x00p08n01i03147ent  --assert-level=error
Test: 2121
/root/tools/ghdl_final/bin/ghdl -a --std=93c vhdl-93/billowitch/compliant/tc3148.vhd
/root/tools/ghdl_final/bin/ghdl --elab-run c05s02b02x00p08n01i03148ent  --assert-level=error
Test: 2122
/root/tools/ghdl_final/bin/ghdl -a --std=93c vhdl-93/billowitch/compliant/tc3149.vhd
/root/tools/ghdl_final/bin/ghdl --elab-run c05s02b02x00p08n01i03149ent  --assert-level=error
Test: 2123
/root/tools/ghdl_final/bin/ghdl -a --std=93c vhdl-93/billowitch/compliant/tc3150.vhd
/root/tools/ghdl_final/bin/ghdl --elab-run c05s02b02x00p08n01i03150ent  --assert-level=error
Test: 2124
/root/tools/ghdl_final/bin/ghdl -a --std=93c vhdl-93/billowitch/compliant/tc3151.vhd
/root/tools/ghdl_final/bin/ghdl --elab-run c05s02b02x00p08n01i03151ent  --assert-level=error
Test: 2125
/root/tools/ghdl_final/bin/ghdl -a --std=93c vhdl-93/billowitch/compliant/tc3152.vhd
/root/tools/ghdl_final/bin/ghdl --elab-run c05s02b02x00p08n01i03152cfg  --assert-level=error
Test: 2126
/root/tools/ghdl_final/bin/ghdl -a --std=93c vhdl-93/billowitch/compliant/tc3153.vhd
/root/tools/ghdl_final/bin/ghdl --elab-run c05s03b00x00p01n01i03153ent  --assert-level=error
Test: 2127
/root/tools/ghdl_final/bin/ghdl -a --std=93c vhdl-93/billowitch/compliant/tc3154.vhd
/root/tools/ghdl_final/bin/ghdl --elab-run c05s03b00x00p01n01i03154ent  --assert-level=error
Test: 2128
/root/tools/ghdl_final/bin/ghdl -a --std=93c vhdl-93/billowitch/compliant/tc3155.vhd
/root/tools/ghdl_final/bin/ghdl --elab-run c05s03b00x00p01n01i03155ent  --assert-level=error
delete library: work
/root/tools/ghdl_final/bin/ghdl --remove --std=93c --work=work
Test: 2129
/root/tools/ghdl_final/bin/ghdl -a --std=93c vhdl-93/billowitch/compliant/tc3156.vhd
/root/tools/ghdl_final/bin/ghdl --elab-run c05s03b00x00p01n01i03156ent  --assert-level=error
Test: 2130
/root/tools/ghdl_final/bin/ghdl -a --std=93c vhdl-93/billowitch/compliant/tc3157.vhd
/root/tools/ghdl_final/bin/ghdl --elab-run c05s03b00x00p16n01i03157ent  --assert-level=error
Test: 2131
/root/tools/ghdl_final/bin/ghdl -a --std=93c vhdl-93/billowitch/compliant/tc3158.vhd
/root/tools/ghdl_final/bin/ghdl --elab-run c05s03b00x00p16n01i03158ent  --assert-level=error
Test: 2132
/root/tools/ghdl_final/bin/ghdl -a --std=93c vhdl-93/billowitch/compliant/tc3159.vhd
/root/tools/ghdl_final/bin/ghdl --elab-run c05s03b00x00p16n01i03159ent  --assert-level=error
Test: 2133
/root/tools/ghdl_final/bin/ghdl -a --std=93c vhdl-93/billowitch/compliant/tc3160.vhd
/root/tools/ghdl_final/bin/ghdl --elab-run c14s01b00x00p166n01i03160ent  --assert-level=error
Test: 2134
/root/tools/ghdl_final/bin/ghdl -a --std=93c vhdl-93/billowitch/compliant/tc3162.vhd
/root/tools/ghdl_final/bin/ghdl --elab-run c14s01b00x00p07n01i03162ent  --assert-level=error
Test: 2135
/root/tools/ghdl_final/bin/ghdl -a --std=93c vhdl-93/billowitch/compliant/tc3163.vhd
/root/tools/ghdl_final/bin/ghdl --elab-run c14s01b00x00p12n01i03163ent  --assert-level=error
Test: 2136
/root/tools/ghdl_final/bin/ghdl -a --std=93c vhdl-93/billowitch/compliant/tc3164.vhd
/root/tools/ghdl_final/bin/ghdl --elab-run c14s01b00x00p12n01i03164ent  --assert-level=error
Test: 2137
/root/tools/ghdl_final/bin/ghdl -a --std=93c vhdl-93/billowitch/compliant/tc3165.vhd
/root/tools/ghdl_final/bin/ghdl --elab-run c14s01b00x00p12n01i03165ent  --assert-level=error
Test: 2138
/root/tools/ghdl_final/bin/ghdl -a --std=93c vhdl-93/billowitch/compliant/tc3166.vhd
/root/tools/ghdl_final/bin/ghdl --elab-run c14s01b00x00p12n01i03166ent  --assert-level=error
Test: 2139
/root/tools/ghdl_final/bin/ghdl -a --std=93c vhdl-93/billowitch/compliant/tc3167.vhd
/root/tools/ghdl_final/bin/ghdl --elab-run c14s01b00x00p17n01i03167ent  --assert-level=error
Test: 2140
/root/tools/ghdl_final/bin/ghdl -a --std=93c vhdl-93/billowitch/compliant/tc3168.vhd
/root/tools/ghdl_final/bin/ghdl --elab-run c14s01b00x00p17n01i03168ent  --assert-level=error
Test: 2141
/root/tools/ghdl_final/bin/ghdl -a --std=93c vhdl-93/billowitch/compliant/tc3169.vhd
/root/tools/ghdl_final/bin/ghdl --elab-run c14s01b00x00p17n01i03169ent  --assert-level=error
Test: 2142
/root/tools/ghdl_final/bin/ghdl -a --std=93c vhdl-93/billowitch/compliant/tc3170.vhd
/root/tools/ghdl_final/bin/ghdl --elab-run c14s01b00x00p17n01i03170ent  --assert-level=error
Test: 2143
/root/tools/ghdl_final/bin/ghdl -a --std=93c vhdl-93/billowitch/compliant/tc3171.vhd
/root/tools/ghdl_final/bin/ghdl --elab-run c14s01b00x00p22n01i03171ent  --assert-level=error
Test: 2144
/root/tools/ghdl_final/bin/ghdl -a --std=93c vhdl-93/billowitch/compliant/tc3172.vhd
/root/tools/ghdl_final/bin/ghdl --elab-run c14s01b00x00p22n01i03172ent  --assert-level=error
delete library: work
/root/tools/ghdl_final/bin/ghdl --remove --std=93c --work=work
Test: 2145
/root/tools/ghdl_final/bin/ghdl -a --std=93c vhdl-93/billowitch/compliant/tc3173.vhd
/root/tools/ghdl_final/bin/ghdl --elab-run c14s01b00x00p22n01i03173ent  --assert-level=error
Test: 2146
/root/tools/ghdl_final/bin/ghdl -a --std=93c vhdl-93/billowitch/compliant/tc3174.vhd
/root/tools/ghdl_final/bin/ghdl --elab-run c14s01b00x00p22n01i03174ent  --assert-level=error
Test: 2147
/root/tools/ghdl_final/bin/ghdl -a --std=93c vhdl-93/billowitch/compliant/tc3175.vhd
/root/tools/ghdl_final/bin/ghdl --elab-run c14s01b00x00p27n01i03175ent  --assert-level=error
Test: 2148
/root/tools/ghdl_final/bin/ghdl -a --std=93c vhdl-93/billowitch/compliant/tc3176.vhd
/root/tools/ghdl_final/bin/ghdl --elab-run c14s01b00x00p27n01i03176ent  --assert-level=error
Test: 2149
/root/tools/ghdl_final/bin/ghdl -a --std=93c vhdl-93/billowitch/compliant/tc3177.vhd
/root/tools/ghdl_final/bin/ghdl --elab-run c14s01b00x00p27n01i03177ent  --assert-level=error
Test: 2150
/root/tools/ghdl_final/bin/ghdl -a --std=93c vhdl-93/billowitch/compliant/tc3178.vhd
/root/tools/ghdl_final/bin/ghdl --elab-run c14s01b00x00p64n01i03178ent  --assert-level=error
Test: 2151
/root/tools/ghdl_final/bin/ghdl -a --std=93c vhdl-93/billowitch/compliant/tc3179.vhd
/root/tools/ghdl_final/bin/ghdl --elab-run c14s01b00x00p71n01i03179ent  --assert-level=error
Test: 2152
/root/tools/ghdl_final/bin/ghdl -a --std=93c vhdl-93/billowitch/compliant/tc3180.vhd
/root/tools/ghdl_final/bin/ghdl --elab-run c14s01b00x00p78n01i03180ent  --assert-level=error
Test: 2153
/root/tools/ghdl_final/bin/ghdl -a --std=93c vhdl-93/billowitch/compliant/tc3181.vhd
/root/tools/ghdl_final/bin/ghdl --elab-run c14s01b00x00p85n01i03181ent  --assert-level=error
Test: 2154
/root/tools/ghdl_final/bin/ghdl -a --std=93c vhdl-93/billowitch/compliant/tc3182.vhd
/root/tools/ghdl_final/bin/ghdl --elab-run c14s01b00x00p116n01i03182ent  --assert-level=error
Test: 2155
/root/tools/ghdl_final/bin/ghdl -a --std=93c vhdl-93/billowitch/compliant/tc3183.vhd
/root/tools/ghdl_final/bin/ghdl --elab-run c14s01b00x00p122n01i03183ent  --assert-level=error
Test: 2156
/root/tools/ghdl_final/bin/ghdl -a --std=93c vhdl-93/billowitch/compliant/tc3184.vhd
/root/tools/ghdl_final/bin/ghdl --elab-run c14s01b00x00p128n01i03184ent  --assert-level=error
Test: 2157
/root/tools/ghdl_final/bin/ghdl -a --std=93c vhdl-93/billowitch/compliant/tc3185.vhd
/root/tools/ghdl_final/bin/ghdl --elab-run c14s03b00x00p42n01i03185ent  --assert-level=error
Test: 2158
/root/tools/ghdl_final/bin/ghdl -a --std=93c vhdl-93/billowitch/compliant/tc3186.vhd
/root/tools/ghdl_final/bin/ghdl --elab-run c14s03b00x00p42n01i03186ent  --assert-level=error
Test: 2159
/root/tools/ghdl_final/bin/ghdl -a --std=93c vhdl-93/billowitch/compliant/tc3187.vhd
/root/tools/ghdl_final/bin/ghdl --elab-run c14s03b00x00p42n01i03187ent  --assert-level=error
Test: 2160
/root/tools/ghdl_final/bin/ghdl -a --std=93c vhdl-93/billowitch/compliant/tc3192.vhd
/root/tools/ghdl_final/bin/ghdl --elab-run c14s03b00x00p42n01i03192ent  --assert-level=error
delete library: work
/root/tools/ghdl_final/bin/ghdl --remove --std=93c --work=work
Test: 2161
/root/tools/ghdl_final/bin/ghdl -a --std=93c vhdl-93/billowitch/compliant/tc3188.vhd
/root/tools/ghdl_final/bin/ghdl --elab-run c14s03b00x00p42n01i03188ent  --assert-level=error
Test: 2162
/root/tools/ghdl_final/bin/ghdl -a --std=93c vhdl-93/billowitch/compliant/tc3189.vhd
/root/tools/ghdl_final/bin/ghdl --elab-run c14s03b00x00p42n01i03189ent  --assert-level=error
Test: 2163
/root/tools/ghdl_final/bin/ghdl -a --std=93c vhdl-93/billowitch/compliant/tc3190.vhd
/root/tools/ghdl_final/bin/ghdl --elab-run c14s03b00x00p42n01i03190ent  --assert-level=error
Test: 2164
/root/tools/ghdl_final/bin/ghdl -a --std=93c vhdl-93/billowitch/compliant/tc3191.vhd
/root/tools/ghdl_final/bin/ghdl --elab-run c14s03b00x00p42n01i03191ent  --assert-level=error
Test: 2165
/root/tools/ghdl_final/bin/ghdl -a --std=93c vhdl-93/billowitch/compliant/tc3193.vhd
/root/tools/ghdl_final/bin/ghdl --elab-run c14s03b00x00p42n01i03193ent  --assert-level=error
Test: 2166
/root/tools/ghdl_final/bin/ghdl -a --std=93c vhdl-93/billowitch/compliant/tc3194.vhd
/root/tools/ghdl_final/bin/ghdl --elab-run c14s03b00x00p42n01i03194ent  --assert-level=error
Test: 2167
/root/tools/ghdl_final/bin/ghdl -a --std=93c vhdl-93/billowitch/compliant/tc3195.vhd
/root/tools/ghdl_final/bin/ghdl --elab-run c14s03b00x00p42n01i03195ent  --assert-level=error
Test: 2168
/root/tools/ghdl_final/bin/ghdl -a --std=93c vhdl-93/billowitch/compliant/tc3196.vhd
/root/tools/ghdl_final/bin/ghdl --elab-run c14s03b00x00p42n01i03196ent  --assert-level=error
Test: 2169
/root/tools/ghdl_final/bin/ghdl -a --std=93c vhdl-93/billowitch/compliant/tc3197.vhd
/root/tools/ghdl_final/bin/ghdl --elab-run c14s03b00x00p42n01i03197ent  --assert-level=error
Test: 2170
/root/tools/ghdl_final/bin/ghdl -a --std=93c vhdl-93/billowitch/compliant/tc3198.vhd
/root/tools/ghdl_final/bin/ghdl --elab-run c14s03b00x00p42n01i03198ent  --assert-level=error
Test: 2171
/root/tools/ghdl_final/bin/ghdl -a --std=93c vhdl-93/billowitch/compliant/tc3199.vhd
/root/tools/ghdl_final/bin/ghdl --elab-run c14s03b00x00p42n01i03199ent  --assert-level=error
Test: 2172
/root/tools/ghdl_final/bin/ghdl -a --std=93c vhdl-93/billowitch/compliant/tc3200.vhd
/root/tools/ghdl_final/bin/ghdl --elab-run c14s03b00x00p42n01i03200ent  --assert-level=error
Test: 2173
/root/tools/ghdl_final/bin/ghdl -a --std=93c vhdl-93/billowitch/compliant/tc3201.vhd
/root/tools/ghdl_final/bin/ghdl --elab-run c14s03b00x00p42n01i03201ent  --assert-level=error
Test: 2174
/root/tools/ghdl_final/bin/ghdl -a --std=93c vhdl-93/billowitch/compliant/tc3203.vhd
/root/tools/ghdl_final/bin/ghdl --elab-run c14s03b00x00p56n01i03203ent  --assert-level=error
Test: 2175
/root/tools/ghdl_final/bin/ghdl -a --std=93c vhdl-93/billowitch/compliant/tc3202.vhd
/root/tools/ghdl_final/bin/ghdl --elab-run c14s03b00x00p56n01i03202ent  --assert-level=error
Test: 2176
/root/tools/ghdl_final/bin/ghdl -a --std=93c vhdl-93/billowitch/compliant/tc3204.vhd
/root/tools/ghdl_final/bin/ghdl --elab-run c14s03b00x00p59n01i03204ent  --assert-level=error
delete library: work
/root/tools/ghdl_final/bin/ghdl --remove --std=93c --work=work
Test: 2177
/root/tools/ghdl_final/bin/ghdl -a --std=93c vhdl-93/billowitch/compliant/tc3205.vhd
/root/tools/ghdl_final/bin/ghdl --elab-run c14s03b00x00p59n01i03205ent  --assert-level=error
Test: 2178
/root/tools/ghdl_final/bin/ghdl -a --std=93c vhdl-93/billowitch/compliant/tc3206.vhd
/root/tools/ghdl_final/bin/ghdl --elab-run c14s03b00x00p60n01i03206ent  --assert-level=error
delete library: work
/root/tools/ghdl_final/bin/ghdl --remove --std=93c --work=work
*** End of tests
Test: Billowitch:Non-compliant Cases:Analyzer Failure 1076-1993
Test: 2179
/root/tools/ghdl_final/bin/ghdl -a --std=93c vhdl-93/billowitch/non_compliant/analyzer_failure/tc2.vhd
Test: 2180
/root/tools/ghdl_final/bin/ghdl -a --std=93c vhdl-93/billowitch/non_compliant/analyzer_failure/tc3.vhd
Test: 2181
/root/tools/ghdl_final/bin/ghdl -a --std=93c vhdl-93/billowitch/non_compliant/analyzer_failure/tc4.vhd
Test: 2182
/root/tools/ghdl_final/bin/ghdl -a --std=93c vhdl-93/billowitch/non_compliant/analyzer_failure/tc5.vhd
Test: 2183
/root/tools/ghdl_final/bin/ghdl -a --std=93c vhdl-93/billowitch/non_compliant/analyzer_failure/tc6.vhd
Test: 2184
/root/tools/ghdl_final/bin/ghdl -a --std=93c vhdl-93/billowitch/non_compliant/analyzer_failure/tc7.vhd
Test: 2185
/root/tools/ghdl_final/bin/ghdl -a --std=93c vhdl-93/billowitch/non_compliant/analyzer_failure/tc8.vhd
Test: 2186
/root/tools/ghdl_final/bin/ghdl -a --std=93c vhdl-93/billowitch/non_compliant/analyzer_failure/tc9.vhd
Test: 2187
/root/tools/ghdl_final/bin/ghdl -a --std=93c vhdl-93/billowitch/non_compliant/analyzer_failure/tc11.vhd
Test: 2188
/root/tools/ghdl_final/bin/ghdl -a --std=93c vhdl-93/billowitch/non_compliant/analyzer_failure/tc12.vhd
Test: 2189
/root/tools/ghdl_final/bin/ghdl -a --std=93c vhdl-93/billowitch/non_compliant/analyzer_failure/tc13.vhd
Test: 2190
/root/tools/ghdl_final/bin/ghdl -a --std=93c vhdl-93/billowitch/non_compliant/analyzer_failure/tc19.vhd
Test: 2191
/root/tools/ghdl_final/bin/ghdl -a --std=93c vhdl-93/billowitch/non_compliant/analyzer_failure/tc20.vhd
Test: 2192
/root/tools/ghdl_final/bin/ghdl -a --std=93c vhdl-93/billowitch/non_compliant/analyzer_failure/tc21.vhd
delete library: work
/root/tools/ghdl_final/bin/ghdl --remove --std=93c --work=work
Test: 2193
/root/tools/ghdl_final/bin/ghdl -a --std=93c vhdl-93/billowitch/non_compliant/analyzer_failure/tc28.vhd
Test: 2194
/root/tools/ghdl_final/bin/ghdl -a --std=93c vhdl-93/billowitch/non_compliant/analyzer_failure/tc34.vhd
Test: 2195
/root/tools/ghdl_final/bin/ghdl -a --std=93c vhdl-93/billowitch/non_compliant/analyzer_failure/tc42.vhd
Test: 2196
/root/tools/ghdl_final/bin/ghdl -a --std=93c vhdl-93/billowitch/non_compliant/analyzer_failure/tc44.vhd
Test: 2197
/root/tools/ghdl_final/bin/ghdl -a --std=93c vhdl-93/billowitch/non_compliant/analyzer_failure/tc46.vhd
Test: 2198
/root/tools/ghdl_final/bin/ghdl -a --std=93c vhdl-93/billowitch/non_compliant/analyzer_failure/tc47.vhd
Test: 2199
/root/tools/ghdl_final/bin/ghdl -a --std=93c vhdl-93/billowitch/non_compliant/analyzer_failure/tc49.vhd
Test: 2200
/root/tools/ghdl_final/bin/ghdl -a --std=93c vhdl-93/billowitch/non_compliant/analyzer_failure/tc50.vhd
Test: 2201
/root/tools/ghdl_final/bin/ghdl -a --std=93c vhdl-93/billowitch/non_compliant/analyzer_failure/tc51.vhd
Test: 2202
/root/tools/ghdl_final/bin/ghdl -a --std=93c vhdl-93/billowitch/non_compliant/analyzer_failure/tc55.vhd
Test: 2203
/root/tools/ghdl_final/bin/ghdl -a --std=93c vhdl-93/billowitch/non_compliant/analyzer_failure/tc57.vhd
Test: 2204
/root/tools/ghdl_final/bin/ghdl -a --std=93c vhdl-93/billowitch/non_compliant/analyzer_failure/tc58.vhd
Test: 2205
/root/tools/ghdl_final/bin/ghdl -a --std=93c vhdl-93/billowitch/non_compliant/analyzer_failure/tc60.vhd
Test: 2206
/root/tools/ghdl_final/bin/ghdl -a --std=93c vhdl-93/billowitch/non_compliant/analyzer_failure/tc61.vhd
Test: 2207
/root/tools/ghdl_final/bin/ghdl -a --std=93c vhdl-93/billowitch/non_compliant/analyzer_failure/tc62.vhd
Test: 2208
/root/tools/ghdl_final/bin/ghdl -a --std=93c vhdl-93/billowitch/non_compliant/analyzer_failure/tc65.vhd
delete library: work
/root/tools/ghdl_final/bin/ghdl --remove --std=93c --work=work
Test: 2209
/root/tools/ghdl_final/bin/ghdl -a --std=93c vhdl-93/billowitch/non_compliant/analyzer_failure/tc67.vhd
Test: 2210
/root/tools/ghdl_final/bin/ghdl -a --std=93c vhdl-93/billowitch/non_compliant/analyzer_failure/tc71.vhd
Test: 2211
/root/tools/ghdl_final/bin/ghdl -a --std=93c vhdl-93/billowitch/non_compliant/analyzer_failure/tc72.vhd
Test: 2212
/root/tools/ghdl_final/bin/ghdl -a --std=93c vhdl-93/billowitch/non_compliant/analyzer_failure/tc73.vhd
Test: 2213
/root/tools/ghdl_final/bin/ghdl -a --std=93c vhdl-93/billowitch/non_compliant/analyzer_failure/tc74.vhd
Test: 2214
/root/tools/ghdl_final/bin/ghdl -a --std=93c vhdl-93/billowitch/non_compliant/analyzer_failure/tc75.vhd
Test: 2215
/root/tools/ghdl_final/bin/ghdl -a --std=93c vhdl-93/billowitch/non_compliant/analyzer_failure/tc79.vhd
Test: 2216
/root/tools/ghdl_final/bin/ghdl -a --std=93c vhdl-93/billowitch/non_compliant/analyzer_failure/tc85.vhd
Test: 2217
/root/tools/ghdl_final/bin/ghdl -a --std=93c vhdl-93/billowitch/non_compliant/analyzer_failure/tc89.vhd
Test: 2218
/root/tools/ghdl_final/bin/ghdl -a --std=93c vhdl-93/billowitch/non_compliant/analyzer_failure/tc92.vhd
Test: 2219
/root/tools/ghdl_final/bin/ghdl -a --std=93c vhdl-93/billowitch/non_compliant/analyzer_failure/tc93.vhd
Test: 2220
/root/tools/ghdl_final/bin/ghdl -a --std=93c vhdl-93/billowitch/non_compliant/analyzer_failure/tc94.vhd
Test: 2221
/root/tools/ghdl_final/bin/ghdl -a --std=93c vhdl-93/billowitch/non_compliant/analyzer_failure/tc95.vhd
Test: 2222
/root/tools/ghdl_final/bin/ghdl -a --std=93c vhdl-93/billowitch/non_compliant/analyzer_failure/tc96.vhd
Test: 2223
/root/tools/ghdl_final/bin/ghdl -a --std=93c vhdl-93/billowitch/non_compliant/analyzer_failure/tc97.vhd
Test: 2224
/root/tools/ghdl_final/bin/ghdl -a --std=93c vhdl-93/billowitch/non_compliant/analyzer_failure/tc101.vhd
delete library: work
/root/tools/ghdl_final/bin/ghdl --remove --std=93c --work=work
Test: 2225
/root/tools/ghdl_final/bin/ghdl -a --std=93c vhdl-93/billowitch/non_compliant/analyzer_failure/tc102.vhd
Test: 2226
/root/tools/ghdl_final/bin/ghdl -a --std=93c vhdl-93/billowitch/non_compliant/analyzer_failure/tc103.vhd
Test: 2227
/root/tools/ghdl_final/bin/ghdl -a --std=93c vhdl-93/billowitch/non_compliant/analyzer_failure/tc104.vhd
Test: 2228
/root/tools/ghdl_final/bin/ghdl -a --std=93c vhdl-93/billowitch/non_compliant/analyzer_failure/tc105.vhd
Test: 2229
/root/tools/ghdl_final/bin/ghdl -a --std=93c vhdl-93/billowitch/non_compliant/analyzer_failure/tc106.vhd
Test: 2230
/root/tools/ghdl_final/bin/ghdl -a --std=93c vhdl-93/billowitch/non_compliant/analyzer_failure/tc107.vhd
Test: 2231
/root/tools/ghdl_final/bin/ghdl -a --std=93c vhdl-93/billowitch/non_compliant/analyzer_failure/tc108.vhd
Test: 2232
/root/tools/ghdl_final/bin/ghdl -a --std=93c vhdl-93/billowitch/non_compliant/analyzer_failure/tc109.vhd
Test: 2233
/root/tools/ghdl_final/bin/ghdl -a --std=93c vhdl-93/billowitch/non_compliant/analyzer_failure/tc112.vhd
Test: 2234
/root/tools/ghdl_final/bin/ghdl -a --std=93c vhdl-93/billowitch/non_compliant/analyzer_failure/tc120.vhd
Test: 2235
/root/tools/ghdl_final/bin/ghdl -a --std=93c vhdl-93/billowitch/non_compliant/analyzer_failure/tc121.vhd
Test: 2236
/root/tools/ghdl_final/bin/ghdl -a --std=93c vhdl-93/billowitch/non_compliant/analyzer_failure/tc122.vhd
Test: 2237
/root/tools/ghdl_final/bin/ghdl -a --std=93c vhdl-93/billowitch/non_compliant/analyzer_failure/tc123.vhd
Test: 2238
/root/tools/ghdl_final/bin/ghdl -a --std=93c vhdl-93/billowitch/non_compliant/analyzer_failure/tc124.vhd
Test: 2239
/root/tools/ghdl_final/bin/ghdl -a --std=93c vhdl-93/billowitch/non_compliant/analyzer_failure/tc125.vhd
Test: 2240
/root/tools/ghdl_final/bin/ghdl -a --std=93c vhdl-93/billowitch/non_compliant/analyzer_failure/tc126.vhd
delete library: work
/root/tools/ghdl_final/bin/ghdl --remove --std=93c --work=work
Test: 2241
/root/tools/ghdl_final/bin/ghdl -a --std=93c vhdl-93/billowitch/non_compliant/analyzer_failure/tc127.vhd
Test: 2242
/root/tools/ghdl_final/bin/ghdl -a --std=93c vhdl-93/billowitch/non_compliant/analyzer_failure/tc128.vhd
Test: 2243
/root/tools/ghdl_final/bin/ghdl -a --std=93c vhdl-93/billowitch/non_compliant/analyzer_failure/tc129.vhd
Test: 2244
/root/tools/ghdl_final/bin/ghdl -a --std=93c vhdl-93/billowitch/non_compliant/analyzer_failure/tc130.vhd
Test: 2245
/root/tools/ghdl_final/bin/ghdl -a --std=93c vhdl-93/billowitch/non_compliant/analyzer_failure/tc132.vhd
Test: 2246
/root/tools/ghdl_final/bin/ghdl -a --std=93c vhdl-93/billowitch/non_compliant/analyzer_failure/tc139.vhd
Test: 2247
/root/tools/ghdl_final/bin/ghdl -a --std=93c vhdl-93/billowitch/non_compliant/analyzer_failure/tc140.vhd
Test: 2248
/root/tools/ghdl_final/bin/ghdl -a --std=93c vhdl-93/billowitch/non_compliant/analyzer_failure/tc142.vhd
Test: 2249
/root/tools/ghdl_final/bin/ghdl -a --std=93c vhdl-93/billowitch/non_compliant/analyzer_failure/tc144.vhd
Test: 2250
/root/tools/ghdl_final/bin/ghdl -a --std=93c vhdl-93/billowitch/non_compliant/analyzer_failure/tc145.vhd
Test: 2251
/root/tools/ghdl_final/bin/ghdl -a --std=93c vhdl-93/billowitch/non_compliant/analyzer_failure/tc151.vhd
Test: 2252
/root/tools/ghdl_final/bin/ghdl -a --std=93c vhdl-93/billowitch/non_compliant/analyzer_failure/tc152.vhd
Test: 2253
/root/tools/ghdl_final/bin/ghdl -a --std=93c vhdl-93/billowitch/non_compliant/analyzer_failure/tc153.vhd
Test: 2254
/root/tools/ghdl_final/bin/ghdl -a --std=93c vhdl-93/billowitch/non_compliant/analyzer_failure/tc155.vhd
Test: 2255
/root/tools/ghdl_final/bin/ghdl -a --std=93c vhdl-93/billowitch/non_compliant/analyzer_failure/tc156.vhd
Test: 2256
/root/tools/ghdl_final/bin/ghdl -a --std=93c vhdl-93/billowitch/non_compliant/analyzer_failure/tc159.vhd
delete library: work
/root/tools/ghdl_final/bin/ghdl --remove --std=93c --work=work
Test: 2257
/root/tools/ghdl_final/bin/ghdl -a --std=93c vhdl-93/billowitch/non_compliant/analyzer_failure/tc160.vhd
Test: 2258
/root/tools/ghdl_final/bin/ghdl -a --std=93c vhdl-93/billowitch/non_compliant/analyzer_failure/tc161.vhd
Test: 2259
/root/tools/ghdl_final/bin/ghdl -a --std=93c vhdl-93/billowitch/non_compliant/analyzer_failure/tc165.vhd
Test: 2260
/root/tools/ghdl_final/bin/ghdl -a --std=93c vhdl-93/billowitch/non_compliant/analyzer_failure/tc170.vhd
Test: 2261
/root/tools/ghdl_final/bin/ghdl -a --std=93c vhdl-93/billowitch/non_compliant/analyzer_failure/tc174.vhd
Test: 2262
/root/tools/ghdl_final/bin/ghdl -a --std=93c vhdl-93/billowitch/non_compliant/analyzer_failure/tc175.vhd
Test: 2263
/root/tools/ghdl_final/bin/ghdl -a --std=93c vhdl-93/billowitch/non_compliant/analyzer_failure/tc177.vhd
Test: 2264
/root/tools/ghdl_final/bin/ghdl -a --std=93c vhdl-93/billowitch/non_compliant/analyzer_failure/tc178.vhd
Test: 2265
/root/tools/ghdl_final/bin/ghdl -a --std=93c vhdl-93/billowitch/non_compliant/analyzer_failure/tc181.vhd
Test: 2266
/root/tools/ghdl_final/bin/ghdl -a --std=93c vhdl-93/billowitch/non_compliant/analyzer_failure/tc184.vhd
Test: 2267
/root/tools/ghdl_final/bin/ghdl -a --std=93c vhdl-93/billowitch/non_compliant/analyzer_failure/tc185.vhd
Test: 2268
/root/tools/ghdl_final/bin/ghdl -a --std=93c vhdl-93/billowitch/non_compliant/analyzer_failure/tc186.vhd
Test: 2269
/root/tools/ghdl_final/bin/ghdl -a --std=93c vhdl-93/billowitch/non_compliant/analyzer_failure/tc189.vhd
Test: 2270
/root/tools/ghdl_final/bin/ghdl -a --std=93c vhdl-93/billowitch/non_compliant/analyzer_failure/tc190.vhd
Test: 2271
/root/tools/ghdl_final/bin/ghdl -a --std=93c vhdl-93/billowitch/non_compliant/analyzer_failure/tc191.vhd
Test: 2272
/root/tools/ghdl_final/bin/ghdl -a --std=93c vhdl-93/billowitch/non_compliant/analyzer_failure/tc192.vhd
delete library: work
/root/tools/ghdl_final/bin/ghdl --remove --std=93c --work=work
Test: 2273
/root/tools/ghdl_final/bin/ghdl -a --std=93c vhdl-93/billowitch/non_compliant/analyzer_failure/tc193.vhd
Test: 2274
/root/tools/ghdl_final/bin/ghdl -a --std=93c vhdl-93/billowitch/non_compliant/analyzer_failure/tc196.vhd
Test: 2275
/root/tools/ghdl_final/bin/ghdl -a --std=93c vhdl-93/billowitch/non_compliant/analyzer_failure/tc197.vhd
Test: 2276
/root/tools/ghdl_final/bin/ghdl -a --std=93c vhdl-93/billowitch/non_compliant/analyzer_failure/tc199.vhd
Test: 2277
/root/tools/ghdl_final/bin/ghdl -a --std=93c vhdl-93/billowitch/non_compliant/analyzer_failure/tc200.vhd
Test: 2278
/root/tools/ghdl_final/bin/ghdl -a --std=93c vhdl-93/billowitch/non_compliant/analyzer_failure/tc202.vhd
Test: 2279
/root/tools/ghdl_final/bin/ghdl -a --std=93c vhdl-93/billowitch/non_compliant/analyzer_failure/tc207.vhd
Test: 2280
/root/tools/ghdl_final/bin/ghdl -a --std=93c vhdl-93/billowitch/non_compliant/analyzer_failure/tc210.vhd
Test: 2281
/root/tools/ghdl_final/bin/ghdl -a --std=93c vhdl-93/billowitch/non_compliant/analyzer_failure/tc212.vhd
Test: 2282
/root/tools/ghdl_final/bin/ghdl -a --std=93c vhdl-93/billowitch/non_compliant/analyzer_failure/tc214.vhd
Test: 2283
/root/tools/ghdl_final/bin/ghdl -a --std=93c vhdl-93/billowitch/non_compliant/analyzer_failure/tc215.vhd
Test: 2284
/root/tools/ghdl_final/bin/ghdl -a --std=93c vhdl-93/billowitch/non_compliant/analyzer_failure/tc216.vhd
Test: 2285
/root/tools/ghdl_final/bin/ghdl -a --std=93c vhdl-93/billowitch/non_compliant/analyzer_failure/tc221.vhd
Test: 2286
/root/tools/ghdl_final/bin/ghdl -a --std=93c vhdl-93/billowitch/non_compliant/analyzer_failure/tc222.vhd
Test: 2287
/root/tools/ghdl_final/bin/ghdl -a --std=93c vhdl-93/billowitch/non_compliant/analyzer_failure/tc223.vhd
Test: 2288
/root/tools/ghdl_final/bin/ghdl -a --std=93c vhdl-93/billowitch/non_compliant/analyzer_failure/tc224.vhd
delete library: work
/root/tools/ghdl_final/bin/ghdl --remove --std=93c --work=work
Test: 2289
/root/tools/ghdl_final/bin/ghdl -a --std=93c vhdl-93/billowitch/non_compliant/analyzer_failure/tc225.vhd
Test: 2290
/root/tools/ghdl_final/bin/ghdl -a --std=93c vhdl-93/billowitch/non_compliant/analyzer_failure/tc226.vhd
Test: 2291
/root/tools/ghdl_final/bin/ghdl -a --std=93c vhdl-93/billowitch/non_compliant/analyzer_failure/tc227.vhd
Test: 2292
/root/tools/ghdl_final/bin/ghdl -a --std=93c vhdl-93/billowitch/non_compliant/analyzer_failure/tc231.vhd
Test: 2293
/root/tools/ghdl_final/bin/ghdl -a --std=93c vhdl-93/billowitch/non_compliant/analyzer_failure/tc235.vhd
Test: 2294
/root/tools/ghdl_final/bin/ghdl -a --std=93c vhdl-93/billowitch/non_compliant/analyzer_failure/tc236.vhd
Test: 2295
/root/tools/ghdl_final/bin/ghdl -a --std=93c vhdl-93/billowitch/non_compliant/analyzer_failure/tc240.vhd
Test: 2296
/root/tools/ghdl_final/bin/ghdl -a --std=93c vhdl-93/billowitch/non_compliant/analyzer_failure/tc242.vhd
Test: 2297
/root/tools/ghdl_final/bin/ghdl -a --std=93c vhdl-93/billowitch/non_compliant/analyzer_failure/tc243.vhd
Test: 2298
/root/tools/ghdl_final/bin/ghdl -a --std=93c vhdl-93/billowitch/non_compliant/analyzer_failure/tc244.vhd
Test: 2299
/root/tools/ghdl_final/bin/ghdl -a --std=93c vhdl-93/billowitch/non_compliant/analyzer_failure/tc245.vhd
Test: 2300
/root/tools/ghdl_final/bin/ghdl -a --std=93c vhdl-93/billowitch/non_compliant/analyzer_failure/tc246.vhd
Test: 2301
/root/tools/ghdl_final/bin/ghdl -a --std=93c vhdl-93/billowitch/non_compliant/analyzer_failure/tc247.vhd
Test: 2302
/root/tools/ghdl_final/bin/ghdl -a --std=93c vhdl-93/billowitch/non_compliant/analyzer_failure/tc248.vhd
Test: 2303
/root/tools/ghdl_final/bin/ghdl -a --std=93c vhdl-93/billowitch/non_compliant/analyzer_failure/tc249.vhd
Test: 2304
/root/tools/ghdl_final/bin/ghdl -a --std=93c vhdl-93/billowitch/non_compliant/analyzer_failure/tc250.vhd
delete library: work
/root/tools/ghdl_final/bin/ghdl --remove --std=93c --work=work
Test: 2305
/root/tools/ghdl_final/bin/ghdl -a --std=93c vhdl-93/billowitch/non_compliant/analyzer_failure/tc252.vhd
Test: 2306
/root/tools/ghdl_final/bin/ghdl -a --std=93c vhdl-93/billowitch/non_compliant/analyzer_failure/tc253.vhd
Test: 2307
/root/tools/ghdl_final/bin/ghdl -a --std=93c vhdl-93/billowitch/non_compliant/analyzer_failure/tc257.vhd
Test: 2308
/root/tools/ghdl_final/bin/ghdl -a --std=93c vhdl-93/billowitch/non_compliant/analyzer_failure/tc266.vhd
Test: 2309
/root/tools/ghdl_final/bin/ghdl -a --std=93c vhdl-93/billowitch/non_compliant/analyzer_failure/tc267.vhd
Test: 2310
/root/tools/ghdl_final/bin/ghdl -a --std=93c vhdl-93/billowitch/non_compliant/analyzer_failure/tc268.vhd
Test: 2311
/root/tools/ghdl_final/bin/ghdl -a --std=93c vhdl-93/billowitch/non_compliant/analyzer_failure/tc269.vhd
Test: 2312
/root/tools/ghdl_final/bin/ghdl -a --std=93c vhdl-93/billowitch/non_compliant/analyzer_failure/tc270.vhd
Test: 2313
/root/tools/ghdl_final/bin/ghdl -a --std=93c vhdl-93/billowitch/non_compliant/analyzer_failure/tc271.vhd
Test: 2314
/root/tools/ghdl_final/bin/ghdl -a --std=93c vhdl-93/billowitch/non_compliant/analyzer_failure/tc273.vhd
Test: 2315
/root/tools/ghdl_final/bin/ghdl -a --std=93c vhdl-93/billowitch/non_compliant/analyzer_failure/tc274.vhd
Test: 2316
/root/tools/ghdl_final/bin/ghdl -a --std=93c vhdl-93/billowitch/non_compliant/analyzer_failure/tc275.vhd
Test: 2317
/root/tools/ghdl_final/bin/ghdl -a --std=93c vhdl-93/billowitch/non_compliant/analyzer_failure/tc280.vhd
Test: 2318
/root/tools/ghdl_final/bin/ghdl -a --std=93c vhdl-93/billowitch/non_compliant/analyzer_failure/tc282.vhd
Test: 2319
/root/tools/ghdl_final/bin/ghdl -a --std=93c vhdl-93/billowitch/non_compliant/analyzer_failure/tc283.vhd
Test: 2320
/root/tools/ghdl_final/bin/ghdl -a --std=93c vhdl-93/billowitch/non_compliant/analyzer_failure/tc296.vhd
delete library: work
/root/tools/ghdl_final/bin/ghdl --remove --std=93c --work=work
Test: 2321
/root/tools/ghdl_final/bin/ghdl -a --std=93c vhdl-93/billowitch/non_compliant/analyzer_failure/tc300.vhd
Test: 2322
/root/tools/ghdl_final/bin/ghdl -a --std=93c vhdl-93/billowitch/non_compliant/analyzer_failure/tc302.vhd
Test: 2323
/root/tools/ghdl_final/bin/ghdl -a --std=93c vhdl-93/billowitch/non_compliant/analyzer_failure/tc303.vhd
Test: 2324
/root/tools/ghdl_final/bin/ghdl -a --std=93c vhdl-93/billowitch/non_compliant/analyzer_failure/tc304.vhd
Test: 2325
/root/tools/ghdl_final/bin/ghdl -a --std=93c vhdl-93/billowitch/non_compliant/analyzer_failure/tc305.vhd
Test: 2326
/root/tools/ghdl_final/bin/ghdl -a --std=93c vhdl-93/billowitch/non_compliant/analyzer_failure/tc306.vhd
Test: 2327
/root/tools/ghdl_final/bin/ghdl -a --std=93c vhdl-93/billowitch/non_compliant/analyzer_failure/tc307.vhd
Test: 2328
/root/tools/ghdl_final/bin/ghdl -a --std=93c vhdl-93/billowitch/non_compliant/analyzer_failure/tc315.vhd
Test: 2329
/root/tools/ghdl_final/bin/ghdl -a --std=93c vhdl-93/billowitch/non_compliant/analyzer_failure/tc316.vhd
Test: 2330
/root/tools/ghdl_final/bin/ghdl -a --std=93c vhdl-93/billowitch/non_compliant/analyzer_failure/tc321.vhd
Test: 2331
/root/tools/ghdl_final/bin/ghdl -a --std=93c vhdl-93/billowitch/non_compliant/analyzer_failure/tc324.vhd
Test: 2332
/root/tools/ghdl_final/bin/ghdl -a --std=93c vhdl-93/billowitch/non_compliant/analyzer_failure/tc325.vhd
Test: 2333
/root/tools/ghdl_final/bin/ghdl -a --std=93c vhdl-93/billowitch/non_compliant/analyzer_failure/tc327.vhd
Test: 2334
/root/tools/ghdl_final/bin/ghdl -a --std=93c vhdl-93/billowitch/non_compliant/analyzer_failure/tc328.vhd
Test: 2335
/root/tools/ghdl_final/bin/ghdl -a --std=93c vhdl-93/billowitch/non_compliant/analyzer_failure/tc329.vhd
Test: 2336
/root/tools/ghdl_final/bin/ghdl -a --std=93c vhdl-93/billowitch/non_compliant/analyzer_failure/tc330.vhd
delete library: work
/root/tools/ghdl_final/bin/ghdl --remove --std=93c --work=work
Test: 2337
/root/tools/ghdl_final/bin/ghdl -a --std=93c vhdl-93/billowitch/non_compliant/analyzer_failure/tc331.vhd
Test: 2338
/root/tools/ghdl_final/bin/ghdl -a --std=93c vhdl-93/billowitch/non_compliant/analyzer_failure/tc332.vhd
Test: 2339
/root/tools/ghdl_final/bin/ghdl -a --std=93c vhdl-93/billowitch/non_compliant/analyzer_failure/tc336.vhd
Test: 2340
/root/tools/ghdl_final/bin/ghdl -a --std=93c vhdl-93/billowitch/non_compliant/analyzer_failure/tc338.vhd
Test: 2341
/root/tools/ghdl_final/bin/ghdl -a --std=93c vhdl-93/billowitch/non_compliant/analyzer_failure/tc340.vhd
Test: 2342
/root/tools/ghdl_final/bin/ghdl -a --std=93c vhdl-93/billowitch/non_compliant/analyzer_failure/tc342.vhd
Test: 2343
/root/tools/ghdl_final/bin/ghdl -a --std=93c vhdl-93/billowitch/non_compliant/analyzer_failure/tc345.vhd
Test: 2344
/root/tools/ghdl_final/bin/ghdl -a --std=93c vhdl-93/billowitch/non_compliant/analyzer_failure/tc348.vhd
Test: 2345
/root/tools/ghdl_final/bin/ghdl -a --std=93c vhdl-93/billowitch/non_compliant/analyzer_failure/tc352.vhd
Test: 2346
/root/tools/ghdl_final/bin/ghdl -a --std=93c vhdl-93/billowitch/non_compliant/analyzer_failure/tc353.vhd
Test: 2347
/root/tools/ghdl_final/bin/ghdl -a --std=93c vhdl-93/billowitch/non_compliant/analyzer_failure/tc354.vhd
Test: 2348
/root/tools/ghdl_final/bin/ghdl -a --std=93c vhdl-93/billowitch/non_compliant/analyzer_failure/tc356.vhd
Test: 2349
/root/tools/ghdl_final/bin/ghdl -a --std=93c vhdl-93/billowitch/non_compliant/analyzer_failure/tc357.vhd
Test: 2350
/root/tools/ghdl_final/bin/ghdl -a --std=93c vhdl-93/billowitch/non_compliant/analyzer_failure/tc358.vhd
Test: 2351
/root/tools/ghdl_final/bin/ghdl -a --std=93c vhdl-93/billowitch/non_compliant/analyzer_failure/tc360.vhd
Test: 2352
/root/tools/ghdl_final/bin/ghdl -a --std=93c vhdl-93/billowitch/non_compliant/analyzer_failure/tc362.vhd
delete library: work
/root/tools/ghdl_final/bin/ghdl --remove --std=93c --work=work
Test: 2353
/root/tools/ghdl_final/bin/ghdl -a --std=93c vhdl-93/billowitch/non_compliant/analyzer_failure/tc363.vhd
Test: 2354
/root/tools/ghdl_final/bin/ghdl -a --std=93c vhdl-93/billowitch/non_compliant/analyzer_failure/tc367.vhd
Test: 2355
/root/tools/ghdl_final/bin/ghdl -a --std=93c vhdl-93/billowitch/non_compliant/analyzer_failure/tc368.vhd
Test: 2356
/root/tools/ghdl_final/bin/ghdl -a --std=93c vhdl-93/billowitch/non_compliant/analyzer_failure/tc369.vhd
Test: 2357
/root/tools/ghdl_final/bin/ghdl -a --std=93c vhdl-93/billowitch/non_compliant/analyzer_failure/tc370.vhd
Test: 2358
/root/tools/ghdl_final/bin/ghdl -a --std=93c vhdl-93/billowitch/non_compliant/analyzer_failure/tc371.vhd
Test: 2359
/root/tools/ghdl_final/bin/ghdl -a --std=93c vhdl-93/billowitch/non_compliant/analyzer_failure/tc372.vhd
Test: 2360
/root/tools/ghdl_final/bin/ghdl -a --std=93c vhdl-93/billowitch/non_compliant/analyzer_failure/tc373.vhd
Test: 2361
/root/tools/ghdl_final/bin/ghdl -a --std=93c vhdl-93/billowitch/non_compliant/analyzer_failure/tc374.vhd
Test: 2362
/root/tools/ghdl_final/bin/ghdl -a --std=93c vhdl-93/billowitch/non_compliant/analyzer_failure/tc375.vhd
Test: 2363
/root/tools/ghdl_final/bin/ghdl -a --std=93c vhdl-93/billowitch/non_compliant/analyzer_failure/tc379.vhd
Test: 2364
/root/tools/ghdl_final/bin/ghdl -a --std=93c vhdl-93/billowitch/non_compliant/analyzer_failure/tc380.vhd
Test: 2365
/root/tools/ghdl_final/bin/ghdl -a --std=93c vhdl-93/billowitch/non_compliant/analyzer_failure/tc383.vhd
Test: 2366
/root/tools/ghdl_final/bin/ghdl -a --std=93c vhdl-93/billowitch/non_compliant/analyzer_failure/tc384.vhd
Test: 2367
/root/tools/ghdl_final/bin/ghdl -a --std=93c vhdl-93/billowitch/non_compliant/analyzer_failure/tc389.vhd
Test: 2368
/root/tools/ghdl_final/bin/ghdl -a --std=93c vhdl-93/billowitch/non_compliant/analyzer_failure/tc390.vhd
delete library: work
/root/tools/ghdl_final/bin/ghdl --remove --std=93c --work=work
Test: 2369
/root/tools/ghdl_final/bin/ghdl -a --std=93c vhdl-93/billowitch/non_compliant/analyzer_failure/tc391.vhd
Test: 2370
/root/tools/ghdl_final/bin/ghdl -a --std=93c vhdl-93/billowitch/non_compliant/analyzer_failure/tc394.vhd
Test: 2371
/root/tools/ghdl_final/bin/ghdl -a --std=93c vhdl-93/billowitch/non_compliant/analyzer_failure/tc396.vhd
Test: 2372
/root/tools/ghdl_final/bin/ghdl -a --std=93c vhdl-93/billowitch/non_compliant/analyzer_failure/tc405.vhd
Test: 2373
/root/tools/ghdl_final/bin/ghdl -a --std=93c vhdl-93/billowitch/non_compliant/analyzer_failure/tc502.vhd
Test: 2374
/root/tools/ghdl_final/bin/ghdl -a --std=93c vhdl-93/billowitch/non_compliant/analyzer_failure/tc504.vhd
Test: 2375
/root/tools/ghdl_final/bin/ghdl -a --std=93c vhdl-93/billowitch/non_compliant/analyzer_failure/tc506.vhd
Test: 2376
/root/tools/ghdl_final/bin/ghdl -a --std=93c vhdl-93/billowitch/non_compliant/analyzer_failure/tc507.vhd
Test: 2377
/root/tools/ghdl_final/bin/ghdl -a --std=93c vhdl-93/billowitch/non_compliant/analyzer_failure/tc508.vhd
Test: 2378
/root/tools/ghdl_final/bin/ghdl -a --std=93c vhdl-93/billowitch/non_compliant/analyzer_failure/tc509.vhd
Test: 2379
/root/tools/ghdl_final/bin/ghdl -a --std=93c vhdl-93/billowitch/non_compliant/analyzer_failure/tc510.vhd
Test: 2380
/root/tools/ghdl_final/bin/ghdl -a --std=93c vhdl-93/billowitch/non_compliant/analyzer_failure/tc511.vhd
Test: 2381
/root/tools/ghdl_final/bin/ghdl -a --std=93c vhdl-93/billowitch/non_compliant/analyzer_failure/tc514.vhd
Test: 2382
/root/tools/ghdl_final/bin/ghdl -a --std=93c vhdl-93/billowitch/non_compliant/analyzer_failure/tc518.vhd
Test: 2383
/root/tools/ghdl_final/bin/ghdl -a --std=93c vhdl-93/billowitch/non_compliant/analyzer_failure/tc532.vhd
Test: 2384
/root/tools/ghdl_final/bin/ghdl -a --std=93c vhdl-93/billowitch/non_compliant/analyzer_failure/tc533.vhd
delete library: work
/root/tools/ghdl_final/bin/ghdl --remove --std=93c --work=work
Test: 2385
/root/tools/ghdl_final/bin/ghdl -a --std=93c vhdl-93/billowitch/non_compliant/analyzer_failure/tc540.vhd
Test: 2386
/root/tools/ghdl_final/bin/ghdl -a --std=93c vhdl-93/billowitch/non_compliant/analyzer_failure/tc543.vhd
Test: 2387
/root/tools/ghdl_final/bin/ghdl -a --std=93c vhdl-93/billowitch/non_compliant/analyzer_failure/tc547.vhd
Test: 2388
/root/tools/ghdl_final/bin/ghdl -a --std=93c vhdl-93/billowitch/non_compliant/analyzer_failure/tc548.vhd
Test: 2389
/root/tools/ghdl_final/bin/ghdl -a --std=93c vhdl-93/billowitch/non_compliant/analyzer_failure/tc549.vhd
Test: 2390
/root/tools/ghdl_final/bin/ghdl -a --std=93c vhdl-93/billowitch/non_compliant/analyzer_failure/tc550.vhd
Test: 2391
/root/tools/ghdl_final/bin/ghdl -a --std=93c vhdl-93/billowitch/non_compliant/analyzer_failure/tc551.vhd
Test: 2392
/root/tools/ghdl_final/bin/ghdl -a --std=93c vhdl-93/billowitch/non_compliant/analyzer_failure/tc552.vhd
Test: 2393
/root/tools/ghdl_final/bin/ghdl -a --std=93c vhdl-93/billowitch/non_compliant/analyzer_failure/tc553.vhd
Test: 2394
/root/tools/ghdl_final/bin/ghdl -a --std=93c vhdl-93/billowitch/non_compliant/analyzer_failure/tc714.vhd
Test: 2395
/root/tools/ghdl_final/bin/ghdl -a --std=93c vhdl-93/billowitch/non_compliant/analyzer_failure/tc718.vhd
Test: 2396
/root/tools/ghdl_final/bin/ghdl -a --std=93c vhdl-93/billowitch/non_compliant/analyzer_failure/tc721.vhd
Test: 2397
/root/tools/ghdl_final/bin/ghdl -a --std=93c vhdl-93/billowitch/non_compliant/analyzer_failure/tc722.vhd
Test: 2398
/root/tools/ghdl_final/bin/ghdl -a --std=93c vhdl-93/billowitch/non_compliant/analyzer_failure/tc723.vhd
Test: 2399
/root/tools/ghdl_final/bin/ghdl -a --std=93c vhdl-93/billowitch/non_compliant/analyzer_failure/tc724.vhd
Test: 2400
/root/tools/ghdl_final/bin/ghdl -a --std=93c vhdl-93/billowitch/non_compliant/analyzer_failure/tc725.vhd
delete library: work
/root/tools/ghdl_final/bin/ghdl --remove --std=93c --work=work
Test: 2401
/root/tools/ghdl_final/bin/ghdl -a --std=93c vhdl-93/billowitch/non_compliant/analyzer_failure/tc726.vhd
Test: 2402
/root/tools/ghdl_final/bin/ghdl -a --std=93c vhdl-93/billowitch/non_compliant/analyzer_failure/tc727.vhd
Test: 2403
/root/tools/ghdl_final/bin/ghdl -a --std=93c vhdl-93/billowitch/non_compliant/analyzer_failure/tc728.vhd
Test: 2404
/root/tools/ghdl_final/bin/ghdl -a --std=93c vhdl-93/billowitch/non_compliant/analyzer_failure/tc729.vhd
Test: 2405
/root/tools/ghdl_final/bin/ghdl -a --std=93c vhdl-93/billowitch/non_compliant/analyzer_failure/tc730.vhd
Test: 2406
/root/tools/ghdl_final/bin/ghdl -a --std=93c vhdl-93/billowitch/non_compliant/analyzer_failure/tc732.vhd
Test: 2407
/root/tools/ghdl_final/bin/ghdl -a --std=93c vhdl-93/billowitch/non_compliant/analyzer_failure/tc733.vhd
Test: 2408
/root/tools/ghdl_final/bin/ghdl -a --std=93c vhdl-93/billowitch/non_compliant/analyzer_failure/tc734.vhd
Test: 2409
/root/tools/ghdl_final/bin/ghdl -a --std=93c vhdl-93/billowitch/non_compliant/analyzer_failure/tc735.vhd
Test: 2410
/root/tools/ghdl_final/bin/ghdl -a --std=93c vhdl-93/billowitch/non_compliant/analyzer_failure/tc736.vhd
Test: 2411
/root/tools/ghdl_final/bin/ghdl -a --std=93c vhdl-93/billowitch/non_compliant/analyzer_failure/tc764.vhd
Test: 2412
/root/tools/ghdl_final/bin/ghdl -a --std=93c vhdl-93/billowitch/non_compliant/analyzer_failure/tc766.vhd
Test: 2413
/root/tools/ghdl_final/bin/ghdl -a --std=93c vhdl-93/billowitch/non_compliant/analyzer_failure/tc767.vhd
Test: 2414
/root/tools/ghdl_final/bin/ghdl -a --std=93c vhdl-93/billowitch/non_compliant/analyzer_failure/tc769.vhd
Test: 2415
/root/tools/ghdl_final/bin/ghdl -a --std=93c vhdl-93/billowitch/non_compliant/analyzer_failure/tc770.vhd
Test: 2416
/root/tools/ghdl_final/bin/ghdl -a --std=93c vhdl-93/billowitch/non_compliant/analyzer_failure/tc771.vhd
delete library: work
/root/tools/ghdl_final/bin/ghdl --remove --std=93c --work=work
Test: 2417
/root/tools/ghdl_final/bin/ghdl -a --std=93c vhdl-93/billowitch/non_compliant/analyzer_failure/tc773.vhd
Test: 2418
/root/tools/ghdl_final/bin/ghdl -a --std=93c vhdl-93/billowitch/non_compliant/analyzer_failure/tc774.vhd
Test: 2419
/root/tools/ghdl_final/bin/ghdl -a --std=93c vhdl-93/billowitch/non_compliant/analyzer_failure/tc775.vhd
Test: 2420
/root/tools/ghdl_final/bin/ghdl -a --std=93c vhdl-93/billowitch/non_compliant/analyzer_failure/tc783.vhd
Test: 2421
/root/tools/ghdl_final/bin/ghdl -a --std=93c vhdl-93/billowitch/non_compliant/analyzer_failure/tc785.vhd
Test: 2422
/root/tools/ghdl_final/bin/ghdl -a --std=93c vhdl-93/billowitch/non_compliant/analyzer_failure/tc786.vhd
Test: 2423
/root/tools/ghdl_final/bin/ghdl -a --std=93c vhdl-93/billowitch/non_compliant/analyzer_failure/tc787.vhd
Test: 2424
/root/tools/ghdl_final/bin/ghdl -a --std=93c vhdl-93/billowitch/non_compliant/analyzer_failure/tc788.vhd
Test: 2425
/root/tools/ghdl_final/bin/ghdl -a --std=93c vhdl-93/billowitch/non_compliant/analyzer_failure/tc789.vhd
Test: 2426
/root/tools/ghdl_final/bin/ghdl -a --std=93c vhdl-93/billowitch/non_compliant/analyzer_failure/tc790.vhd
Test: 2427
/root/tools/ghdl_final/bin/ghdl -a --std=93c vhdl-93/billowitch/non_compliant/analyzer_failure/tc793.vhd
Test: 2428
/root/tools/ghdl_final/bin/ghdl -a --std=93c vhdl-93/billowitch/non_compliant/analyzer_failure/tc794.vhd
Test: 2429
/root/tools/ghdl_final/bin/ghdl -a --std=93c vhdl-93/billowitch/non_compliant/analyzer_failure/tc795.vhd
Test: 2430
/root/tools/ghdl_final/bin/ghdl -a --std=93c vhdl-93/billowitch/non_compliant/analyzer_failure/tc796.vhd
Test: 2431
/root/tools/ghdl_final/bin/ghdl -a --std=93c vhdl-93/billowitch/non_compliant/analyzer_failure/tc797.vhd
Test: 2432
/root/tools/ghdl_final/bin/ghdl -a --std=93c vhdl-93/billowitch/non_compliant/analyzer_failure/tc798.vhd
delete library: work
/root/tools/ghdl_final/bin/ghdl --remove --std=93c --work=work
Test: 2433
/root/tools/ghdl_final/bin/ghdl -a --std=93c vhdl-93/billowitch/non_compliant/analyzer_failure/tc799.vhd
Test: 2434
/root/tools/ghdl_final/bin/ghdl -a --std=93c vhdl-93/billowitch/non_compliant/analyzer_failure/tc800.vhd
Test: 2435
/root/tools/ghdl_final/bin/ghdl -a --std=93c vhdl-93/billowitch/non_compliant/analyzer_failure/tc801.vhd
Test: 2436
/root/tools/ghdl_final/bin/ghdl -a --std=93c vhdl-93/billowitch/non_compliant/analyzer_failure/tc802.vhd
Test: 2437
/root/tools/ghdl_final/bin/ghdl -a --std=93c vhdl-93/billowitch/non_compliant/analyzer_failure/tc803.vhd
Test: 2438
/root/tools/ghdl_final/bin/ghdl -a --std=93c vhdl-93/billowitch/non_compliant/analyzer_failure/tc804.vhd
Test: 2439
/root/tools/ghdl_final/bin/ghdl -a --std=93c vhdl-93/billowitch/non_compliant/analyzer_failure/tc808.vhd
Test: 2440
/root/tools/ghdl_final/bin/ghdl -a --std=93c vhdl-93/billowitch/non_compliant/analyzer_failure/tc809.vhd
Test: 2441
/root/tools/ghdl_final/bin/ghdl -a --std=93c vhdl-93/billowitch/non_compliant/analyzer_failure/tc810.vhd
Test: 2442
/root/tools/ghdl_final/bin/ghdl -a --std=93c vhdl-93/billowitch/non_compliant/analyzer_failure/tc811.vhd
Test: 2443
/root/tools/ghdl_final/bin/ghdl -a --std=93c vhdl-93/billowitch/non_compliant/analyzer_failure/tc812.vhd
Test: 2444
/root/tools/ghdl_final/bin/ghdl -a --std=93c vhdl-93/billowitch/non_compliant/analyzer_failure/tc813.vhd
Test: 2445
/root/tools/ghdl_final/bin/ghdl -a --std=93c vhdl-93/billowitch/non_compliant/analyzer_failure/tc815.vhd
Test: 2446
/root/tools/ghdl_final/bin/ghdl -a --std=93c vhdl-93/billowitch/non_compliant/analyzer_failure/tc818.vhd
Test: 2447
/root/tools/ghdl_final/bin/ghdl -a --std=93c vhdl-93/billowitch/non_compliant/analyzer_failure/tc819.vhd
Test: 2448
/root/tools/ghdl_final/bin/ghdl -a --std=93c vhdl-93/billowitch/non_compliant/analyzer_failure/tc821.vhd
delete library: work
/root/tools/ghdl_final/bin/ghdl --remove --std=93c --work=work
Test: 2449
/root/tools/ghdl_final/bin/ghdl -a --std=93c vhdl-93/billowitch/non_compliant/analyzer_failure/tc822.vhd
Test: 2450
/root/tools/ghdl_final/bin/ghdl -a --std=93c vhdl-93/billowitch/non_compliant/analyzer_failure/tc823.vhd
Test: 2451
/root/tools/ghdl_final/bin/ghdl -a --std=93c vhdl-93/billowitch/non_compliant/analyzer_failure/tc824.vhd
Test: 2452
/root/tools/ghdl_final/bin/ghdl -a --std=93c vhdl-93/billowitch/non_compliant/analyzer_failure/tc825.vhd
Test: 2453
/root/tools/ghdl_final/bin/ghdl -a --std=93c vhdl-93/billowitch/non_compliant/analyzer_failure/tc826.vhd
Test: 2454
/root/tools/ghdl_final/bin/ghdl -a --std=93c vhdl-93/billowitch/non_compliant/analyzer_failure/tc827.vhd
Test: 2455
/root/tools/ghdl_final/bin/ghdl -a --std=93c vhdl-93/billowitch/non_compliant/analyzer_failure/tc828.vhd
Test: 2456
/root/tools/ghdl_final/bin/ghdl -a --std=93c vhdl-93/billowitch/non_compliant/analyzer_failure/tc829.vhd
Test: 2457
/root/tools/ghdl_final/bin/ghdl -a --std=93c vhdl-93/billowitch/non_compliant/analyzer_failure/tc830.vhd
Test: 2458
/root/tools/ghdl_final/bin/ghdl -a --std=93c vhdl-93/billowitch/non_compliant/analyzer_failure/tc831.vhd
Test: 2459
/root/tools/ghdl_final/bin/ghdl -a --std=93c vhdl-93/billowitch/non_compliant/analyzer_failure/tc832.vhd
Test: 2460
/root/tools/ghdl_final/bin/ghdl -a --std=93c vhdl-93/billowitch/non_compliant/analyzer_failure/tc834.vhd
Test: 2461
/root/tools/ghdl_final/bin/ghdl -a --std=93c vhdl-93/billowitch/non_compliant/analyzer_failure/tc835.vhd
Test: 2462
/root/tools/ghdl_final/bin/ghdl -a --std=93c vhdl-93/billowitch/non_compliant/analyzer_failure/tc836.vhd
Test: 2463
/root/tools/ghdl_final/bin/ghdl -a --std=93c vhdl-93/billowitch/non_compliant/analyzer_failure/tc838.vhd
Test: 2464
/root/tools/ghdl_final/bin/ghdl -a --std=93c vhdl-93/billowitch/non_compliant/analyzer_failure/tc839.vhd
delete library: work
/root/tools/ghdl_final/bin/ghdl --remove --std=93c --work=work
Test: 2465
/root/tools/ghdl_final/bin/ghdl -a --std=93c vhdl-93/billowitch/non_compliant/analyzer_failure/tc841.vhd
Test: 2466
/root/tools/ghdl_final/bin/ghdl -a --std=93c vhdl-93/billowitch/non_compliant/analyzer_failure/tc845.vhd
Test: 2467
/root/tools/ghdl_final/bin/ghdl -a --std=93c vhdl-93/billowitch/non_compliant/analyzer_failure/tc847.vhd
Test: 2468
/root/tools/ghdl_final/bin/ghdl -a --std=93c vhdl-93/billowitch/non_compliant/analyzer_failure/tc848.vhd
Test: 2469
/root/tools/ghdl_final/bin/ghdl -a --std=93c vhdl-93/billowitch/non_compliant/analyzer_failure/tc875.vhd
Test: 2470
/root/tools/ghdl_final/bin/ghdl -a --std=93c vhdl-93/billowitch/non_compliant/analyzer_failure/tc899.vhd
Test: 2471
/root/tools/ghdl_final/bin/ghdl -a --std=93c vhdl-93/billowitch/non_compliant/analyzer_failure/tc901.vhd
Test: 2472
/root/tools/ghdl_final/bin/ghdl -a --std=93c vhdl-93/billowitch/non_compliant/analyzer_failure/tc903.vhd
Test: 2473
/root/tools/ghdl_final/bin/ghdl -a --std=93c vhdl-93/billowitch/non_compliant/analyzer_failure/tc904.vhd
Test: 2474
/root/tools/ghdl_final/bin/ghdl -a --std=93c vhdl-93/billowitch/non_compliant/analyzer_failure/tc905.vhd
Test: 2475
/root/tools/ghdl_final/bin/ghdl -a --std=93c vhdl-93/billowitch/non_compliant/analyzer_failure/tc906.vhd
Test: 2476
/root/tools/ghdl_final/bin/ghdl -a --std=93c vhdl-93/billowitch/non_compliant/analyzer_failure/tc907.vhd
Test: 2477
/root/tools/ghdl_final/bin/ghdl -a --std=93c vhdl-93/billowitch/non_compliant/analyzer_failure/tc908.vhd
Test: 2478
/root/tools/ghdl_final/bin/ghdl -a --std=93c vhdl-93/billowitch/non_compliant/analyzer_failure/tc909.vhd
Test: 2479
/root/tools/ghdl_final/bin/ghdl -a --std=93c vhdl-93/billowitch/non_compliant/analyzer_failure/tc910.vhd
Test: 2480
/root/tools/ghdl_final/bin/ghdl -a --std=93c vhdl-93/billowitch/non_compliant/analyzer_failure/tc928.vhd
delete library: work
/root/tools/ghdl_final/bin/ghdl --remove --std=93c --work=work
Test: 2481
/root/tools/ghdl_final/bin/ghdl -a --std=93c vhdl-93/billowitch/non_compliant/analyzer_failure/tc929.vhd
Test: 2482
/root/tools/ghdl_final/bin/ghdl -a --std=93c vhdl-93/billowitch/non_compliant/analyzer_failure/tc937.vhd
Test: 2483
/root/tools/ghdl_final/bin/ghdl -a --std=93c vhdl-93/billowitch/non_compliant/analyzer_failure/tc939.vhd
Test: 2484
/root/tools/ghdl_final/bin/ghdl -a --std=93c vhdl-93/billowitch/non_compliant/analyzer_failure/tc941.vhd
Test: 2485
/root/tools/ghdl_final/bin/ghdl -a --std=93c vhdl-93/billowitch/non_compliant/analyzer_failure/tc944.vhd
Test: 2486
/root/tools/ghdl_final/bin/ghdl -a --std=93c vhdl-93/billowitch/non_compliant/analyzer_failure/tc946.vhd
Test: 2487
/root/tools/ghdl_final/bin/ghdl -a --std=93c vhdl-93/billowitch/non_compliant/analyzer_failure/tc947.vhd
Test: 2488
/root/tools/ghdl_final/bin/ghdl -a --std=93c vhdl-93/billowitch/non_compliant/analyzer_failure/tc948.vhd
Test: 2489
/root/tools/ghdl_final/bin/ghdl -a --std=93c vhdl-93/billowitch/non_compliant/analyzer_failure/tc949.vhd
Test: 2490
/root/tools/ghdl_final/bin/ghdl -a --std=93c vhdl-93/billowitch/non_compliant/analyzer_failure/tc950.vhd
Test: 2491
/root/tools/ghdl_final/bin/ghdl -a --std=93c vhdl-93/billowitch/non_compliant/analyzer_failure/tc957.vhd
Test: 2492
/root/tools/ghdl_final/bin/ghdl -a --std=93c vhdl-93/billowitch/non_compliant/analyzer_failure/tc959.vhd
Test: 2493
/root/tools/ghdl_final/bin/ghdl -a --std=93c vhdl-93/billowitch/non_compliant/analyzer_failure/tc960.vhd
Test: 2494
/root/tools/ghdl_final/bin/ghdl -a --std=93c vhdl-93/billowitch/non_compliant/analyzer_failure/tc961.vhd
Test: 2495
/root/tools/ghdl_final/bin/ghdl -a --std=93c vhdl-93/billowitch/non_compliant/analyzer_failure/tc963.vhd
Test: 2496
/root/tools/ghdl_final/bin/ghdl -a --std=93c vhdl-93/billowitch/non_compliant/analyzer_failure/tc967.vhd
delete library: work
/root/tools/ghdl_final/bin/ghdl --remove --std=93c --work=work
Test: 2497
/root/tools/ghdl_final/bin/ghdl -a --std=93c vhdl-93/billowitch/non_compliant/analyzer_failure/tc970.vhd
Test: 2498
/root/tools/ghdl_final/bin/ghdl -a --std=93c vhdl-93/billowitch/non_compliant/analyzer_failure/tc971.vhd
Test: 2499
/root/tools/ghdl_final/bin/ghdl -a --std=93c vhdl-93/billowitch/non_compliant/analyzer_failure/tc972.vhd
Test: 2500
/root/tools/ghdl_final/bin/ghdl -a --std=93c vhdl-93/billowitch/non_compliant/analyzer_failure/tc974.vhd
Test: 2501
/root/tools/ghdl_final/bin/ghdl -a --std=93c vhdl-93/billowitch/non_compliant/analyzer_failure/tc975.vhd
Test: 2502
/root/tools/ghdl_final/bin/ghdl -a --std=93c vhdl-93/billowitch/non_compliant/analyzer_failure/tc976.vhd
Test: 2503
/root/tools/ghdl_final/bin/ghdl -a --std=93c vhdl-93/billowitch/non_compliant/analyzer_failure/tc977.vhd
Test: 2504
/root/tools/ghdl_final/bin/ghdl -a --std=93c vhdl-93/billowitch/non_compliant/analyzer_failure/tc978.vhd
Test: 2505
/root/tools/ghdl_final/bin/ghdl -a --std=93c vhdl-93/billowitch/non_compliant/analyzer_failure/tc979.vhd
Test: 2506
/root/tools/ghdl_final/bin/ghdl -a --std=93c vhdl-93/billowitch/non_compliant/analyzer_failure/tc980.vhd
Test: 2507
/root/tools/ghdl_final/bin/ghdl -a --std=93c vhdl-93/billowitch/non_compliant/analyzer_failure/tc981.vhd
Test: 2508
/root/tools/ghdl_final/bin/ghdl -a --std=93c vhdl-93/billowitch/non_compliant/analyzer_failure/tc982.vhd
Test: 2509
/root/tools/ghdl_final/bin/ghdl -a --std=93c vhdl-93/billowitch/non_compliant/analyzer_failure/tc984.vhd
Test: 2510
/root/tools/ghdl_final/bin/ghdl -a --std=93c vhdl-93/billowitch/non_compliant/analyzer_failure/tc985.vhd
Test: 2511
/root/tools/ghdl_final/bin/ghdl -a --std=93c vhdl-93/billowitch/non_compliant/analyzer_failure/tc989.vhd
Test: 2512
/root/tools/ghdl_final/bin/ghdl -a --std=93c vhdl-93/billowitch/non_compliant/analyzer_failure/tc990.vhd
delete library: work
/root/tools/ghdl_final/bin/ghdl --remove --std=93c --work=work
Test: 2513
/root/tools/ghdl_final/bin/ghdl -a --std=93c vhdl-93/billowitch/non_compliant/analyzer_failure/tc991.vhd
Test: 2514
/root/tools/ghdl_final/bin/ghdl -a --std=93c vhdl-93/billowitch/non_compliant/analyzer_failure/tc994.vhd
Test: 2515
/root/tools/ghdl_final/bin/ghdl -a --std=93c vhdl-93/billowitch/non_compliant/analyzer_failure/tc997.vhd
Test: 2516
/root/tools/ghdl_final/bin/ghdl -a --std=93c vhdl-93/billowitch/non_compliant/analyzer_failure/tc998.vhd
Test: 2517
/root/tools/ghdl_final/bin/ghdl -a --std=93c vhdl-93/billowitch/non_compliant/analyzer_failure/tc999.vhd
Test: 2518
/root/tools/ghdl_final/bin/ghdl -a --std=93c vhdl-93/billowitch/non_compliant/analyzer_failure/tc1000.vhd
Test: 2519
/root/tools/ghdl_final/bin/ghdl -a --std=93c vhdl-93/billowitch/non_compliant/analyzer_failure/tc1001.vhd
Test: 2520
/root/tools/ghdl_final/bin/ghdl -a --std=93c vhdl-93/billowitch/non_compliant/analyzer_failure/tc1002.vhd
Test: 2521
/root/tools/ghdl_final/bin/ghdl -a --std=93c vhdl-93/billowitch/non_compliant/analyzer_failure/tc1003.vhd
Test: 2522
/root/tools/ghdl_final/bin/ghdl -a --std=93c vhdl-93/billowitch/non_compliant/analyzer_failure/tc1004.vhd
Test: 2523
/root/tools/ghdl_final/bin/ghdl -a --std=93c vhdl-93/billowitch/non_compliant/analyzer_failure/tc1005.vhd
Test: 2524
/root/tools/ghdl_final/bin/ghdl -a --std=93c vhdl-93/billowitch/non_compliant/analyzer_failure/tc1006.vhd
Test: 2525
/root/tools/ghdl_final/bin/ghdl -a --std=93c vhdl-93/billowitch/non_compliant/analyzer_failure/tc1007.vhd
Test: 2526
/root/tools/ghdl_final/bin/ghdl -a --std=93c vhdl-93/billowitch/non_compliant/analyzer_failure/tc1008.vhd
Test: 2527
/root/tools/ghdl_final/bin/ghdl -a --std=93c vhdl-93/billowitch/non_compliant/analyzer_failure/tc1014.vhd
Test: 2528
/root/tools/ghdl_final/bin/ghdl -a --std=93c vhdl-93/billowitch/non_compliant/analyzer_failure/tc1015.vhd
delete library: work
/root/tools/ghdl_final/bin/ghdl --remove --std=93c --work=work
Test: 2529
/root/tools/ghdl_final/bin/ghdl -a --std=93c vhdl-93/billowitch/non_compliant/analyzer_failure/tc1016.vhd
Test: 2530
/root/tools/ghdl_final/bin/ghdl -a --std=93c vhdl-93/billowitch/non_compliant/analyzer_failure/tc1017.vhd
Test: 2531
/root/tools/ghdl_final/bin/ghdl -a --std=93c vhdl-93/billowitch/non_compliant/analyzer_failure/tc1018.vhd
Test: 2532
/root/tools/ghdl_final/bin/ghdl -a --std=93c vhdl-93/billowitch/non_compliant/analyzer_failure/tc1022.vhd
Test: 2533
/root/tools/ghdl_final/bin/ghdl -a --std=93c vhdl-93/billowitch/non_compliant/analyzer_failure/tc1023.vhd
Test: 2534
/root/tools/ghdl_final/bin/ghdl -a --std=93c vhdl-93/billowitch/non_compliant/analyzer_failure/tc1025.vhd
Test: 2535
/root/tools/ghdl_final/bin/ghdl -a --std=93c vhdl-93/billowitch/non_compliant/analyzer_failure/tc1036.vhd
Test: 2536
/root/tools/ghdl_final/bin/ghdl -a --std=93c vhdl-93/billowitch/non_compliant/analyzer_failure/tc1041.vhd
Test: 2537
/root/tools/ghdl_final/bin/ghdl -a --std=93c vhdl-93/billowitch/non_compliant/analyzer_failure/tc1042.vhd
Test: 2538
/root/tools/ghdl_final/bin/ghdl -a --std=93c vhdl-93/billowitch/non_compliant/analyzer_failure/tc1043.vhd
Test: 2539
/root/tools/ghdl_final/bin/ghdl -a --std=93c vhdl-93/billowitch/non_compliant/analyzer_failure/tc1044.vhd
Test: 2540
/root/tools/ghdl_final/bin/ghdl -a --std=93c vhdl-93/billowitch/non_compliant/analyzer_failure/tc1045.vhd
Test: 2541
/root/tools/ghdl_final/bin/ghdl -a --std=93c vhdl-93/billowitch/non_compliant/analyzer_failure/tc1046.vhd
Test: 2542
/root/tools/ghdl_final/bin/ghdl -a --std=93c vhdl-93/billowitch/non_compliant/analyzer_failure/tc1047.vhd
Test: 2543
/root/tools/ghdl_final/bin/ghdl -a --std=93c vhdl-93/billowitch/non_compliant/analyzer_failure/tc1048.vhd
Test: 2544
/root/tools/ghdl_final/bin/ghdl -a --std=93c vhdl-93/billowitch/non_compliant/analyzer_failure/tc1049.vhd
delete library: work
/root/tools/ghdl_final/bin/ghdl --remove --std=93c --work=work
Test: 2545
/root/tools/ghdl_final/bin/ghdl -a --std=93c vhdl-93/billowitch/non_compliant/analyzer_failure/tc1051.vhd
Test: 2546
/root/tools/ghdl_final/bin/ghdl -a --std=93c vhdl-93/billowitch/non_compliant/analyzer_failure/tc1052.vhd
Test: 2547
/root/tools/ghdl_final/bin/ghdl -a --std=93c vhdl-93/billowitch/non_compliant/analyzer_failure/tc1053.vhd
Test: 2548
/root/tools/ghdl_final/bin/ghdl -a --std=93c vhdl-93/billowitch/non_compliant/analyzer_failure/tc1054.vhd
Test: 2549
/root/tools/ghdl_final/bin/ghdl -a --std=93c vhdl-93/billowitch/non_compliant/analyzer_failure/tc1055.vhd
Test: 2550
/root/tools/ghdl_final/bin/ghdl -a --std=93c vhdl-93/billowitch/non_compliant/analyzer_failure/tc1056.vhd
Test: 2551
/root/tools/ghdl_final/bin/ghdl -a --std=93c vhdl-93/billowitch/non_compliant/analyzer_failure/tc1057.vhd
Test: 2552
/root/tools/ghdl_final/bin/ghdl -a --std=93c vhdl-93/billowitch/non_compliant/analyzer_failure/tc1058.vhd
Test: 2553
/root/tools/ghdl_final/bin/ghdl -a --std=93c vhdl-93/billowitch/non_compliant/analyzer_failure/tc1059.vhd
Test: 2554
/root/tools/ghdl_final/bin/ghdl -a --std=93c vhdl-93/billowitch/non_compliant/analyzer_failure/tc1060.vhd
Test: 2555
/root/tools/ghdl_final/bin/ghdl -a --std=93c vhdl-93/billowitch/non_compliant/analyzer_failure/tc1061.vhd
Test: 2556
/root/tools/ghdl_final/bin/ghdl -a --std=93c vhdl-93/billowitch/non_compliant/analyzer_failure/tc1062.vhd
Test: 2557
/root/tools/ghdl_final/bin/ghdl -a --std=93c vhdl-93/billowitch/non_compliant/analyzer_failure/tc1063.vhd
Test: 2558
/root/tools/ghdl_final/bin/ghdl -a --std=93c vhdl-93/billowitch/non_compliant/analyzer_failure/tc1064.vhd
Test: 2559
/root/tools/ghdl_final/bin/ghdl -a --std=93c vhdl-93/billowitch/non_compliant/analyzer_failure/tc1065.vhd
Test: 2560
/root/tools/ghdl_final/bin/ghdl -a --std=93c vhdl-93/billowitch/non_compliant/analyzer_failure/tc1066.vhd
delete library: work
/root/tools/ghdl_final/bin/ghdl --remove --std=93c --work=work
Test: 2561
/root/tools/ghdl_final/bin/ghdl -a --std=93c vhdl-93/billowitch/non_compliant/analyzer_failure/tc1068.vhd
Test: 2562
/root/tools/ghdl_final/bin/ghdl -a --std=93c vhdl-93/billowitch/non_compliant/analyzer_failure/tc1082.vhd
Test: 2563
/root/tools/ghdl_final/bin/ghdl -a --std=93c vhdl-93/billowitch/non_compliant/analyzer_failure/tc1083.vhd
Test: 2564
/root/tools/ghdl_final/bin/ghdl -a --std=93c vhdl-93/billowitch/non_compliant/analyzer_failure/tc1084.vhd
Test: 2565
/root/tools/ghdl_final/bin/ghdl -a --std=93c vhdl-93/billowitch/non_compliant/analyzer_failure/tc1085.vhd
Test: 2566
/root/tools/ghdl_final/bin/ghdl -a --std=93c vhdl-93/billowitch/non_compliant/analyzer_failure/tc1093.vhd
Test: 2567
/root/tools/ghdl_final/bin/ghdl -a --std=93c vhdl-93/billowitch/non_compliant/analyzer_failure/tc1094.vhd
Test: 2568
/root/tools/ghdl_final/bin/ghdl -a --std=93c vhdl-93/billowitch/non_compliant/analyzer_failure/tc1095.vhd
Test: 2569
/root/tools/ghdl_final/bin/ghdl -a --std=93c vhdl-93/billowitch/non_compliant/analyzer_failure/tc1096.vhd
Test: 2570
/root/tools/ghdl_final/bin/ghdl -a --std=93c vhdl-93/billowitch/non_compliant/analyzer_failure/tc1097.vhd
Test: 2571
/root/tools/ghdl_final/bin/ghdl -a --std=93c vhdl-93/billowitch/non_compliant/analyzer_failure/tc1098.vhd
Test: 2572
/root/tools/ghdl_final/bin/ghdl -a --std=93c vhdl-93/billowitch/non_compliant/analyzer_failure/tc1099.vhd
Test: 2573
/root/tools/ghdl_final/bin/ghdl -a --std=93c vhdl-93/billowitch/non_compliant/analyzer_failure/tc1100.vhd
Test: 2574
/root/tools/ghdl_final/bin/ghdl -a --std=93c vhdl-93/billowitch/non_compliant/analyzer_failure/tc1101.vhd
Test: 2575
/root/tools/ghdl_final/bin/ghdl -a --std=93c vhdl-93/billowitch/non_compliant/analyzer_failure/tc1102.vhd
Test: 2576
/root/tools/ghdl_final/bin/ghdl -a --std=93c vhdl-93/billowitch/non_compliant/analyzer_failure/tc1105.vhd
delete library: work
/root/tools/ghdl_final/bin/ghdl --remove --std=93c --work=work
Test: 2577
/root/tools/ghdl_final/bin/ghdl -a --std=93c vhdl-93/billowitch/non_compliant/analyzer_failure/tc1106.vhd
Test: 2578
/root/tools/ghdl_final/bin/ghdl -a --std=93c vhdl-93/billowitch/non_compliant/analyzer_failure/tc1107.vhd
Test: 2579
/root/tools/ghdl_final/bin/ghdl -a --std=93c vhdl-93/billowitch/non_compliant/analyzer_failure/tc1108.vhd
Test: 2580
/root/tools/ghdl_final/bin/ghdl -a --std=93c vhdl-93/billowitch/non_compliant/analyzer_failure/tc1109.vhd
Test: 2581
/root/tools/ghdl_final/bin/ghdl -a --std=93c vhdl-93/billowitch/non_compliant/analyzer_failure/tc1110.vhd
Test: 2582
/root/tools/ghdl_final/bin/ghdl -a --std=93c vhdl-93/billowitch/non_compliant/analyzer_failure/tc1111.vhd
Test: 2583
/root/tools/ghdl_final/bin/ghdl -a --std=93c vhdl-93/billowitch/non_compliant/analyzer_failure/tc1112.vhd
Test: 2584
/root/tools/ghdl_final/bin/ghdl -a --std=93c vhdl-93/billowitch/non_compliant/analyzer_failure/tc1113.vhd
Test: 2585
/root/tools/ghdl_final/bin/ghdl -a --std=93c vhdl-93/billowitch/non_compliant/analyzer_failure/tc1114.vhd
Test: 2586
/root/tools/ghdl_final/bin/ghdl -a --std=93c vhdl-93/billowitch/non_compliant/analyzer_failure/tc1115.vhd
Test: 2587
/root/tools/ghdl_final/bin/ghdl -a --std=93c vhdl-93/billowitch/non_compliant/analyzer_failure/tc1116.vhd
Test: 2588
/root/tools/ghdl_final/bin/ghdl -a --std=93c vhdl-93/billowitch/non_compliant/analyzer_failure/tc1118.vhd
Test: 2589
/root/tools/ghdl_final/bin/ghdl -a --std=93c vhdl-93/billowitch/non_compliant/analyzer_failure/tc1124.vhd
Test: 2590
/root/tools/ghdl_final/bin/ghdl -a --std=93c vhdl-93/billowitch/non_compliant/analyzer_failure/tc1125.vhd
Test: 2591
/root/tools/ghdl_final/bin/ghdl -a --std=93c vhdl-93/billowitch/non_compliant/analyzer_failure/tc1127.vhd
Test: 2592
/root/tools/ghdl_final/bin/ghdl -a --std=93c vhdl-93/billowitch/non_compliant/analyzer_failure/tc1128.vhd
delete library: work
/root/tools/ghdl_final/bin/ghdl --remove --std=93c --work=work
Test: 2593
/root/tools/ghdl_final/bin/ghdl -a --std=93c vhdl-93/billowitch/non_compliant/analyzer_failure/tc1129.vhd
Test: 2594
/root/tools/ghdl_final/bin/ghdl -a --std=93c vhdl-93/billowitch/non_compliant/analyzer_failure/tc1130.vhd
Test: 2595
/root/tools/ghdl_final/bin/ghdl -a --std=93c vhdl-93/billowitch/non_compliant/analyzer_failure/tc1131.vhd
Test: 2596
/root/tools/ghdl_final/bin/ghdl -a --std=93c vhdl-93/billowitch/non_compliant/analyzer_failure/tc1132.vhd
Test: 2597
/root/tools/ghdl_final/bin/ghdl -a --std=93c vhdl-93/billowitch/non_compliant/analyzer_failure/tc1133.vhd
Test: 2598
/root/tools/ghdl_final/bin/ghdl -a --std=93c vhdl-93/billowitch/non_compliant/analyzer_failure/tc1134.vhd
Test: 2599
/root/tools/ghdl_final/bin/ghdl -a --std=93c vhdl-93/billowitch/non_compliant/analyzer_failure/tc1135.vhd
Test: 2600
/root/tools/ghdl_final/bin/ghdl -a --std=93c vhdl-93/billowitch/non_compliant/analyzer_failure/tc1136.vhd
Test: 2601
/root/tools/ghdl_final/bin/ghdl -a --std=93c vhdl-93/billowitch/non_compliant/analyzer_failure/tc1141.vhd
Test: 2602
/root/tools/ghdl_final/bin/ghdl -a --std=93c vhdl-93/billowitch/non_compliant/analyzer_failure/tc1142.vhd
Test: 2603
/root/tools/ghdl_final/bin/ghdl -a --std=93c vhdl-93/billowitch/non_compliant/analyzer_failure/tc1143.vhd
Test: 2604
/root/tools/ghdl_final/bin/ghdl -a --std=93c vhdl-93/billowitch/non_compliant/analyzer_failure/tc1144.vhd
Test: 2605
/root/tools/ghdl_final/bin/ghdl -a --std=93c vhdl-93/billowitch/non_compliant/analyzer_failure/tc1146.vhd
Test: 2606
/root/tools/ghdl_final/bin/ghdl -a --std=93c vhdl-93/billowitch/non_compliant/analyzer_failure/tc1160.vhd
Test: 2607
/root/tools/ghdl_final/bin/ghdl -a --std=93c vhdl-93/billowitch/non_compliant/analyzer_failure/tc1161.vhd
Test: 2608
/root/tools/ghdl_final/bin/ghdl -a --std=93c vhdl-93/billowitch/non_compliant/analyzer_failure/tc1162.vhd
delete library: work
/root/tools/ghdl_final/bin/ghdl --remove --std=93c --work=work
Test: 2609
/root/tools/ghdl_final/bin/ghdl -a --std=93c vhdl-93/billowitch/non_compliant/analyzer_failure/tc1163.vhd
Test: 2610
/root/tools/ghdl_final/bin/ghdl -a --std=93c vhdl-93/billowitch/non_compliant/analyzer_failure/tc1168.vhd
Test: 2611
/root/tools/ghdl_final/bin/ghdl -a --std=93c vhdl-93/billowitch/non_compliant/analyzer_failure/tc1169.vhd
Test: 2612
/root/tools/ghdl_final/bin/ghdl -a --std=93c vhdl-93/billowitch/non_compliant/analyzer_failure/tc1170.vhd
Test: 2613
/root/tools/ghdl_final/bin/ghdl -a --std=93c vhdl-93/billowitch/non_compliant/analyzer_failure/tc1171.vhd
Test: 2614
/root/tools/ghdl_final/bin/ghdl -a --std=93c vhdl-93/billowitch/non_compliant/analyzer_failure/tc1172.vhd
Test: 2615
/root/tools/ghdl_final/bin/ghdl -a --std=93c vhdl-93/billowitch/non_compliant/analyzer_failure/tc1173.vhd
Test: 2616
/root/tools/ghdl_final/bin/ghdl -a --std=93c vhdl-93/billowitch/non_compliant/analyzer_failure/tc1181.vhd
Test: 2617
/root/tools/ghdl_final/bin/ghdl -a --std=93c vhdl-93/billowitch/non_compliant/analyzer_failure/tc1184.vhd
Test: 2618
/root/tools/ghdl_final/bin/ghdl -a --std=93c vhdl-93/billowitch/non_compliant/analyzer_failure/tc1185.vhd
Test: 2619
/root/tools/ghdl_final/bin/ghdl -a --std=93c vhdl-93/billowitch/non_compliant/analyzer_failure/tc1186.vhd
Test: 2620
/root/tools/ghdl_final/bin/ghdl -a --std=93c vhdl-93/billowitch/non_compliant/analyzer_failure/tc1188.vhd
Test: 2621
/root/tools/ghdl_final/bin/ghdl -a --std=93c vhdl-93/billowitch/non_compliant/analyzer_failure/tc1189.vhd
Test: 2622
/root/tools/ghdl_final/bin/ghdl -a --std=93c vhdl-93/billowitch/non_compliant/analyzer_failure/tc1190.vhd
Test: 2623
/root/tools/ghdl_final/bin/ghdl -a --std=93c vhdl-93/billowitch/non_compliant/analyzer_failure/tc1191.vhd
Test: 2624
/root/tools/ghdl_final/bin/ghdl -a --std=93c vhdl-93/billowitch/non_compliant/analyzer_failure/tc1193.vhd
delete library: work
/root/tools/ghdl_final/bin/ghdl --remove --std=93c --work=work
Test: 2625
/root/tools/ghdl_final/bin/ghdl -a --std=93c vhdl-93/billowitch/non_compliant/analyzer_failure/tc1194.vhd
Test: 2626
/root/tools/ghdl_final/bin/ghdl -a --std=93c vhdl-93/billowitch/non_compliant/analyzer_failure/tc1195.vhd
Test: 2627
/root/tools/ghdl_final/bin/ghdl -a --std=93c vhdl-93/billowitch/non_compliant/analyzer_failure/tc1196.vhd
Test: 2628
/root/tools/ghdl_final/bin/ghdl -a --std=93c vhdl-93/billowitch/non_compliant/analyzer_failure/tc1198.vhd
Test: 2629
/root/tools/ghdl_final/bin/ghdl -a --std=93c vhdl-93/billowitch/non_compliant/analyzer_failure/tc1200.vhd
Test: 2630
/root/tools/ghdl_final/bin/ghdl -a --std=93c vhdl-93/billowitch/non_compliant/analyzer_failure/tc1201.vhd
Test: 2631
/root/tools/ghdl_final/bin/ghdl -a --std=93c vhdl-93/billowitch/non_compliant/analyzer_failure/tc1202.vhd
Test: 2632
/root/tools/ghdl_final/bin/ghdl -a --std=93c vhdl-93/billowitch/non_compliant/analyzer_failure/tc1203.vhd
Test: 2633
/root/tools/ghdl_final/bin/ghdl -a --std=93c vhdl-93/billowitch/non_compliant/analyzer_failure/tc1204.vhd
Test: 2634
/root/tools/ghdl_final/bin/ghdl -a --std=93c vhdl-93/billowitch/non_compliant/analyzer_failure/tc1219.vhd
Test: 2635
/root/tools/ghdl_final/bin/ghdl -a --std=93c vhdl-93/billowitch/non_compliant/analyzer_failure/tc1226.vhd
Test: 2636
/root/tools/ghdl_final/bin/ghdl -a --std=93c vhdl-93/billowitch/non_compliant/analyzer_failure/tc1228.vhd
Test: 2637
/root/tools/ghdl_final/bin/ghdl -a --std=93c vhdl-93/billowitch/non_compliant/analyzer_failure/tc1229.vhd
Test: 2638
/root/tools/ghdl_final/bin/ghdl -a --std=93c vhdl-93/billowitch/non_compliant/analyzer_failure/tc1231.vhd
Test: 2639
/root/tools/ghdl_final/bin/ghdl -a --std=93c vhdl-93/billowitch/non_compliant/analyzer_failure/tc1235.vhd
Test: 2640
/root/tools/ghdl_final/bin/ghdl -a --std=93c vhdl-93/billowitch/non_compliant/analyzer_failure/tc1236.vhd
delete library: work
/root/tools/ghdl_final/bin/ghdl --remove --std=93c --work=work
Test: 2641
/root/tools/ghdl_final/bin/ghdl -a --std=93c vhdl-93/billowitch/non_compliant/analyzer_failure/tc1237.vhd
Test: 2642
/root/tools/ghdl_final/bin/ghdl -a --std=93c vhdl-93/billowitch/non_compliant/analyzer_failure/tc1238.vhd
Test: 2643
/root/tools/ghdl_final/bin/ghdl -a --std=93c vhdl-93/billowitch/non_compliant/analyzer_failure/tc1239.vhd
Test: 2644
/root/tools/ghdl_final/bin/ghdl -a --std=93c vhdl-93/billowitch/non_compliant/analyzer_failure/tc1240.vhd
Test: 2645
/root/tools/ghdl_final/bin/ghdl -a --std=93c vhdl-93/billowitch/non_compliant/analyzer_failure/tc1241.vhd
Test: 2646
/root/tools/ghdl_final/bin/ghdl -a --std=93c vhdl-93/billowitch/non_compliant/analyzer_failure/tc1242.vhd
Test: 2647
/root/tools/ghdl_final/bin/ghdl -a --std=93c vhdl-93/billowitch/non_compliant/analyzer_failure/tc1243.vhd
Test: 2648
/root/tools/ghdl_final/bin/ghdl -a --std=93c vhdl-93/billowitch/non_compliant/analyzer_failure/tc1244.vhd
Test: 2649
/root/tools/ghdl_final/bin/ghdl -a --std=93c vhdl-93/billowitch/non_compliant/analyzer_failure/tc1245.vhd
Test: 2650
/root/tools/ghdl_final/bin/ghdl -a --std=93c vhdl-93/billowitch/non_compliant/analyzer_failure/tc1246.vhd
Test: 2651
/root/tools/ghdl_final/bin/ghdl -a --std=93c vhdl-93/billowitch/non_compliant/analyzer_failure/tc1247.vhd
Test: 2652
/root/tools/ghdl_final/bin/ghdl -a --std=93c vhdl-93/billowitch/non_compliant/analyzer_failure/tc1248.vhd
Test: 2653
/root/tools/ghdl_final/bin/ghdl -a --std=93c vhdl-93/billowitch/non_compliant/analyzer_failure/tc1249.vhd
Test: 2654
/root/tools/ghdl_final/bin/ghdl -a --std=93c vhdl-93/billowitch/non_compliant/analyzer_failure/tc1250.vhd
Test: 2655
/root/tools/ghdl_final/bin/ghdl -a --std=93c vhdl-93/billowitch/non_compliant/analyzer_failure/tc1251.vhd
Test: 2656
/root/tools/ghdl_final/bin/ghdl -a --std=93c vhdl-93/billowitch/non_compliant/analyzer_failure/tc1252.vhd
delete library: work
/root/tools/ghdl_final/bin/ghdl --remove --std=93c --work=work
Test: 2657
/root/tools/ghdl_final/bin/ghdl -a --std=93c vhdl-93/billowitch/non_compliant/analyzer_failure/tc1253.vhd
Test: 2658
/root/tools/ghdl_final/bin/ghdl -a --std=93c vhdl-93/billowitch/non_compliant/analyzer_failure/tc1254.vhd
Test: 2659
/root/tools/ghdl_final/bin/ghdl -a --std=93c vhdl-93/billowitch/non_compliant/analyzer_failure/tc1255.vhd
Test: 2660
/root/tools/ghdl_final/bin/ghdl -a --std=93c vhdl-93/billowitch/non_compliant/analyzer_failure/tc1264.vhd
Test: 2661
/root/tools/ghdl_final/bin/ghdl -a --std=93c vhdl-93/billowitch/non_compliant/analyzer_failure/tc1270.vhd
Test: 2662
/root/tools/ghdl_final/bin/ghdl -a --std=93c vhdl-93/billowitch/non_compliant/analyzer_failure/tc1271.vhd
Test: 2663
/root/tools/ghdl_final/bin/ghdl -a --std=93c vhdl-93/billowitch/non_compliant/analyzer_failure/tc1272.vhd
Test: 2664
/root/tools/ghdl_final/bin/ghdl -a --std=93c vhdl-93/billowitch/non_compliant/analyzer_failure/tc1273.vhd
Test: 2665
/root/tools/ghdl_final/bin/ghdl -a --std=93c vhdl-93/billowitch/non_compliant/analyzer_failure/tc1274.vhd
Test: 2666
/root/tools/ghdl_final/bin/ghdl -a --std=93c vhdl-93/billowitch/non_compliant/analyzer_failure/tc1275.vhd
Test: 2667
/root/tools/ghdl_final/bin/ghdl -a --std=93c vhdl-93/billowitch/non_compliant/analyzer_failure/tc1276.vhd
Test: 2668
/root/tools/ghdl_final/bin/ghdl -a --std=93c vhdl-93/billowitch/non_compliant/analyzer_failure/tc1277.vhd
Test: 2669
/root/tools/ghdl_final/bin/ghdl -a --std=93c vhdl-93/billowitch/non_compliant/analyzer_failure/tc1278.vhd
Test: 2670
/root/tools/ghdl_final/bin/ghdl -a --std=93c vhdl-93/billowitch/non_compliant/analyzer_failure/tc1279.vhd
Test: 2671
/root/tools/ghdl_final/bin/ghdl -a --std=93c vhdl-93/billowitch/non_compliant/analyzer_failure/tc1280.vhd
Test: 2672
/root/tools/ghdl_final/bin/ghdl -a --std=93c vhdl-93/billowitch/non_compliant/analyzer_failure/tc1281.vhd
delete library: work
/root/tools/ghdl_final/bin/ghdl --remove --std=93c --work=work
Test: 2673
/root/tools/ghdl_final/bin/ghdl -a --std=93c vhdl-93/billowitch/non_compliant/analyzer_failure/tc1282.vhd
Test: 2674
/root/tools/ghdl_final/bin/ghdl -a --std=93c vhdl-93/billowitch/non_compliant/analyzer_failure/tc1283.vhd
Test: 2675
/root/tools/ghdl_final/bin/ghdl -a --std=93c vhdl-93/billowitch/non_compliant/analyzer_failure/tc1284.vhd
Test: 2676
/root/tools/ghdl_final/bin/ghdl -a --std=93c vhdl-93/billowitch/non_compliant/analyzer_failure/tc1285.vhd
Test: 2677
/root/tools/ghdl_final/bin/ghdl -a --std=93c vhdl-93/billowitch/non_compliant/analyzer_failure/tc1286.vhd
Test: 2678
/root/tools/ghdl_final/bin/ghdl -a --std=93c vhdl-93/billowitch/non_compliant/analyzer_failure/tc1287.vhd
Test: 2679
/root/tools/ghdl_final/bin/ghdl -a --std=93c vhdl-93/billowitch/non_compliant/analyzer_failure/tc1288.vhd
Test: 2680
/root/tools/ghdl_final/bin/ghdl -a --std=93c vhdl-93/billowitch/non_compliant/analyzer_failure/tc1289.vhd
Test: 2681
/root/tools/ghdl_final/bin/ghdl -a --std=93c vhdl-93/billowitch/non_compliant/analyzer_failure/tc1290.vhd
Test: 2682
/root/tools/ghdl_final/bin/ghdl -a --std=93c vhdl-93/billowitch/non_compliant/analyzer_failure/tc1291.vhd
Test: 2683
/root/tools/ghdl_final/bin/ghdl -a --std=93c vhdl-93/billowitch/non_compliant/analyzer_failure/tc1293.vhd
Test: 2684
/root/tools/ghdl_final/bin/ghdl -a --std=93c vhdl-93/billowitch/non_compliant/analyzer_failure/tc1295.vhd
Test: 2685
/root/tools/ghdl_final/bin/ghdl -a --std=93c vhdl-93/billowitch/non_compliant/analyzer_failure/tc1296.vhd
Test: 2686
/root/tools/ghdl_final/bin/ghdl -a --std=93c vhdl-93/billowitch/non_compliant/analyzer_failure/tc1297.vhd
Test: 2687
/root/tools/ghdl_final/bin/ghdl -a --std=93c vhdl-93/billowitch/non_compliant/analyzer_failure/tc1298.vhd
Test: 2688
/root/tools/ghdl_final/bin/ghdl -a --std=93c vhdl-93/billowitch/non_compliant/analyzer_failure/tc1300.vhd
delete library: work
/root/tools/ghdl_final/bin/ghdl --remove --std=93c --work=work
Test: 2689
/root/tools/ghdl_final/bin/ghdl -a --std=93c vhdl-93/billowitch/non_compliant/analyzer_failure/tc1301.vhd
Test: 2690
/root/tools/ghdl_final/bin/ghdl -a --std=93c vhdl-93/billowitch/non_compliant/analyzer_failure/tc1302.vhd
Test: 2691
/root/tools/ghdl_final/bin/ghdl -a --std=93c vhdl-93/billowitch/non_compliant/analyzer_failure/tc1303.vhd
Test: 2692
/root/tools/ghdl_final/bin/ghdl -a --std=93c vhdl-93/billowitch/non_compliant/analyzer_failure/tc1304.vhd
Test: 2693
/root/tools/ghdl_final/bin/ghdl -a --std=93c vhdl-93/billowitch/non_compliant/analyzer_failure/tc1305.vhd
Test: 2694
/root/tools/ghdl_final/bin/ghdl -a --std=93c vhdl-93/billowitch/non_compliant/analyzer_failure/tc1308.vhd
Test: 2695
/root/tools/ghdl_final/bin/ghdl -a --std=93c vhdl-93/billowitch/non_compliant/analyzer_failure/tc1311.vhd
Test: 2696
/root/tools/ghdl_final/bin/ghdl -a --std=93c vhdl-93/billowitch/non_compliant/analyzer_failure/tc1312.vhd
Test: 2697
/root/tools/ghdl_final/bin/ghdl -a --std=93c vhdl-93/billowitch/non_compliant/analyzer_failure/tc1313.vhd
Test: 2698
/root/tools/ghdl_final/bin/ghdl -a --std=93c vhdl-93/billowitch/non_compliant/analyzer_failure/tc1314.vhd
Test: 2699
/root/tools/ghdl_final/bin/ghdl -a --std=93c vhdl-93/billowitch/non_compliant/analyzer_failure/tc1315.vhd
Test: 2700
/root/tools/ghdl_final/bin/ghdl -a --std=93c vhdl-93/billowitch/non_compliant/analyzer_failure/tc1319.vhd
Test: 2701
/root/tools/ghdl_final/bin/ghdl -a --std=93c vhdl-93/billowitch/non_compliant/analyzer_failure/tc1320.vhd
Test: 2702
/root/tools/ghdl_final/bin/ghdl -a --std=93c vhdl-93/billowitch/non_compliant/analyzer_failure/tc1324.vhd
Test: 2703
/root/tools/ghdl_final/bin/ghdl -a --std=93c vhdl-93/billowitch/non_compliant/analyzer_failure/tc1325.vhd
Test: 2704
/root/tools/ghdl_final/bin/ghdl -a --std=93c vhdl-93/billowitch/non_compliant/analyzer_failure/tc1326.vhd
delete library: work
/root/tools/ghdl_final/bin/ghdl --remove --std=93c --work=work
Test: 2705
/root/tools/ghdl_final/bin/ghdl -a --std=93c vhdl-93/billowitch/non_compliant/analyzer_failure/tc1329.vhd
Test: 2706
/root/tools/ghdl_final/bin/ghdl -a --std=93c vhdl-93/billowitch/non_compliant/analyzer_failure/tc1330.vhd
Test: 2707
/root/tools/ghdl_final/bin/ghdl -a --std=93c vhdl-93/billowitch/non_compliant/analyzer_failure/tc1351.vhd
Test: 2708
/root/tools/ghdl_final/bin/ghdl -a --std=93c vhdl-93/billowitch/non_compliant/analyzer_failure/tc1352.vhd
Test: 2709
/root/tools/ghdl_final/bin/ghdl -a --std=93c vhdl-93/billowitch/non_compliant/analyzer_failure/tc1353.vhd
Test: 2710
/root/tools/ghdl_final/bin/ghdl -a --std=93c vhdl-93/billowitch/non_compliant/analyzer_failure/tc1355.vhd
Test: 2711
/root/tools/ghdl_final/bin/ghdl -a --std=93c vhdl-93/billowitch/non_compliant/analyzer_failure/tc1357.vhd
Test: 2712
/root/tools/ghdl_final/bin/ghdl -a --std=93c vhdl-93/billowitch/non_compliant/analyzer_failure/tc1358.vhd
Test: 2713
/root/tools/ghdl_final/bin/ghdl -a --std=93c vhdl-93/billowitch/non_compliant/analyzer_failure/tc1376.vhd
Test: 2714
/root/tools/ghdl_final/bin/ghdl -a --std=93c vhdl-93/billowitch/non_compliant/analyzer_failure/tc1378.vhd
Test: 2715
/root/tools/ghdl_final/bin/ghdl -a --std=93c vhdl-93/billowitch/non_compliant/analyzer_failure/tc1379.vhd
Test: 2716
/root/tools/ghdl_final/bin/ghdl -a --std=93c vhdl-93/billowitch/non_compliant/analyzer_failure/tc1380.vhd
Test: 2717
/root/tools/ghdl_final/bin/ghdl -a --std=93c vhdl-93/billowitch/non_compliant/analyzer_failure/tc1381.vhd
Test: 2718
/root/tools/ghdl_final/bin/ghdl -a --std=93c vhdl-93/billowitch/non_compliant/analyzer_failure/tc1382.vhd
Test: 2719
/root/tools/ghdl_final/bin/ghdl -a --std=93c vhdl-93/billowitch/non_compliant/analyzer_failure/tc1383.vhd
Test: 2720
/root/tools/ghdl_final/bin/ghdl -a --std=93c vhdl-93/billowitch/non_compliant/analyzer_failure/tc1384.vhd
delete library: work
/root/tools/ghdl_final/bin/ghdl --remove --std=93c --work=work
Test: 2721
/root/tools/ghdl_final/bin/ghdl -a --std=93c vhdl-93/billowitch/non_compliant/analyzer_failure/tc1385.vhd
Test: 2722
/root/tools/ghdl_final/bin/ghdl -a --std=93c vhdl-93/billowitch/non_compliant/analyzer_failure/tc1388.vhd
Test: 2723
/root/tools/ghdl_final/bin/ghdl -a --std=93c vhdl-93/billowitch/non_compliant/analyzer_failure/tc1391.vhd
Test: 2724
/root/tools/ghdl_final/bin/ghdl -a --std=93c vhdl-93/billowitch/non_compliant/analyzer_failure/tc1395.vhd
Test: 2725
/root/tools/ghdl_final/bin/ghdl -a --std=93c vhdl-93/billowitch/non_compliant/analyzer_failure/tc1396.vhd
Test: 2726
/root/tools/ghdl_final/bin/ghdl -a --std=93c vhdl-93/billowitch/non_compliant/analyzer_failure/tc1397.vhd
Test: 2727
/root/tools/ghdl_final/bin/ghdl -a --std=93c vhdl-93/billowitch/non_compliant/analyzer_failure/tc1398.vhd
Test: 2728
/root/tools/ghdl_final/bin/ghdl -a --std=93c vhdl-93/billowitch/non_compliant/analyzer_failure/tc1406.vhd
Test: 2729
/root/tools/ghdl_final/bin/ghdl -a --std=93c vhdl-93/billowitch/non_compliant/analyzer_failure/tc1407.vhd
Test: 2730
/root/tools/ghdl_final/bin/ghdl -a --std=93c vhdl-93/billowitch/non_compliant/analyzer_failure/tc1408.vhd
Test: 2731
/root/tools/ghdl_final/bin/ghdl -a --std=93c vhdl-93/billowitch/non_compliant/analyzer_failure/tc1411.vhd
Test: 2732
/root/tools/ghdl_final/bin/ghdl -a --std=93c vhdl-93/billowitch/non_compliant/analyzer_failure/tc1415.vhd
Test: 2733
/root/tools/ghdl_final/bin/ghdl -a --std=93c vhdl-93/billowitch/non_compliant/analyzer_failure/tc1416.vhd
/root/tools/ghdl_final/bin/ghdl -e c08s05b01x00p01n01i01416ent
/root/tools/ghdl_final/bin/ghdl -r c08s05b01x00p01n01i01416ent  --expect-failure --assert-level=error
Test: 2734
/root/tools/ghdl_final/bin/ghdl -a --std=93c vhdl-93/billowitch/non_compliant/analyzer_failure/tc1417.vhd
Test: 2735
/root/tools/ghdl_final/bin/ghdl -a --std=93c vhdl-93/billowitch/non_compliant/analyzer_failure/tc1418.vhd
Test: 2736
/root/tools/ghdl_final/bin/ghdl -a --std=93c vhdl-93/billowitch/non_compliant/analyzer_failure/tc1419.vhd
delete library: work
/root/tools/ghdl_final/bin/ghdl --remove --std=93c --work=work
Test: 2737
/root/tools/ghdl_final/bin/ghdl -a --std=93c vhdl-93/billowitch/non_compliant/analyzer_failure/tc1420.vhd
Test: 2738
/root/tools/ghdl_final/bin/ghdl -a --std=93c vhdl-93/billowitch/non_compliant/analyzer_failure/tc1426.vhd
Test: 2739
/root/tools/ghdl_final/bin/ghdl -a --std=93c vhdl-93/billowitch/non_compliant/analyzer_failure/tc1427.vhd
Test: 2740
/root/tools/ghdl_final/bin/ghdl -a --std=93c vhdl-93/billowitch/non_compliant/analyzer_failure/tc1428.vhd
Test: 2741
/root/tools/ghdl_final/bin/ghdl -a --std=93c vhdl-93/billowitch/non_compliant/analyzer_failure/tc1429.vhd
Test: 2742
/root/tools/ghdl_final/bin/ghdl -a --std=93c vhdl-93/billowitch/non_compliant/analyzer_failure/tc1430.vhd
Test: 2743
/root/tools/ghdl_final/bin/ghdl -a --std=93c vhdl-93/billowitch/non_compliant/analyzer_failure/tc1431.vhd
Test: 2744
/root/tools/ghdl_final/bin/ghdl -a --std=93c vhdl-93/billowitch/non_compliant/analyzer_failure/tc1432.vhd
Test: 2745
/root/tools/ghdl_final/bin/ghdl -a --std=93c vhdl-93/billowitch/non_compliant/analyzer_failure/tc1433.vhd
Test: 2746
/root/tools/ghdl_final/bin/ghdl -a --std=93c vhdl-93/billowitch/non_compliant/analyzer_failure/tc1434.vhd
Test: 2747
/root/tools/ghdl_final/bin/ghdl -a --std=93c vhdl-93/billowitch/non_compliant/analyzer_failure/tc1435.vhd
Test: 2748
/root/tools/ghdl_final/bin/ghdl -a --std=93c vhdl-93/billowitch/non_compliant/analyzer_failure/tc1436.vhd
Test: 2749
/root/tools/ghdl_final/bin/ghdl -a --std=93c vhdl-93/billowitch/non_compliant/analyzer_failure/tc1437.vhd
Test: 2750
/root/tools/ghdl_final/bin/ghdl -a --std=93c vhdl-93/billowitch/non_compliant/analyzer_failure/tc1438.vhd
Test: 2751
/root/tools/ghdl_final/bin/ghdl -a --std=93c vhdl-93/billowitch/non_compliant/analyzer_failure/tc1439.vhd
Test: 2752
/root/tools/ghdl_final/bin/ghdl -a --std=93c vhdl-93/billowitch/non_compliant/analyzer_failure/tc1440.vhd
delete library: work
/root/tools/ghdl_final/bin/ghdl --remove --std=93c --work=work
Test: 2753
/root/tools/ghdl_final/bin/ghdl -a --std=93c vhdl-93/billowitch/non_compliant/analyzer_failure/tc1441.vhd
Test: 2754
/root/tools/ghdl_final/bin/ghdl -a --std=93c vhdl-93/billowitch/non_compliant/analyzer_failure/tc1449.vhd
Test: 2755
/root/tools/ghdl_final/bin/ghdl -a --std=93c vhdl-93/billowitch/non_compliant/analyzer_failure/tc1453.vhd
Test: 2756
/root/tools/ghdl_final/bin/ghdl -a --std=93c vhdl-93/billowitch/non_compliant/analyzer_failure/tc1454.vhd
Test: 2757
/root/tools/ghdl_final/bin/ghdl -a --std=93c vhdl-93/billowitch/non_compliant/analyzer_failure/tc1455.vhd
Test: 2758
/root/tools/ghdl_final/bin/ghdl -a --std=93c vhdl-93/billowitch/non_compliant/analyzer_failure/tc1464.vhd
Test: 2759
/root/tools/ghdl_final/bin/ghdl -a --std=93c vhdl-93/billowitch/non_compliant/analyzer_failure/tc1465.vhd
Test: 2760
/root/tools/ghdl_final/bin/ghdl -a --std=93c vhdl-93/billowitch/non_compliant/analyzer_failure/tc1466.vhd
Test: 2761
/root/tools/ghdl_final/bin/ghdl -a --std=93c vhdl-93/billowitch/non_compliant/analyzer_failure/tc1467.vhd
Test: 2762
/root/tools/ghdl_final/bin/ghdl -a --std=93c vhdl-93/billowitch/non_compliant/analyzer_failure/tc1468.vhd
Test: 2763
/root/tools/ghdl_final/bin/ghdl -a --std=93c vhdl-93/billowitch/non_compliant/analyzer_failure/tc1469.vhd
Test: 2764
/root/tools/ghdl_final/bin/ghdl -a --std=93c vhdl-93/billowitch/non_compliant/analyzer_failure/tc1470.vhd
Test: 2765
/root/tools/ghdl_final/bin/ghdl -a --std=93c vhdl-93/billowitch/non_compliant/analyzer_failure/tc1471.vhd
Test: 2766
/root/tools/ghdl_final/bin/ghdl -a --std=93c vhdl-93/billowitch/non_compliant/analyzer_failure/tc1472.vhd
Test: 2767
/root/tools/ghdl_final/bin/ghdl -a --std=93c vhdl-93/billowitch/non_compliant/analyzer_failure/tc1476.vhd
Test: 2768
/root/tools/ghdl_final/bin/ghdl -a --std=93c vhdl-93/billowitch/non_compliant/analyzer_failure/tc1477.vhd
delete library: work
/root/tools/ghdl_final/bin/ghdl --remove --std=93c --work=work
Test: 2769
/root/tools/ghdl_final/bin/ghdl -a --std=93c vhdl-93/billowitch/non_compliant/analyzer_failure/tc1478.vhd
Test: 2770
/root/tools/ghdl_final/bin/ghdl -a --std=93c vhdl-93/billowitch/non_compliant/analyzer_failure/tc1479.vhd
Test: 2771
/root/tools/ghdl_final/bin/ghdl -a --std=93c vhdl-93/billowitch/non_compliant/analyzer_failure/tc1480.vhd
Test: 2772
/root/tools/ghdl_final/bin/ghdl -a --std=93c vhdl-93/billowitch/non_compliant/analyzer_failure/tc1481.vhd
Test: 2773
/root/tools/ghdl_final/bin/ghdl -a --std=93c vhdl-93/billowitch/non_compliant/analyzer_failure/tc1482.vhd
Test: 2774
/root/tools/ghdl_final/bin/ghdl -a --std=93c vhdl-93/billowitch/non_compliant/analyzer_failure/tc1484.vhd
Test: 2775
/root/tools/ghdl_final/bin/ghdl -a --std=93c vhdl-93/billowitch/non_compliant/analyzer_failure/tc1489.vhd
Test: 2776
/root/tools/ghdl_final/bin/ghdl -a --std=93c vhdl-93/billowitch/non_compliant/analyzer_failure/tc1490.vhd
Test: 2777
/root/tools/ghdl_final/bin/ghdl -a --std=93c vhdl-93/billowitch/non_compliant/analyzer_failure/tc1492.vhd
Test: 2778
/root/tools/ghdl_final/bin/ghdl -a --std=93c vhdl-93/billowitch/non_compliant/analyzer_failure/tc1494.vhd
Test: 2779
/root/tools/ghdl_final/bin/ghdl -a --std=93c vhdl-93/billowitch/non_compliant/analyzer_failure/tc1498.vhd
Test: 2780
/root/tools/ghdl_final/bin/ghdl -a --std=93c vhdl-93/billowitch/non_compliant/analyzer_failure/tc1501.vhd
Test: 2781
/root/tools/ghdl_final/bin/ghdl -a --std=93c vhdl-93/billowitch/non_compliant/analyzer_failure/tc1502.vhd
Test: 2782
/root/tools/ghdl_final/bin/ghdl -a --std=93c vhdl-93/billowitch/non_compliant/analyzer_failure/tc1503.vhd
Test: 2783
/root/tools/ghdl_final/bin/ghdl -a --std=93c vhdl-93/billowitch/non_compliant/analyzer_failure/tc1504.vhd
Test: 2784
/root/tools/ghdl_final/bin/ghdl -a --std=93c vhdl-93/billowitch/non_compliant/analyzer_failure/tc1506.vhd
delete library: work
/root/tools/ghdl_final/bin/ghdl --remove --std=93c --work=work
Test: 2785
/root/tools/ghdl_final/bin/ghdl -a --std=93c vhdl-93/billowitch/non_compliant/analyzer_failure/tc1513.vhd
Test: 2786
/root/tools/ghdl_final/bin/ghdl -a --std=93c vhdl-93/billowitch/non_compliant/analyzer_failure/tc1520.vhd
Test: 2787
/root/tools/ghdl_final/bin/ghdl -a --std=93c vhdl-93/billowitch/non_compliant/analyzer_failure/tc1525.vhd
Test: 2788
/root/tools/ghdl_final/bin/ghdl -a --std=93c vhdl-93/billowitch/non_compliant/analyzer_failure/tc1526.vhd
Test: 2789
/root/tools/ghdl_final/bin/ghdl -a --std=93c vhdl-93/billowitch/non_compliant/analyzer_failure/tc1527.vhd
Test: 2790
/root/tools/ghdl_final/bin/ghdl -a --std=93c vhdl-93/billowitch/non_compliant/analyzer_failure/tc1528.vhd
Test: 2791
/root/tools/ghdl_final/bin/ghdl -a --std=93c vhdl-93/billowitch/non_compliant/analyzer_failure/tc1532.vhd
Test: 2792
/root/tools/ghdl_final/bin/ghdl -a --std=93c vhdl-93/billowitch/non_compliant/analyzer_failure/tc1533.vhd
Test: 2793
/root/tools/ghdl_final/bin/ghdl -a --std=93c vhdl-93/billowitch/non_compliant/analyzer_failure/tc1534.vhd
Test: 2794
/root/tools/ghdl_final/bin/ghdl -a --std=93c vhdl-93/billowitch/non_compliant/analyzer_failure/tc1535.vhd
Test: 2795
/root/tools/ghdl_final/bin/ghdl -a --std=93c vhdl-93/billowitch/non_compliant/analyzer_failure/tc1537.vhd
Test: 2796
/root/tools/ghdl_final/bin/ghdl -a --std=93c vhdl-93/billowitch/non_compliant/analyzer_failure/tc1538.vhd
Test: 2797
/root/tools/ghdl_final/bin/ghdl -a --std=93c vhdl-93/billowitch/non_compliant/analyzer_failure/tc1541.vhd
Test: 2798
/root/tools/ghdl_final/bin/ghdl -a --std=93c vhdl-93/billowitch/non_compliant/analyzer_failure/tc1542.vhd
Test: 2799
/root/tools/ghdl_final/bin/ghdl -a --std=93c vhdl-93/billowitch/non_compliant/analyzer_failure/tc1556.vhd
Test: 2800
/root/tools/ghdl_final/bin/ghdl -a --std=93c vhdl-93/billowitch/non_compliant/analyzer_failure/tc1557.vhd
delete library: work
/root/tools/ghdl_final/bin/ghdl --remove --std=93c --work=work
Test: 2801
/root/tools/ghdl_final/bin/ghdl -a --std=93c vhdl-93/billowitch/non_compliant/analyzer_failure/tc1559.vhd
Test: 2802
/root/tools/ghdl_final/bin/ghdl -a --std=93c vhdl-93/billowitch/non_compliant/analyzer_failure/tc1561.vhd
Test: 2803
/root/tools/ghdl_final/bin/ghdl -a --std=93c vhdl-93/billowitch/non_compliant/analyzer_failure/tc1562.vhd
Test: 2804
/root/tools/ghdl_final/bin/ghdl -a --std=93c vhdl-93/billowitch/non_compliant/analyzer_failure/tc1563.vhd
Test: 2805
/root/tools/ghdl_final/bin/ghdl -a --std=93c vhdl-93/billowitch/non_compliant/analyzer_failure/tc1564.vhd
Test: 2806
/root/tools/ghdl_final/bin/ghdl -a --std=93c vhdl-93/billowitch/non_compliant/analyzer_failure/tc1575.vhd
Test: 2807
/root/tools/ghdl_final/bin/ghdl -a --std=93c vhdl-93/billowitch/non_compliant/analyzer_failure/tc1577.vhd
Test: 2808
/root/tools/ghdl_final/bin/ghdl -a --std=93c vhdl-93/billowitch/non_compliant/analyzer_failure/tc1578.vhd
Test: 2809
/root/tools/ghdl_final/bin/ghdl -a --std=93c vhdl-93/billowitch/non_compliant/analyzer_failure/tc1579.vhd
Test: 2810
/root/tools/ghdl_final/bin/ghdl -a --std=93c vhdl-93/billowitch/non_compliant/analyzer_failure/tc1580.vhd
Test: 2811
/root/tools/ghdl_final/bin/ghdl -a --std=93c vhdl-93/billowitch/non_compliant/analyzer_failure/tc1584.vhd
Test: 2812
/root/tools/ghdl_final/bin/ghdl -a --std=93c vhdl-93/billowitch/non_compliant/analyzer_failure/tc1586.vhd
Test: 2813
/root/tools/ghdl_final/bin/ghdl -a --std=93c vhdl-93/billowitch/non_compliant/analyzer_failure/tc1588.vhd
Test: 2814
/root/tools/ghdl_final/bin/ghdl -a --std=93c vhdl-93/billowitch/non_compliant/analyzer_failure/tc1590.vhd
Test: 2815
/root/tools/ghdl_final/bin/ghdl -a --std=93c vhdl-93/billowitch/non_compliant/analyzer_failure/tc1591.vhd
Test: 2816
/root/tools/ghdl_final/bin/ghdl -a --std=93c vhdl-93/billowitch/non_compliant/analyzer_failure/tc1592.vhd
delete library: work
/root/tools/ghdl_final/bin/ghdl --remove --std=93c --work=work
Test: 2817
/root/tools/ghdl_final/bin/ghdl -a --std=93c vhdl-93/billowitch/non_compliant/analyzer_failure/tc1593.vhd
Test: 2818
/root/tools/ghdl_final/bin/ghdl -a --std=93c vhdl-93/billowitch/non_compliant/analyzer_failure/tc1595.vhd
Test: 2819
/root/tools/ghdl_final/bin/ghdl -a --std=93c vhdl-93/billowitch/non_compliant/analyzer_failure/tc1602.vhd
Test: 2820
/root/tools/ghdl_final/bin/ghdl -a --std=93c vhdl-93/billowitch/non_compliant/analyzer_failure/tc1604.vhd
Test: 2821
/root/tools/ghdl_final/bin/ghdl -a --std=93c vhdl-93/billowitch/non_compliant/analyzer_failure/tc1605.vhd
Test: 2822
/root/tools/ghdl_final/bin/ghdl -a --std=93c vhdl-93/billowitch/non_compliant/analyzer_failure/tc1609.vhd
Test: 2823
/root/tools/ghdl_final/bin/ghdl -a --std=93c vhdl-93/billowitch/non_compliant/analyzer_failure/tc1610.vhd
Test: 2824
/root/tools/ghdl_final/bin/ghdl -a --std=93c vhdl-93/billowitch/non_compliant/analyzer_failure/tc1611.vhd
Test: 2825
/root/tools/ghdl_final/bin/ghdl -a --std=93c vhdl-93/billowitch/non_compliant/analyzer_failure/tc1612.vhd
Test: 2826
/root/tools/ghdl_final/bin/ghdl -a --std=93c vhdl-93/billowitch/non_compliant/analyzer_failure/tc1615.vhd
Test: 2827
/root/tools/ghdl_final/bin/ghdl -a --std=93c vhdl-93/billowitch/non_compliant/analyzer_failure/tc1616.vhd
Test: 2828
/root/tools/ghdl_final/bin/ghdl -a --std=93c vhdl-93/billowitch/non_compliant/analyzer_failure/tc1618.vhd
Test: 2829
/root/tools/ghdl_final/bin/ghdl -a --std=93c vhdl-93/billowitch/non_compliant/analyzer_failure/tc1620.vhd
Test: 2830
/root/tools/ghdl_final/bin/ghdl -a --std=93c vhdl-93/billowitch/non_compliant/analyzer_failure/tc1621.vhd
Test: 2831
/root/tools/ghdl_final/bin/ghdl -a --std=93c vhdl-93/billowitch/non_compliant/analyzer_failure/tc1622.vhd
Test: 2832
/root/tools/ghdl_final/bin/ghdl -a --std=93c vhdl-93/billowitch/non_compliant/analyzer_failure/tc1623.vhd
delete library: work
/root/tools/ghdl_final/bin/ghdl --remove --std=93c --work=work
Test: 2833
/root/tools/ghdl_final/bin/ghdl -a --std=93c vhdl-93/billowitch/non_compliant/analyzer_failure/tc1624.vhd
Test: 2834
/root/tools/ghdl_final/bin/ghdl -a --std=93c vhdl-93/billowitch/non_compliant/analyzer_failure/tc1625.vhd
Test: 2835
/root/tools/ghdl_final/bin/ghdl -a --std=93c vhdl-93/billowitch/non_compliant/analyzer_failure/tc1626.vhd
Test: 2836
/root/tools/ghdl_final/bin/ghdl -a --std=93c vhdl-93/billowitch/non_compliant/analyzer_failure/tc1627.vhd
Test: 2837
/root/tools/ghdl_final/bin/ghdl -a --std=93c vhdl-93/billowitch/non_compliant/analyzer_failure/tc1628.vhd
Test: 2838
/root/tools/ghdl_final/bin/ghdl -a --std=93c vhdl-93/billowitch/non_compliant/analyzer_failure/tc1629.vhd
Test: 2839
/root/tools/ghdl_final/bin/ghdl -a --std=93c vhdl-93/billowitch/non_compliant/analyzer_failure/tc1631.vhd
Test: 2840
/root/tools/ghdl_final/bin/ghdl -a --std=93c vhdl-93/billowitch/non_compliant/analyzer_failure/tc1632.vhd
Test: 2841
/root/tools/ghdl_final/bin/ghdl -a --std=93c vhdl-93/billowitch/non_compliant/analyzer_failure/tc1638.vhd
Test: 2842
/root/tools/ghdl_final/bin/ghdl -a --std=93c vhdl-93/billowitch/non_compliant/analyzer_failure/tc1640.vhd
Test: 2843
/root/tools/ghdl_final/bin/ghdl -a --std=93c vhdl-93/billowitch/non_compliant/analyzer_failure/tc1645.vhd
Test: 2844
/root/tools/ghdl_final/bin/ghdl -a --std=93c vhdl-93/billowitch/non_compliant/analyzer_failure/tc1652.vhd
Test: 2845
/root/tools/ghdl_final/bin/ghdl -a --std=93c vhdl-93/billowitch/non_compliant/analyzer_failure/tc1656.vhd
Test: 2846
/root/tools/ghdl_final/bin/ghdl -a --std=93c vhdl-93/billowitch/non_compliant/analyzer_failure/tc1657.vhd
Test: 2847
/root/tools/ghdl_final/bin/ghdl -a --std=93c vhdl-93/billowitch/non_compliant/analyzer_failure/tc1660.vhd
Test: 2848
/root/tools/ghdl_final/bin/ghdl -a --std=93c vhdl-93/billowitch/non_compliant/analyzer_failure/tc1661.vhd
delete library: work
/root/tools/ghdl_final/bin/ghdl --remove --std=93c --work=work
Test: 2849
/root/tools/ghdl_final/bin/ghdl -a --std=93c vhdl-93/billowitch/non_compliant/analyzer_failure/tc1663.vhd
Test: 2850
/root/tools/ghdl_final/bin/ghdl -a --std=93c vhdl-93/billowitch/non_compliant/analyzer_failure/tc1664.vhd
Test: 2851
/root/tools/ghdl_final/bin/ghdl -a --std=93c vhdl-93/billowitch/non_compliant/analyzer_failure/tc1666.vhd
Test: 2852
/root/tools/ghdl_final/bin/ghdl -a --std=93c vhdl-93/billowitch/non_compliant/analyzer_failure/tc1667.vhd
Test: 2853
/root/tools/ghdl_final/bin/ghdl -a --std=93c vhdl-93/billowitch/non_compliant/analyzer_failure/tc1668.vhd
Test: 2854
/root/tools/ghdl_final/bin/ghdl -a --std=93c vhdl-93/billowitch/non_compliant/analyzer_failure/tc1669.vhd
Test: 2855
/root/tools/ghdl_final/bin/ghdl -a --std=93c vhdl-93/billowitch/non_compliant/analyzer_failure/tc1670.vhd
Test: 2856
/root/tools/ghdl_final/bin/ghdl -a --std=93c vhdl-93/billowitch/non_compliant/analyzer_failure/tc1671.vhd
Test: 2857
/root/tools/ghdl_final/bin/ghdl -a --std=93c vhdl-93/billowitch/non_compliant/analyzer_failure/tc1672.vhd
Test: 2858
/root/tools/ghdl_final/bin/ghdl -a --std=93c vhdl-93/billowitch/non_compliant/analyzer_failure/tc1673.vhd
Test: 2859
/root/tools/ghdl_final/bin/ghdl -a --std=93c vhdl-93/billowitch/non_compliant/analyzer_failure/tc1674.vhd
Test: 2860
/root/tools/ghdl_final/bin/ghdl -a --std=93c vhdl-93/billowitch/non_compliant/analyzer_failure/tc1676.vhd
Test: 2861
/root/tools/ghdl_final/bin/ghdl -a --std=93c vhdl-93/billowitch/non_compliant/analyzer_failure/tc1680.vhd
Test: 2862
/root/tools/ghdl_final/bin/ghdl -a --std=93c vhdl-93/billowitch/non_compliant/analyzer_failure/tc1682.vhd
Test: 2863
/root/tools/ghdl_final/bin/ghdl -a --std=93c vhdl-93/billowitch/non_compliant/analyzer_failure/tc1683.vhd
Test: 2864
/root/tools/ghdl_final/bin/ghdl -a --std=93c vhdl-93/billowitch/non_compliant/analyzer_failure/tc1685.vhd
delete library: work
/root/tools/ghdl_final/bin/ghdl --remove --std=93c --work=work
Test: 2865
/root/tools/ghdl_final/bin/ghdl -a --std=93c vhdl-93/billowitch/non_compliant/analyzer_failure/tc1686.vhd
Test: 2866
/root/tools/ghdl_final/bin/ghdl -a --std=93c vhdl-93/billowitch/non_compliant/analyzer_failure/tc1687.vhd
Test: 2867
/root/tools/ghdl_final/bin/ghdl -a --std=93c vhdl-93/billowitch/non_compliant/analyzer_failure/tc1688.vhd
Test: 2868
/root/tools/ghdl_final/bin/ghdl -a --std=93c vhdl-93/billowitch/non_compliant/analyzer_failure/tc1689.vhd
Test: 2869
/root/tools/ghdl_final/bin/ghdl -a --std=93c vhdl-93/billowitch/non_compliant/analyzer_failure/tc1692.vhd
Test: 2870
/root/tools/ghdl_final/bin/ghdl -a --std=93c vhdl-93/billowitch/non_compliant/analyzer_failure/tc1693.vhd
Test: 2871
/root/tools/ghdl_final/bin/ghdl -a --std=93c vhdl-93/billowitch/non_compliant/analyzer_failure/tc1694.vhd
Test: 2872
/root/tools/ghdl_final/bin/ghdl -a --std=93c vhdl-93/billowitch/non_compliant/analyzer_failure/tc1695.vhd
Test: 2873
/root/tools/ghdl_final/bin/ghdl -a --std=93c vhdl-93/billowitch/non_compliant/analyzer_failure/tc1696.vhd
Test: 2874
/root/tools/ghdl_final/bin/ghdl -a --std=93c vhdl-93/billowitch/non_compliant/analyzer_failure/tc1697.vhd
Test: 2875
/root/tools/ghdl_final/bin/ghdl -a --std=93c vhdl-93/billowitch/non_compliant/analyzer_failure/tc1701.vhd
Test: 2876
/root/tools/ghdl_final/bin/ghdl -a --std=93c vhdl-93/billowitch/non_compliant/analyzer_failure/tc1702.vhd
Test: 2877
/root/tools/ghdl_final/bin/ghdl -a --std=93c vhdl-93/billowitch/non_compliant/analyzer_failure/tc1706.vhd
Test: 2878
/root/tools/ghdl_final/bin/ghdl -a --std=93c vhdl-93/billowitch/non_compliant/analyzer_failure/tc1712.vhd
Test: 2879
/root/tools/ghdl_final/bin/ghdl -a --std=93c vhdl-93/billowitch/non_compliant/analyzer_failure/tc1713.vhd
Test: 2880
/root/tools/ghdl_final/bin/ghdl -a --std=93c vhdl-93/billowitch/non_compliant/analyzer_failure/tc1714.vhd
delete library: work
/root/tools/ghdl_final/bin/ghdl --remove --std=93c --work=work
Test: 2881
/root/tools/ghdl_final/bin/ghdl -a --std=93c vhdl-93/billowitch/non_compliant/analyzer_failure/tc1715.vhd
Test: 2882
/root/tools/ghdl_final/bin/ghdl -a --std=93c vhdl-93/billowitch/non_compliant/analyzer_failure/tc1716.vhd
Test: 2883
/root/tools/ghdl_final/bin/ghdl -a --std=93c vhdl-93/billowitch/non_compliant/analyzer_failure/tc1722.vhd
Test: 2884
/root/tools/ghdl_final/bin/ghdl -a --std=93c vhdl-93/billowitch/non_compliant/analyzer_failure/tc1726.vhd
Test: 2885
/root/tools/ghdl_final/bin/ghdl -a --std=93c vhdl-93/billowitch/non_compliant/analyzer_failure/tc1730.vhd
Test: 2886
/root/tools/ghdl_final/bin/ghdl -a --std=93c vhdl-93/billowitch/non_compliant/analyzer_failure/tc1731.vhd
Test: 2887
/root/tools/ghdl_final/bin/ghdl -a --std=93c vhdl-93/billowitch/non_compliant/analyzer_failure/tc1741.vhd
Test: 2888
/root/tools/ghdl_final/bin/ghdl -a --std=93c vhdl-93/billowitch/non_compliant/analyzer_failure/tc1742.vhd
Test: 2889
/root/tools/ghdl_final/bin/ghdl -a --std=93c vhdl-93/billowitch/non_compliant/analyzer_failure/tc1743.vhd
Test: 2890
/root/tools/ghdl_final/bin/ghdl -a --std=93c vhdl-93/billowitch/non_compliant/analyzer_failure/tc1746.vhd
Test: 2891
/root/tools/ghdl_final/bin/ghdl -a --std=93c vhdl-93/billowitch/non_compliant/analyzer_failure/tc1750.vhd
Test: 2892
/root/tools/ghdl_final/bin/ghdl -a --std=93c vhdl-93/billowitch/non_compliant/analyzer_failure/tc1751.vhd
Test: 2893
/root/tools/ghdl_final/bin/ghdl -a --std=93c vhdl-93/billowitch/non_compliant/analyzer_failure/tc1752.vhd
Test: 2894
/root/tools/ghdl_final/bin/ghdl -a --std=93c vhdl-93/billowitch/non_compliant/analyzer_failure/tc1754.vhd
Test: 2895
/root/tools/ghdl_final/bin/ghdl -a --std=93c vhdl-93/billowitch/non_compliant/analyzer_failure/tc1755.vhd
Test: 2896
/root/tools/ghdl_final/bin/ghdl -a --std=93c vhdl-93/billowitch/non_compliant/analyzer_failure/tc1758.vhd
delete library: work
/root/tools/ghdl_final/bin/ghdl --remove --std=93c --work=work
Test: 2897
/root/tools/ghdl_final/bin/ghdl -a --std=93c vhdl-93/billowitch/non_compliant/analyzer_failure/tc1760.vhd
Test: 2898
/root/tools/ghdl_final/bin/ghdl -a --std=93c vhdl-93/billowitch/non_compliant/analyzer_failure/tc1764.vhd
Test: 2899
/root/tools/ghdl_final/bin/ghdl -a --std=93c vhdl-93/billowitch/non_compliant/analyzer_failure/tc1765.vhd
Test: 2900
/root/tools/ghdl_final/bin/ghdl -a --std=93c vhdl-93/billowitch/non_compliant/analyzer_failure/tc1767.vhd
Test: 2901
/root/tools/ghdl_final/bin/ghdl -a --std=93c vhdl-93/billowitch/non_compliant/analyzer_failure/tc1768.vhd
Test: 2902
/root/tools/ghdl_final/bin/ghdl -a --std=93c vhdl-93/billowitch/non_compliant/analyzer_failure/tc1769.vhd
Test: 2903
/root/tools/ghdl_final/bin/ghdl -a --std=93c vhdl-93/billowitch/non_compliant/analyzer_failure/tc1770.vhd
Test: 2904
/root/tools/ghdl_final/bin/ghdl -a --std=93c vhdl-93/billowitch/non_compliant/analyzer_failure/tc1771.vhd
Test: 2905
/root/tools/ghdl_final/bin/ghdl -a --std=93c vhdl-93/billowitch/non_compliant/analyzer_failure/tc1772.vhd
Test: 2906
/root/tools/ghdl_final/bin/ghdl -a --std=93c vhdl-93/billowitch/non_compliant/analyzer_failure/tc1773.vhd
Test: 2907
/root/tools/ghdl_final/bin/ghdl -a --std=93c vhdl-93/billowitch/non_compliant/analyzer_failure/tc1774.vhd
Test: 2908
/root/tools/ghdl_final/bin/ghdl -a --std=93c vhdl-93/billowitch/non_compliant/analyzer_failure/tc1777.vhd
Test: 2909
/root/tools/ghdl_final/bin/ghdl -a --std=93c vhdl-93/billowitch/non_compliant/analyzer_failure/tc1778.vhd
Test: 2910
/root/tools/ghdl_final/bin/ghdl -a --std=93c vhdl-93/billowitch/non_compliant/analyzer_failure/tc1780.vhd
Test: 2911
/root/tools/ghdl_final/bin/ghdl -a --std=93c vhdl-93/billowitch/non_compliant/analyzer_failure/tc1784.vhd
Test: 2912
/root/tools/ghdl_final/bin/ghdl -a --std=93c vhdl-93/billowitch/non_compliant/analyzer_failure/tc1786.vhd
delete library: work
/root/tools/ghdl_final/bin/ghdl --remove --std=93c --work=work
Test: 2913
/root/tools/ghdl_final/bin/ghdl -a --std=93c vhdl-93/billowitch/non_compliant/analyzer_failure/tc1788.vhd
Test: 2914
/root/tools/ghdl_final/bin/ghdl -a --std=93c vhdl-93/billowitch/non_compliant/analyzer_failure/tc1789.vhd
Test: 2915
/root/tools/ghdl_final/bin/ghdl -a --std=93c vhdl-93/billowitch/non_compliant/analyzer_failure/tc1790.vhd
Test: 2916
/root/tools/ghdl_final/bin/ghdl -a --std=93c vhdl-93/billowitch/non_compliant/analyzer_failure/tc1791.vhd
Test: 2917
/root/tools/ghdl_final/bin/ghdl -a --std=93c vhdl-93/billowitch/non_compliant/analyzer_failure/tc1794.vhd
Test: 2918
/root/tools/ghdl_final/bin/ghdl -a --std=93c vhdl-93/billowitch/non_compliant/analyzer_failure/tc1795.vhd
Test: 2919
/root/tools/ghdl_final/bin/ghdl -a --std=93c vhdl-93/billowitch/non_compliant/analyzer_failure/tc1796.vhd
Test: 2920
/root/tools/ghdl_final/bin/ghdl -a --std=93c vhdl-93/billowitch/non_compliant/analyzer_failure/tc1800.vhd
Test: 2921
/root/tools/ghdl_final/bin/ghdl -a --std=93c vhdl-93/billowitch/non_compliant/analyzer_failure/tc1802.vhd
Test: 2922
/root/tools/ghdl_final/bin/ghdl -a --std=93c vhdl-93/billowitch/non_compliant/analyzer_failure/tc1805.vhd
Test: 2923
/root/tools/ghdl_final/bin/ghdl -a --std=93c vhdl-93/billowitch/non_compliant/analyzer_failure/tc1806.vhd
Test: 2924
/root/tools/ghdl_final/bin/ghdl -a --std=93c vhdl-93/billowitch/non_compliant/analyzer_failure/tc1811.vhd
Test: 2925
/root/tools/ghdl_final/bin/ghdl -a --std=93c vhdl-93/billowitch/non_compliant/analyzer_failure/tc1812.vhd
Test: 2926
/root/tools/ghdl_final/bin/ghdl -a --std=93c vhdl-93/billowitch/non_compliant/analyzer_failure/tc1814.vhd
Test: 2927
/root/tools/ghdl_final/bin/ghdl -a --std=93c vhdl-93/billowitch/non_compliant/analyzer_failure/tc1815.vhd
Test: 2928
/root/tools/ghdl_final/bin/ghdl -a --std=93c vhdl-93/billowitch/non_compliant/analyzer_failure/tc1816.vhd
delete library: work
/root/tools/ghdl_final/bin/ghdl --remove --std=93c --work=work
Test: 2929
/root/tools/ghdl_final/bin/ghdl -a --std=93c vhdl-93/billowitch/non_compliant/analyzer_failure/tc1817.vhd
Test: 2930
/root/tools/ghdl_final/bin/ghdl -a --std=93c vhdl-93/billowitch/non_compliant/analyzer_failure/tc1818.vhd
Test: 2931
/root/tools/ghdl_final/bin/ghdl -a --std=93c vhdl-93/billowitch/non_compliant/analyzer_failure/tc1819.vhd
Test: 2932
/root/tools/ghdl_final/bin/ghdl -a --std=93c vhdl-93/billowitch/non_compliant/analyzer_failure/tc1820.vhd
Test: 2933
/root/tools/ghdl_final/bin/ghdl -a --std=93c vhdl-93/billowitch/non_compliant/analyzer_failure/tc1821.vhd
Test: 2934
/root/tools/ghdl_final/bin/ghdl -a --std=93c vhdl-93/billowitch/non_compliant/analyzer_failure/tc1822.vhd
Test: 2935
/root/tools/ghdl_final/bin/ghdl -a --std=93c vhdl-93/billowitch/non_compliant/analyzer_failure/tc1823.vhd
Test: 2936
/root/tools/ghdl_final/bin/ghdl -a --std=93c vhdl-93/billowitch/non_compliant/analyzer_failure/tc1824.vhd
Test: 2937
/root/tools/ghdl_final/bin/ghdl -a --std=93c vhdl-93/billowitch/non_compliant/analyzer_failure/tc1825.vhd
Test: 2938
/root/tools/ghdl_final/bin/ghdl -a --std=93c vhdl-93/billowitch/non_compliant/analyzer_failure/tc1826.vhd
Test: 2939
/root/tools/ghdl_final/bin/ghdl -a --std=93c vhdl-93/billowitch/non_compliant/analyzer_failure/tc1827.vhd
Test: 2940
/root/tools/ghdl_final/bin/ghdl -a --std=93c vhdl-93/billowitch/non_compliant/analyzer_failure/tc1828.vhd
Test: 2941
/root/tools/ghdl_final/bin/ghdl -a --std=93c vhdl-93/billowitch/non_compliant/analyzer_failure/tc1829.vhd
Test: 2942
/root/tools/ghdl_final/bin/ghdl -a --std=93c vhdl-93/billowitch/non_compliant/analyzer_failure/tc1830.vhd
Test: 2943
/root/tools/ghdl_final/bin/ghdl -a --std=93c vhdl-93/billowitch/non_compliant/analyzer_failure/tc1831.vhd
Test: 2944
/root/tools/ghdl_final/bin/ghdl -a --std=93c vhdl-93/billowitch/non_compliant/analyzer_failure/tc1832.vhd
delete library: work
/root/tools/ghdl_final/bin/ghdl --remove --std=93c --work=work
Test: 2945
/root/tools/ghdl_final/bin/ghdl -a --std=93c vhdl-93/billowitch/non_compliant/analyzer_failure/tc1833.vhd
Test: 2946
/root/tools/ghdl_final/bin/ghdl -a --std=93c vhdl-93/billowitch/non_compliant/analyzer_failure/tc1834.vhd
Test: 2947
/root/tools/ghdl_final/bin/ghdl -a --std=93c vhdl-93/billowitch/non_compliant/analyzer_failure/tc1835.vhd
Test: 2948
/root/tools/ghdl_final/bin/ghdl -a --std=93c vhdl-93/billowitch/non_compliant/analyzer_failure/tc1836.vhd
Test: 2949
/root/tools/ghdl_final/bin/ghdl -a --std=93c vhdl-93/billowitch/non_compliant/analyzer_failure/tc1837.vhd
Test: 2950
/root/tools/ghdl_final/bin/ghdl -a --std=93c vhdl-93/billowitch/non_compliant/analyzer_failure/tc1838.vhd
Test: 2951
/root/tools/ghdl_final/bin/ghdl -a --std=93c vhdl-93/billowitch/non_compliant/analyzer_failure/tc1839.vhd
Test: 2952
/root/tools/ghdl_final/bin/ghdl -a --std=93c vhdl-93/billowitch/non_compliant/analyzer_failure/tc1840.vhd
Test: 2953
/root/tools/ghdl_final/bin/ghdl -a --std=93c vhdl-93/billowitch/non_compliant/analyzer_failure/tc1841.vhd
Test: 2954
/root/tools/ghdl_final/bin/ghdl -a --std=93c vhdl-93/billowitch/non_compliant/analyzer_failure/tc1842.vhd
Test: 2955
/root/tools/ghdl_final/bin/ghdl -a --std=93c vhdl-93/billowitch/non_compliant/analyzer_failure/tc1843.vhd
Test: 2956
/root/tools/ghdl_final/bin/ghdl -a --std=93c vhdl-93/billowitch/non_compliant/analyzer_failure/tc1844.vhd
Test: 2957
/root/tools/ghdl_final/bin/ghdl -a --std=93c vhdl-93/billowitch/non_compliant/analyzer_failure/tc1845.vhd
Test: 2958
/root/tools/ghdl_final/bin/ghdl -a --std=93c vhdl-93/billowitch/non_compliant/analyzer_failure/tc1846.vhd
Test: 2959
/root/tools/ghdl_final/bin/ghdl -a --std=93c vhdl-93/billowitch/non_compliant/analyzer_failure/tc1847.vhd
Test: 2960
/root/tools/ghdl_final/bin/ghdl -a --std=93c vhdl-93/billowitch/non_compliant/analyzer_failure/tc1848.vhd
delete library: work
/root/tools/ghdl_final/bin/ghdl --remove --std=93c --work=work
Test: 2961
/root/tools/ghdl_final/bin/ghdl -a --std=93c vhdl-93/billowitch/non_compliant/analyzer_failure/tc1849.vhd
Test: 2962
/root/tools/ghdl_final/bin/ghdl -a --std=93c vhdl-93/billowitch/non_compliant/analyzer_failure/tc1850.vhd
Test: 2963
/root/tools/ghdl_final/bin/ghdl -a --std=93c vhdl-93/billowitch/non_compliant/analyzer_failure/tc1851.vhd
Test: 2964
/root/tools/ghdl_final/bin/ghdl -a --std=93c vhdl-93/billowitch/non_compliant/analyzer_failure/tc1852.vhd
Test: 2965
/root/tools/ghdl_final/bin/ghdl -a --std=93c vhdl-93/billowitch/non_compliant/analyzer_failure/tc1853.vhd
Test: 2966
/root/tools/ghdl_final/bin/ghdl -a --std=93c vhdl-93/billowitch/non_compliant/analyzer_failure/tc1854.vhd
Test: 2967
/root/tools/ghdl_final/bin/ghdl -a --std=93c vhdl-93/billowitch/non_compliant/analyzer_failure/tc1855.vhd
Test: 2968
/root/tools/ghdl_final/bin/ghdl -a --std=93c vhdl-93/billowitch/non_compliant/analyzer_failure/tc1856.vhd
Test: 2969
/root/tools/ghdl_final/bin/ghdl -a --std=93c vhdl-93/billowitch/non_compliant/analyzer_failure/tc1857.vhd
Test: 2970
/root/tools/ghdl_final/bin/ghdl -a --std=93c vhdl-93/billowitch/non_compliant/analyzer_failure/tc1858.vhd
Test: 2971
/root/tools/ghdl_final/bin/ghdl -a --std=93c vhdl-93/billowitch/non_compliant/analyzer_failure/tc1859.vhd
Test: 2972
/root/tools/ghdl_final/bin/ghdl -a --std=93c vhdl-93/billowitch/non_compliant/analyzer_failure/tc1860.vhd
Test: 2973
/root/tools/ghdl_final/bin/ghdl -a --std=93c vhdl-93/billowitch/non_compliant/analyzer_failure/tc1861.vhd
Test: 2974
/root/tools/ghdl_final/bin/ghdl -a --std=93c vhdl-93/billowitch/non_compliant/analyzer_failure/tc1862.vhd
Test: 2975
/root/tools/ghdl_final/bin/ghdl -a --std=93c vhdl-93/billowitch/non_compliant/analyzer_failure/tc1863.vhd
Test: 2976
/root/tools/ghdl_final/bin/ghdl -a --std=93c vhdl-93/billowitch/non_compliant/analyzer_failure/tc1864.vhd
delete library: work
/root/tools/ghdl_final/bin/ghdl --remove --std=93c --work=work
Test: 2977
/root/tools/ghdl_final/bin/ghdl -a --std=93c vhdl-93/billowitch/non_compliant/analyzer_failure/tc1865.vhd
Test: 2978
/root/tools/ghdl_final/bin/ghdl -a --std=93c vhdl-93/billowitch/non_compliant/analyzer_failure/tc1866.vhd
Test: 2979
/root/tools/ghdl_final/bin/ghdl -a --std=93c vhdl-93/billowitch/non_compliant/analyzer_failure/tc1867.vhd
Test: 2980
/root/tools/ghdl_final/bin/ghdl -a --std=93c vhdl-93/billowitch/non_compliant/analyzer_failure/tc1868.vhd
Test: 2981
/root/tools/ghdl_final/bin/ghdl -a --std=93c vhdl-93/billowitch/non_compliant/analyzer_failure/tc1869.vhd
Test: 2982
/root/tools/ghdl_final/bin/ghdl -a --std=93c vhdl-93/billowitch/non_compliant/analyzer_failure/tc1870.vhd
Test: 2983
/root/tools/ghdl_final/bin/ghdl -a --std=93c vhdl-93/billowitch/non_compliant/analyzer_failure/tc1871.vhd
Test: 2984
/root/tools/ghdl_final/bin/ghdl -a --std=93c vhdl-93/billowitch/non_compliant/analyzer_failure/tc1872.vhd
Test: 2985
/root/tools/ghdl_final/bin/ghdl -a --std=93c vhdl-93/billowitch/non_compliant/analyzer_failure/tc1873.vhd
Test: 2986
/root/tools/ghdl_final/bin/ghdl -a --std=93c vhdl-93/billowitch/non_compliant/analyzer_failure/tc1874.vhd
Test: 2987
/root/tools/ghdl_final/bin/ghdl -a --std=93c vhdl-93/billowitch/non_compliant/analyzer_failure/tc1875.vhd
Test: 2988
/root/tools/ghdl_final/bin/ghdl -a --std=93c vhdl-93/billowitch/non_compliant/analyzer_failure/tc1876.vhd
Test: 2989
/root/tools/ghdl_final/bin/ghdl -a --std=93c vhdl-93/billowitch/non_compliant/analyzer_failure/tc1877.vhd
Test: 2990
/root/tools/ghdl_final/bin/ghdl -a --std=93c vhdl-93/billowitch/non_compliant/analyzer_failure/tc1878.vhd
Test: 2991
/root/tools/ghdl_final/bin/ghdl -a --std=93c vhdl-93/billowitch/non_compliant/analyzer_failure/tc1879.vhd
Test: 2992
/root/tools/ghdl_final/bin/ghdl -a --std=93c vhdl-93/billowitch/non_compliant/analyzer_failure/tc1880.vhd
delete library: work
/root/tools/ghdl_final/bin/ghdl --remove --std=93c --work=work
Test: 2993
/root/tools/ghdl_final/bin/ghdl -a --std=93c vhdl-93/billowitch/non_compliant/analyzer_failure/tc1881.vhd
Test: 2994
/root/tools/ghdl_final/bin/ghdl -a --std=93c vhdl-93/billowitch/non_compliant/analyzer_failure/tc1882.vhd
Test: 2995
/root/tools/ghdl_final/bin/ghdl -a --std=93c vhdl-93/billowitch/non_compliant/analyzer_failure/tc1883.vhd
Test: 2996
/root/tools/ghdl_final/bin/ghdl -a --std=93c vhdl-93/billowitch/non_compliant/analyzer_failure/tc1884.vhd
Test: 2997
/root/tools/ghdl_final/bin/ghdl -a --std=93c vhdl-93/billowitch/non_compliant/analyzer_failure/tc1885.vhd
Test: 2998
/root/tools/ghdl_final/bin/ghdl -a --std=93c vhdl-93/billowitch/non_compliant/analyzer_failure/tc1886.vhd
Test: 2999
/root/tools/ghdl_final/bin/ghdl -a --std=93c vhdl-93/billowitch/non_compliant/analyzer_failure/tc1887.vhd
Test: 3000
/root/tools/ghdl_final/bin/ghdl -a --std=93c vhdl-93/billowitch/non_compliant/analyzer_failure/tc1888.vhd
Test: 3001
/root/tools/ghdl_final/bin/ghdl -a --std=93c vhdl-93/billowitch/non_compliant/analyzer_failure/tc1889.vhd
Test: 3002
/root/tools/ghdl_final/bin/ghdl -a --std=93c vhdl-93/billowitch/non_compliant/analyzer_failure/tc1890.vhd
Test: 3003
/root/tools/ghdl_final/bin/ghdl -a --std=93c vhdl-93/billowitch/non_compliant/analyzer_failure/tc1891.vhd
Test: 3004
/root/tools/ghdl_final/bin/ghdl -a --std=93c vhdl-93/billowitch/non_compliant/analyzer_failure/tc1892.vhd
Test: 3005
/root/tools/ghdl_final/bin/ghdl -a --std=93c vhdl-93/billowitch/non_compliant/analyzer_failure/tc1893.vhd
Test: 3006
/root/tools/ghdl_final/bin/ghdl -a --std=93c vhdl-93/billowitch/non_compliant/analyzer_failure/tc1894.vhd
Test: 3007
/root/tools/ghdl_final/bin/ghdl -a --std=93c vhdl-93/billowitch/non_compliant/analyzer_failure/tc1895.vhd
Test: 3008
/root/tools/ghdl_final/bin/ghdl -a --std=93c vhdl-93/billowitch/non_compliant/analyzer_failure/tc1896.vhd
delete library: work
/root/tools/ghdl_final/bin/ghdl --remove --std=93c --work=work
Test: 3009
/root/tools/ghdl_final/bin/ghdl -a --std=93c vhdl-93/billowitch/non_compliant/analyzer_failure/tc1897.vhd
Test: 3010
/root/tools/ghdl_final/bin/ghdl -a --std=93c vhdl-93/billowitch/non_compliant/analyzer_failure/tc1898.vhd
Test: 3011
/root/tools/ghdl_final/bin/ghdl -a --std=93c vhdl-93/billowitch/non_compliant/analyzer_failure/tc1899.vhd
Test: 3012
/root/tools/ghdl_final/bin/ghdl -a --std=93c vhdl-93/billowitch/non_compliant/analyzer_failure/tc1900.vhd
Test: 3013
/root/tools/ghdl_final/bin/ghdl -a --std=93c vhdl-93/billowitch/non_compliant/analyzer_failure/tc1901.vhd
Test: 3014
/root/tools/ghdl_final/bin/ghdl -a --std=93c vhdl-93/billowitch/non_compliant/analyzer_failure/tc1902.vhd
Test: 3015
/root/tools/ghdl_final/bin/ghdl -a --std=93c vhdl-93/billowitch/non_compliant/analyzer_failure/tc1903.vhd
Test: 3016
/root/tools/ghdl_final/bin/ghdl -a --std=93c vhdl-93/billowitch/non_compliant/analyzer_failure/tc1904.vhd
Test: 3017
/root/tools/ghdl_final/bin/ghdl -a --std=93c vhdl-93/billowitch/non_compliant/analyzer_failure/tc1905.vhd
Test: 3018
/root/tools/ghdl_final/bin/ghdl -a --std=93c vhdl-93/billowitch/non_compliant/analyzer_failure/tc1913.vhd
Test: 3019
/root/tools/ghdl_final/bin/ghdl -a --std=93c vhdl-93/billowitch/non_compliant/analyzer_failure/tc1926.vhd
Test: 3020
/root/tools/ghdl_final/bin/ghdl -a --std=93c vhdl-93/billowitch/non_compliant/analyzer_failure/tc1927.vhd
Test: 3021
/root/tools/ghdl_final/bin/ghdl -a --std=93c vhdl-93/billowitch/non_compliant/analyzer_failure/tc1928.vhd
Test: 3022
/root/tools/ghdl_final/bin/ghdl -a --std=93c vhdl-93/billowitch/non_compliant/analyzer_failure/tc1929.vhd
Test: 3023
/root/tools/ghdl_final/bin/ghdl -a --std=93c vhdl-93/billowitch/non_compliant/analyzer_failure/tc1930.vhd
Test: 3024
/root/tools/ghdl_final/bin/ghdl -a --std=93c vhdl-93/billowitch/non_compliant/analyzer_failure/tc1977.vhd
delete library: work
/root/tools/ghdl_final/bin/ghdl --remove --std=93c --work=work
Test: 3025
/root/tools/ghdl_final/bin/ghdl -a --std=93c vhdl-93/billowitch/non_compliant/analyzer_failure/tc1979.vhd
Test: 3026
/root/tools/ghdl_final/bin/ghdl -a --std=93c vhdl-93/billowitch/non_compliant/analyzer_failure/tc1980.vhd
Test: 3027
/root/tools/ghdl_final/bin/ghdl -a --std=93c vhdl-93/billowitch/non_compliant/analyzer_failure/tc1989.vhd
Test: 3028
/root/tools/ghdl_final/bin/ghdl -a --std=93c vhdl-93/billowitch/non_compliant/analyzer_failure/tc1990.vhd
Test: 3029
/root/tools/ghdl_final/bin/ghdl -a --std=93c vhdl-93/billowitch/non_compliant/analyzer_failure/tc2002.vhd
Test: 3030
/root/tools/ghdl_final/bin/ghdl -a --std=93c vhdl-93/billowitch/non_compliant/analyzer_failure/tc2003.vhd
Test: 3031
/root/tools/ghdl_final/bin/ghdl -a --std=93c vhdl-93/billowitch/non_compliant/analyzer_failure/tc2009.vhd
Test: 3032
/root/tools/ghdl_final/bin/ghdl -a --std=93c vhdl-93/billowitch/non_compliant/analyzer_failure/tc2018.vhd
Test: 3033
/root/tools/ghdl_final/bin/ghdl -a --std=93c vhdl-93/billowitch/non_compliant/analyzer_failure/tc2019.vhd
Test: 3034
/root/tools/ghdl_final/bin/ghdl -a --std=93c vhdl-93/billowitch/non_compliant/analyzer_failure/tc2020.vhd
Test: 3035
/root/tools/ghdl_final/bin/ghdl -a --std=93c vhdl-93/billowitch/non_compliant/analyzer_failure/tc2023.vhd
Test: 3036
/root/tools/ghdl_final/bin/ghdl -a --std=93c vhdl-93/billowitch/non_compliant/analyzer_failure/tc2024.vhd
Test: 3037
/root/tools/ghdl_final/bin/ghdl -a --std=93c vhdl-93/billowitch/non_compliant/analyzer_failure/tc2025.vhd
Test: 3038
/root/tools/ghdl_final/bin/ghdl -a --std=93c vhdl-93/billowitch/non_compliant/analyzer_failure/tc2026.vhd
Test: 3039
/root/tools/ghdl_final/bin/ghdl -a --std=93c vhdl-93/billowitch/non_compliant/analyzer_failure/tc2027.vhd
Test: 3040
/root/tools/ghdl_final/bin/ghdl -a --std=93c vhdl-93/billowitch/non_compliant/analyzer_failure/tc2028.vhd
delete library: work
/root/tools/ghdl_final/bin/ghdl --remove --std=93c --work=work
Test: 3041
/root/tools/ghdl_final/bin/ghdl -a --std=93c vhdl-93/billowitch/non_compliant/analyzer_failure/tc2029.vhd
Test: 3042
/root/tools/ghdl_final/bin/ghdl -a --std=93c vhdl-93/billowitch/non_compliant/analyzer_failure/tc2030.vhd
Test: 3043
/root/tools/ghdl_final/bin/ghdl -a --std=93c vhdl-93/billowitch/non_compliant/analyzer_failure/tc2031.vhd
Test: 3044
/root/tools/ghdl_final/bin/ghdl -a --std=93c vhdl-93/billowitch/non_compliant/analyzer_failure/tc2032.vhd
Test: 3045
/root/tools/ghdl_final/bin/ghdl -a --std=93c vhdl-93/billowitch/non_compliant/analyzer_failure/tc2033.vhd
Test: 3046
/root/tools/ghdl_final/bin/ghdl -a --std=93c vhdl-93/billowitch/non_compliant/analyzer_failure/tc2034.vhd
Test: 3047
/root/tools/ghdl_final/bin/ghdl -a --std=93c vhdl-93/billowitch/non_compliant/analyzer_failure/tc2035.vhd
Test: 3048
/root/tools/ghdl_final/bin/ghdl -a --std=93c vhdl-93/billowitch/non_compliant/analyzer_failure/tc2036.vhd
Test: 3049
/root/tools/ghdl_final/bin/ghdl -a --std=93c vhdl-93/billowitch/non_compliant/analyzer_failure/tc2037.vhd
Test: 3050
/root/tools/ghdl_final/bin/ghdl -a --std=93c vhdl-93/billowitch/non_compliant/analyzer_failure/tc2038.vhd
Test: 3051
/root/tools/ghdl_final/bin/ghdl -a --std=93c vhdl-93/billowitch/non_compliant/analyzer_failure/tc2039.vhd
Test: 3052
/root/tools/ghdl_final/bin/ghdl -a --std=93c vhdl-93/billowitch/non_compliant/analyzer_failure/tc2040.vhd
Test: 3053
/root/tools/ghdl_final/bin/ghdl -a --std=93c vhdl-93/billowitch/non_compliant/analyzer_failure/tc2041.vhd
Test: 3054
/root/tools/ghdl_final/bin/ghdl -a --std=93c vhdl-93/billowitch/non_compliant/analyzer_failure/tc2042.vhd
Test: 3055
/root/tools/ghdl_final/bin/ghdl -a --std=93c vhdl-93/billowitch/non_compliant/analyzer_failure/tc2043.vhd
Test: 3056
/root/tools/ghdl_final/bin/ghdl -a --std=93c vhdl-93/billowitch/non_compliant/analyzer_failure/tc2044.vhd
delete library: work
/root/tools/ghdl_final/bin/ghdl --remove --std=93c --work=work
Test: 3057
/root/tools/ghdl_final/bin/ghdl -a --std=93c vhdl-93/billowitch/non_compliant/analyzer_failure/tc2045.vhd
Test: 3058
/root/tools/ghdl_final/bin/ghdl -a --std=93c vhdl-93/billowitch/non_compliant/analyzer_failure/tc2046.vhd
Test: 3059
/root/tools/ghdl_final/bin/ghdl -a --std=93c vhdl-93/billowitch/non_compliant/analyzer_failure/tc2047.vhd
Test: 3060
/root/tools/ghdl_final/bin/ghdl -a --std=93c vhdl-93/billowitch/non_compliant/analyzer_failure/tc2048.vhd
Test: 3061
/root/tools/ghdl_final/bin/ghdl -a --std=93c vhdl-93/billowitch/non_compliant/analyzer_failure/tc2049.vhd
Test: 3062
/root/tools/ghdl_final/bin/ghdl -a --std=93c vhdl-93/billowitch/non_compliant/analyzer_failure/tc2050.vhd
Test: 3063
/root/tools/ghdl_final/bin/ghdl -a --std=93c vhdl-93/billowitch/non_compliant/analyzer_failure/tc2051.vhd
Test: 3064
/root/tools/ghdl_final/bin/ghdl -a --std=93c vhdl-93/billowitch/non_compliant/analyzer_failure/tc2052.vhd
Test: 3065
/root/tools/ghdl_final/bin/ghdl -a --std=93c vhdl-93/billowitch/non_compliant/analyzer_failure/tc2053.vhd
Test: 3066
/root/tools/ghdl_final/bin/ghdl -a --std=93c vhdl-93/billowitch/non_compliant/analyzer_failure/tc2054.vhd
Test: 3067
/root/tools/ghdl_final/bin/ghdl -a --std=93c vhdl-93/billowitch/non_compliant/analyzer_failure/tc2055.vhd
Test: 3068
/root/tools/ghdl_final/bin/ghdl -a --std=93c vhdl-93/billowitch/non_compliant/analyzer_failure/tc2056.vhd
Test: 3069
/root/tools/ghdl_final/bin/ghdl -a --std=93c vhdl-93/billowitch/non_compliant/analyzer_failure/tc2057.vhd
Test: 3070
/root/tools/ghdl_final/bin/ghdl -a --std=93c vhdl-93/billowitch/non_compliant/analyzer_failure/tc2058.vhd
Test: 3071
/root/tools/ghdl_final/bin/ghdl -a --std=93c vhdl-93/billowitch/non_compliant/analyzer_failure/tc2059.vhd
Test: 3072
/root/tools/ghdl_final/bin/ghdl -a --std=93c vhdl-93/billowitch/non_compliant/analyzer_failure/tc2060.vhd
delete library: work
/root/tools/ghdl_final/bin/ghdl --remove --std=93c --work=work
Test: 3073
/root/tools/ghdl_final/bin/ghdl -a --std=93c vhdl-93/billowitch/non_compliant/analyzer_failure/tc2064.vhd
Test: 3074
/root/tools/ghdl_final/bin/ghdl -a --std=93c vhdl-93/billowitch/non_compliant/analyzer_failure/tc2065.vhd
Test: 3075
/root/tools/ghdl_final/bin/ghdl -a --std=93c vhdl-93/billowitch/non_compliant/analyzer_failure/tc2066.vhd
Test: 3076
/root/tools/ghdl_final/bin/ghdl -a --std=93c vhdl-93/billowitch/non_compliant/analyzer_failure/tc2067.vhd
Test: 3077
/root/tools/ghdl_final/bin/ghdl -a --std=93c vhdl-93/billowitch/non_compliant/analyzer_failure/tc2068.vhd
Test: 3078
/root/tools/ghdl_final/bin/ghdl -a --std=93c vhdl-93/billowitch/non_compliant/analyzer_failure/tc2069.vhd
Test: 3079
/root/tools/ghdl_final/bin/ghdl -a --std=93c vhdl-93/billowitch/non_compliant/analyzer_failure/tc2070.vhd
Test: 3080
/root/tools/ghdl_final/bin/ghdl -a --std=93c vhdl-93/billowitch/non_compliant/analyzer_failure/tc2071.vhd
Test: 3081
/root/tools/ghdl_final/bin/ghdl -a --std=93c vhdl-93/billowitch/non_compliant/analyzer_failure/tc2072.vhd
Test: 3082
/root/tools/ghdl_final/bin/ghdl -a --std=93c vhdl-93/billowitch/non_compliant/analyzer_failure/tc2073.vhd
Test: 3083
/root/tools/ghdl_final/bin/ghdl -a --std=93c vhdl-93/billowitch/non_compliant/analyzer_failure/tc2074.vhd
Test: 3084
/root/tools/ghdl_final/bin/ghdl -a --std=93c vhdl-93/billowitch/non_compliant/analyzer_failure/tc2075.vhd
Test: 3085
/root/tools/ghdl_final/bin/ghdl -a --std=93c vhdl-93/billowitch/non_compliant/analyzer_failure/tc2076.vhd
Test: 3086
/root/tools/ghdl_final/bin/ghdl -a --std=93c vhdl-93/billowitch/non_compliant/analyzer_failure/tc2170.vhd
Test: 3087
/root/tools/ghdl_final/bin/ghdl -a --std=93c vhdl-93/billowitch/non_compliant/analyzer_failure/tc2171.vhd
Test: 3088
/root/tools/ghdl_final/bin/ghdl -a --std=93c vhdl-93/billowitch/non_compliant/analyzer_failure/tc2188.vhd
delete library: work
/root/tools/ghdl_final/bin/ghdl --remove --std=93c --work=work
Test: 3089
/root/tools/ghdl_final/bin/ghdl -a --std=93c vhdl-93/billowitch/non_compliant/analyzer_failure/tc2189.vhd
Test: 3090
/root/tools/ghdl_final/bin/ghdl -a --std=93c vhdl-93/billowitch/non_compliant/analyzer_failure/tc2190.vhd
Test: 3091
/root/tools/ghdl_final/bin/ghdl -a --std=93c vhdl-93/billowitch/non_compliant/analyzer_failure/tc2191.vhd
Test: 3092
/root/tools/ghdl_final/bin/ghdl -a --std=93c vhdl-93/billowitch/non_compliant/analyzer_failure/tc2192.vhd
Test: 3093
/root/tools/ghdl_final/bin/ghdl -a --std=93c vhdl-93/billowitch/non_compliant/analyzer_failure/tc2193.vhd
Test: 3094
/root/tools/ghdl_final/bin/ghdl -a --std=93c vhdl-93/billowitch/non_compliant/analyzer_failure/tc2194.vhd
Test: 3095
/root/tools/ghdl_final/bin/ghdl -a --std=93c vhdl-93/billowitch/non_compliant/analyzer_failure/tc2195.vhd
Test: 3096
/root/tools/ghdl_final/bin/ghdl -a --std=93c vhdl-93/billowitch/non_compliant/analyzer_failure/tc2196.vhd
Test: 3097
/root/tools/ghdl_final/bin/ghdl -a --std=93c vhdl-93/billowitch/non_compliant/analyzer_failure/tc2197.vhd
Test: 3098
/root/tools/ghdl_final/bin/ghdl -a --std=93c vhdl-93/billowitch/non_compliant/analyzer_failure/tc2198.vhd
Test: 3099
/root/tools/ghdl_final/bin/ghdl -a --std=93c vhdl-93/billowitch/non_compliant/analyzer_failure/tc2201.vhd
Test: 3100
/root/tools/ghdl_final/bin/ghdl -a --std=93c vhdl-93/billowitch/non_compliant/analyzer_failure/tc2202.vhd
Test: 3101
/root/tools/ghdl_final/bin/ghdl -a --std=93c vhdl-93/billowitch/non_compliant/analyzer_failure/tc2207.vhd
Test: 3102
/root/tools/ghdl_final/bin/ghdl -a --std=93c vhdl-93/billowitch/non_compliant/analyzer_failure/tc2209.vhd
Test: 3103
/root/tools/ghdl_final/bin/ghdl -a --std=93c vhdl-93/billowitch/non_compliant/analyzer_failure/tc2210.vhd
Test: 3104
/root/tools/ghdl_final/bin/ghdl -a --std=93c vhdl-93/billowitch/non_compliant/analyzer_failure/tc2211.vhd
delete library: work
/root/tools/ghdl_final/bin/ghdl --remove --std=93c --work=work
Test: 3105
/root/tools/ghdl_final/bin/ghdl -a --std=93c vhdl-93/billowitch/non_compliant/analyzer_failure/tc2212.vhd
Test: 3106
/root/tools/ghdl_final/bin/ghdl -a --std=93c vhdl-93/billowitch/non_compliant/analyzer_failure/tc2213.vhd
Test: 3107
/root/tools/ghdl_final/bin/ghdl -a --std=93c vhdl-93/billowitch/non_compliant/analyzer_failure/tc2214.vhd
Test: 3108
/root/tools/ghdl_final/bin/ghdl -a --std=93c vhdl-93/billowitch/non_compliant/analyzer_failure/tc2215.vhd
Test: 3109
/root/tools/ghdl_final/bin/ghdl -a --std=93c vhdl-93/billowitch/non_compliant/analyzer_failure/tc2216.vhd
Test: 3110
/root/tools/ghdl_final/bin/ghdl -a --std=93c vhdl-93/billowitch/non_compliant/analyzer_failure/tc2217.vhd
Test: 3111
/root/tools/ghdl_final/bin/ghdl -a --std=93c vhdl-93/billowitch/non_compliant/analyzer_failure/tc2218.vhd
Test: 3112
/root/tools/ghdl_final/bin/ghdl -a --std=93c vhdl-93/billowitch/non_compliant/analyzer_failure/tc2219.vhd
Test: 3113
/root/tools/ghdl_final/bin/ghdl -a --std=93c vhdl-93/billowitch/non_compliant/analyzer_failure/tc2220.vhd
Test: 3114
/root/tools/ghdl_final/bin/ghdl -a --std=93c vhdl-93/billowitch/non_compliant/analyzer_failure/tc2221.vhd
Test: 3115
/root/tools/ghdl_final/bin/ghdl -a --std=93c vhdl-93/billowitch/non_compliant/analyzer_failure/tc2222.vhd
Test: 3116
/root/tools/ghdl_final/bin/ghdl -a --std=93c vhdl-93/billowitch/non_compliant/analyzer_failure/tc2223.vhd
Test: 3117
/root/tools/ghdl_final/bin/ghdl -a --std=93c vhdl-93/billowitch/non_compliant/analyzer_failure/tc2224.vhd
Test: 3118
/root/tools/ghdl_final/bin/ghdl -a --std=93c vhdl-93/billowitch/non_compliant/analyzer_failure/tc2225.vhd
Test: 3119
/root/tools/ghdl_final/bin/ghdl -a --std=93c vhdl-93/billowitch/non_compliant/analyzer_failure/tc2226.vhd
Test: 3120
/root/tools/ghdl_final/bin/ghdl -a --std=93c vhdl-93/billowitch/non_compliant/analyzer_failure/tc2227.vhd
delete library: work
/root/tools/ghdl_final/bin/ghdl --remove --std=93c --work=work
Test: 3121
/root/tools/ghdl_final/bin/ghdl -a --std=93c vhdl-93/billowitch/non_compliant/analyzer_failure/tc2228.vhd
Test: 3122
/root/tools/ghdl_final/bin/ghdl -a --std=93c vhdl-93/billowitch/non_compliant/analyzer_failure/tc2229.vhd
Test: 3123
/root/tools/ghdl_final/bin/ghdl -a --std=93c vhdl-93/billowitch/non_compliant/analyzer_failure/tc2230.vhd
Test: 3124
/root/tools/ghdl_final/bin/ghdl -a --std=93c vhdl-93/billowitch/non_compliant/analyzer_failure/tc2231.vhd
Test: 3125
/root/tools/ghdl_final/bin/ghdl -a --std=93c vhdl-93/billowitch/non_compliant/analyzer_failure/tc2232.vhd
Test: 3126
/root/tools/ghdl_final/bin/ghdl -a --std=93c vhdl-93/billowitch/non_compliant/analyzer_failure/tc2233.vhd
Test: 3127
/root/tools/ghdl_final/bin/ghdl -a --std=93c vhdl-93/billowitch/non_compliant/analyzer_failure/tc2234.vhd
Test: 3128
/root/tools/ghdl_final/bin/ghdl -a --std=93c vhdl-93/billowitch/non_compliant/analyzer_failure/tc2235.vhd
Test: 3129
/root/tools/ghdl_final/bin/ghdl -a --std=93c vhdl-93/billowitch/non_compliant/analyzer_failure/tc2236.vhd
Test: 3130
/root/tools/ghdl_final/bin/ghdl -a --std=93c vhdl-93/billowitch/non_compliant/analyzer_failure/tc2237.vhd
Test: 3131
/root/tools/ghdl_final/bin/ghdl -a --std=93c vhdl-93/billowitch/non_compliant/analyzer_failure/tc2238.vhd
Test: 3132
/root/tools/ghdl_final/bin/ghdl -a --std=93c vhdl-93/billowitch/non_compliant/analyzer_failure/tc2239.vhd
Test: 3133
/root/tools/ghdl_final/bin/ghdl -a --std=93c vhdl-93/billowitch/non_compliant/analyzer_failure/tc2240.vhd
Test: 3134
/root/tools/ghdl_final/bin/ghdl -a --std=93c vhdl-93/billowitch/non_compliant/analyzer_failure/tc2241.vhd
Test: 3135
/root/tools/ghdl_final/bin/ghdl -a --std=93c vhdl-93/billowitch/non_compliant/analyzer_failure/tc2242.vhd
Test: 3136
/root/tools/ghdl_final/bin/ghdl -a --std=93c vhdl-93/billowitch/non_compliant/analyzer_failure/tc2243.vhd
delete library: work
/root/tools/ghdl_final/bin/ghdl --remove --std=93c --work=work
Test: 3137
/root/tools/ghdl_final/bin/ghdl -a --std=93c vhdl-93/billowitch/non_compliant/analyzer_failure/tc2244.vhd
Test: 3138
/root/tools/ghdl_final/bin/ghdl -a --std=93c vhdl-93/billowitch/non_compliant/analyzer_failure/tc2245.vhd
Test: 3139
/root/tools/ghdl_final/bin/ghdl -a --std=93c vhdl-93/billowitch/non_compliant/analyzer_failure/tc2246.vhd
Test: 3140
/root/tools/ghdl_final/bin/ghdl -a --std=93c vhdl-93/billowitch/non_compliant/analyzer_failure/tc2247.vhd
Test: 3141
/root/tools/ghdl_final/bin/ghdl -a --std=93c vhdl-93/billowitch/non_compliant/analyzer_failure/tc2248.vhd
Test: 3142
/root/tools/ghdl_final/bin/ghdl -a --std=93c vhdl-93/billowitch/non_compliant/analyzer_failure/tc2249.vhd
Test: 3143
/root/tools/ghdl_final/bin/ghdl -a --std=93c vhdl-93/billowitch/non_compliant/analyzer_failure/tc2250.vhd
Test: 3144
/root/tools/ghdl_final/bin/ghdl -a --std=93c vhdl-93/billowitch/non_compliant/analyzer_failure/tc2251.vhd
Test: 3145
/root/tools/ghdl_final/bin/ghdl -a --std=93c vhdl-93/billowitch/non_compliant/analyzer_failure/tc2252.vhd
Test: 3146
/root/tools/ghdl_final/bin/ghdl -a --std=93c vhdl-93/billowitch/non_compliant/analyzer_failure/tc2253.vhd
Test: 3147
/root/tools/ghdl_final/bin/ghdl -a --std=93c vhdl-93/billowitch/non_compliant/analyzer_failure/tc2254.vhd
/root/tools/ghdl_final/bin/ghdl -e c07s02b06x00p01n01i02254ent
/root/tools/ghdl_final/bin/ghdl -r c07s02b06x00p01n01i02254ent  --expect-failure --assert-level=error
Test: 3148
/root/tools/ghdl_final/bin/ghdl -a --std=93c vhdl-93/billowitch/non_compliant/analyzer_failure/tc2255.vhd
/root/tools/ghdl_final/bin/ghdl -e c07s02b06x00p01n01i02255ent
/root/tools/ghdl_final/bin/ghdl -r c07s02b06x00p01n01i02255ent  --expect-failure --assert-level=error
Test: 3149
/root/tools/ghdl_final/bin/ghdl -a --std=93c vhdl-93/billowitch/non_compliant/analyzer_failure/tc2256.vhd
/root/tools/ghdl_final/bin/ghdl -e c07s02b06x00p01n01i02256ent
/root/tools/ghdl_final/bin/ghdl -r c07s02b06x00p01n01i02256ent  --expect-failure --assert-level=error
Test: 3150
/root/tools/ghdl_final/bin/ghdl -a --std=93c vhdl-93/billowitch/non_compliant/analyzer_failure/tc2273.vhd
Test: 3151
/root/tools/ghdl_final/bin/ghdl -a --std=93c vhdl-93/billowitch/non_compliant/analyzer_failure/tc2274.vhd
Test: 3152
/root/tools/ghdl_final/bin/ghdl -a --std=93c vhdl-93/billowitch/non_compliant/analyzer_failure/tc2275.vhd
delete library: work
/root/tools/ghdl_final/bin/ghdl --remove --std=93c --work=work
Test: 3153
/root/tools/ghdl_final/bin/ghdl -a --std=93c vhdl-93/billowitch/non_compliant/analyzer_failure/tc2276.vhd
Test: 3154
/root/tools/ghdl_final/bin/ghdl -a --std=93c vhdl-93/billowitch/non_compliant/analyzer_failure/tc2277.vhd
Test: 3155
/root/tools/ghdl_final/bin/ghdl -a --std=93c vhdl-93/billowitch/non_compliant/analyzer_failure/tc2278.vhd
Test: 3156
/root/tools/ghdl_final/bin/ghdl -a --std=93c vhdl-93/billowitch/non_compliant/analyzer_failure/tc2279.vhd
Test: 3157
/root/tools/ghdl_final/bin/ghdl -a --std=93c vhdl-93/billowitch/non_compliant/analyzer_failure/tc2280.vhd
Test: 3158
/root/tools/ghdl_final/bin/ghdl -a --std=93c vhdl-93/billowitch/non_compliant/analyzer_failure/tc2281.vhd
Test: 3159
/root/tools/ghdl_final/bin/ghdl -a --std=93c vhdl-93/billowitch/non_compliant/analyzer_failure/tc2282.vhd
Test: 3160
/root/tools/ghdl_final/bin/ghdl -a --std=93c vhdl-93/billowitch/non_compliant/analyzer_failure/tc2306.vhd
Test: 3161
/root/tools/ghdl_final/bin/ghdl -a --std=93c vhdl-93/billowitch/non_compliant/analyzer_failure/tc2310.vhd
Test: 3162
/root/tools/ghdl_final/bin/ghdl -a --std=93c vhdl-93/billowitch/non_compliant/analyzer_failure/tc2311.vhd
Test: 3163
/root/tools/ghdl_final/bin/ghdl -a --std=93c vhdl-93/billowitch/non_compliant/analyzer_failure/tc2312.vhd
Test: 3164
/root/tools/ghdl_final/bin/ghdl -a --std=93c vhdl-93/billowitch/non_compliant/analyzer_failure/tc2313.vhd
Test: 3165
/root/tools/ghdl_final/bin/ghdl -a --std=93c vhdl-93/billowitch/non_compliant/analyzer_failure/tc2314.vhd
Test: 3166
/root/tools/ghdl_final/bin/ghdl -a --std=93c vhdl-93/billowitch/non_compliant/analyzer_failure/tc2315.vhd
Test: 3167
/root/tools/ghdl_final/bin/ghdl -a --std=93c vhdl-93/billowitch/non_compliant/analyzer_failure/tc2316.vhd
Test: 3168
/root/tools/ghdl_final/bin/ghdl -a --std=93c vhdl-93/billowitch/non_compliant/analyzer_failure/tc2317.vhd
delete library: work
/root/tools/ghdl_final/bin/ghdl --remove --std=93c --work=work
Test: 3169
/root/tools/ghdl_final/bin/ghdl -a --std=93c vhdl-93/billowitch/non_compliant/analyzer_failure/tc2318.vhd
Test: 3170
/root/tools/ghdl_final/bin/ghdl -a --std=93c vhdl-93/billowitch/non_compliant/analyzer_failure/tc2319.vhd
Test: 3171
/root/tools/ghdl_final/bin/ghdl -a --std=93c vhdl-93/billowitch/non_compliant/analyzer_failure/tc2320.vhd
Test: 3172
/root/tools/ghdl_final/bin/ghdl -a --std=93c vhdl-93/billowitch/non_compliant/analyzer_failure/tc2321.vhd
Test: 3173
/root/tools/ghdl_final/bin/ghdl -a --std=93c vhdl-93/billowitch/non_compliant/analyzer_failure/tc2322.vhd
Test: 3174
/root/tools/ghdl_final/bin/ghdl -a --std=93c vhdl-93/billowitch/non_compliant/analyzer_failure/tc2323.vhd
Test: 3175
/root/tools/ghdl_final/bin/ghdl -a --std=93c vhdl-93/billowitch/non_compliant/analyzer_failure/tc2327.vhd
Test: 3176
/root/tools/ghdl_final/bin/ghdl -a --std=93c vhdl-93/billowitch/non_compliant/analyzer_failure/tc2328.vhd
Test: 3177
/root/tools/ghdl_final/bin/ghdl -a --std=93c vhdl-93/billowitch/non_compliant/analyzer_failure/tc2333.vhd
Test: 3178
/root/tools/ghdl_final/bin/ghdl -a --std=93c vhdl-93/billowitch/non_compliant/analyzer_failure/tc2334.vhd
Test: 3179
/root/tools/ghdl_final/bin/ghdl -a --std=93c vhdl-93/billowitch/non_compliant/analyzer_failure/tc2335.vhd
Test: 3180
/root/tools/ghdl_final/bin/ghdl -a --std=93c vhdl-93/billowitch/non_compliant/analyzer_failure/tc2336.vhd
Test: 3181
/root/tools/ghdl_final/bin/ghdl -a --std=93c vhdl-93/billowitch/non_compliant/analyzer_failure/tc2337.vhd
Test: 3182
/root/tools/ghdl_final/bin/ghdl -a --std=93c vhdl-93/billowitch/non_compliant/analyzer_failure/tc2338.vhd
Test: 3183
/root/tools/ghdl_final/bin/ghdl -a --std=93c vhdl-93/billowitch/non_compliant/analyzer_failure/tc2339.vhd
Test: 3184
/root/tools/ghdl_final/bin/ghdl -a --std=93c vhdl-93/billowitch/non_compliant/analyzer_failure/tc2340.vhd
delete library: work
/root/tools/ghdl_final/bin/ghdl --remove --std=93c --work=work
Test: 3185
/root/tools/ghdl_final/bin/ghdl -a --std=93c vhdl-93/billowitch/non_compliant/analyzer_failure/tc2341.vhd
Test: 3186
/root/tools/ghdl_final/bin/ghdl -a --std=93c vhdl-93/billowitch/non_compliant/analyzer_failure/tc2342.vhd
Test: 3187
/root/tools/ghdl_final/bin/ghdl -a --std=93c vhdl-93/billowitch/non_compliant/analyzer_failure/tc2343.vhd
Test: 3188
/root/tools/ghdl_final/bin/ghdl -a --std=93c vhdl-93/billowitch/non_compliant/analyzer_failure/tc2344.vhd
Test: 3189
/root/tools/ghdl_final/bin/ghdl -a --std=93c vhdl-93/billowitch/non_compliant/analyzer_failure/tc2345.vhd
Test: 3190
/root/tools/ghdl_final/bin/ghdl -a --std=93c vhdl-93/billowitch/non_compliant/analyzer_failure/tc2346.vhd
Test: 3191
/root/tools/ghdl_final/bin/ghdl -a --std=93c vhdl-93/billowitch/non_compliant/analyzer_failure/tc2347.vhd
Test: 3192
/root/tools/ghdl_final/bin/ghdl -a --std=93c vhdl-93/billowitch/non_compliant/analyzer_failure/tc2348.vhd
Test: 3193
/root/tools/ghdl_final/bin/ghdl -a --std=93c vhdl-93/billowitch/non_compliant/analyzer_failure/tc2349.vhd
Test: 3194
/root/tools/ghdl_final/bin/ghdl -a --std=93c vhdl-93/billowitch/non_compliant/analyzer_failure/tc2350.vhd
Test: 3195
/root/tools/ghdl_final/bin/ghdl -a --std=93c vhdl-93/billowitch/non_compliant/analyzer_failure/tc2351.vhd
Test: 3196
/root/tools/ghdl_final/bin/ghdl -a --std=93c vhdl-93/billowitch/non_compliant/analyzer_failure/tc2352.vhd
Test: 3197
/root/tools/ghdl_final/bin/ghdl -a --std=93c vhdl-93/billowitch/non_compliant/analyzer_failure/tc2353.vhd
Test: 3198
/root/tools/ghdl_final/bin/ghdl -a --std=93c vhdl-93/billowitch/non_compliant/analyzer_failure/tc2354.vhd
Test: 3199
/root/tools/ghdl_final/bin/ghdl -a --std=93c vhdl-93/billowitch/non_compliant/analyzer_failure/tc2355.vhd
Test: 3200
/root/tools/ghdl_final/bin/ghdl -a --std=93c vhdl-93/billowitch/non_compliant/analyzer_failure/tc2356.vhd
delete library: work
/root/tools/ghdl_final/bin/ghdl --remove --std=93c --work=work
Test: 3201
/root/tools/ghdl_final/bin/ghdl -a --std=93c vhdl-93/billowitch/non_compliant/analyzer_failure/tc2357.vhd
Test: 3202
/root/tools/ghdl_final/bin/ghdl -a --std=93c vhdl-93/billowitch/non_compliant/analyzer_failure/tc2358.vhd
Test: 3203
/root/tools/ghdl_final/bin/ghdl -a --std=93c vhdl-93/billowitch/non_compliant/analyzer_failure/tc2361.vhd
Test: 3204
/root/tools/ghdl_final/bin/ghdl -a --std=93c vhdl-93/billowitch/non_compliant/analyzer_failure/tc2362.vhd
/root/tools/ghdl_final/bin/ghdl -e c07s02b07x00p10n02i02362ent
/root/tools/ghdl_final/bin/ghdl -r c07s02b07x00p10n02i02362ent  --expect-failure --assert-level=error
Test: 3205
/root/tools/ghdl_final/bin/ghdl -a --std=93c vhdl-93/billowitch/non_compliant/analyzer_failure/tc2375.vhd
Test: 3206
/root/tools/ghdl_final/bin/ghdl -a --std=93c vhdl-93/billowitch/non_compliant/analyzer_failure/tc2376.vhd
Test: 3207
/root/tools/ghdl_final/bin/ghdl -a --std=93c vhdl-93/billowitch/non_compliant/analyzer_failure/tc2377.vhd
Test: 3208
/root/tools/ghdl_final/bin/ghdl -a --std=93c vhdl-93/billowitch/non_compliant/analyzer_failure/tc2379.vhd
Test: 3209
/root/tools/ghdl_final/bin/ghdl -a --std=93c vhdl-93/billowitch/non_compliant/analyzer_failure/tc2381.vhd
Test: 3210
/root/tools/ghdl_final/bin/ghdl -a --std=93c vhdl-93/billowitch/non_compliant/analyzer_failure/tc2385.vhd
Test: 3211
/root/tools/ghdl_final/bin/ghdl -a --std=93c vhdl-93/billowitch/non_compliant/analyzer_failure/tc2386.vhd
Test: 3212
/root/tools/ghdl_final/bin/ghdl -a --std=93c vhdl-93/billowitch/non_compliant/analyzer_failure/tc2393.vhd
Test: 3213
/root/tools/ghdl_final/bin/ghdl -a --std=93c vhdl-93/billowitch/non_compliant/analyzer_failure/tc2397.vhd
Test: 3214
/root/tools/ghdl_final/bin/ghdl -a --std=93c vhdl-93/billowitch/non_compliant/analyzer_failure/tc2398.vhd
Test: 3215
/root/tools/ghdl_final/bin/ghdl -a --std=93c vhdl-93/billowitch/non_compliant/analyzer_failure/tc2402.vhd
Test: 3216
/root/tools/ghdl_final/bin/ghdl -a --std=93c vhdl-93/billowitch/non_compliant/analyzer_failure/tc2405.vhd
delete library: work
/root/tools/ghdl_final/bin/ghdl --remove --std=93c --work=work
Test: 3217
/root/tools/ghdl_final/bin/ghdl -a --std=93c vhdl-93/billowitch/non_compliant/analyzer_failure/tc2406.vhd
Test: 3218
/root/tools/ghdl_final/bin/ghdl -a --std=93c vhdl-93/billowitch/non_compliant/analyzer_failure/tc2407.vhd
Test: 3219
/root/tools/ghdl_final/bin/ghdl -a --std=93c vhdl-93/billowitch/non_compliant/analyzer_failure/tc2409.vhd
Test: 3220
/root/tools/ghdl_final/bin/ghdl -a --std=93c vhdl-93/billowitch/non_compliant/analyzer_failure/tc2410.vhd
Test: 3221
/root/tools/ghdl_final/bin/ghdl -a --std=93c vhdl-93/billowitch/non_compliant/analyzer_failure/tc2411.vhd
Test: 3222
/root/tools/ghdl_final/bin/ghdl -a --std=93c vhdl-93/billowitch/non_compliant/analyzer_failure/tc2413.vhd
Test: 3223
/root/tools/ghdl_final/bin/ghdl -a --std=93c vhdl-93/billowitch/non_compliant/analyzer_failure/tc2414.vhd
Test: 3224
/root/tools/ghdl_final/bin/ghdl -a --std=93c vhdl-93/billowitch/non_compliant/analyzer_failure/tc2416.vhd
Test: 3225
/root/tools/ghdl_final/bin/ghdl -a --std=93c vhdl-93/billowitch/non_compliant/analyzer_failure/tc2418.vhd
Test: 3226
/root/tools/ghdl_final/bin/ghdl -a --std=93c vhdl-93/billowitch/non_compliant/analyzer_failure/tc2419.vhd
Test: 3227
/root/tools/ghdl_final/bin/ghdl -a --std=93c vhdl-93/billowitch/non_compliant/analyzer_failure/tc2420.vhd
Test: 3228
/root/tools/ghdl_final/bin/ghdl -a --std=93c vhdl-93/billowitch/non_compliant/analyzer_failure/tc2422.vhd
Test: 3229
/root/tools/ghdl_final/bin/ghdl -a --std=93c vhdl-93/billowitch/non_compliant/analyzer_failure/tc2423.vhd
Test: 3230
/root/tools/ghdl_final/bin/ghdl -a --std=93c vhdl-93/billowitch/non_compliant/analyzer_failure/tc2424.vhd
Test: 3231
/root/tools/ghdl_final/bin/ghdl -a --std=93c vhdl-93/billowitch/non_compliant/analyzer_failure/tc2426.vhd
Test: 3232
/root/tools/ghdl_final/bin/ghdl -a --std=93c vhdl-93/billowitch/non_compliant/analyzer_failure/tc2427.vhd
delete library: work
/root/tools/ghdl_final/bin/ghdl --remove --std=93c --work=work
Test: 3233
/root/tools/ghdl_final/bin/ghdl -a --std=93c vhdl-93/billowitch/non_compliant/analyzer_failure/tc2429.vhd
Test: 3234
/root/tools/ghdl_final/bin/ghdl -a --std=93c vhdl-93/billowitch/non_compliant/analyzer_failure/tc2431.vhd
Test: 3235
/root/tools/ghdl_final/bin/ghdl -a --std=93c vhdl-93/billowitch/non_compliant/analyzer_failure/tc2433.vhd
Test: 3236
/root/tools/ghdl_final/bin/ghdl -a --std=93c vhdl-93/billowitch/non_compliant/analyzer_failure/tc2434.vhd
Test: 3237
/root/tools/ghdl_final/bin/ghdl -a --std=93c vhdl-93/billowitch/non_compliant/analyzer_failure/tc2437.vhd
Test: 3238
/root/tools/ghdl_final/bin/ghdl -a --std=93c vhdl-93/billowitch/non_compliant/analyzer_failure/tc2438.vhd
Test: 3239
/root/tools/ghdl_final/bin/ghdl -a --std=93c vhdl-93/billowitch/non_compliant/analyzer_failure/tc2441.vhd
Test: 3240
/root/tools/ghdl_final/bin/ghdl -a --std=93c vhdl-93/billowitch/non_compliant/analyzer_failure/tc2442.vhd
Test: 3241
/root/tools/ghdl_final/bin/ghdl -a --std=93c vhdl-93/billowitch/non_compliant/analyzer_failure/tc2445.vhd
Test: 3242
/root/tools/ghdl_final/bin/ghdl -a --std=93c vhdl-93/billowitch/non_compliant/analyzer_failure/tc2447.vhd
Test: 3243
/root/tools/ghdl_final/bin/ghdl -a --std=93c vhdl-93/billowitch/non_compliant/analyzer_failure/tc2449.vhd
Test: 3244
/root/tools/ghdl_final/bin/ghdl -a --std=93c vhdl-93/billowitch/non_compliant/analyzer_failure/tc2450.vhd
Test: 3245
/root/tools/ghdl_final/bin/ghdl -a --std=93c vhdl-93/billowitch/non_compliant/analyzer_failure/tc2451.vhd
Test: 3246
/root/tools/ghdl_final/bin/ghdl -a --std=93c vhdl-93/billowitch/non_compliant/analyzer_failure/tc2468.vhd
Test: 3247
/root/tools/ghdl_final/bin/ghdl -a --std=93c vhdl-93/billowitch/non_compliant/analyzer_failure/tc2469.vhd
Test: 3248
/root/tools/ghdl_final/bin/ghdl -a --std=93c vhdl-93/billowitch/non_compliant/analyzer_failure/tc2470.vhd
delete library: work
/root/tools/ghdl_final/bin/ghdl --remove --std=93c --work=work
Test: 3249
/root/tools/ghdl_final/bin/ghdl -a --std=93c vhdl-93/billowitch/non_compliant/analyzer_failure/tc2473.vhd
Test: 3250
/root/tools/ghdl_final/bin/ghdl -a --std=93c vhdl-93/billowitch/non_compliant/analyzer_failure/tc2476.vhd
Test: 3251
/root/tools/ghdl_final/bin/ghdl -a --std=93c vhdl-93/billowitch/non_compliant/analyzer_failure/tc2482.vhd
Test: 3252
/root/tools/ghdl_final/bin/ghdl -a --std=93c vhdl-93/billowitch/non_compliant/analyzer_failure/tc2488.vhd
Test: 3253
/root/tools/ghdl_final/bin/ghdl -a --std=93c vhdl-93/billowitch/non_compliant/analyzer_failure/tc2489.vhd
Test: 3254
/root/tools/ghdl_final/bin/ghdl -a --std=93c vhdl-93/billowitch/non_compliant/analyzer_failure/tc2490.vhd
Test: 3255
/root/tools/ghdl_final/bin/ghdl -a --std=93c vhdl-93/billowitch/non_compliant/analyzer_failure/tc2491.vhd
Test: 3256
/root/tools/ghdl_final/bin/ghdl -a --std=93c vhdl-93/billowitch/non_compliant/analyzer_failure/tc2492.vhd
Test: 3257
/root/tools/ghdl_final/bin/ghdl -a --std=93c vhdl-93/billowitch/non_compliant/analyzer_failure/tc2493.vhd
Test: 3258
/root/tools/ghdl_final/bin/ghdl -a --std=93c vhdl-93/billowitch/non_compliant/analyzer_failure/tc2497.vhd
Test: 3259
/root/tools/ghdl_final/bin/ghdl -a --std=93c vhdl-93/billowitch/non_compliant/analyzer_failure/tc2498.vhd
Test: 3260
/root/tools/ghdl_final/bin/ghdl -a --std=93c vhdl-93/billowitch/non_compliant/analyzer_failure/tc2503.vhd
Test: 3261
/root/tools/ghdl_final/bin/ghdl -a --std=93c vhdl-93/billowitch/non_compliant/analyzer_failure/tc2504.vhd
Test: 3262
/root/tools/ghdl_final/bin/ghdl -a --std=93c vhdl-93/billowitch/non_compliant/analyzer_failure/tc2505.vhd
Test: 3263
/root/tools/ghdl_final/bin/ghdl -a --std=93c vhdl-93/billowitch/non_compliant/analyzer_failure/tc2507.vhd
Test: 3264
/root/tools/ghdl_final/bin/ghdl -a --std=93c vhdl-93/billowitch/non_compliant/analyzer_failure/tc2508.vhd
delete library: work
/root/tools/ghdl_final/bin/ghdl --remove --std=93c --work=work
Test: 3265
/root/tools/ghdl_final/bin/ghdl -a --std=93c vhdl-93/billowitch/non_compliant/analyzer_failure/tc2509.vhd
Test: 3266
/root/tools/ghdl_final/bin/ghdl -a --std=93c vhdl-93/billowitch/non_compliant/analyzer_failure/tc2510.vhd
Test: 3267
/root/tools/ghdl_final/bin/ghdl -a --std=93c vhdl-93/billowitch/non_compliant/analyzer_failure/tc2512.vhd
Test: 3268
/root/tools/ghdl_final/bin/ghdl -a --std=93c vhdl-93/billowitch/non_compliant/analyzer_failure/tc2514.vhd
Test: 3269
/root/tools/ghdl_final/bin/ghdl -a --std=93c vhdl-93/billowitch/non_compliant/analyzer_failure/tc2516.vhd
Test: 3270
/root/tools/ghdl_final/bin/ghdl -a --std=93c vhdl-93/billowitch/non_compliant/analyzer_failure/tc2517.vhd
Test: 3271
/root/tools/ghdl_final/bin/ghdl -a --std=93c vhdl-93/billowitch/non_compliant/analyzer_failure/tc2518.vhd
Test: 3272
/root/tools/ghdl_final/bin/ghdl -a --std=93c vhdl-93/billowitch/non_compliant/analyzer_failure/tc2521.vhd
Test: 3273
/root/tools/ghdl_final/bin/ghdl -a --std=93c vhdl-93/billowitch/non_compliant/analyzer_failure/tc2526.vhd
Test: 3274
/root/tools/ghdl_final/bin/ghdl -a --std=93c vhdl-93/billowitch/non_compliant/analyzer_failure/tc2537.vhd
Test: 3275
/root/tools/ghdl_final/bin/ghdl -a --std=93c vhdl-93/billowitch/non_compliant/analyzer_failure/tc2538.vhd
Test: 3276
/root/tools/ghdl_final/bin/ghdl -a --std=93c vhdl-93/billowitch/non_compliant/analyzer_failure/tc2539.vhd
Test: 3277
/root/tools/ghdl_final/bin/ghdl -a --std=93c vhdl-93/billowitch/non_compliant/analyzer_failure/tc2540.vhd
Test: 3278
/root/tools/ghdl_final/bin/ghdl -a --std=93c vhdl-93/billowitch/non_compliant/analyzer_failure/tc2541.vhd
Test: 3279
/root/tools/ghdl_final/bin/ghdl -a --std=93c vhdl-93/billowitch/non_compliant/analyzer_failure/tc2542.vhd
Test: 3280
/root/tools/ghdl_final/bin/ghdl -a --std=93c vhdl-93/billowitch/non_compliant/analyzer_failure/tc2543.vhd
delete library: work
/root/tools/ghdl_final/bin/ghdl --remove --std=93c --work=work
Test: 3281
/root/tools/ghdl_final/bin/ghdl -a --std=93c vhdl-93/billowitch/non_compliant/analyzer_failure/tc2544.vhd
Test: 3282
/root/tools/ghdl_final/bin/ghdl -a --std=93c vhdl-93/billowitch/non_compliant/analyzer_failure/tc2545.vhd
Test: 3283
/root/tools/ghdl_final/bin/ghdl -a --std=93c vhdl-93/billowitch/non_compliant/analyzer_failure/tc2549.vhd
Test: 3284
/root/tools/ghdl_final/bin/ghdl -a --std=93c vhdl-93/billowitch/non_compliant/analyzer_failure/tc2552.vhd
Test: 3285
/root/tools/ghdl_final/bin/ghdl -a --std=93c vhdl-93/billowitch/non_compliant/analyzer_failure/tc2553.vhd
Test: 3286
/root/tools/ghdl_final/bin/ghdl -a --std=93c vhdl-93/billowitch/non_compliant/analyzer_failure/tc2554.vhd
Test: 3287
/root/tools/ghdl_final/bin/ghdl -a --std=93c vhdl-93/billowitch/non_compliant/analyzer_failure/tc2555.vhd
Test: 3288
/root/tools/ghdl_final/bin/ghdl -a --std=93c vhdl-93/billowitch/non_compliant/analyzer_failure/tc2556.vhd
Test: 3289
/root/tools/ghdl_final/bin/ghdl -a --std=93c vhdl-93/billowitch/non_compliant/analyzer_failure/tc2557.vhd
Test: 3290
/root/tools/ghdl_final/bin/ghdl -a --std=93c vhdl-93/billowitch/non_compliant/analyzer_failure/tc2560.vhd
Test: 3291
/root/tools/ghdl_final/bin/ghdl -a --std=93c vhdl-93/billowitch/non_compliant/analyzer_failure/tc2561.vhd
Test: 3292
/root/tools/ghdl_final/bin/ghdl -a --std=93c vhdl-93/billowitch/non_compliant/analyzer_failure/tc2571.vhd
Test: 3293
/root/tools/ghdl_final/bin/ghdl -a --std=93c vhdl-93/billowitch/non_compliant/analyzer_failure/tc2574.vhd
Test: 3294
/root/tools/ghdl_final/bin/ghdl -a --std=93c vhdl-93/billowitch/non_compliant/analyzer_failure/tc2576.vhd
Test: 3295
/root/tools/ghdl_final/bin/ghdl -a --std=93c vhdl-93/billowitch/non_compliant/analyzer_failure/tc2577.vhd
Test: 3296
/root/tools/ghdl_final/bin/ghdl -a --std=93c vhdl-93/billowitch/non_compliant/analyzer_failure/tc2579.vhd
delete library: work
/root/tools/ghdl_final/bin/ghdl --remove --std=93c --work=work
Test: 3297
/root/tools/ghdl_final/bin/ghdl -a --std=93c vhdl-93/billowitch/non_compliant/analyzer_failure/tc2580.vhd
Test: 3298
/root/tools/ghdl_final/bin/ghdl -a --std=93c vhdl-93/billowitch/non_compliant/analyzer_failure/tc2581.vhd
Test: 3299
/root/tools/ghdl_final/bin/ghdl -a --std=93c vhdl-93/billowitch/non_compliant/analyzer_failure/tc2582.vhd
Test: 3300
/root/tools/ghdl_final/bin/ghdl -a --std=93c vhdl-93/billowitch/non_compliant/analyzer_failure/tc2583.vhd
Test: 3301
/root/tools/ghdl_final/bin/ghdl -a --std=93c vhdl-93/billowitch/non_compliant/analyzer_failure/tc2584.vhd
Test: 3302
/root/tools/ghdl_final/bin/ghdl -a --std=93c vhdl-93/billowitch/non_compliant/analyzer_failure/tc2585.vhd
Test: 3303
/root/tools/ghdl_final/bin/ghdl -a --std=93c vhdl-93/billowitch/non_compliant/analyzer_failure/tc2586.vhd
Test: 3304
/root/tools/ghdl_final/bin/ghdl -a --std=93c vhdl-93/billowitch/non_compliant/analyzer_failure/tc2587.vhd
Test: 3305
/root/tools/ghdl_final/bin/ghdl -a --std=93c vhdl-93/billowitch/non_compliant/analyzer_failure/tc2588.vhd
Test: 3306
/root/tools/ghdl_final/bin/ghdl -a --std=93c vhdl-93/billowitch/non_compliant/analyzer_failure/tc2589.vhd
Test: 3307
/root/tools/ghdl_final/bin/ghdl -a --std=93c vhdl-93/billowitch/non_compliant/analyzer_failure/tc2590.vhd
Test: 3308
/root/tools/ghdl_final/bin/ghdl -a --std=93c vhdl-93/billowitch/non_compliant/analyzer_failure/tc2591.vhd
Test: 3309
/root/tools/ghdl_final/bin/ghdl -a --std=93c vhdl-93/billowitch/non_compliant/analyzer_failure/tc2592.vhd
Test: 3310
/root/tools/ghdl_final/bin/ghdl -a --std=93c vhdl-93/billowitch/non_compliant/analyzer_failure/tc2593.vhd
Test: 3311
/root/tools/ghdl_final/bin/ghdl -a --std=93c vhdl-93/billowitch/non_compliant/analyzer_failure/tc2594.vhd
Test: 3312
/root/tools/ghdl_final/bin/ghdl -a --std=93c vhdl-93/billowitch/non_compliant/analyzer_failure/tc2595.vhd
delete library: work
/root/tools/ghdl_final/bin/ghdl --remove --std=93c --work=work
Test: 3313
/root/tools/ghdl_final/bin/ghdl -a --std=93c vhdl-93/billowitch/non_compliant/analyzer_failure/tc2596.vhd
Test: 3314
/root/tools/ghdl_final/bin/ghdl -a --std=93c vhdl-93/billowitch/non_compliant/analyzer_failure/tc2597.vhd
Test: 3315
/root/tools/ghdl_final/bin/ghdl -a --std=93c vhdl-93/billowitch/non_compliant/analyzer_failure/tc2598.vhd
Test: 3316
/root/tools/ghdl_final/bin/ghdl -a --std=93c vhdl-93/billowitch/non_compliant/analyzer_failure/tc2599.vhd
Test: 3317
/root/tools/ghdl_final/bin/ghdl -a --std=93c vhdl-93/billowitch/non_compliant/analyzer_failure/tc2600.vhd
Test: 3318
/root/tools/ghdl_final/bin/ghdl -a --std=93c vhdl-93/billowitch/non_compliant/analyzer_failure/tc2601.vhd
Test: 3319
/root/tools/ghdl_final/bin/ghdl -a --std=93c vhdl-93/billowitch/non_compliant/analyzer_failure/tc2602.vhd
Test: 3320
/root/tools/ghdl_final/bin/ghdl -a --std=93c vhdl-93/billowitch/non_compliant/analyzer_failure/tc2603.vhd
Test: 3321
/root/tools/ghdl_final/bin/ghdl -a --std=93c vhdl-93/billowitch/non_compliant/analyzer_failure/tc2604.vhd
Test: 3322
/root/tools/ghdl_final/bin/ghdl -a --std=93c vhdl-93/billowitch/non_compliant/analyzer_failure/tc2605.vhd
Test: 3323
/root/tools/ghdl_final/bin/ghdl -a --std=93c vhdl-93/billowitch/non_compliant/analyzer_failure/tc2606.vhd
Test: 3324
/root/tools/ghdl_final/bin/ghdl -a --std=93c vhdl-93/billowitch/non_compliant/analyzer_failure/tc2607.vhd
Test: 3325
/root/tools/ghdl_final/bin/ghdl -a --std=93c vhdl-93/billowitch/non_compliant/analyzer_failure/tc2608.vhd
Test: 3326
/root/tools/ghdl_final/bin/ghdl -a --std=93c vhdl-93/billowitch/non_compliant/analyzer_failure/tc2609.vhd
Test: 3327
/root/tools/ghdl_final/bin/ghdl -a --std=93c vhdl-93/billowitch/non_compliant/analyzer_failure/tc2610.vhd
Test: 3328
/root/tools/ghdl_final/bin/ghdl -a --std=93c vhdl-93/billowitch/non_compliant/analyzer_failure/tc2611.vhd
delete library: work
/root/tools/ghdl_final/bin/ghdl --remove --std=93c --work=work
Test: 3329
/root/tools/ghdl_final/bin/ghdl -a --std=93c vhdl-93/billowitch/non_compliant/analyzer_failure/tc2612.vhd
Test: 3330
/root/tools/ghdl_final/bin/ghdl -a --std=93c vhdl-93/billowitch/non_compliant/analyzer_failure/tc2613.vhd
Test: 3331
/root/tools/ghdl_final/bin/ghdl -a --std=93c vhdl-93/billowitch/non_compliant/analyzer_failure/tc2614.vhd
Test: 3332
/root/tools/ghdl_final/bin/ghdl -a --std=93c vhdl-93/billowitch/non_compliant/analyzer_failure/tc2615.vhd
Test: 3333
/root/tools/ghdl_final/bin/ghdl -a --std=93c vhdl-93/billowitch/non_compliant/analyzer_failure/tc2616.vhd
Test: 3334
/root/tools/ghdl_final/bin/ghdl -a --std=93c vhdl-93/billowitch/non_compliant/analyzer_failure/tc2617.vhd
Test: 3335
/root/tools/ghdl_final/bin/ghdl -a --std=93c vhdl-93/billowitch/non_compliant/analyzer_failure/tc2618.vhd
Test: 3336
/root/tools/ghdl_final/bin/ghdl -a --std=93c vhdl-93/billowitch/non_compliant/analyzer_failure/tc2619.vhd
Test: 3337
/root/tools/ghdl_final/bin/ghdl -a --std=93c vhdl-93/billowitch/non_compliant/analyzer_failure/tc2620.vhd
Test: 3338
/root/tools/ghdl_final/bin/ghdl -a --std=93c vhdl-93/billowitch/non_compliant/analyzer_failure/tc2621.vhd
Test: 3339
/root/tools/ghdl_final/bin/ghdl -a --std=93c vhdl-93/billowitch/non_compliant/analyzer_failure/tc2622.vhd
Test: 3340
/root/tools/ghdl_final/bin/ghdl -a --std=93c vhdl-93/billowitch/non_compliant/analyzer_failure/tc2623.vhd
Test: 3341
/root/tools/ghdl_final/bin/ghdl -a --std=93c vhdl-93/billowitch/non_compliant/analyzer_failure/tc2624.vhd
Test: 3342
/root/tools/ghdl_final/bin/ghdl -a --std=93c vhdl-93/billowitch/non_compliant/analyzer_failure/tc2625.vhd
Test: 3343
/root/tools/ghdl_final/bin/ghdl -a --std=93c vhdl-93/billowitch/non_compliant/analyzer_failure/tc2626.vhd
Test: 3344
/root/tools/ghdl_final/bin/ghdl -a --std=93c vhdl-93/billowitch/non_compliant/analyzer_failure/tc2627.vhd
delete library: work
/root/tools/ghdl_final/bin/ghdl --remove --std=93c --work=work
Test: 3345
/root/tools/ghdl_final/bin/ghdl -a --std=93c vhdl-93/billowitch/non_compliant/analyzer_failure/tc2628.vhd
Test: 3346
/root/tools/ghdl_final/bin/ghdl -a --std=93c vhdl-93/billowitch/non_compliant/analyzer_failure/tc2629.vhd
Test: 3347
/root/tools/ghdl_final/bin/ghdl -a --std=93c vhdl-93/billowitch/non_compliant/analyzer_failure/tc2630.vhd
Test: 3348
/root/tools/ghdl_final/bin/ghdl -a --std=93c vhdl-93/billowitch/non_compliant/analyzer_failure/tc2631.vhd
Test: 3349
/root/tools/ghdl_final/bin/ghdl -a --std=93c vhdl-93/billowitch/non_compliant/analyzer_failure/tc2632.vhd
Test: 3350
/root/tools/ghdl_final/bin/ghdl -a --std=93c vhdl-93/billowitch/non_compliant/analyzer_failure/tc2633.vhd
Test: 3351
/root/tools/ghdl_final/bin/ghdl -a --std=93c vhdl-93/billowitch/non_compliant/analyzer_failure/tc2634.vhd
Test: 3352
/root/tools/ghdl_final/bin/ghdl -a --std=93c vhdl-93/billowitch/non_compliant/analyzer_failure/tc2635.vhd
Test: 3353
/root/tools/ghdl_final/bin/ghdl -a --std=93c vhdl-93/billowitch/non_compliant/analyzer_failure/tc2636.vhd
Test: 3354
/root/tools/ghdl_final/bin/ghdl -a --std=93c vhdl-93/billowitch/non_compliant/analyzer_failure/tc2637.vhd
Test: 3355
/root/tools/ghdl_final/bin/ghdl -a --std=93c vhdl-93/billowitch/non_compliant/analyzer_failure/tc2638.vhd
Test: 3356
/root/tools/ghdl_final/bin/ghdl -a --std=93c vhdl-93/billowitch/non_compliant/analyzer_failure/tc2639.vhd
Test: 3357
/root/tools/ghdl_final/bin/ghdl -a --std=93c vhdl-93/billowitch/non_compliant/analyzer_failure/tc2640.vhd
Test: 3358
/root/tools/ghdl_final/bin/ghdl -a --std=93c vhdl-93/billowitch/non_compliant/analyzer_failure/tc2641.vhd
Test: 3359
/root/tools/ghdl_final/bin/ghdl -a --std=93c vhdl-93/billowitch/non_compliant/analyzer_failure/tc2644.vhd
Test: 3360
/root/tools/ghdl_final/bin/ghdl -a --std=93c vhdl-93/billowitch/non_compliant/analyzer_failure/tc2645.vhd
delete library: work
/root/tools/ghdl_final/bin/ghdl --remove --std=93c --work=work
Test: 3361
/root/tools/ghdl_final/bin/ghdl -a --std=93c vhdl-93/billowitch/non_compliant/analyzer_failure/tc2646.vhd
Test: 3362
/root/tools/ghdl_final/bin/ghdl -a --std=93c vhdl-93/billowitch/non_compliant/analyzer_failure/tc2647.vhd
Test: 3363
/root/tools/ghdl_final/bin/ghdl -a --std=93c vhdl-93/billowitch/non_compliant/analyzer_failure/tc2648.vhd
Test: 3364
/root/tools/ghdl_final/bin/ghdl -a --std=93c vhdl-93/billowitch/non_compliant/analyzer_failure/tc2649.vhd
Test: 3365
/root/tools/ghdl_final/bin/ghdl -a --std=93c vhdl-93/billowitch/non_compliant/analyzer_failure/tc2650.vhd
Test: 3366
/root/tools/ghdl_final/bin/ghdl -a --std=93c vhdl-93/billowitch/non_compliant/analyzer_failure/tc2651.vhd
Test: 3367
/root/tools/ghdl_final/bin/ghdl -a --std=93c vhdl-93/billowitch/non_compliant/analyzer_failure/tc2652.vhd
Test: 3368
/root/tools/ghdl_final/bin/ghdl -a --std=93c vhdl-93/billowitch/non_compliant/analyzer_failure/tc2653.vhd
Test: 3369
/root/tools/ghdl_final/bin/ghdl -a --std=93c vhdl-93/billowitch/non_compliant/analyzer_failure/tc2654.vhd
Test: 3370
/root/tools/ghdl_final/bin/ghdl -a --std=93c vhdl-93/billowitch/non_compliant/analyzer_failure/tc2655.vhd
Test: 3371
/root/tools/ghdl_final/bin/ghdl -a --std=93c vhdl-93/billowitch/non_compliant/analyzer_failure/tc2656.vhd
Test: 3372
/root/tools/ghdl_final/bin/ghdl -a --std=93c vhdl-93/billowitch/non_compliant/analyzer_failure/tc2657.vhd
Test: 3373
/root/tools/ghdl_final/bin/ghdl -a --std=93c vhdl-93/billowitch/non_compliant/analyzer_failure/tc2658.vhd
Test: 3374
/root/tools/ghdl_final/bin/ghdl -a --std=93c vhdl-93/billowitch/non_compliant/analyzer_failure/tc2659.vhd
Test: 3375
/root/tools/ghdl_final/bin/ghdl -a --std=93c vhdl-93/billowitch/non_compliant/analyzer_failure/tc2660.vhd
Test: 3376
/root/tools/ghdl_final/bin/ghdl -a --std=93c vhdl-93/billowitch/non_compliant/analyzer_failure/tc2661.vhd
delete library: work
/root/tools/ghdl_final/bin/ghdl --remove --std=93c --work=work
Test: 3377
/root/tools/ghdl_final/bin/ghdl -a --std=93c vhdl-93/billowitch/non_compliant/analyzer_failure/tc2662.vhd
Test: 3378
/root/tools/ghdl_final/bin/ghdl -a --std=93c vhdl-93/billowitch/non_compliant/analyzer_failure/tc2663.vhd
Test: 3379
/root/tools/ghdl_final/bin/ghdl -a --std=93c vhdl-93/billowitch/non_compliant/analyzer_failure/tc2664.vhd
Test: 3380
/root/tools/ghdl_final/bin/ghdl -a --std=93c vhdl-93/billowitch/non_compliant/analyzer_failure/tc2665.vhd
Test: 3381
/root/tools/ghdl_final/bin/ghdl -a --std=93c vhdl-93/billowitch/non_compliant/analyzer_failure/tc2666.vhd
Test: 3382
/root/tools/ghdl_final/bin/ghdl -a --std=93c vhdl-93/billowitch/non_compliant/analyzer_failure/tc2667.vhd
Test: 3383
/root/tools/ghdl_final/bin/ghdl -a --std=93c vhdl-93/billowitch/non_compliant/analyzer_failure/tc2668.vhd
Test: 3384
/root/tools/ghdl_final/bin/ghdl -a --std=93c vhdl-93/billowitch/non_compliant/analyzer_failure/tc2669.vhd
Test: 3385
/root/tools/ghdl_final/bin/ghdl -a --std=93c vhdl-93/billowitch/non_compliant/analyzer_failure/tc2670.vhd
Test: 3386
/root/tools/ghdl_final/bin/ghdl -a --std=93c vhdl-93/billowitch/non_compliant/analyzer_failure/tc2671.vhd
Test: 3387
/root/tools/ghdl_final/bin/ghdl -a --std=93c vhdl-93/billowitch/non_compliant/analyzer_failure/tc2672.vhd
Test: 3388
/root/tools/ghdl_final/bin/ghdl -a --std=93c vhdl-93/billowitch/non_compliant/analyzer_failure/tc2673.vhd
Test: 3389
/root/tools/ghdl_final/bin/ghdl -a --std=93c vhdl-93/billowitch/non_compliant/analyzer_failure/tc2674.vhd
Test: 3390
/root/tools/ghdl_final/bin/ghdl -a --std=93c vhdl-93/billowitch/non_compliant/analyzer_failure/tc2678.vhd
Test: 3391
/root/tools/ghdl_final/bin/ghdl -a --std=93c vhdl-93/billowitch/non_compliant/analyzer_failure/tc2680.vhd
Test: 3392
/root/tools/ghdl_final/bin/ghdl -a --std=93c vhdl-93/billowitch/non_compliant/analyzer_failure/tc2681.vhd
delete library: work
/root/tools/ghdl_final/bin/ghdl --remove --std=93c --work=work
Test: 3393
/root/tools/ghdl_final/bin/ghdl -a --std=93c vhdl-93/billowitch/non_compliant/analyzer_failure/tc2682.vhd
Test: 3394
/root/tools/ghdl_final/bin/ghdl -a --std=93c vhdl-93/billowitch/non_compliant/analyzer_failure/tc2683.vhd
Test: 3395
/root/tools/ghdl_final/bin/ghdl -a --std=93c vhdl-93/billowitch/non_compliant/analyzer_failure/tc2684.vhd
Test: 3396
/root/tools/ghdl_final/bin/ghdl -a --std=93c vhdl-93/billowitch/non_compliant/analyzer_failure/tc2685.vhd
Test: 3397
/root/tools/ghdl_final/bin/ghdl -a --std=93c vhdl-93/billowitch/non_compliant/analyzer_failure/tc2686.vhd
Test: 3398
/root/tools/ghdl_final/bin/ghdl -a --std=93c vhdl-93/billowitch/non_compliant/analyzer_failure/tc2687.vhd
Test: 3399
/root/tools/ghdl_final/bin/ghdl -a --std=93c vhdl-93/billowitch/non_compliant/analyzer_failure/tc2688.vhd
Test: 3400
/root/tools/ghdl_final/bin/ghdl -a --std=93c vhdl-93/billowitch/non_compliant/analyzer_failure/tc2689.vhd
Test: 3401
/root/tools/ghdl_final/bin/ghdl -a --std=93c vhdl-93/billowitch/non_compliant/analyzer_failure/tc2691.vhd
Test: 3402
/root/tools/ghdl_final/bin/ghdl -a --std=93c vhdl-93/billowitch/non_compliant/analyzer_failure/tc2692.vhd
Test: 3403
/root/tools/ghdl_final/bin/ghdl -a --std=93c vhdl-93/billowitch/non_compliant/analyzer_failure/tc2693.vhd
Test: 3404
/root/tools/ghdl_final/bin/ghdl -a --std=93c vhdl-93/billowitch/non_compliant/analyzer_failure/tc2694.vhd
Test: 3405
/root/tools/ghdl_final/bin/ghdl -a --std=93c vhdl-93/billowitch/non_compliant/analyzer_failure/tc2695.vhd
Test: 3406
/root/tools/ghdl_final/bin/ghdl -a --std=93c vhdl-93/billowitch/non_compliant/analyzer_failure/tc2696.vhd
Test: 3407
/root/tools/ghdl_final/bin/ghdl -a --std=93c vhdl-93/billowitch/non_compliant/analyzer_failure/tc2706.vhd
Test: 3408
/root/tools/ghdl_final/bin/ghdl -a --std=93c vhdl-93/billowitch/non_compliant/analyzer_failure/tc2714.vhd
delete library: work
/root/tools/ghdl_final/bin/ghdl --remove --std=93c --work=work
Test: 3409
/root/tools/ghdl_final/bin/ghdl -a --std=93c vhdl-93/billowitch/non_compliant/analyzer_failure/tc2715.vhd
Test: 3410
/root/tools/ghdl_final/bin/ghdl -a --std=93c vhdl-93/billowitch/non_compliant/analyzer_failure/tc2716.vhd
Test: 3411
/root/tools/ghdl_final/bin/ghdl -a --std=93c vhdl-93/billowitch/non_compliant/analyzer_failure/tc2717.vhd
Test: 3412
/root/tools/ghdl_final/bin/ghdl -a --std=93c vhdl-93/billowitch/non_compliant/analyzer_failure/tc2720.vhd
Test: 3413
/root/tools/ghdl_final/bin/ghdl -a --std=93c vhdl-93/billowitch/non_compliant/analyzer_failure/tc2721.vhd
Test: 3414
/root/tools/ghdl_final/bin/ghdl -a --std=93c vhdl-93/billowitch/non_compliant/analyzer_failure/tc2723.vhd
Test: 3415
/root/tools/ghdl_final/bin/ghdl -a --std=93c vhdl-93/billowitch/non_compliant/analyzer_failure/tc2727.vhd
Test: 3416
/root/tools/ghdl_final/bin/ghdl -a --std=93c vhdl-93/billowitch/non_compliant/analyzer_failure/tc2728.vhd
Test: 3417
/root/tools/ghdl_final/bin/ghdl -a --std=93c vhdl-93/billowitch/non_compliant/analyzer_failure/tc2729.vhd
Test: 3418
/root/tools/ghdl_final/bin/ghdl -a --std=93c vhdl-93/billowitch/non_compliant/analyzer_failure/tc2730.vhd
Test: 3419
/root/tools/ghdl_final/bin/ghdl -a --std=93c vhdl-93/billowitch/non_compliant/analyzer_failure/tc2731.vhd
Test: 3420
/root/tools/ghdl_final/bin/ghdl -a --std=93c vhdl-93/billowitch/non_compliant/analyzer_failure/tc2732.vhd
Test: 3421
/root/tools/ghdl_final/bin/ghdl -a --std=93c vhdl-93/billowitch/non_compliant/analyzer_failure/tc2741.vhd
Test: 3422
/root/tools/ghdl_final/bin/ghdl -a --std=93c vhdl-93/billowitch/non_compliant/analyzer_failure/tc2746.vhd
Test: 3423
/root/tools/ghdl_final/bin/ghdl -a --std=93c vhdl-93/billowitch/non_compliant/analyzer_failure/tc2748.vhd
Test: 3424
/root/tools/ghdl_final/bin/ghdl -a --std=93c vhdl-93/billowitch/non_compliant/analyzer_failure/tc2749.vhd
delete library: work
/root/tools/ghdl_final/bin/ghdl --remove --std=93c --work=work
Test: 3425
/root/tools/ghdl_final/bin/ghdl -a --std=93c vhdl-93/billowitch/non_compliant/analyzer_failure/tc2750.vhd
Test: 3426
/root/tools/ghdl_final/bin/ghdl -a --std=93c vhdl-93/billowitch/non_compliant/analyzer_failure/tc2751.vhd
Test: 3427
/root/tools/ghdl_final/bin/ghdl -a --std=93c vhdl-93/billowitch/non_compliant/analyzer_failure/tc2752.vhd
Test: 3428
/root/tools/ghdl_final/bin/ghdl -a --std=93c vhdl-93/billowitch/non_compliant/analyzer_failure/tc2753.vhd
Test: 3429
/root/tools/ghdl_final/bin/ghdl -a --std=93c vhdl-93/billowitch/non_compliant/analyzer_failure/tc2754.vhd
Test: 3430
/root/tools/ghdl_final/bin/ghdl -a --std=93c vhdl-93/billowitch/non_compliant/analyzer_failure/tc2755.vhd
Test: 3431
/root/tools/ghdl_final/bin/ghdl -a --std=93c vhdl-93/billowitch/non_compliant/analyzer_failure/tc2756.vhd
Test: 3432
/root/tools/ghdl_final/bin/ghdl -a --std=93c vhdl-93/billowitch/non_compliant/analyzer_failure/tc2757.vhd
Test: 3433
/root/tools/ghdl_final/bin/ghdl -a --std=93c vhdl-93/billowitch/non_compliant/analyzer_failure/tc2762.vhd
Test: 3434
/root/tools/ghdl_final/bin/ghdl -a --std=93c vhdl-93/billowitch/non_compliant/analyzer_failure/tc2763.vhd
Test: 3435
/root/tools/ghdl_final/bin/ghdl -a --std=93c vhdl-93/billowitch/non_compliant/analyzer_failure/tc2764.vhd
Test: 3436
/root/tools/ghdl_final/bin/ghdl -a --std=93c vhdl-93/billowitch/non_compliant/analyzer_failure/tc2766.vhd
Test: 3437
/root/tools/ghdl_final/bin/ghdl -a --std=93c vhdl-93/billowitch/non_compliant/analyzer_failure/tc2770.vhd
Test: 3438
/root/tools/ghdl_final/bin/ghdl -a --std=93c vhdl-93/billowitch/non_compliant/analyzer_failure/tc2772.vhd
Test: 3439
/root/tools/ghdl_final/bin/ghdl -a --std=93c vhdl-93/billowitch/non_compliant/analyzer_failure/tc2773.vhd
Test: 3440
/root/tools/ghdl_final/bin/ghdl -a --std=93c vhdl-93/billowitch/non_compliant/analyzer_failure/tc2774.vhd
delete library: work
/root/tools/ghdl_final/bin/ghdl --remove --std=93c --work=work
Test: 3441
/root/tools/ghdl_final/bin/ghdl -a --std=93c vhdl-93/billowitch/non_compliant/analyzer_failure/tc2775.vhd
Test: 3442
/root/tools/ghdl_final/bin/ghdl -a --std=93c vhdl-93/billowitch/non_compliant/analyzer_failure/tc2776.vhd
Test: 3443
/root/tools/ghdl_final/bin/ghdl -a --std=93c vhdl-93/billowitch/non_compliant/analyzer_failure/tc2777.vhd
Test: 3444
/root/tools/ghdl_final/bin/ghdl -a --std=93c vhdl-93/billowitch/non_compliant/analyzer_failure/tc2778.vhd
Test: 3445
/root/tools/ghdl_final/bin/ghdl -a --std=93c vhdl-93/billowitch/non_compliant/analyzer_failure/tc2779.vhd
Test: 3446
/root/tools/ghdl_final/bin/ghdl -a --std=93c vhdl-93/billowitch/non_compliant/analyzer_failure/tc2780.vhd
Test: 3447
/root/tools/ghdl_final/bin/ghdl -a --std=93c vhdl-93/billowitch/non_compliant/analyzer_failure/tc2781.vhd
Test: 3448
/root/tools/ghdl_final/bin/ghdl -a --std=93c vhdl-93/billowitch/non_compliant/analyzer_failure/tc2782.vhd
Test: 3449
/root/tools/ghdl_final/bin/ghdl -a --std=93c vhdl-93/billowitch/non_compliant/analyzer_failure/tc2783.vhd
Test: 3450
/root/tools/ghdl_final/bin/ghdl -a --std=93c vhdl-93/billowitch/non_compliant/analyzer_failure/tc2784.vhd
Test: 3451
/root/tools/ghdl_final/bin/ghdl -a --std=93c vhdl-93/billowitch/non_compliant/analyzer_failure/tc2785.vhd
Test: 3452
/root/tools/ghdl_final/bin/ghdl -a --std=93c vhdl-93/billowitch/non_compliant/analyzer_failure/tc2786.vhd
Test: 3453
/root/tools/ghdl_final/bin/ghdl -a --std=93c vhdl-93/billowitch/non_compliant/analyzer_failure/tc2787.vhd
Test: 3454
/root/tools/ghdl_final/bin/ghdl -a --std=93c vhdl-93/billowitch/non_compliant/analyzer_failure/tc2788.vhd
Test: 3455
/root/tools/ghdl_final/bin/ghdl -a --std=93c vhdl-93/billowitch/non_compliant/analyzer_failure/tc2789.vhd
Test: 3456
/root/tools/ghdl_final/bin/ghdl -a --std=93c vhdl-93/billowitch/non_compliant/analyzer_failure/tc2790.vhd
delete library: work
/root/tools/ghdl_final/bin/ghdl --remove --std=93c --work=work
Test: 3457
/root/tools/ghdl_final/bin/ghdl -a --std=93c vhdl-93/billowitch/non_compliant/analyzer_failure/tc2791.vhd
Test: 3458
/root/tools/ghdl_final/bin/ghdl -a --std=93c vhdl-93/billowitch/non_compliant/analyzer_failure/tc2792.vhd
Test: 3459
/root/tools/ghdl_final/bin/ghdl -a --std=93c vhdl-93/billowitch/non_compliant/analyzer_failure/tc2793.vhd
Test: 3460
/root/tools/ghdl_final/bin/ghdl -a --std=93c vhdl-93/billowitch/non_compliant/analyzer_failure/tc2794.vhd
Test: 3461
/root/tools/ghdl_final/bin/ghdl -a --std=93c vhdl-93/billowitch/non_compliant/analyzer_failure/tc2795.vhd
Test: 3462
/root/tools/ghdl_final/bin/ghdl -a --std=93c vhdl-93/billowitch/non_compliant/analyzer_failure/tc2796.vhd
Test: 3463
/root/tools/ghdl_final/bin/ghdl -a --std=93c vhdl-93/billowitch/non_compliant/analyzer_failure/tc2797.vhd
Test: 3464
/root/tools/ghdl_final/bin/ghdl -a --std=93c vhdl-93/billowitch/non_compliant/analyzer_failure/tc2798.vhd
Test: 3465
/root/tools/ghdl_final/bin/ghdl -a --std=93c vhdl-93/billowitch/non_compliant/analyzer_failure/tc2799.vhd
Test: 3466
/root/tools/ghdl_final/bin/ghdl -a --std=93c vhdl-93/billowitch/non_compliant/analyzer_failure/tc2800.vhd
Test: 3467
/root/tools/ghdl_final/bin/ghdl -a --std=93c vhdl-93/billowitch/non_compliant/analyzer_failure/tc2801.vhd
Test: 3468
/root/tools/ghdl_final/bin/ghdl -a --std=93c vhdl-93/billowitch/non_compliant/analyzer_failure/tc2802.vhd
Test: 3469
/root/tools/ghdl_final/bin/ghdl -a --std=93c vhdl-93/billowitch/non_compliant/analyzer_failure/tc2803.vhd
Test: 3470
/root/tools/ghdl_final/bin/ghdl -a --std=93c vhdl-93/billowitch/non_compliant/analyzer_failure/tc2804.vhd
Test: 3471
/root/tools/ghdl_final/bin/ghdl -a --std=93c vhdl-93/billowitch/non_compliant/analyzer_failure/tc2805.vhd
Test: 3472
/root/tools/ghdl_final/bin/ghdl -a --std=93c vhdl-93/billowitch/non_compliant/analyzer_failure/tc2806.vhd
delete library: work
/root/tools/ghdl_final/bin/ghdl --remove --std=93c --work=work
Test: 3473
/root/tools/ghdl_final/bin/ghdl -a --std=93c vhdl-93/billowitch/non_compliant/analyzer_failure/tc2807.vhd
Test: 3474
/root/tools/ghdl_final/bin/ghdl -a --std=93c vhdl-93/billowitch/non_compliant/analyzer_failure/tc2808.vhd
Test: 3475
/root/tools/ghdl_final/bin/ghdl -a --std=93c vhdl-93/billowitch/non_compliant/analyzer_failure/tc2809.vhd
Test: 3476
/root/tools/ghdl_final/bin/ghdl -a --std=93c vhdl-93/billowitch/non_compliant/analyzer_failure/tc2810.vhd
Test: 3477
/root/tools/ghdl_final/bin/ghdl -a --std=93c vhdl-93/billowitch/non_compliant/analyzer_failure/tc2811.vhd
Test: 3478
/root/tools/ghdl_final/bin/ghdl -a --std=93c vhdl-93/billowitch/non_compliant/analyzer_failure/tc2812.vhd
Test: 3479
/root/tools/ghdl_final/bin/ghdl -a --std=93c vhdl-93/billowitch/non_compliant/analyzer_failure/tc2813.vhd
Test: 3480
/root/tools/ghdl_final/bin/ghdl -a --std=93c vhdl-93/billowitch/non_compliant/analyzer_failure/tc2814.vhd
Test: 3481
/root/tools/ghdl_final/bin/ghdl -a --std=93c vhdl-93/billowitch/non_compliant/analyzer_failure/tc2815.vhd
Test: 3482
/root/tools/ghdl_final/bin/ghdl -a --std=93c vhdl-93/billowitch/non_compliant/analyzer_failure/tc2816.vhd
Test: 3483
/root/tools/ghdl_final/bin/ghdl -a --std=93c vhdl-93/billowitch/non_compliant/analyzer_failure/tc2817.vhd
Test: 3484
/root/tools/ghdl_final/bin/ghdl -a --std=93c vhdl-93/billowitch/non_compliant/analyzer_failure/tc2818.vhd
Test: 3485
/root/tools/ghdl_final/bin/ghdl -a --std=93c vhdl-93/billowitch/non_compliant/analyzer_failure/tc2819.vhd
Test: 3486
/root/tools/ghdl_final/bin/ghdl -a --std=93c vhdl-93/billowitch/non_compliant/analyzer_failure/tc2820.vhd
Test: 3487
/root/tools/ghdl_final/bin/ghdl -a --std=93c vhdl-93/billowitch/non_compliant/analyzer_failure/tc2821.vhd
Test: 3488
/root/tools/ghdl_final/bin/ghdl -a --std=93c vhdl-93/billowitch/non_compliant/analyzer_failure/tc2822.vhd
delete library: work
/root/tools/ghdl_final/bin/ghdl --remove --std=93c --work=work
Test: 3489
/root/tools/ghdl_final/bin/ghdl -a --std=93c vhdl-93/billowitch/non_compliant/analyzer_failure/tc2823.vhd
Test: 3490
/root/tools/ghdl_final/bin/ghdl -a --std=93c vhdl-93/billowitch/non_compliant/analyzer_failure/tc2824.vhd
Test: 3491
/root/tools/ghdl_final/bin/ghdl -a --std=93c vhdl-93/billowitch/non_compliant/analyzer_failure/tc2825.vhd
Test: 3492
/root/tools/ghdl_final/bin/ghdl -a --std=93c vhdl-93/billowitch/non_compliant/analyzer_failure/tc2826.vhd
Test: 3493
/root/tools/ghdl_final/bin/ghdl -a --std=93c vhdl-93/billowitch/non_compliant/analyzer_failure/tc2827.vhd
Test: 3494
/root/tools/ghdl_final/bin/ghdl -a --std=93c vhdl-93/billowitch/non_compliant/analyzer_failure/tc2828.vhd
Test: 3495
/root/tools/ghdl_final/bin/ghdl -a --std=93c vhdl-93/billowitch/non_compliant/analyzer_failure/tc2829.vhd
Test: 3496
/root/tools/ghdl_final/bin/ghdl -a --std=93c vhdl-93/billowitch/non_compliant/analyzer_failure/tc2830.vhd
Test: 3497
/root/tools/ghdl_final/bin/ghdl -a --std=93c vhdl-93/billowitch/non_compliant/analyzer_failure/tc2831.vhd
Test: 3498
/root/tools/ghdl_final/bin/ghdl -a --std=93c vhdl-93/billowitch/non_compliant/analyzer_failure/tc2832.vhd
Test: 3499
/root/tools/ghdl_final/bin/ghdl -a --std=93c vhdl-93/billowitch/non_compliant/analyzer_failure/tc2833.vhd
Test: 3500
/root/tools/ghdl_final/bin/ghdl -a --std=93c vhdl-93/billowitch/non_compliant/analyzer_failure/tc2834.vhd
Test: 3501
/root/tools/ghdl_final/bin/ghdl -a --std=93c vhdl-93/billowitch/non_compliant/analyzer_failure/tc2835.vhd
Test: 3502
/root/tools/ghdl_final/bin/ghdl -a --std=93c vhdl-93/billowitch/non_compliant/analyzer_failure/tc2836.vhd
Test: 3503
/root/tools/ghdl_final/bin/ghdl -a --std=93c vhdl-93/billowitch/non_compliant/analyzer_failure/tc2837.vhd
Test: 3504
/root/tools/ghdl_final/bin/ghdl -a --std=93c vhdl-93/billowitch/non_compliant/analyzer_failure/tc2838.vhd
delete library: work
/root/tools/ghdl_final/bin/ghdl --remove --std=93c --work=work
Test: 3505
/root/tools/ghdl_final/bin/ghdl -a --std=93c vhdl-93/billowitch/non_compliant/analyzer_failure/tc2839.vhd
Test: 3506
/root/tools/ghdl_final/bin/ghdl -a --std=93c vhdl-93/billowitch/non_compliant/analyzer_failure/tc2840.vhd
Test: 3507
/root/tools/ghdl_final/bin/ghdl -a --std=93c vhdl-93/billowitch/non_compliant/analyzer_failure/tc2841.vhd
Test: 3508
/root/tools/ghdl_final/bin/ghdl -a --std=93c vhdl-93/billowitch/non_compliant/analyzer_failure/tc2842.vhd
Test: 3509
/root/tools/ghdl_final/bin/ghdl -a --std=93c vhdl-93/billowitch/non_compliant/analyzer_failure/tc2843.vhd
Test: 3510
/root/tools/ghdl_final/bin/ghdl -a --std=93c vhdl-93/billowitch/non_compliant/analyzer_failure/tc2844.vhd
Test: 3511
/root/tools/ghdl_final/bin/ghdl -a --std=93c vhdl-93/billowitch/non_compliant/analyzer_failure/tc2845.vhd
Test: 3512
/root/tools/ghdl_final/bin/ghdl -a --std=93c vhdl-93/billowitch/non_compliant/analyzer_failure/tc2846.vhd
Test: 3513
/root/tools/ghdl_final/bin/ghdl -a --std=93c vhdl-93/billowitch/non_compliant/analyzer_failure/tc2847.vhd
Test: 3514
/root/tools/ghdl_final/bin/ghdl -a --std=93c vhdl-93/billowitch/non_compliant/analyzer_failure/tc2848.vhd
Test: 3515
/root/tools/ghdl_final/bin/ghdl -a --std=93c vhdl-93/billowitch/non_compliant/analyzer_failure/tc2849.vhd
Test: 3516
/root/tools/ghdl_final/bin/ghdl -a --std=93c vhdl-93/billowitch/non_compliant/analyzer_failure/tc2850.vhd
Test: 3517
/root/tools/ghdl_final/bin/ghdl -a --std=93c vhdl-93/billowitch/non_compliant/analyzer_failure/tc2851.vhd
Test: 3518
/root/tools/ghdl_final/bin/ghdl -a --std=93c vhdl-93/billowitch/non_compliant/analyzer_failure/tc2852.vhd
Test: 3519
/root/tools/ghdl_final/bin/ghdl -a --std=93c vhdl-93/billowitch/non_compliant/analyzer_failure/tc2855.vhd
Test: 3520
/root/tools/ghdl_final/bin/ghdl -a --std=93c vhdl-93/billowitch/non_compliant/analyzer_failure/tc2856.vhd
delete library: work
/root/tools/ghdl_final/bin/ghdl --remove --std=93c --work=work
Test: 3521
/root/tools/ghdl_final/bin/ghdl -a --std=93c vhdl-93/billowitch/non_compliant/analyzer_failure/tc2857.vhd
Test: 3522
/root/tools/ghdl_final/bin/ghdl -a --std=93c vhdl-93/billowitch/non_compliant/analyzer_failure/tc2858.vhd
Test: 3523
/root/tools/ghdl_final/bin/ghdl -a --std=93c vhdl-93/billowitch/non_compliant/analyzer_failure/tc2859.vhd
Test: 3524
/root/tools/ghdl_final/bin/ghdl -a --std=93c vhdl-93/billowitch/non_compliant/analyzer_failure/tc2867.vhd
Test: 3525
/root/tools/ghdl_final/bin/ghdl -a --std=93c vhdl-93/billowitch/non_compliant/analyzer_failure/tc2869.vhd
Test: 3526
/root/tools/ghdl_final/bin/ghdl -a --std=93c vhdl-93/billowitch/non_compliant/analyzer_failure/tc2871.vhd
Test: 3527
/root/tools/ghdl_final/bin/ghdl -a --std=93c vhdl-93/billowitch/non_compliant/analyzer_failure/tc2872.vhd
Test: 3528
/root/tools/ghdl_final/bin/ghdl -a --std=93c vhdl-93/billowitch/non_compliant/analyzer_failure/tc2873.vhd
Test: 3529
/root/tools/ghdl_final/bin/ghdl -a --std=93c vhdl-93/billowitch/non_compliant/analyzer_failure/tc2875.vhd
Test: 3530
/root/tools/ghdl_final/bin/ghdl -a --std=93c vhdl-93/billowitch/non_compliant/analyzer_failure/tc2877.vhd
Test: 3531
/root/tools/ghdl_final/bin/ghdl -a --std=93c vhdl-93/billowitch/non_compliant/analyzer_failure/tc2878.vhd
Test: 3532
/root/tools/ghdl_final/bin/ghdl -a --std=93c vhdl-93/billowitch/non_compliant/analyzer_failure/tc2884.vhd
Test: 3533
/root/tools/ghdl_final/bin/ghdl -a --std=93c vhdl-93/billowitch/non_compliant/analyzer_failure/tc2885.vhd
Test: 3534
/root/tools/ghdl_final/bin/ghdl -a --std=93c vhdl-93/billowitch/non_compliant/analyzer_failure/tc2886.vhd
Test: 3535
/root/tools/ghdl_final/bin/ghdl -a --std=93c vhdl-93/billowitch/non_compliant/analyzer_failure/tc2887.vhd
Test: 3536
/root/tools/ghdl_final/bin/ghdl -a --std=93c vhdl-93/billowitch/non_compliant/analyzer_failure/tc2888.vhd
delete library: work
/root/tools/ghdl_final/bin/ghdl --remove --std=93c --work=work
Test: 3537
/root/tools/ghdl_final/bin/ghdl -a --std=93c vhdl-93/billowitch/non_compliant/analyzer_failure/tc2889.vhd
Test: 3538
/root/tools/ghdl_final/bin/ghdl -a --std=93c vhdl-93/billowitch/non_compliant/analyzer_failure/tc2890.vhd
Test: 3539
/root/tools/ghdl_final/bin/ghdl -a --std=93c vhdl-93/billowitch/non_compliant/analyzer_failure/tc2891.vhd
Test: 3540
/root/tools/ghdl_final/bin/ghdl -a --std=93c vhdl-93/billowitch/non_compliant/analyzer_failure/tc2892.vhd
Test: 3541
/root/tools/ghdl_final/bin/ghdl -a --std=93c vhdl-93/billowitch/non_compliant/analyzer_failure/tc2893.vhd
Test: 3542
/root/tools/ghdl_final/bin/ghdl -a --std=93c vhdl-93/billowitch/non_compliant/analyzer_failure/tc2894.vhd
Test: 3543
/root/tools/ghdl_final/bin/ghdl -a --std=93c vhdl-93/billowitch/non_compliant/analyzer_failure/tc2895.vhd
Test: 3544
/root/tools/ghdl_final/bin/ghdl -a --std=93c vhdl-93/billowitch/non_compliant/analyzer_failure/tc2896.vhd
Test: 3545
/root/tools/ghdl_final/bin/ghdl -a --std=93c vhdl-93/billowitch/non_compliant/analyzer_failure/tc2897.vhd
Test: 3546
/root/tools/ghdl_final/bin/ghdl -a --std=93c vhdl-93/billowitch/non_compliant/analyzer_failure/tc2898.vhd
Test: 3547
/root/tools/ghdl_final/bin/ghdl -a --std=93c vhdl-93/billowitch/non_compliant/analyzer_failure/tc2899.vhd
Test: 3548
/root/tools/ghdl_final/bin/ghdl -a --std=93c vhdl-93/billowitch/non_compliant/analyzer_failure/tc2905.vhd
Test: 3549
/root/tools/ghdl_final/bin/ghdl -a --std=93c vhdl-93/billowitch/non_compliant/analyzer_failure/tc2906.vhd
Test: 3550
/root/tools/ghdl_final/bin/ghdl -a --std=93c vhdl-93/billowitch/non_compliant/analyzer_failure/tc2907.vhd
Test: 3551
/root/tools/ghdl_final/bin/ghdl -a --std=93c vhdl-93/billowitch/non_compliant/analyzer_failure/tc2908.vhd
Test: 3552
/root/tools/ghdl_final/bin/ghdl -a --std=93c vhdl-93/billowitch/non_compliant/analyzer_failure/tc2909.vhd
delete library: work
/root/tools/ghdl_final/bin/ghdl --remove --std=93c --work=work
Test: 3553
/root/tools/ghdl_final/bin/ghdl -a --std=93c vhdl-93/billowitch/non_compliant/analyzer_failure/tc2910.vhd
Test: 3554
/root/tools/ghdl_final/bin/ghdl -a --std=93c vhdl-93/billowitch/non_compliant/analyzer_failure/tc2911.vhd
Test: 3555
/root/tools/ghdl_final/bin/ghdl -a --std=93c vhdl-93/billowitch/non_compliant/analyzer_failure/tc2912.vhd
Test: 3556
/root/tools/ghdl_final/bin/ghdl -a --std=93c vhdl-93/billowitch/non_compliant/analyzer_failure/tc2913.vhd
Test: 3557
/root/tools/ghdl_final/bin/ghdl -a --std=93c vhdl-93/billowitch/non_compliant/analyzer_failure/tc2914.vhd
Test: 3558
/root/tools/ghdl_final/bin/ghdl -a --std=93c vhdl-93/billowitch/non_compliant/analyzer_failure/tc2915.vhd
Test: 3559
/root/tools/ghdl_final/bin/ghdl -a --std=93c vhdl-93/billowitch/non_compliant/analyzer_failure/tc2916.vhd
Test: 3560
/root/tools/ghdl_final/bin/ghdl -a --std=93c vhdl-93/billowitch/non_compliant/analyzer_failure/tc2919.vhd
Test: 3561
/root/tools/ghdl_final/bin/ghdl -a --std=93c vhdl-93/billowitch/non_compliant/analyzer_failure/tc2920.vhd
Test: 3562
/root/tools/ghdl_final/bin/ghdl -a --std=93c vhdl-93/billowitch/non_compliant/analyzer_failure/tc2921.vhd
Test: 3563
/root/tools/ghdl_final/bin/ghdl -a --std=93c vhdl-93/billowitch/non_compliant/analyzer_failure/tc2922.vhd
Test: 3564
/root/tools/ghdl_final/bin/ghdl -a --std=93c vhdl-93/billowitch/non_compliant/analyzer_failure/tc2923.vhd
Test: 3565
/root/tools/ghdl_final/bin/ghdl -a --std=93c vhdl-93/billowitch/non_compliant/analyzer_failure/tc2924.vhd
Test: 3566
/root/tools/ghdl_final/bin/ghdl -a --std=93c vhdl-93/billowitch/non_compliant/analyzer_failure/tc2925.vhd
Test: 3567
/root/tools/ghdl_final/bin/ghdl -a --std=93c vhdl-93/billowitch/non_compliant/analyzer_failure/tc2926.vhd
Test: 3568
/root/tools/ghdl_final/bin/ghdl -a --std=93c vhdl-93/billowitch/non_compliant/analyzer_failure/tc2927.vhd
delete library: work
/root/tools/ghdl_final/bin/ghdl --remove --std=93c --work=work
Test: 3569
/root/tools/ghdl_final/bin/ghdl -a --std=93c vhdl-93/billowitch/non_compliant/analyzer_failure/tc2928.vhd
Test: 3570
/root/tools/ghdl_final/bin/ghdl -a --std=93c vhdl-93/billowitch/non_compliant/analyzer_failure/tc2929.vhd
Test: 3571
/root/tools/ghdl_final/bin/ghdl -a --std=93c vhdl-93/billowitch/non_compliant/analyzer_failure/tc2930.vhd
Test: 3572
/root/tools/ghdl_final/bin/ghdl -a --std=93c vhdl-93/billowitch/non_compliant/analyzer_failure/tc2931.vhd
Test: 3573
/root/tools/ghdl_final/bin/ghdl -a --std=93c vhdl-93/billowitch/non_compliant/analyzer_failure/tc2933.vhd
Test: 3574
/root/tools/ghdl_final/bin/ghdl -a --std=93c vhdl-93/billowitch/non_compliant/analyzer_failure/tc2934.vhd
Test: 3575
/root/tools/ghdl_final/bin/ghdl -a --std=93c vhdl-93/billowitch/non_compliant/analyzer_failure/tc2935.vhd
Test: 3576
/root/tools/ghdl_final/bin/ghdl -a --std=93c vhdl-93/billowitch/non_compliant/analyzer_failure/tc2936.vhd
Test: 3577
/root/tools/ghdl_final/bin/ghdl -a --std=93c vhdl-93/billowitch/non_compliant/analyzer_failure/tc2937.vhd
Test: 3578
/root/tools/ghdl_final/bin/ghdl -a --std=93c vhdl-93/billowitch/non_compliant/analyzer_failure/tc2938.vhd
Test: 3579
/root/tools/ghdl_final/bin/ghdl -a --std=93c vhdl-93/billowitch/non_compliant/analyzer_failure/tc2939.vhd
Test: 3580
/root/tools/ghdl_final/bin/ghdl -a --std=93c vhdl-93/billowitch/non_compliant/analyzer_failure/tc2940.vhd
Test: 3581
/root/tools/ghdl_final/bin/ghdl -a --std=93c vhdl-93/billowitch/non_compliant/analyzer_failure/tc2941.vhd
Test: 3582
/root/tools/ghdl_final/bin/ghdl -a --std=93c vhdl-93/billowitch/non_compliant/analyzer_failure/tc2942.vhd
Test: 3583
/root/tools/ghdl_final/bin/ghdl -a --std=93c vhdl-93/billowitch/non_compliant/analyzer_failure/tc2943.vhd
Test: 3584
/root/tools/ghdl_final/bin/ghdl -a --std=93c vhdl-93/billowitch/non_compliant/analyzer_failure/tc2944.vhd
delete library: work
/root/tools/ghdl_final/bin/ghdl --remove --std=93c --work=work
Test: 3585
/root/tools/ghdl_final/bin/ghdl -a --std=93c vhdl-93/billowitch/non_compliant/analyzer_failure/tc2946.vhd
Test: 3586
/root/tools/ghdl_final/bin/ghdl -a --std=93c vhdl-93/billowitch/non_compliant/analyzer_failure/tc2947.vhd
Test: 3587
/root/tools/ghdl_final/bin/ghdl -a --std=93c vhdl-93/billowitch/non_compliant/analyzer_failure/tc2953.vhd
Test: 3588
/root/tools/ghdl_final/bin/ghdl -a --std=93c vhdl-93/billowitch/non_compliant/analyzer_failure/tc2954.vhd
Test: 3589
/root/tools/ghdl_final/bin/ghdl -a --std=93c vhdl-93/billowitch/non_compliant/analyzer_failure/tc2956.vhd
Test: 3590
/root/tools/ghdl_final/bin/ghdl -a --std=93c vhdl-93/billowitch/non_compliant/analyzer_failure/tc2957.vhd
Test: 3591
/root/tools/ghdl_final/bin/ghdl -a --std=93c vhdl-93/billowitch/non_compliant/analyzer_failure/tc2958.vhd
Test: 3592
/root/tools/ghdl_final/bin/ghdl -a --std=93c vhdl-93/billowitch/non_compliant/analyzer_failure/tc2963.vhd
Test: 3593
/root/tools/ghdl_final/bin/ghdl -a --std=93c vhdl-93/billowitch/non_compliant/analyzer_failure/tc2965.vhd
Test: 3594
/root/tools/ghdl_final/bin/ghdl -a --std=93c vhdl-93/billowitch/non_compliant/analyzer_failure/tc2970.vhd
Test: 3595
/root/tools/ghdl_final/bin/ghdl -a --std=93c vhdl-93/billowitch/non_compliant/analyzer_failure/tc2971.vhd
Test: 3596
/root/tools/ghdl_final/bin/ghdl -a --std=93c vhdl-93/billowitch/non_compliant/analyzer_failure/tc2983.vhd
Test: 3597
/root/tools/ghdl_final/bin/ghdl -a --std=93c vhdl-93/billowitch/non_compliant/analyzer_failure/tc2984.vhd
Test: 3598
/root/tools/ghdl_final/bin/ghdl -a --std=93c vhdl-93/billowitch/non_compliant/analyzer_failure/tc2985.vhd
Test: 3599
/root/tools/ghdl_final/bin/ghdl -a --std=93c vhdl-93/billowitch/non_compliant/analyzer_failure/tc2986.vhd
Test: 3600
/root/tools/ghdl_final/bin/ghdl -a --std=93c vhdl-93/billowitch/non_compliant/analyzer_failure/tc2991.vhd
delete library: work
/root/tools/ghdl_final/bin/ghdl --remove --std=93c --work=work
Test: 3601
/root/tools/ghdl_final/bin/ghdl -a --std=93c vhdl-93/billowitch/non_compliant/analyzer_failure/tc2992.vhd
Test: 3602
/root/tools/ghdl_final/bin/ghdl -a --std=93c vhdl-93/billowitch/non_compliant/analyzer_failure/tc2993.vhd
Test: 3603
/root/tools/ghdl_final/bin/ghdl -a --std=93c vhdl-93/billowitch/non_compliant/analyzer_failure/tc2994.vhd
Test: 3604
/root/tools/ghdl_final/bin/ghdl -a --std=93c vhdl-93/billowitch/non_compliant/analyzer_failure/tc2995.vhd
Test: 3605
/root/tools/ghdl_final/bin/ghdl -a --std=93c vhdl-93/billowitch/non_compliant/analyzer_failure/tc2996.vhd
Test: 3606
/root/tools/ghdl_final/bin/ghdl -a --std=93c vhdl-93/billowitch/non_compliant/analyzer_failure/tc2997.vhd
Test: 3607
/root/tools/ghdl_final/bin/ghdl -a --std=93c vhdl-93/billowitch/non_compliant/analyzer_failure/tc2998.vhd
Test: 3608
/root/tools/ghdl_final/bin/ghdl -a --std=93c vhdl-93/billowitch/non_compliant/analyzer_failure/tc2999.vhd
Test: 3609
/root/tools/ghdl_final/bin/ghdl -a --std=93c vhdl-93/billowitch/non_compliant/analyzer_failure/tc3000.vhd
Test: 3610
/root/tools/ghdl_final/bin/ghdl -a --std=93c vhdl-93/billowitch/non_compliant/analyzer_failure/tc3002.vhd
Test: 3611
/root/tools/ghdl_final/bin/ghdl -a --std=93c vhdl-93/billowitch/non_compliant/analyzer_failure/tc3003.vhd
Test: 3612
/root/tools/ghdl_final/bin/ghdl -a --std=93c vhdl-93/billowitch/non_compliant/analyzer_failure/tc3004.vhd
Test: 3613
/root/tools/ghdl_final/bin/ghdl -a --std=93c vhdl-93/billowitch/non_compliant/analyzer_failure/tc3006.vhd
Test: 3614
/root/tools/ghdl_final/bin/ghdl -a --std=93c vhdl-93/billowitch/non_compliant/analyzer_failure/tc3007.vhd
Test: 3615
/root/tools/ghdl_final/bin/ghdl -a --std=93c vhdl-93/billowitch/non_compliant/analyzer_failure/tc3008.vhd
Test: 3616
/root/tools/ghdl_final/bin/ghdl -a --std=93c vhdl-93/billowitch/non_compliant/analyzer_failure/tc3009.vhd
delete library: work
/root/tools/ghdl_final/bin/ghdl --remove --std=93c --work=work
Test: 3617
/root/tools/ghdl_final/bin/ghdl -a --std=93c vhdl-93/billowitch/non_compliant/analyzer_failure/tc3011.vhd
Test: 3618
/root/tools/ghdl_final/bin/ghdl -a --std=93c vhdl-93/billowitch/non_compliant/analyzer_failure/tc3012.vhd
Test: 3619
/root/tools/ghdl_final/bin/ghdl -a --std=93c vhdl-93/billowitch/non_compliant/analyzer_failure/tc3013.vhd
Test: 3620
/root/tools/ghdl_final/bin/ghdl -a --std=93c vhdl-93/billowitch/non_compliant/analyzer_failure/tc3014.vhd
Test: 3621
/root/tools/ghdl_final/bin/ghdl -a --std=93c vhdl-93/billowitch/non_compliant/analyzer_failure/tc3015.vhd
Test: 3622
/root/tools/ghdl_final/bin/ghdl -a --std=93c vhdl-93/billowitch/non_compliant/analyzer_failure/tc3017.vhd
Test: 3623
/root/tools/ghdl_final/bin/ghdl -a --std=93c vhdl-93/billowitch/non_compliant/analyzer_failure/tc3019.vhd
Test: 3624
/root/tools/ghdl_final/bin/ghdl -a --std=93c vhdl-93/billowitch/non_compliant/analyzer_failure/tc3020.vhd
Test: 3625
/root/tools/ghdl_final/bin/ghdl -a --std=93c vhdl-93/billowitch/non_compliant/analyzer_failure/tc3021.vhd
Test: 3626
/root/tools/ghdl_final/bin/ghdl -a --std=93c vhdl-93/billowitch/non_compliant/analyzer_failure/tc3025.vhd
Test: 3627
/root/tools/ghdl_final/bin/ghdl -a --std=93c vhdl-93/billowitch/non_compliant/analyzer_failure/tc3026.vhd
Test: 3628
/root/tools/ghdl_final/bin/ghdl -a --std=93c vhdl-93/billowitch/non_compliant/analyzer_failure/tc3027.vhd
Test: 3629
/root/tools/ghdl_final/bin/ghdl -a --std=93c vhdl-93/billowitch/non_compliant/analyzer_failure/tc3028.vhd
Test: 3630
/root/tools/ghdl_final/bin/ghdl -a --std=93c vhdl-93/billowitch/non_compliant/analyzer_failure/tc3030.vhd
Test: 3631
/root/tools/ghdl_final/bin/ghdl -a --std=93c vhdl-93/billowitch/non_compliant/analyzer_failure/tc3031.vhd
Test: 3632
/root/tools/ghdl_final/bin/ghdl -a --std=93c vhdl-93/billowitch/non_compliant/analyzer_failure/tc3058.vhd
delete library: work
/root/tools/ghdl_final/bin/ghdl --remove --std=93c --work=work
Test: 3633
/root/tools/ghdl_final/bin/ghdl -a --std=93c vhdl-93/billowitch/non_compliant/analyzer_failure/tc3064.vhd
Test: 3634
/root/tools/ghdl_final/bin/ghdl -a --std=93c vhdl-93/billowitch/non_compliant/analyzer_failure/tc3088.vhd
Test: 3635
/root/tools/ghdl_final/bin/ghdl -a --std=93c vhdl-93/billowitch/non_compliant/analyzer_failure/tc3089.vhd
Test: 3636
/root/tools/ghdl_final/bin/ghdl -a --std=93c vhdl-93/billowitch/non_compliant/analyzer_failure/tc3091.vhd
Test: 3637
/root/tools/ghdl_final/bin/ghdl -a --std=93c vhdl-93/billowitch/non_compliant/analyzer_failure/tc3092.vhd
Test: 3638
/root/tools/ghdl_final/bin/ghdl -a --std=93c vhdl-93/billowitch/non_compliant/analyzer_failure/tc3093.vhd
Test: 3639
/root/tools/ghdl_final/bin/ghdl -a --std=93c vhdl-93/billowitch/non_compliant/analyzer_failure/tc3094.vhd
Test: 3640
/root/tools/ghdl_final/bin/ghdl -a --std=93c vhdl-93/billowitch/non_compliant/analyzer_failure/tc3095.vhd
Test: 3641
/root/tools/ghdl_final/bin/ghdl -a --std=93c vhdl-93/billowitch/non_compliant/analyzer_failure/tc3096.vhd
Test: 3642
/root/tools/ghdl_final/bin/ghdl -a --std=93c vhdl-93/billowitch/non_compliant/analyzer_failure/tc3097.vhd
Test: 3643
/root/tools/ghdl_final/bin/ghdl -a --std=93c vhdl-93/billowitch/non_compliant/analyzer_failure/tc3098.vhd
Test: 3644
/root/tools/ghdl_final/bin/ghdl -a --std=93c vhdl-93/billowitch/non_compliant/analyzer_failure/tc3103.vhd
Test: 3645
/root/tools/ghdl_final/bin/ghdl -a --std=93c vhdl-93/billowitch/non_compliant/analyzer_failure/tc3104.vhd
Test: 3646
/root/tools/ghdl_final/bin/ghdl -a --std=93c vhdl-93/billowitch/non_compliant/analyzer_failure/tc3105.vhd
Test: 3647
/root/tools/ghdl_final/bin/ghdl -a --std=93c vhdl-93/billowitch/non_compliant/analyzer_failure/tc3106.vhd
Test: 3648
/root/tools/ghdl_final/bin/ghdl -a --std=93c vhdl-93/billowitch/non_compliant/analyzer_failure/tc3107.vhd
delete library: work
/root/tools/ghdl_final/bin/ghdl --remove --std=93c --work=work
Test: 3649
/root/tools/ghdl_final/bin/ghdl -a --std=93c vhdl-93/billowitch/non_compliant/analyzer_failure/tc3108.vhd
Test: 3650
/root/tools/ghdl_final/bin/ghdl -a --std=93c vhdl-93/billowitch/non_compliant/analyzer_failure/tc3161.vhd
delete library: work
/root/tools/ghdl_final/bin/ghdl --remove --std=93c --work=work
*** End of tests
Test: Billowitch:Non-compliant Cases:Simulation Failure 1076-1993
Test: 3651
/root/tools/ghdl_final/bin/ghdl -a --std=93c vhdl-93/billowitch/non_compliant/simulator_failure/tc77.vhd
/root/tools/ghdl_final/bin/ghdl -e c04s03b01x02p10n04i00077ent
/root/tools/ghdl_final/bin/ghdl -r c04s03b01x02p10n04i00077ent  --expect-failure --assert-level=error
Test: 3652
/root/tools/ghdl_final/bin/ghdl -a --std=93c vhdl-93/billowitch/non_compliant/simulator_failure/tc78.vhd
/root/tools/ghdl_final/bin/ghdl -e c04s03b01x02p10n04i00078ent
/root/tools/ghdl_final/bin/ghdl -r c04s03b01x02p10n04i00078ent  --expect-failure --assert-level=error
Test: 3653
/root/tools/ghdl_final/bin/ghdl -a --std=93c vhdl-93/billowitch/non_compliant/simulator_failure/tc255.vhd
/root/tools/ghdl_final/bin/ghdl -e c03s01b02x00p07n01i00255ent
/root/tools/ghdl_final/bin/ghdl -r c03s01b02x00p07n01i00255ent  --expect-failure --assert-level=error
Test: 3654
/root/tools/ghdl_final/bin/ghdl -a --std=93c vhdl-93/billowitch/non_compliant/simulator_failure/tc259.vhd
/root/tools/ghdl_final/bin/ghdl -e c03s01b02x00p08n01i00259ent
/root/tools/ghdl_final/bin/ghdl -r c03s01b02x00p08n01i00259ent  --expect-failure --assert-level=error
Test: 3655
/root/tools/ghdl_final/bin/ghdl -a --std=93c vhdl-93/billowitch/non_compliant/simulator_failure/tc260.vhd
/root/tools/ghdl_final/bin/ghdl -e c03s01b02x00p08n01i00260ent
/root/tools/ghdl_final/bin/ghdl -r c03s01b02x00p08n01i00260ent  --expect-failure --assert-level=error
Test: 3656
/root/tools/ghdl_final/bin/ghdl -a --std=93c vhdl-93/billowitch/non_compliant/simulator_failure/tc261.vhd
/root/tools/ghdl_final/bin/ghdl -e c03s01b02x00p08n01i00261ent
/root/tools/ghdl_final/bin/ghdl -r c03s01b02x00p08n01i00261ent  --expect-failure --assert-level=error
Test: 3657
/root/tools/ghdl_final/bin/ghdl -a --std=93c vhdl-93/billowitch/non_compliant/simulator_failure/tc264.vhd
/root/tools/ghdl_final/bin/ghdl -e c03s01b02x00p08n01i00264ent
/root/tools/ghdl_final/bin/ghdl -r c03s01b02x00p08n01i00264ent  --expect-failure --assert-level=error
Test: 3658
/root/tools/ghdl_final/bin/ghdl -a --std=93c vhdl-93/billowitch/non_compliant/simulator_failure/tc536.vhd
/root/tools/ghdl_final/bin/ghdl -e c03s03b00x00p05n02i00536ent
/root/tools/ghdl_final/bin/ghdl -r c03s03b00x00p05n02i00536ent  --expect-failure --assert-level=error
Test: 3659
/root/tools/ghdl_final/bin/ghdl -a --std=93c vhdl-93/billowitch/non_compliant/simulator_failure/tc1074.vhd
/root/tools/ghdl_final/bin/ghdl -e c06s04b00x00p03n04i01074ent
/root/tools/ghdl_final/bin/ghdl -r c06s04b00x00p03n04i01074ent  --expect-failure --assert-level=error
Test: 3660
/root/tools/ghdl_final/bin/ghdl -a --std=93c vhdl-93/billowitch/non_compliant/simulator_failure/tc1336.vhd
/root/tools/ghdl_final/bin/ghdl -e c08s04b01x00p04n03i01336ent
/root/tools/ghdl_final/bin/ghdl -r c08s04b01x00p04n03i01336ent  --expect-failure --assert-level=error
Test: 3661
/root/tools/ghdl_final/bin/ghdl -a --std=93c vhdl-93/billowitch/non_compliant/simulator_failure/tc1399.vhd
/root/tools/ghdl_final/bin/ghdl -e c08s05b00x00p06n01i01399ent
/root/tools/ghdl_final/bin/ghdl -r c08s05b00x00p06n01i01399ent  --expect-failure --assert-level=error
Test: 3662
/root/tools/ghdl_final/bin/ghdl -a --std=93c vhdl-93/billowitch/non_compliant/simulator_failure/tc1400.vhd
/root/tools/ghdl_final/bin/ghdl -e c08s05b00x00p06n01i01400ent
/root/tools/ghdl_final/bin/ghdl -r c08s05b00x00p06n01i01400ent  --expect-failure --assert-level=error
Test: 3663
/root/tools/ghdl_final/bin/ghdl -a --std=93c vhdl-93/billowitch/non_compliant/simulator_failure/tc1401.vhd
/root/tools/ghdl_final/bin/ghdl -e c08s05b00x00p06n01i01401ent
/root/tools/ghdl_final/bin/ghdl -r c08s05b00x00p06n01i01401ent  --expect-failure --assert-level=error
Test: 3664
/root/tools/ghdl_final/bin/ghdl -a --std=93c vhdl-93/billowitch/non_compliant/simulator_failure/tc1402.vhd
/root/tools/ghdl_final/bin/ghdl -e c08s05b00x00p06n01i01402ent
/root/tools/ghdl_final/bin/ghdl -r c08s05b00x00p06n01i01402ent  --expect-failure --assert-level=error
delete library: work
/root/tools/ghdl_final/bin/ghdl --remove --std=93c --work=work
Test: 3665
/root/tools/ghdl_final/bin/ghdl -a --std=93c vhdl-93/billowitch/non_compliant/simulator_failure/tc1404.vhd
/root/tools/ghdl_final/bin/ghdl -e c08s05b00x00p06n01i01404ent
/root/tools/ghdl_final/bin/ghdl -r c08s05b00x00p06n01i01404ent  --expect-failure --assert-level=error
delete library: work
/root/tools/ghdl_final/bin/ghdl --remove --std=93c --work=work
*** End of tests
delete library: project
/root/tools/ghdl_final/bin/ghdl --remove --std=93c --work=project
delete library: random
/root/tools/ghdl_final/bin/ghdl --remove --std=93c --work=random
delete library: utilities
/root/tools/ghdl_final/bin/ghdl --remove --std=93c --work=utilities
Vests tests successful

./testsuite.sh: Success (/root/tools/ghdl_final/bin/ghdl)
GHDL 0.34dev (20151126) [Dunoon edition]
 Compiled with GNAT Version: GPL 2016 (20160515-49)
 GCC back-end code generator
Written by Tristan Gingold.

Copyright (C) 2003 - 2015 Tristan Gingold.
GHDL is free software, covered by the GNU General Public License.  There is NO
warranty; not even for MERCHANTABILITY or FITNESS FOR A PARTICULAR PURPOSE.
